04-23 20:43:13.050 14373 14375 I cmd     : oneway function results will be dropped but finished with status OK and parcel size 4
04-23 20:43:13.128 14385 14385 E libc    : Access denied finding property "persist.device_config.runtime_native_boot.profilebootclasspath"
04-23 20:43:13.128 14385 14385 E libc    : Access denied finding property "persist.device_config.runtime_native_boot.enable_apex_image"
04-23 20:43:13.128 14385 14385 I AndroidRuntime: Using default boot image
04-23 20:43:13.128 14385 14385 E libc    : Access denied finding property "persist.device_config.runtime_native_boot.disable_lock_profiling"
04-23 20:43:13.128 14385 14385 I AndroidRuntime: Leaving lock profiling enabled
04-23 20:43:13.128 14385 14385 E libc    : Access denied finding property "persist.device_config.runtime_native_boot.enable_generational_cc"
04-23 20:43:13.130 14385 14385 I app_process: Core platform API reporting enabled, enforcing=false
04-23 20:43:13.169 14385 14385 W app_process: Unexpected CPU variant for X86 using defaults: x86_64
04-23 20:43:13.170 14385 14385 I app_process: The ClassLoaderContext is a special shared library.
04-23 20:43:13.177 14385 14385 W app_process: JNI RegisterNativeMethods: attempt to register 0 native methods for android.media.AudioAttributes
04-23 20:43:13.392  8881  8881 I DatabaseHelper: Breed 9: Favorited false
04-23 20:43:14.492  8516  8516 I ProvidersCache: Updating roots due to change on user 0at content://com.android.providers.media.documents/root
04-23 20:43:14.776  8516  8516 I chatty  : uid=10076(com.android.documentsui) identical 2 lines
04-23 20:43:14.839  8516  8516 I ProvidersCache: Updating roots due to change on user 0at content://com.android.providers.media.documents/root
04-23 20:43:14.909   160   160 I hwservicemanager: getTransport: Cannot find entry android.hardware.graphics.mapper@4.0::IMapper/default in either framework or device manifest.
04-23 20:43:14.909 14419 14419 I Gralloc4: mapper 4.x is not supported
04-23 20:43:14.947 14423 14425 I cmd     : oneway function results will be dropped but finished with status OK and parcel size 4
04-23 20:43:14.947  1491  1905 I MediaProvider: Begin Intent { act=android.intent.action.MEDIA_SCANNER_SCAN_FILE dat=file:///sdcard/screen_2026-04-23_204315.png flg=0x1400010 cmp=com.android.providers.media.module/com.android.providers.media.MediaService }
04-23 20:43:14.944  1491  1491 W com.android.providers.media.module: type=1400 audit(0.0:1465): avc: denied { read } for comm=4173796E635461736B202331 name="primary" dev="tmpfs" ino=28604 scontext=u:r:mediaprovider_app:s0:c129,c256,c512,c768 tcontext=u:object_r:mnt_pass_through_file:s0 tclass=lnk_file permissive=0 app=com.android.providers.media.module
04-23 20:43:14.968  1491  1905 W ModernMediaScanner: Failed to visit /sdcard/screen_2026-04-23_204315.png: java.nio.file.AccessDeniedException: /sdcard/screen_2026-04-23_204315.png
04-23 20:43:14.968  1491  1905 I MediaProvider: Scanned internal due to REASON_DEMAND, found 0 items in 20ms, 0 inserts 0 updates 0 deletes
04-23 20:43:14.969  1491  1905 I MediaProvider: End Intent { act=android.intent.action.MEDIA_SCANNER_SCAN_FILE dat=file:///sdcard/screen_2026-04-23_204315.png flg=0x1400010 cmp=com.android.providers.media.module/com.android.providers.media.MediaService }
04-23 20:43:14.944  1491  1491 W com.android.providers.media.module: type=1400 audit(0.0:1467): avc: denied { read } for comm=4173796E635461736B202331 name="primary" dev="tmpfs" ino=28604 scontext=u:r:mediaprovider_app:s0:c129,c256,c512,c768 tcontext=u:object_r:mnt_pass_through_file:s0 tclass=lnk_file permissive=0 app=com.android.providers.media.module
04-23 20:43:15.006  1491  2541 I MediaProvider: Deleted 1 items on external_primary due to com.android.shell
04-23 20:43:15.034 14434 14436 I cmd     : oneway function results will be dropped but finished with status OK and parcel size 4
04-23 20:43:15.063  8516  8516 I ProvidersCache: Updating roots due to change on user 0at content://com.android.providers.media.documents/root
04-23 20:43:15.159   160   160 I hwservicemanager: getTransport: Cannot find entry android.hardware.graphics.mapper@4.0::IMapper/default in either framework or device manifest.
04-23 20:43:15.159 14456 14456 I Gralloc4: mapper 4.x is not supported
04-23 20:43:15.196 14460 14462 I cmd     : oneway function results will be dropped but finished with status OK and parcel size 4
04-23 20:43:15.197  1491  1905 I MediaProvider: Begin Intent { act=android.intent.action.MEDIA_SCANNER_SCAN_FILE dat=file:///sdcard/screen_2026-04-23_204316.png flg=0x1400010 cmp=com.android.providers.media.module/com.android.providers.media.MediaService }
04-23 20:43:15.198  1491  1905 W ModernMediaScanner: Failed to visit /sdcard/screen_2026-04-23_204316.png: java.nio.file.AccessDeniedException: /sdcard/screen_2026-04-23_204316.png
04-23 20:43:15.198  1491  1905 I MediaProvider: Scanned internal due to REASON_DEMAND, found 0 items in 1ms, 0 inserts 0 updates 0 deletes
04-23 20:43:15.199  1491  1905 I MediaProvider: End Intent { act=android.intent.action.MEDIA_SCANNER_SCAN_FILE dat=file:///sdcard/screen_2026-04-23_204316.png flg=0x1400010 cmp=com.android.providers.media.module/com.android.providers.media.MediaService }
04-23 20:43:15.220  1491  1612 I MediaProvider: Deleted 1 items on external_primary due to com.android.shell
04-23 20:43:15.265 14473 14475 I cmd     : oneway function results will be dropped but finished with status OK and parcel size 4
04-23 20:43:15.382   160   160 I hwservicemanager: getTransport: Cannot find entry android.hardware.graphics.mapper@4.0::IMapper/default in either framework or device manifest.
04-23 20:43:15.382 14495 14495 I Gralloc4: mapper 4.x is not supported
04-23 20:43:15.420  1491  1905 I MediaProvider: Begin Intent { act=android.intent.action.MEDIA_SCANNER_SCAN_FILE dat=file:///sdcard/screen_2026-04-23_204316.png flg=0x1400010 cmp=com.android.providers.media.module/com.android.providers.media.MediaService }
04-23 20:43:15.421  1491  1905 W ModernMediaScanner: Failed to visit /sdcard/screen_2026-04-23_204316.png: java.nio.file.AccessDeniedException: /sdcard/screen_2026-04-23_204316.png
04-23 20:43:15.421  1491  1905 I MediaProvider: Scanned internal due to REASON_DEMAND, found 0 items in 0ms, 0 inserts 0 updates 0 deletes
04-23 20:43:15.422  1491  1905 I MediaProvider: End Intent { act=android.intent.action.MEDIA_SCANNER_SCAN_FILE dat=file:///sdcard/screen_2026-04-23_204316.png flg=0x1400010 cmp=com.android.providers.media.module/com.android.providers.media.MediaService }
04-23 20:43:15.443  1491  1613 I MediaProvider: Deleted 1 items on external_primary due to com.android.shell
04-23 20:43:15.470 14510 14512 I cmd     : oneway function results will be dropped but finished with status OK and parcel size 4
04-23 20:43:15.518 14525 14527 I cmd     : oneway function results will be dropped but finished with status OK and parcel size 4
04-23 20:43:15.566 14540 14542 I cmd     : oneway function results will be dropped but finished with status OK and parcel size 4
04-23 20:43:15.613 14555 14557 I cmd     : oneway function results will be dropped but finished with status OK and parcel size 4
04-23 20:43:15.691 14567 14567 E libc    : Access denied finding property "persist.device_config.runtime_native_boot.profilebootclasspath"
04-23 20:43:15.691 14567 14567 E libc    : Access denied finding property "persist.device_config.runtime_native_boot.enable_apex_image"
04-23 20:43:15.691 14567 14567 I AndroidRuntime: Using default boot image
04-23 20:43:15.691 14567 14567 E libc    : Access denied finding property "persist.device_config.runtime_native_boot.disable_lock_profiling"
04-23 20:43:15.691 14567 14567 I AndroidRuntime: Leaving lock profiling enabled
04-23 20:43:15.691 14567 14567 E libc    : Access denied finding property "persist.device_config.runtime_native_boot.enable_generational_cc"
04-23 20:43:15.692 14567 14567 I app_process: Core platform API reporting enabled, enforcing=false
04-23 20:43:15.731 14567 14567 W app_process: Unexpected CPU variant for X86 using defaults: x86_64
04-23 20:43:15.732 14567 14567 I app_process: The ClassLoaderContext is a special shared library.
04-23 20:43:15.738 14567 14567 W app_process: JNI RegisterNativeMethods: attempt to register 0 native methods for android.media.AudioAttributes
04-23 20:43:15.942  8881  8881 I DatabaseHelper: Breed 10: Favorited false
04-23 20:43:17.072  8516  8516 I ProvidersCache: Updating roots due to change on user 0at content://com.android.providers.media.documents/root
04-23 20:43:17.232  8516  8516 I chatty  : uid=10076(com.android.documentsui) identical 1 line
04-23 20:43:17.399  8516  8516 I ProvidersCache: Updating roots due to change on user 0at content://com.android.providers.media.documents/root
04-23 20:43:17.456   160   160 I hwservicemanager: getTransport: Cannot find entry android.hardware.graphics.mapper@4.0::IMapper/default in either framework or device manifest.
04-23 20:43:17.456 14600 14600 I Gralloc4: mapper 4.x is not supported
04-23 20:43:17.465  8516  8516 I ProvidersCache: Updating roots due to change on user 0at content://com.android.providers.media.documents/root
04-23 20:43:17.490 14605 14607 I cmd     : oneway function results will be dropped but finished with status OK and parcel size 4
04-23 20:43:17.491  1491  1905 I MediaProvider: Begin Intent { act=android.intent.action.MEDIA_SCANNER_SCAN_FILE dat=file:///sdcard/screen_2026-04-23_204318.png flg=0x1400010 cmp=com.android.providers.media.module/com.android.providers.media.MediaService }
04-23 20:43:17.484  1491  1491 W com.android.providers.media.module: type=1400 audit(0.0:1487): avc: denied { read } for comm=4173796E635461736B202331 name="primary" dev="tmpfs" ino=28604 scontext=u:r:mediaprovider_app:s0:c129,c256,c512,c768 tcontext=u:object_r:mnt_pass_through_file:s0 tclass=lnk_file permissive=0 app=com.android.providers.media.module
04-23 20:43:17.713     0     0 W audit   : audit_lost=1098 audit_rate_limit=5 audit_backlog_limit=64
04-23 20:43:17.722     0     0 E audit   : rate limit exceeded
04-23 20:43:17.484  1491  1491 W com.android.providers.media.module: type=1400 audit(0.0:1488): avc: denied { read } for comm=4173796E635461736B202331 name="primary" dev="tmpfs" ino=28604 scontext=u:r:mediaprovider_app:s0:c129,c256,c512,c768 tcontext=u:object_r:mnt_pass_through_file:s0 tclass=lnk_file permissive=0 app=com.android.providers.media.module
04-23 20:43:17.508  1491  1905 W ModernMediaScanner: Failed to visit /sdcard/screen_2026-04-23_204318.png: java.nio.file.AccessDeniedException: /sdcard/screen_2026-04-23_204318.png
04-23 20:43:17.509  1491  1905 I MediaProvider: Scanned internal due to REASON_DEMAND, found 0 items in 18ms, 0 inserts 0 updates 0 deletes
04-23 20:43:17.509  1491  1905 I MediaProvider: End Intent { act=android.intent.action.MEDIA_SCANNER_SCAN_FILE dat=file:///sdcard/screen_2026-04-23_204318.png flg=0x1400010 cmp=com.android.providers.media.module/com.android.providers.media.MediaService }
04-23 20:43:17.488  1491  1491 W com.android.providers.media.module: type=1400 audit(0.0:1489): avc: denied { read } for comm=4173796E635461736B202331 name="primary" dev="tmpfs" ino=28604 scontext=u:r:mediaprovider_app:s0:c129,c256,c512,c768 tcontext=u:object_r:mnt_pass_through_file:s0 tclass=lnk_file permissive=0 app=com.android.providers.media.module
04-23 20:43:17.545  1491  1612 I MediaProvider: Deleted 1 items on external_primary due to com.android.shell
04-23 20:43:17.572 14616 14618 I cmd     : oneway function results will be dropped but finished with status OK and parcel size 4
04-23 20:43:17.692   160   160 I hwservicemanager: getTransport: Cannot find entry android.hardware.graphics.mapper@4.0::IMapper/default in either framework or device manifest.
04-23 20:43:17.692 14638 14638 I Gralloc4: mapper 4.x is not supported
04-23 20:43:17.716  8516  8516 I ProvidersCache: Updating roots due to change on user 0at content://com.android.providers.media.documents/root
04-23 20:43:17.728 14642 14644 I cmd     : oneway function results will be dropped but finished with status OK and parcel size 4
04-23 20:43:17.728  1491  1905 I MediaProvider: Begin Intent { act=android.intent.action.MEDIA_SCANNER_SCAN_FILE dat=file:///sdcard/screen_2026-04-23_204318.png flg=0x1400010 cmp=com.android.providers.media.module/com.android.providers.media.MediaService }
04-23 20:43:17.729  1491  1905 W ModernMediaScanner: Failed to visit /sdcard/screen_2026-04-23_204318.png: java.nio.file.AccessDeniedException: /sdcard/screen_2026-04-23_204318.png
04-23 20:43:17.729  1491  1905 I MediaProvider: Scanned internal due to REASON_DEMAND, found 0 items in 1ms, 0 inserts 0 updates 0 deletes
04-23 20:43:17.730  1491  1905 I MediaProvider: End Intent { act=android.intent.action.MEDIA_SCANNER_SCAN_FILE dat=file:///sdcard/screen_2026-04-23_204318.png flg=0x1400010 cmp=com.android.providers.media.module/com.android.providers.media.MediaService }
04-23 20:43:17.791  1491  2541 I MediaProvider: Deleted 1 items on external_primary due to com.android.shell
04-23 20:43:17.818 14653 14655 I cmd     : oneway function results will be dropped but finished with status OK and parcel size 4
04-23 20:43:17.934   160   160 I hwservicemanager: getTransport: Cannot find entry android.hardware.graphics.mapper@4.0::IMapper/default in either framework or device manifest.
04-23 20:43:17.934 14675 14675 I Gralloc4: mapper 4.x is not supported
04-23 20:43:17.970 14679 14681 I cmd     : oneway function results will be dropped but finished with status OK and parcel size 4
04-23 20:43:17.971  1491  1905 I MediaProvider: Begin Intent { act=android.intent.action.MEDIA_SCANNER_SCAN_FILE dat=file:///sdcard/screen_2026-04-23_204318.png flg=0x1400010 cmp=com.android.providers.media.module/com.android.providers.media.MediaService }
04-23 20:43:17.971  1491  1905 W ModernMediaScanner: Failed to visit /sdcard/screen_2026-04-23_204318.png: java.nio.file.AccessDeniedException: /sdcard/screen_2026-04-23_204318.png
04-23 20:43:17.972  1491  1905 I MediaProvider: Scanned internal due to REASON_DEMAND, found 0 items in 1ms, 0 inserts 0 updates 0 deletes
04-23 20:43:17.975  1491  1905 I MediaProvider: End Intent { act=android.intent.action.MEDIA_SCANNER_SCAN_FILE dat=file:///sdcard/screen_2026-04-23_204318.png flg=0x1400010 cmp=com.android.providers.media.module/com.android.providers.media.MediaService }
04-23 20:43:17.995  1491  1613 I MediaProvider: Deleted 1 items on external_primary due to com.android.shell
04-23 20:43:18.069 14705 14707 I cmd     : oneway function results will be dropped but finished with status OK and parcel size 4
04-23 20:43:18.115 14720 14722 I cmd     : oneway function results will be dropped but finished with status OK and parcel size 4
04-23 20:43:18.163 14735 14737 I cmd     : oneway function results will be dropped but finished with status OK and parcel size 4
04-23 20:43:18.240 14747 14747 E libc    : Access denied finding property "persist.device_config.runtime_native_boot.profilebootclasspath"
04-23 20:43:18.240 14747 14747 E libc    : Access denied finding property "persist.device_config.runtime_native_boot.enable_apex_image"
04-23 20:43:18.240 14747 14747 I AndroidRuntime: Using default boot image
04-23 20:43:18.240 14747 14747 E libc    : Access denied finding property "persist.device_config.runtime_native_boot.disable_lock_profiling"
04-23 20:43:18.240 14747 14747 I AndroidRuntime: Leaving lock profiling enabled
04-23 20:43:18.240 14747 14747 E libc    : Access denied finding property "persist.device_config.runtime_native_boot.enable_generational_cc"
04-23 20:43:18.241 14747 14747 I app_process: Core platform API reporting enabled, enforcing=false
04-23 20:43:18.280 14747 14747 W app_process: Unexpected CPU variant for X86 using defaults: x86_64
04-23 20:43:18.281 14747 14747 I app_process: The ClassLoaderContext is a special shared library.
04-23 20:43:18.287 14747 14747 W app_process: JNI RegisterNativeMethods: attempt to register 0 native methods for android.media.AudioAttributes
04-23 20:43:18.492  8881  8881 I DatabaseHelper: Breed 11: Favorited false
