04-23 20:41:49.976  1491  1491 I MediaProvider: Invalidating LocalCallingIdentity cache for package co.touchlab.kampkit. Reason: package android.intent.action.PACKAGE_ADDED
04-23 20:41:49.977   508   601 I InputReader: Reconfiguring input devices, changes=KEYBOARD_LAYOUTS | 
04-23 20:41:49.977   508   508 I Telecom : DefaultDialerCache: Refreshing default dialer for user 0: now com.android.dialer: DDC.oR@AI8
04-23 20:41:49.979   508   540 I RoleManagerService: Granting default roles...
04-23 20:41:49.980   508   549 W BroadcastQueue: Background execution not allowed: receiving Intent { act=android.intent.action.PACKAGE_ADDED dat=package:co.touchlab.kampkit flg=0x4000010 (has extras) } to com.android.packageinstaller/.PackageInstalledReceiver
04-23 20:41:49.980   508   549 W BroadcastQueue: Background execution not allowed: receiving Intent { act=android.intent.action.PACKAGE_ADDED dat=package:co.touchlab.kampkit flg=0x4000010 (has extras) } to com.android.gallery3d/.app.PackagesMonitor
04-23 20:41:49.986   734  2355 I PermissionControllerServiceImpl: Updating user sensitive for uid 10132
04-23 20:41:49.993   508   548 W VoiceInteractionManager: no available voice recognition services found for user 0
04-23 20:41:50.246     0     0 I binder  : 508:519 DecRefs 0 refcount change on invalid ref 792 ret -22
04-23 20:41:50.249     0     0 I binder  : 508:519 DecRefs 0 refcount change on invalid ref 793 ret -22
04-23 20:41:51.875  8686  8688 I cmd     : oneway function results will be dropped but finished with status OK and parcel size 4
04-23 20:41:51.887   157   157 I servicemanager: Since 'apexservice' could not be found, trying to start it as a lazy AIDL service
04-23 20:41:52.109     0     0 I init    : starting service 'apexd'...
04-23 20:41:52.111     0     0 I init    : Control message: Processed ctl.interface_start for 'aidl/apexservice' from pid: 157 (/system/bin/servicemanager)
04-23 20:41:52.128     0     0 I apexd   : Scanning /system/apex for preinstalled data
04-23 20:41:52.145     0     0 I apexd   : Scanning /system_ext/apex for preinstalled data
04-23 20:41:52.146     0     0 I apexd   : ... does not exist. Skipping
04-23 20:41:52.148     0     0 I apexd   : Scanning /product/apex for preinstalled data
04-23 20:41:52.149     0     0 I apexd   : ... does not exist. Skipping
04-23 20:41:52.151     0     0 I apexd   : Scanning /vendor/apex for preinstalled data
04-23 20:41:52.153     0     0 I apexd   : ... does not exist. Skipping
04-23 20:41:52.154     0     0 I apexd   : Populating APEX database from mounts...
04-23 20:41:52.156     0     0 I apexd   : Found "/apex/com.android.neuralnetworks@300000000" backed by file /system/apex/com.android.neuralnetworks.apex
04-23 20:41:52.160     0     0 I apexd   : Found "/apex/com.android.runtime@1" backed by file /system/apex/com.android.runtime.apex
04-23 20:41:52.163     0     0 I apexd   : Found "/apex/com.android.resolv@300000000" backed by file /system/apex/com.android.resolv.apex
04-23 20:41:52.166     0     0 I apexd   : Found "/apex/com.android.extservices@300000000" backed by file /system/apex/com.android.extservices.apex
04-23 20:41:52.169     0     0 I apexd   : Found "/apex/com.android.tethering@300000000" backed by file /system/apex/com.android.tethering.apex
04-23 20:41:52.173     0     0 I apexd   : Found "/apex/com.android.cellbroadcast@300000000" backed by file /system/apex/com.android.cellbroadcast.apex
04-23 20:41:52.176     0     0 I apexd   : Found "/apex/com.android.vndk.v30@1" backed by file /system/apex/com.android.vndk.current.apex
04-23 20:41:52.179     0     0 I apexd   : Found "/apex/com.android.art@1" backed by file /system/apex/com.android.art.debug.apex
04-23 20:41:52.182     0     0 I apexd   : Found "/apex/com.android.conscrypt@300000000" backed by file /system/apex/com.android.conscrypt.apex
04-23 20:41:52.185     0     0 I apexd   : Found "/apex/com.android.apex.cts.shim@1" backed by file /system/apex/com.android.apex.cts.shim.apex
04-23 20:41:52.189     0     0 I apexd   : Found "/apex/com.android.i18n@1" backed by file /system/apex/com.android.i18n.apex
04-23 20:41:52.192     0     0 I apexd   : Found "/apex/com.android.permission@300000000" backed by file /system/apex/com.android.permission.apex
04-23 20:41:52.195     0     0 I apexd   : Found "/apex/com.android.media@300000000" backed by file /system/apex/com.android.media.apex
04-23 20:41:52.198     0     0 I apexd   : Found "/apex/com.android.adbd@300000000" backed by file /system/apex/com.android.adbd.apex
04-23 20:41:52.201     0     0 I apexd   : Found "/apex/com.android.mediaprovider@300000000" backed by file /system/apex/com.android.mediaprovider.apex
04-23 20:41:52.205     0     0 I apexd   : Found "/apex/com.android.ipsec@300000000" backed by file /system/apex/com.android.ipsec.apex
04-23 20:41:52.208     0     0 I apexd   : Found "/apex/com.android.tzdata@300000000" backed by file /system/apex/com.android.tzdata.apex
04-23 20:41:52.211     0     0 I apexd   : Found "/apex/com.android.media.swcodec@300000000" backed by file /system/apex/com.android.media.swcodec.apex
04-23 20:41:52.214     0     0 I apexd   : Found "/apex/com.android.os.statsd@300000000" backed by file /system/apex/com.android.os.statsd.apex
04-23 20:41:52.217     0     0 I apexd   : Found "/apex/com.android.wifi@300000000" backed by file /system/apex/com.android.wifi.apex
04-23 20:41:52.221     0     0 I apexd   : Found "/apex/com.android.sdkext@300000000" backed by file /system/apex/com.android.sdkext.apex
04-23 20:41:52.224     0     0 I apexd   : 21 packages restored.
04-23 20:41:52.006   157   157 I BpBinder: onLastStrongRef automatically unlinking death recipients: <uncached descriptor>
04-23 20:41:52.225     0     0 I AidlLazyServiceRegistrar: Registering service apexservice
04-23 20:41:52.227     0     0 I AidlLazyServiceRegistrar: Trying to shut down the service. No clients in use for any service in process.
04-23 20:41:52.010   157   157 I servicemanager: Tried to unregister apexservice, but there is about to be a client.
04-23 20:41:52.231     0     0 I AidlLazyServiceRegistrar: Failed to unregister service apexservice
04-23 20:41:52.107   160   160 I hwservicemanager: getTransport: Cannot find entry android.hardware.graphics.mapper@4.0::IMapper/default in either framework or device manifest.
04-23 20:41:52.108  8708  8708 I Gralloc4: mapper 4.x is not supported
04-23 20:41:52.183  8712  8714 I cmd     : oneway function results will be dropped but finished with status OK and parcel size 4
04-23 20:41:52.184  1491  1905 I MediaProvider: Begin Intent { act=android.intent.action.MEDIA_SCANNER_SCAN_FILE dat=file:///sdcard/screen_2026-04-23_204152.png flg=0x1400010 cmp=com.android.providers.media.module/com.android.providers.media.MediaService }
04-23 20:41:52.180  1491  1491 W com.android.providers.media.module: type=1400 audit(0.0:777): avc: denied { read } for comm=4173796E635461736B202331 name="primary" dev="tmpfs" ino=28604 scontext=u:r:mediaprovider_app:s0:c129,c256,c512,c768 tcontext=u:object_r:mnt_pass_through_file:s0 tclass=lnk_file permissive=0 app=com.android.providers.media.module
04-23 20:41:52.412     0     0 W audit   : audit_lost=558 audit_rate_limit=5 audit_backlog_limit=64
04-23 20:41:52.415     0     0 E audit   : rate limit exceeded
04-23 20:41:52.188  1491  1491 W com.android.providers.media.module: type=1400 audit(0.0:778): avc: denied { read } for comm=4173796E635461736B202331 name="primary" dev="tmpfs" ino=28604 scontext=u:r:mediaprovider_app:s0:c129,c256,c512,c768 tcontext=u:object_r:mnt_pass_through_file:s0 tclass=lnk_file permissive=0 app=com.android.providers.media.module
04-23 20:41:52.203  1491  1905 W ModernMediaScanner: Failed to visit /sdcard/screen_2026-04-23_204152.png: java.nio.file.AccessDeniedException: /sdcard/screen_2026-04-23_204152.png
04-23 20:41:52.204  1491  1905 I MediaProvider: Scanned internal due to REASON_DEMAND, found 0 items in 14ms, 0 inserts 0 updates 0 deletes
04-23 20:41:52.204  1491  1905 I MediaProvider: End Intent { act=android.intent.action.MEDIA_SCANNER_SCAN_FILE dat=file:///sdcard/screen_2026-04-23_204152.png flg=0x1400010 cmp=com.android.providers.media.module/com.android.providers.media.MediaService }
04-23 20:41:52.188  1491  1491 W com.android.providers.media.module: type=1400 audit(0.0:779): avc: denied { read } for comm=4173796E635461736B202331 name="primary" dev="tmpfs" ino=28604 scontext=u:r:mediaprovider_app:s0:c129,c256,c512,c768 tcontext=u:object_r:mnt_pass_through_file:s0 tclass=lnk_file permissive=0 app=com.android.providers.media.module
04-23 20:41:52.228  1491  1612 I MediaProvider: Deleted 1 items on external_primary due to com.android.shell
04-23 20:41:52.188  1491  1491 W com.android.providers.media.module: type=1400 audit(0.0:781): avc: denied { read } for comm=4173796E635461736B202331 name="primary" dev="tmpfs" ino=28604 scontext=u:r:mediaprovider_app:s0:c129,c256,c512,c768 tcontext=u:object_r:mnt_pass_through_file:s0 tclass=lnk_file permissive=0 app=com.android.providers.media.module
04-23 20:41:52.256  8723  8725 I cmd     : oneway function results will be dropped but finished with status OK and parcel size 4
04-23 20:41:52.293   508  2745 I ActivityManager: Force stopping co.touchlab.kampkit appid=10132 user=0: from pid 8735
04-23 20:41:52.294  8735  8737 I cmd     : oneway function results will be dropped but finished with status OK and parcel size 4
04-23 20:41:52.340  8738  8738 E libc    : Access denied finding property "persist.device_config.runtime_native_boot.profilebootclasspath"
04-23 20:41:52.340  8738  8738 E libc    : Access denied finding property "persist.device_config.runtime_native_boot.enable_apex_image"
04-23 20:41:52.340  8738  8738 I AndroidRuntime: Using default boot image
04-23 20:41:52.340  8738  8738 E libc    : Access denied finding property "persist.device_config.runtime_native_boot.disable_lock_profiling"
04-23 20:41:52.340  8738  8738 I AndroidRuntime: Leaving lock profiling enabled
04-23 20:41:52.340  8738  8738 E libc    : Access denied finding property "persist.device_config.runtime_native_boot.enable_generational_cc"
04-23 20:41:52.342  8738  8738 I app_process: Core platform API reporting enabled, enforcing=false
04-23 20:41:52.380  8738  8738 W app_process: Unexpected CPU variant for X86 using defaults: x86_64
04-23 20:41:52.381  8738  8738 I app_process: The ClassLoaderContext is a special shared library.
04-23 20:41:52.387  8738  8738 W app_process: JNI RegisterNativeMethods: attempt to register 0 native methods for android.media.AudioAttributes
04-23 20:41:52.392   508   541 I ActivityTaskManager: START u0 {act=android.intent.action.MAIN cat=[android.intent.category.HOME] flg=0x10000100 cmp=com.android.launcher3/.uioverrides.QuickstepLauncher (has extras)} from uid 0
04-23 20:41:52.396   413   413 I perfetto: ing_service_impl.cc:758 Configured tracing session 7, #sources:1, duration:5000 ms, #buffers:1, total buffer size:4096 KB, total sessions:1, uid:1071 session name: ""
04-23 20:41:52.396   412   412 I perfetto: probes_producer.cc:230  Ftrace setup (target_buf=7)
04-23 20:41:52.416   412   412 I perfetto: ftrace_procfs.cc:176    enabled ftrace
04-23 20:41:52.637     0     0 W perfetto: enabled ftrace
04-23 20:41:52.735  8516  8535 I oid.documentsu: Waiting for a blocking GC ProfileSaver
04-23 20:41:52.773  8539  8559 I externalstorag: Waiting for a blocking GC ProfileSaver
04-23 20:41:53.915   160   160 I hwservicemanager: getTransport: Cannot find entry android.hardware.graphics.mapper@4.0::IMapper/default in either framework or device manifest.
04-23 20:41:53.916  8772  8772 I Gralloc4: mapper 4.x is not supported
04-23 20:41:53.990  1491  1905 I MediaProvider: Begin Intent { act=android.intent.action.MEDIA_SCANNER_SCAN_FILE dat=file:///sdcard/screen_2026-04-23_204154.png flg=0x1400010 cmp=com.android.providers.media.module/com.android.providers.media.MediaService }
04-23 20:41:53.990  8776  8778 I cmd     : oneway function results will be dropped but finished with status OK and parcel size 4
04-23 20:41:53.984  1491  1491 W com.android.providers.media.module: type=1400 audit(0.0:787): avc: denied { read } for comm=4173796E635461736B202331 name="primary" dev="tmpfs" ino=28604 scontext=u:r:mediaprovider_app:s0:c129,c256,c512,c768 tcontext=u:object_r:mnt_pass_through_file:s0 tclass=lnk_file permissive=0 app=com.android.providers.media.module
04-23 20:41:54.212     0     0 W audit   : audit_lost=563 audit_rate_limit=5 audit_backlog_limit=64
04-23 20:41:54.214     0     0 E audit   : rate limit exceeded
04-23 20:41:53.984  1491  1491 W com.android.providers.media.module: type=1400 audit(0.0:788): avc: denied { read } for comm=4173796E635461736B202331 name="primary" dev="tmpfs" ino=28604 scontext=u:r:mediaprovider_app:s0:c129,c256,c512,c768 tcontext=u:object_r:mnt_pass_through_file:s0 tclass=lnk_file permissive=0 app=com.android.providers.media.module
04-23 20:41:54.003  1491  1905 W ModernMediaScanner: Failed to visit /sdcard/screen_2026-04-23_204154.png: java.nio.file.AccessDeniedException: /sdcard/screen_2026-04-23_204154.png
04-23 20:41:54.003  1491  1905 I MediaProvider: Scanned internal due to REASON_DEMAND, found 0 items in 13ms, 0 inserts 0 updates 0 deletes
04-23 20:41:54.004  1491  1905 I MediaProvider: End Intent { act=android.intent.action.MEDIA_SCANNER_SCAN_FILE dat=file:///sdcard/screen_2026-04-23_204154.png flg=0x1400010 cmp=com.android.providers.media.module/com.android.providers.media.MediaService }
04-23 20:41:53.984  1491  1491 W com.android.providers.media.module: type=1400 audit(0.0:789): avc: denied { read } for comm=4173796E635461736B202331 name="primary" dev="tmpfs" ino=28604 scontext=u:r:mediaprovider_app:s0:c129,c256,c512,c768 tcontext=u:object_r:mnt_pass_through_file:s0 tclass=lnk_file permissive=0 app=com.android.providers.media.module
04-23 20:41:54.039  1491  2541 I MediaProvider: Deleted 1 items on external_primary due to com.android.shell
04-23 20:41:54.184   160   160 I hwservicemanager: getTransport: Cannot find entry android.hardware.graphics.mapper@4.0::IMapper/default in either framework or device manifest.
04-23 20:41:54.184  8809  8809 I Gralloc4: mapper 4.x is not supported
04-23 20:41:54.257  8813  8815 I cmd     : oneway function results will be dropped but finished with status OK and parcel size 4
04-23 20:41:54.258  1491  1905 I MediaProvider: Begin Intent { act=android.intent.action.MEDIA_SCANNER_SCAN_FILE dat=file:///sdcard/screen_2026-04-23_204155.png flg=0x1400010 cmp=com.android.providers.media.module/com.android.providers.media.MediaService }
04-23 20:41:54.259  1491  1905 W ModernMediaScanner: Failed to visit /sdcard/screen_2026-04-23_204155.png: java.nio.file.AccessDeniedException: /sdcard/screen_2026-04-23_204155.png
04-23 20:41:54.259  1491  1905 I MediaProvider: Scanned internal due to REASON_DEMAND, found 0 items in 1ms, 0 inserts 0 updates 0 deletes
04-23 20:41:54.260  1491  1905 I MediaProvider: End Intent { act=android.intent.action.MEDIA_SCANNER_SCAN_FILE dat=file:///sdcard/screen_2026-04-23_204155.png flg=0x1400010 cmp=com.android.providers.media.module/com.android.providers.media.MediaService }
04-23 20:41:54.280  1491  1613 I MediaProvider: Deleted 1 items on external_primary due to com.android.shell
04-23 20:41:54.305  8824  8826 I cmd     : oneway function results will be dropped but finished with status OK and parcel size 4
04-23 20:41:54.436   160   160 I hwservicemanager: getTransport: Cannot find entry android.hardware.graphics.mapper@4.0::IMapper/default in either framework or device manifest.
04-23 20:41:54.436  8846  8846 I Gralloc4: mapper 4.x is not supported
04-23 20:41:54.511  1491  1905 I MediaProvider: Begin Intent { act=android.intent.action.MEDIA_SCANNER_SCAN_FILE dat=file:///sdcard/screen_2026-04-23_204155.png flg=0x1400010 cmp=com.android.providers.media.module/com.android.providers.media.MediaService }
04-23 20:41:54.512  1491  1905 W ModernMediaScanner: Failed to visit /sdcard/screen_2026-04-23_204155.png: java.nio.file.AccessDeniedException: /sdcard/screen_2026-04-23_204155.png
04-23 20:41:54.512  1491  1905 I MediaProvider: Scanned internal due to REASON_DEMAND, found 0 items in 1ms, 0 inserts 0 updates 0 deletes
04-23 20:41:54.513  1491  1905 I MediaProvider: End Intent { act=android.intent.action.MEDIA_SCANNER_SCAN_FILE dat=file:///sdcard/screen_2026-04-23_204155.png flg=0x1400010 cmp=com.android.providers.media.module/com.android.providers.media.MediaService }
04-23 20:41:54.533  1491  1612 I MediaProvider: Deleted 1 items on external_primary due to com.android.shell
04-23 20:41:54.560  8861  8863 I cmd     : oneway function results will be dropped but finished with status OK and parcel size 4
04-23 20:41:54.600   508  5761 I ActivityTaskManager: START u0 {act=android.intent.action.MAIN cat=[android.intent.category.LAUNCHER] flg=0x10000000 cmp=co.touchlab.kampkit/.android.MainActivity} from uid 2000
04-23 20:41:54.600   413   413 I perfetto: ing_service_impl.cc:758 Configured tracing session 8, #sources:1, duration:5000 ms, #buffers:1, total buffer size:4096 KB, total sessions:2, uid:1071 session name: ""
04-23 20:41:54.600   412   412 I perfetto: probes_producer.cc:230  Ftrace setup (target_buf=8)
04-23 20:41:54.604  8873  8875 I cmd     : oneway function results will be dropped but finished with status OK and parcel size 4
04-23 20:41:54.630   508   550 I ActivityManager: Start proc 8881:co.touchlab.kampkit/u0a132 for pre-top-activity {co.touchlab.kampkit/co.touchlab.kampkit.android.MainActivity}
04-23 20:41:54.633  8881  8881 I ouchlab.kampki: Late-enabling -Xcheck:jni
04-23 20:41:54.643  8881  8881 I ouchlab.kampki: Unquickening 12 vdex files!
04-23 20:41:54.644  8881  8881 W ouchlab.kampki: Unexpected CPU variant for X86 using defaults: x86_64
04-23 20:41:54.650   394   405 I adbd    : jdwp connection from 8881
04-23 20:41:54.654   508  5761 W InputReader: Device virtio_input_multi_touch_10 is associated with display ADISPLAY_ID_NONE.
04-23 20:41:54.654   508  5761 W InputReader: Device virtio_input_multi_touch_7 is associated with display ADISPLAY_ID_NONE.
04-23 20:41:54.654   508  5761 W InputReader: Device virtio_input_multi_touch_4 is associated with display ADISPLAY_ID_NONE.
04-23 20:41:54.654   508  5761 W InputReader: Device virtio_input_multi_touch_5 is associated with display ADISPLAY_ID_NONE.
04-23 20:41:54.654   508  5761 W InputReader: Device virtio_input_multi_touch_2 is associated with display ADISPLAY_ID_NONE.
04-23 20:41:54.654   508  5761 W InputReader: Device virtio_input_multi_touch_6 is associated with display ADISPLAY_ID_NONE.
04-23 20:41:54.654   508  5761 W InputReader: Device virtio_input_multi_touch_3 is associated with display ADISPLAY_ID_NONE.
04-23 20:41:54.654   508  5761 W InputReader: Device virtio_input_multi_touch_8 is associated with display ADISPLAY_ID_NONE.
04-23 20:41:54.654   508  5761 W InputReader: Device virtio_input_multi_touch_9 is associated with display ADISPLAY_ID_NONE.
04-23 20:41:54.654   508  5761 W InputReader: Device virtio_input_multi_touch_11 is associated with display ADISPLAY_ID_NONE.
04-23 20:41:54.654   508  5761 W InputReader: Device virtio_input_multi_touch_10 is associated with display ADISPLAY_ID_NONE.
04-23 20:41:54.654   508  5761 W InputReader: Device virtio_input_multi_touch_7 is associated with display ADISPLAY_ID_NONE.
04-23 20:41:54.654   508  5761 W InputReader: Device virtio_input_multi_touch_4 is associated with display ADISPLAY_ID_NONE.
04-23 20:41:54.654   508  5761 W InputReader: Device virtio_input_multi_touch_5 is associated with display ADISPLAY_ID_NONE.
04-23 20:41:54.654   508  5761 W InputReader: Device virtio_input_multi_touch_2 is associated with display ADISPLAY_ID_NONE.
04-23 20:41:54.654   508  5761 W InputReader: Device virtio_input_multi_touch_6 is associated with display ADISPLAY_ID_NONE.
04-23 20:41:54.654   508  5761 W InputReader: Device virtio_input_multi_touch_3 is associated with display ADISPLAY_ID_NONE.
04-23 20:41:54.654   508  5761 W InputReader: Device virtio_input_multi_touch_8 is associated with display ADISPLAY_ID_NONE.
04-23 20:41:54.654   508  5761 W InputReader: Device virtio_input_multi_touch_9 is associated with display ADISPLAY_ID_NONE.
04-23 20:41:54.654   508  5761 W InputReader: Device virtio_input_multi_touch_11 is associated with display ADISPLAY_ID_NONE.
04-23 20:41:55.009  8881  8881 I Startup : Hello from Android/Kotlin!
04-23 20:41:55.160  8881  8881 W ouchlab.kampki: Accessing hidden method Landroid/os/SystemProperties;->addChangeCallback(Ljava/lang/Runnable;)V (greylist, reflection, allowed)
04-23 20:41:55.194  8881  8881 W System.err: SLF4J(W): No SLF4J providers were found.
04-23 20:41:55.194  8881  8881 W System.err: SLF4J(W): Defaulting to no-operation (NOP) logger implementation
04-23 20:41:55.194  8881  8881 W System.err: SLF4J(W): See https://www.slf4j.org/codes.html#noProviders for further details.
04-23 20:41:55.290   160   160 I hwservicemanager: getTransport: Cannot find entry android.hardware.configstore@1.0::ISurfaceFlingerConfigs/default in either framework or device manifest.
04-23 20:41:55.300   160   160 I hwservicemanager: getTransport: Cannot find entry android.hardware.graphics.mapper@4.0::IMapper/default in either framework or device manifest.
04-23 20:41:55.300  8881  8907 I Gralloc4: mapper 4.x is not supported
04-23 20:41:55.534   508   548 I ActivityTaskManager: Displayed co.touchlab.kampkit/.android.MainActivity: +931ms
04-23 20:41:55.651   157   157 I servicemanager: Notifying apexservice they have clients: 1
04-23 20:41:55.651   157   157 I servicemanager: Notifying apexservice they have clients: 0
04-23 20:41:55.655   347   564 W ServiceManager: Permission failure: android.permission.ACCESS_SURFACE_FLINGER from uid=10132 pid=8881
04-23 20:41:55.882     0     0 I AidlLazyServiceRegistrar: Process has 1 (of 1 available) client(s) in use after notification android.apex.IApexService has clients: 1
04-23 20:41:55.888     0     0 I AidlLazyServiceRegistrar: Process has 0 (of 1 available) client(s) in use after notification android.apex.IApexService has clients: 0
04-23 20:41:55.897     0     0 I AidlLazyServiceRegistrar: Trying to shut down the service. No clients in use for any service in process.
04-23 20:41:55.696   157   157 I BpBinder: onLastStrongRef automatically unlinking death recipients: <uncached descriptor>
04-23 20:41:55.918     0     0 I AidlLazyServiceRegistrar: Unregistered all clients and exiting
04-23 20:41:55.932     0     0 I init    : Service 'apexd' (pid 8693) exited with status 0 oneshot service took 3.821000 seconds in background
04-23 20:41:55.937     0     0 I init    : Sending signal 9 to service 'apexd' (pid 8693) process group...
04-23 20:41:55.940     0     0 I libprocessgroup: Successfully killed process cgroup uid 0 pid 8693 in 0ms
04-23 20:41:55.792  2204  2204 E AccessibilityInteractionClient: 1 Disconnected nodes.
04-23 20:41:55.897   160   160 I hwservicemanager: getTransport: Cannot find entry android.hardware.graphics.mapper@4.0::IMapper/default in either framework or device manifest.
04-23 20:41:55.897  8948  8948 I Gralloc4: mapper 4.x is not supported
04-23 20:41:55.933  1491  1905 I MediaProvider: Begin Intent { act=android.intent.action.MEDIA_SCANNER_SCAN_FILE dat=file:///sdcard/screen_2026-04-23_204156.png flg=0x1400010 cmp=com.android.providers.media.module/com.android.providers.media.MediaService }
04-23 20:41:55.928  1491  1491 W com.android.providers.media.module: type=1400 audit(0.0:805): avc: denied { read } for comm=4173796E635461736B202331 name="primary" dev="tmpfs" ino=28604 scontext=u:r:mediaprovider_app:s0:c129,c256,c512,c768 tcontext=u:object_r:mnt_pass_through_file:s0 tclass=lnk_file permissive=0 app=com.android.providers.media.module
04-23 20:41:56.165     0     0 W audit   : audit_lost=576 audit_rate_limit=5 audit_backlog_limit=64
04-23 20:41:56.178     0     0 E audit   : rate limit exceeded
04-23 20:41:55.958  1491  1905 W ModernMediaScanner: Failed to visit /sdcard/screen_2026-04-23_204156.png: java.nio.file.AccessDeniedException: /sdcard/screen_2026-04-23_204156.png
04-23 20:41:55.958  1491  1905 I MediaProvider: Scanned internal due to REASON_DEMAND, found 0 items in 15ms, 0 inserts 0 updates 0 deletes
04-23 20:41:55.959  1491  1905 I MediaProvider: End Intent { act=android.intent.action.MEDIA_SCANNER_SCAN_FILE dat=file:///sdcard/screen_2026-04-23_204156.png flg=0x1400010 cmp=com.android.providers.media.module/com.android.providers.media.MediaService }
04-23 20:41:55.936  1491  1491 W com.android.providers.media.module: type=1400 audit(0.0:806): avc: denied { read } for comm=4173796E635461736B202331 name="primary" dev="tmpfs" ino=28604 scontext=u:r:mediaprovider_app:s0:c129,c256,c512,c768 tcontext=u:object_r:mnt_pass_through_file:s0 tclass=lnk_file permissive=0 app=com.android.providers.media.module
04-23 20:41:55.940  1491  1491 W com.android.providers.media.module: type=1400 audit(0.0:807): avc: denied { read } for comm=4173796E635461736B202331 name="primary" dev="tmpfs" ino=28604 scontext=u:r:mediaprovider_app:s0:c129,c256,c512,c768 tcontext=u:object_r:mnt_pass_through_file:s0 tclass=lnk_file permissive=0 app=com.android.providers.media.module
04-23 20:41:55.940  1491  1491 W com.android.providers.media.module: type=1400 audit(0.0:808): avc: denied { read } for comm=4173796E635461736B202331 name="primary" dev="tmpfs" ino=28604 scontext=u:r:mediaprovider_app:s0:c129,c256,c512,c768 tcontext=u:object_r:mnt_pass_through_file:s0 tclass=lnk_file permissive=0 app=com.android.providers.media.module
04-23 20:41:56.025  1491  1612 I MediaProvider: Deleted 1 items on external_primary due to com.android.shell
04-23 20:41:56.414   160   160 I hwservicemanager: getTransport: Cannot find entry android.hardware.graphics.mapper@4.0::IMapper/default in either framework or device manifest.
04-23 20:41:56.423  8988  8988 I Gralloc4: mapper 4.x is not supported
04-23 20:41:56.485  8994  8996 I cmd     : oneway function results will be dropped but finished with status OK and parcel size 4
04-23 20:41:56.486  1491  1905 I MediaProvider: Begin Intent { act=android.intent.action.MEDIA_SCANNER_SCAN_FILE dat=file:///sdcard/screen_2026-04-23_204157.png flg=0x1400010 cmp=com.android.providers.media.module/com.android.providers.media.MediaService }
04-23 20:41:56.487  1491  1905 W ModernMediaScanner: Failed to visit /sdcard/screen_2026-04-23_204157.png: java.nio.file.AccessDeniedException: /sdcard/screen_2026-04-23_204157.png
04-23 20:41:56.489  1491  1905 I MediaProvider: Scanned internal due to REASON_DEMAND, found 0 items in 4ms, 0 inserts 0 updates 0 deletes
04-23 20:41:56.490  1491  1905 I MediaProvider: End Intent { act=android.intent.action.MEDIA_SCANNER_SCAN_FILE dat=file:///sdcard/screen_2026-04-23_204157.png flg=0x1400010 cmp=com.android.providers.media.module/com.android.providers.media.MediaService }
04-23 20:41:56.569  1491  1613 I MediaProvider: Deleted 1 items on external_primary due to com.android.shell
04-23 20:41:56.853   160   160 I hwservicemanager: getTransport: Cannot find entry android.hardware.graphics.mapper@4.0::IMapper/default in either framework or device manifest.
04-23 20:41:56.854  9047  9047 I Gralloc4: mapper 4.x is not supported
04-23 20:41:56.911  9057  9060 I cmd     : oneway function results will be dropped but finished with status OK and parcel size 4
04-23 20:41:56.918  1491  1905 I MediaProvider: Begin Intent { act=android.intent.action.MEDIA_SCANNER_SCAN_FILE dat=file:///sdcard/screen_2026-04-23_204157.png flg=0x1400010 cmp=com.android.providers.media.module/com.android.providers.media.MediaService }
04-23 20:41:56.919  1491  1905 W ModernMediaScanner: Failed to visit /sdcard/screen_2026-04-23_204157.png: java.nio.file.AccessDeniedException: /sdcard/screen_2026-04-23_204157.png
04-23 20:41:56.920  1491  1905 I MediaProvider: Scanned internal due to REASON_DEMAND, found 0 items in 1ms, 0 inserts 0 updates 0 deletes
04-23 20:41:56.920  1491  1905 I MediaProvider: End Intent { act=android.intent.action.MEDIA_SCANNER_SCAN_FILE dat=file:///sdcard/screen_2026-04-23_204157.png flg=0x1400010 cmp=com.android.providers.media.module/com.android.providers.media.MediaService }
04-23 20:41:56.943  1491  2541 I MediaProvider: Deleted 1 items on external_primary due to com.android.shell
04-23 20:41:57.081  9094  9096 I cmd     : oneway function results will be dropped but finished with status OK and parcel size 4
04-23 20:41:57.131  9109  9111 I cmd     : oneway function results will be dropped but finished with status OK and parcel size 4
04-23 20:41:57.182  9124  9126 I cmd     : oneway function results will be dropped but finished with status OK and parcel size 4
04-23 20:41:57.263  9136  9136 E libc    : Access denied finding property "persist.device_config.runtime_native_boot.profilebootclasspath"
04-23 20:41:57.263  9136  9136 E libc    : Access denied finding property "persist.device_config.runtime_native_boot.enable_apex_image"
04-23 20:41:57.263  9136  9136 I AndroidRuntime: Using default boot image
04-23 20:41:57.263  9136  9136 E libc    : Access denied finding property "persist.device_config.runtime_native_boot.disable_lock_profiling"
04-23 20:41:57.263  9136  9136 I AndroidRuntime: Leaving lock profiling enabled
04-23 20:41:57.263  9136  9136 E libc    : Access denied finding property "persist.device_config.runtime_native_boot.enable_generational_cc"
04-23 20:41:57.264  9136  9136 I app_process: Core platform API reporting enabled, enforcing=false
04-23 20:41:57.260  9136  9136 W app_process: type=1400 audit(0.0:823): avc: denied { read } for name="u:object_r:device_config_runtime_native_boot_prop:s0" dev="tmpfs" ino=8320 scontext=u:r:shell:s0 tcontext=u:object_r:device_config_runtime_native_boot_prop:s0 tclass=file permissive=0
04-23 20:41:57.303  9136  9136 W app_process: Unexpected CPU variant for X86 using defaults: x86_64
04-23 20:41:57.304  9136  9136 I app_process: The ClassLoaderContext is a special shared library.
04-23 20:41:57.310  9136  9136 W app_process: JNI RegisterNativeMethods: attempt to register 0 native methods for android.media.AudioAttributes
04-23 20:41:57.396   412   412 I perfetto: probes_producer.cc:329  Producer stop (id=7)
04-23 20:41:57.397   413   413 I perfetto: ng_service_impl.cc:1948 Tracing session 7 ended, total sessions:1
04-23 20:41:57.528  8881  8881 I DatabaseHelper: Breed 1: Favorited true
04-23 20:41:57.621  2204  2204 E AccessibilityInteractionClient: 2 Disconnected nodes.
04-23 20:41:57.636   508   542 I DropBoxManagerService: add tag=system_server_strictmode isTagEnabled=true flags=0x2
04-23 20:41:57.640   508   542 I chatty  : uid=1000(system) android.io identical 5 lines
04-23 20:41:57.640   508   542 I DropBoxManagerService: add tag=system_server_strictmode isTagEnabled=true flags=0x2
04-23 20:41:57.644   508  1488 E TaskPersister: File error accessing recents directory (directory doesn't exist?).
04-23 20:41:57.813  8516  8516 I ProvidersCache: Updating roots due to change on user 0at content://com.android.externalstorage.documents
04-23 20:41:59.034   160   160 I hwservicemanager: getTransport: Cannot find entry android.hardware.graphics.mapper@4.0::IMapper/default in either framework or device manifest.
04-23 20:41:59.034  9168  9168 I Gralloc4: mapper 4.x is not supported
04-23 20:41:59.071  9174  9176 I cmd     : oneway function results will be dropped but finished with status OK and parcel size 4
04-23 20:41:59.071  1491  1905 I MediaProvider: Begin Intent { act=android.intent.action.MEDIA_SCANNER_SCAN_FILE dat=file:///sdcard/screen_2026-04-23_204159.png flg=0x1400010 cmp=com.android.providers.media.module/com.android.providers.media.MediaService }
04-23 20:41:59.074  1491  1905 W ModernMediaScanner: Failed to visit /sdcard/screen_2026-04-23_204159.png: java.nio.file.AccessDeniedException: /sdcard/screen_2026-04-23_204159.png
04-23 20:41:59.074  1491  1905 I MediaProvider: Scanned internal due to REASON_DEMAND, found 0 items in 1ms, 0 inserts 0 updates 0 deletes
04-23 20:41:59.075  1491  1905 I MediaProvider: End Intent { act=android.intent.action.MEDIA_SCANNER_SCAN_FILE dat=file:///sdcard/screen_2026-04-23_204159.png flg=0x1400010 cmp=com.android.providers.media.module/com.android.providers.media.MediaService }
04-23 20:41:59.068  1491  1491 W com.android.providers.media.module: type=1400 audit(0.0:827): avc: denied { read } for comm=4173796E635461736B202331 name="primary" dev="tmpfs" ino=28604 scontext=u:r:mediaprovider_app:s0:c129,c256,c512,c768 tcontext=u:object_r:mnt_pass_through_file:s0 tclass=lnk_file permissive=0 app=com.android.providers.media.module
04-23 20:41:59.160  1491  1612 I MediaProvider: Deleted 1 items on external_primary due to com.android.shell
04-23 20:41:59.188  9185  9187 I cmd     : oneway function results will be dropped but finished with status OK and parcel size 4
04-23 20:41:59.321   160   160 I hwservicemanager: getTransport: Cannot find entry android.hardware.graphics.mapper@4.0::IMapper/default in either framework or device manifest.
04-23 20:41:59.321  9207  9207 I Gralloc4: mapper 4.x is not supported
04-23 20:41:59.358  1491  1905 I MediaProvider: Begin Intent { act=android.intent.action.MEDIA_SCANNER_SCAN_FILE dat=file:///sdcard/screen_2026-04-23_204200.png flg=0x1400010 cmp=com.android.providers.media.module/com.android.providers.media.MediaService }
04-23 20:41:59.362  1491  1905 W ModernMediaScanner: Failed to visit /sdcard/screen_2026-04-23_204200.png: java.nio.file.AccessDeniedException: /sdcard/screen_2026-04-23_204200.png
04-23 20:41:59.363  1491  1905 I MediaProvider: Scanned internal due to REASON_DEMAND, found 0 items in 1ms, 0 inserts 0 updates 0 deletes
04-23 20:41:59.579     0     0 W audit   : audit_lost=589 audit_rate_limit=5 audit_backlog_limit=64
04-23 20:41:59.582     0     0 E audit   : rate limit exceeded
04-23 20:41:59.363  1491  1905 I MediaProvider: End Intent { act=android.intent.action.MEDIA_SCANNER_SCAN_FILE dat=file:///sdcard/screen_2026-04-23_204200.png flg=0x1400010 cmp=com.android.providers.media.module/com.android.providers.media.MediaService }
04-23 20:41:59.385  1491  1613 I MediaProvider: Deleted 1 items on external_primary due to com.android.shell
04-23 20:41:59.414  9222  9224 I cmd     : oneway function results will be dropped but finished with status OK and parcel size 4
04-23 20:41:59.540   160   160 I hwservicemanager: getTransport: Cannot find entry android.hardware.graphics.mapper@4.0::IMapper/default in either framework or device manifest.
04-23 20:41:59.540  9244  9244 I Gralloc4: mapper 4.x is not supported
04-23 20:41:59.576  9248  9250 I cmd     : oneway function results will be dropped but finished with status OK and parcel size 4
04-23 20:41:59.577  1491  1905 I MediaProvider: Begin Intent { act=android.intent.action.MEDIA_SCANNER_SCAN_FILE dat=file:///sdcard/screen_2026-04-23_204200.png flg=0x1400010 cmp=com.android.providers.media.module/com.android.providers.media.MediaService }
04-23 20:41:59.578  1491  1905 W ModernMediaScanner: Failed to visit /sdcard/screen_2026-04-23_204200.png: java.nio.file.AccessDeniedException: /sdcard/screen_2026-04-23_204200.png
04-23 20:41:59.578  1491  1905 I MediaProvider: Scanned internal due to REASON_DEMAND, found 0 items in 1ms, 0 inserts 0 updates 0 deletes
04-23 20:41:59.579  1491  1905 I MediaProvider: End Intent { act=android.intent.action.MEDIA_SCANNER_SCAN_FILE dat=file:///sdcard/screen_2026-04-23_204200.png flg=0x1400010 cmp=com.android.providers.media.module/com.android.providers.media.MediaService }
04-23 20:41:59.600  1491  2541 I MediaProvider: Deleted 1 items on external_primary due to com.android.shell
04-23 20:41:59.603   412   412 I perfetto: probes_producer.cc:329  Producer stop (id=8)
04-23 20:41:59.604   413   413 I perfetto: ng_service_impl.cc:1948 Tracing session 8 ended, total sessions:0
04-23 20:41:59.605   412   412 I perfetto: ftrace_procfs.cc:183    disabled ftrace
04-23 20:41:59.825     0     0 W perfetto: disabled ftrace
04-23 20:41:59.628  9259  9261 I cmd     : oneway function results will be dropped but finished with status OK and parcel size 4
04-23 20:41:59.679  9274  9276 I cmd     : oneway function results will be dropped but finished with status OK and parcel size 4
04-23 20:41:59.727  9289  9291 I cmd     : oneway function results will be dropped but finished with status OK and parcel size 4
04-23 20:41:59.852  9316  9316 E libc    : Access denied finding property "persist.device_config.runtime_native_boot.profilebootclasspath"
04-23 20:41:59.852  9316  9316 E libc    : Access denied finding property "persist.device_config.runtime_native_boot.enable_apex_image"
04-23 20:41:59.852  9316  9316 I AndroidRuntime: Using default boot image
04-23 20:41:59.852  9316  9316 E libc    : Access denied finding property "persist.device_config.runtime_native_boot.disable_lock_profiling"
04-23 20:41:59.852  9316  9316 I AndroidRuntime: Leaving lock profiling enabled
04-23 20:41:59.852  9316  9316 E libc    : Access denied finding property "persist.device_config.runtime_native_boot.enable_generational_cc"
04-23 20:41:59.853  9316  9316 I app_process: Core platform API reporting enabled, enforcing=false
04-23 20:41:59.892  9316  9316 W app_process: Unexpected CPU variant for X86 using defaults: x86_64
04-23 20:41:59.892  9316  9316 I app_process: The ClassLoaderContext is a special shared library.
04-23 20:41:59.899  9316  9316 W app_process: JNI RegisterNativeMethods: attempt to register 0 native methods for android.media.AudioAttributes
04-23 20:42:00.112  8881  8881 I DatabaseHelper: Breed 1: Favorited false
04-23 20:42:01.623   160   160 I hwservicemanager: getTransport: Cannot find entry android.hardware.graphics.mapper@4.0::IMapper/default in either framework or device manifest.
04-23 20:42:01.623  9352  9352 I Gralloc4: mapper 4.x is not supported
04-23 20:42:01.660  1491  1905 I MediaProvider: Begin Intent { act=android.intent.action.MEDIA_SCANNER_SCAN_FILE dat=file:///sdcard/screen_2026-04-23_204202.png flg=0x1400010 cmp=com.android.providers.media.module/com.android.providers.media.MediaService }
04-23 20:42:01.888     0     0 W audit   : audit_lost=605 audit_rate_limit=5 audit_backlog_limit=64
04-23 20:42:01.891     0     0 E audit   : rate limit exceeded
04-23 20:42:01.656  1491  1491 W com.android.providers.media.module: type=1400 audit(0.0:849): avc: denied { read } for comm=4173796E635461736B202331 name="primary" dev="tmpfs" ino=28604 scontext=u:r:mediaprovider_app:s0:c129,c256,c512,c768 tcontext=u:object_r:mnt_pass_through_file:s0 tclass=lnk_file permissive=0 app=com.android.providers.media.module
04-23 20:42:01.672  1491  1905 W ModernMediaScanner: Failed to visit /sdcard/screen_2026-04-23_204202.png: java.nio.file.AccessDeniedException: /sdcard/screen_2026-04-23_204202.png
04-23 20:42:01.673  1491  1905 I MediaProvider: Scanned internal due to REASON_DEMAND, found 0 items in 6ms, 0 inserts 0 updates 0 deletes
04-23 20:42:01.674  1491  1905 I MediaProvider: End Intent { act=android.intent.action.MEDIA_SCANNER_SCAN_FILE dat=file:///sdcard/screen_2026-04-23_204202.png flg=0x1400010 cmp=com.android.providers.media.module/com.android.providers.media.MediaService }
04-23 20:42:01.656  1491  1491 W com.android.providers.media.module: type=1400 audit(0.0:850): avc: denied { read } for comm=4173796E635461736B202331 name="primary" dev="tmpfs" ino=28604 scontext=u:r:mediaprovider_app:s0:c129,c256,c512,c768 tcontext=u:object_r:mnt_pass_through_file:s0 tclass=lnk_file permissive=0 app=com.android.providers.media.module
04-23 20:42:01.664  1491  1491 I chatty  : uid=10129(com.android.providers.media.module) identical 2 lines
04-23 20:42:01.664  1491  1491 W com.android.providers.media.module: type=1400 audit(0.0:853): avc: denied { read } for comm=4173796E635461736B202331 name="primary" dev="tmpfs" ino=28604 scontext=u:r:mediaprovider_app:s0:c129,c256,c512,c768 tcontext=u:object_r:mnt_pass_through_file:s0 tclass=lnk_file permissive=0 app=com.android.providers.media.module
04-23 20:42:01.730  1491  1612 I MediaProvider: Deleted 1 items on external_primary due to com.android.shell
04-23 20:42:01.758  9367  9369 I cmd     : oneway function results will be dropped but finished with status OK and parcel size 4
04-23 20:42:01.878   160   160 I hwservicemanager: getTransport: Cannot find entry android.hardware.graphics.mapper@4.0::IMapper/default in either framework or device manifest.
04-23 20:42:01.878  9389  9389 I Gralloc4: mapper 4.x is not supported
04-23 20:42:01.917  1491  1905 I MediaProvider: Begin Intent { act=android.intent.action.MEDIA_SCANNER_SCAN_FILE dat=file:///sdcard/screen_2026-04-23_204202.png flg=0x1400010 cmp=com.android.providers.media.module/com.android.providers.media.MediaService }
04-23 20:42:01.918  1491  1905 W ModernMediaScanner: Failed to visit /sdcard/screen_2026-04-23_204202.png: java.nio.file.AccessDeniedException: /sdcard/screen_2026-04-23_204202.png
04-23 20:42:01.921  1491  1905 I MediaProvider: Scanned internal due to REASON_DEMAND, found 0 items in 3ms, 0 inserts 0 updates 0 deletes
04-23 20:42:01.926  1491  1905 I MediaProvider: End Intent { act=android.intent.action.MEDIA_SCANNER_SCAN_FILE dat=file:///sdcard/screen_2026-04-23_204202.png flg=0x1400010 cmp=com.android.providers.media.module/com.android.providers.media.MediaService }
04-23 20:42:01.941  1491  1613 I MediaProvider: Deleted 1 items on external_primary due to com.android.shell
04-23 20:42:01.967  9404  9406 I cmd     : oneway function results will be dropped but finished with status OK and parcel size 4
04-23 20:42:02.083   160   160 I hwservicemanager: getTransport: Cannot find entry android.hardware.graphics.mapper@4.0::IMapper/default in either framework or device manifest.
04-23 20:42:02.083  9426  9426 I Gralloc4: mapper 4.x is not supported
04-23 20:42:02.131  1491  1905 I MediaProvider: Begin Intent { act=android.intent.action.MEDIA_SCANNER_SCAN_FILE dat=file:///sdcard/screen_2026-04-23_204202.png flg=0x1400010 cmp=com.android.providers.media.module/com.android.providers.media.MediaService }
04-23 20:42:02.132  1491  1905 W ModernMediaScanner: Failed to visit /sdcard/screen_2026-04-23_204202.png: java.nio.file.AccessDeniedException: /sdcard/screen_2026-04-23_204202.png
04-23 20:42:02.137  1491  1905 I MediaProvider: Scanned internal due to REASON_DEMAND, found 0 items in 5ms, 0 inserts 0 updates 0 deletes
04-23 20:42:02.137  1491  1905 I MediaProvider: End Intent { act=android.intent.action.MEDIA_SCANNER_SCAN_FILE dat=file:///sdcard/screen_2026-04-23_204202.png flg=0x1400010 cmp=com.android.providers.media.module/com.android.providers.media.MediaService }
04-23 20:42:02.142  8516  8516 I ProvidersCache: Updating roots due to change on user 0at content://com.android.providers.media.documents/root
04-23 20:42:02.195  1491  2541 I MediaProvider: Deleted 1 items on external_primary due to com.android.shell
04-23 20:42:02.222  9443  9445 I cmd     : oneway function results will be dropped but finished with status OK and parcel size 4
04-23 20:42:02.252  8516  8516 I ProvidersCache: Updating roots due to change on user 0at content://com.android.providers.media.documents/root
04-23 20:42:02.271  9458  9460 I cmd     : oneway function results will be dropped but finished with status OK and parcel size 4
04-23 20:42:02.317  9473  9475 I cmd     : oneway function results will be dropped but finished with status OK and parcel size 4
04-23 20:42:02.365  9488  9490 I cmd     : oneway function results will be dropped but finished with status OK and parcel size 4
04-23 20:42:02.442  9500  9500 E libc    : Access denied finding property "persist.device_config.runtime_native_boot.profilebootclasspath"
04-23 20:42:02.442  9500  9500 E libc    : Access denied finding property "persist.device_config.runtime_native_boot.enable_apex_image"
04-23 20:42:02.442  9500  9500 I AndroidRuntime: Using default boot image
04-23 20:42:02.442  9500  9500 E libc    : Access denied finding property "persist.device_config.runtime_native_boot.disable_lock_profiling"
04-23 20:42:02.442  9500  9500 I AndroidRuntime: Leaving lock profiling enabled
04-23 20:42:02.442  9500  9500 E libc    : Access denied finding property "persist.device_config.runtime_native_boot.enable_generational_cc"
04-23 20:42:02.444  9500  9500 I app_process: Core platform API reporting enabled, enforcing=false
04-23 20:42:02.482  9500  9500 W app_process: Unexpected CPU variant for X86 using defaults: x86_64
04-23 20:42:02.483  9500  9500 I app_process: The ClassLoaderContext is a special shared library.
04-23 20:42:02.489  9500  9500 W app_process: JNI RegisterNativeMethods: attempt to register 0 native methods for android.media.AudioAttributes
04-23 20:42:02.710  8881  8881 I DatabaseHelper: Breed 2: Favorited true
04-23 20:42:02.711  2204  2204 E AccessibilityInteractionClient: 3 Disconnected nodes.
04-23 20:42:03.604     0     0 W healthd : battery l=100 v=5000 t=25.0 h=2 st=2 c=900000 fc=300000 cc=10 chg=a
04-23 20:42:04.058  8516  8516 I ProvidersCache: Updating roots due to change on user 0at content://com.android.providers.media.documents/root
04-23 20:42:04.226   160   160 I hwservicemanager: getTransport: Cannot find entry android.hardware.graphics.mapper@4.0::IMapper/default in either framework or device manifest.
04-23 20:42:04.226  9535  9535 I Gralloc4: mapper 4.x is not supported
04-23 20:42:04.263  9539  9541 I cmd     : oneway function results will be dropped but finished with status OK and parcel size 4
04-23 20:42:04.264  1491  1905 I MediaProvider: Begin Intent { act=android.intent.action.MEDIA_SCANNER_SCAN_FILE dat=file:///sdcard/screen_2026-04-23_204205.png flg=0x1400010 cmp=com.android.providers.media.module/com.android.providers.media.MediaService }
04-23 20:42:04.260  1491  1491 W com.android.providers.media.module: type=1400 audit(0.0:871): avc: denied { read } for comm=4173796E635461736B202331 name="primary" dev="tmpfs" ino=28604 scontext=u:r:mediaprovider_app:s0:c129,c256,c512,c768 tcontext=u:object_r:mnt_pass_through_file:s0 tclass=lnk_file permissive=0 app=com.android.providers.media.module
04-23 20:42:04.494     0     0 W audit   : audit_lost=622 audit_rate_limit=5 audit_backlog_limit=64
04-23 20:42:04.504     0     0 E audit   : rate limit exceeded
04-23 20:42:04.268  1491  1491 W com.android.providers.media.module: type=1400 audit(0.0:872): avc: denied { read } for comm=4173796E635461736B202331 name="primary" dev="tmpfs" ino=28604 scontext=u:r:mediaprovider_app:s0:c129,c256,c512,c768 tcontext=u:object_r:mnt_pass_through_file:s0 tclass=lnk_file permissive=0 app=com.android.providers.media.module
04-23 20:42:04.292  1491  1905 W ModernMediaScanner: Failed to visit /sdcard/screen_2026-04-23_204205.png: java.nio.file.AccessDeniedException: /sdcard/screen_2026-04-23_204205.png
04-23 20:42:04.292  1491  1905 I MediaProvider: Scanned internal due to REASON_DEMAND, found 0 items in 20ms, 0 inserts 0 updates 0 deletes
04-23 20:42:04.293  1491  1905 I MediaProvider: End Intent { act=android.intent.action.MEDIA_SCANNER_SCAN_FILE dat=file:///sdcard/screen_2026-04-23_204205.png flg=0x1400010 cmp=com.android.providers.media.module/com.android.providers.media.MediaService }
04-23 20:42:04.268  1491  1491 W com.android.providers.media.module: type=1400 audit(0.0:873): avc: denied { read } for comm=4173796E635461736B202331 name="primary" dev="tmpfs" ino=28604 scontext=u:r:mediaprovider_app:s0:c129,c256,c512,c768 tcontext=u:object_r:mnt_pass_through_file:s0 tclass=lnk_file permissive=0 app=com.android.providers.media.module
04-23 20:42:04.312  8516  8516 I ProvidersCache: Updating roots due to change on user 0at content://com.android.providers.media.documents/root
04-23 20:42:04.351  1491  1612 I MediaProvider: Deleted 1 items on external_primary due to com.android.shell
04-23 20:42:04.379  9550  9552 I cmd     : oneway function results will be dropped but finished with status OK and parcel size 4
04-23 20:42:04.505   160   160 I hwservicemanager: getTransport: Cannot find entry android.hardware.graphics.mapper@4.0::IMapper/default in either framework or device manifest.
04-23 20:42:04.505  9572  9572 I Gralloc4: mapper 4.x is not supported
04-23 20:42:04.543  1491  1905 I MediaProvider: Begin Intent { act=android.intent.action.MEDIA_SCANNER_SCAN_FILE dat=file:///sdcard/screen_2026-04-23_204205.png flg=0x1400010 cmp=com.android.providers.media.module/com.android.providers.media.MediaService }
04-23 20:42:04.544  1491  1905 W ModernMediaScanner: Failed to visit /sdcard/screen_2026-04-23_204205.png: java.nio.file.AccessDeniedException: /sdcard/screen_2026-04-23_204205.png
04-23 20:42:04.546  1491  1905 I MediaProvider: Scanned internal due to REASON_DEMAND, found 0 items in 3ms, 0 inserts 0 updates 0 deletes
04-23 20:42:04.547  1491  1905 I MediaProvider: End Intent { act=android.intent.action.MEDIA_SCANNER_SCAN_FILE dat=file:///sdcard/screen_2026-04-23_204205.png flg=0x1400010 cmp=com.android.providers.media.module/com.android.providers.media.MediaService }
04-23 20:42:04.563  1491  1613 I MediaProvider: Deleted 1 items on external_primary due to com.android.shell
04-23 20:42:04.575  8516  8516 I ProvidersCache: Updating roots due to change on user 0at content://com.android.providers.media.documents/root
04-23 20:42:04.591  9587  9589 I cmd     : oneway function results will be dropped but finished with status OK and parcel size 4
04-23 20:42:04.705   160   160 I hwservicemanager: getTransport: Cannot find entry android.hardware.graphics.mapper@4.0::IMapper/default in either framework or device manifest.
04-23 20:42:04.706  9609  9609 I Gralloc4: mapper 4.x is not supported
04-23 20:42:04.731   466   466 E netmgr  : qemu_pipe_open_ns:62: Could not connect to the 'pipe:qemud:network' service: Invalid argument
04-23 20:42:04.731   466   466 E netmgr  : Failed to open QEMU pipe 'qemud:network': Invalid argument
