--------- beginning of main
04-23 20:41:45.776  2646  2646 I DatabaseHelper: Breed 10: Favorited false
04-23 20:41:47.285   160   160 I hwservicemanager: getTransport: Cannot find entry android.hardware.graphics.mapper@4.0::IMapper/default in either framework or device manifest.
04-23 20:41:47.285  8431  8431 I Gralloc4: mapper 4.x is not supported
04-23 20:41:47.322  1491  1905 I MediaProvider: Begin Intent { act=android.intent.action.MEDIA_SCANNER_SCAN_FILE dat=file:///sdcard/screen_2026-04-23_204148.png flg=0x1400010 cmp=com.android.providers.media.module/com.android.providers.media.MediaService }
04-23 20:41:47.316  1491  1491 W com.android.providers.media.module: type=1400 audit(0.0:756): avc: denied { read } for comm=4173796E635461736B202331 name="primary" dev="tmpfs" ino=28604 scontext=u:r:mediaprovider_app:s0:c129,c256,c512,c768 tcontext=u:object_r:mnt_pass_through_file:s0 tclass=lnk_file permissive=0 app=com.android.providers.media.module
--------- beginning of kernel
04-23 20:41:47.545     0     0 W audit   : audit_lost=552 audit_rate_limit=5 audit_backlog_limit=64
04-23 20:41:47.554     0     0 E audit   : rate limit exceeded
04-23 20:41:47.316  1491  1491 W com.android.providers.media.module: type=1400 audit(0.0:757): avc: denied { read } for comm=4173796E635461736B202331 name="primary" dev="tmpfs" ino=28604 scontext=u:r:mediaprovider_app:s0:c129,c256,c512,c768 tcontext=u:object_r:mnt_pass_through_file:s0 tclass=lnk_file permissive=0 app=com.android.providers.media.module
04-23 20:41:47.342  1491  1905 W ModernMediaScanner: Failed to visit /sdcard/screen_2026-04-23_204148.png: java.nio.file.AccessDeniedException: /sdcard/screen_2026-04-23_204148.png
04-23 20:41:47.343  1491  1905 I MediaProvider: Scanned internal due to REASON_DEMAND, found 0 items in 20ms, 0 inserts 0 updates 0 deletes
04-23 20:41:47.343  1491  1905 I MediaProvider: End Intent { act=android.intent.action.MEDIA_SCANNER_SCAN_FILE dat=file:///sdcard/screen_2026-04-23_204148.png flg=0x1400010 cmp=com.android.providers.media.module/com.android.providers.media.MediaService }
04-23 20:41:47.320  1491  1491 W com.android.providers.media.module: type=1400 audit(0.0:758): avc: denied { read } for comm=4173796E635461736B202331 name="primary" dev="tmpfs" ino=28604 scontext=u:r:mediaprovider_app:s0:c129,c256,c512,c768 tcontext=u:object_r:mnt_pass_through_file:s0 tclass=lnk_file permissive=0 app=com.android.providers.media.module
04-23 20:41:47.320  1491  1491 I chatty  : uid=10129(com.android.providers.media.module) identical 1 line
04-23 20:41:47.320  1491  1491 W com.android.providers.media.module: type=1400 audit(0.0:760): avc: denied { read } for comm=4173796E635461736B202331 name="primary" dev="tmpfs" ino=28604 scontext=u:r:mediaprovider_app:s0:c129,c256,c512,c768 tcontext=u:object_r:mnt_pass_through_file:s0 tclass=lnk_file permissive=0 app=com.android.providers.media.module
04-23 20:41:47.379  1491  1612 I MediaProvider: Deleted 1 items on external_primary due to com.android.shell
04-23 20:41:47.406  8446  8448 I cmd     : oneway function results will be dropped but finished with status OK and parcel size 4
04-23 20:41:47.429  1363  1363 I LatinIME: Hardware accelerated drawing: true
04-23 20:41:47.434  1363  1363 W InputAttributes: No editor info for this field. Bug?
04-23 20:41:47.434   341   341 I android.hardware.vibrator-service.example: Vibrator reporting capabilities
04-23 20:41:47.434  1363  1389 I LatinIME:LogUtils: Dictionary info: dictionary = UserHistoryDictionary.en_US ; version = 1776976813 ; date = 1776976818
04-23 20:41:47.436  1363  1389 I LatinIME:LogUtils: Dictionary info: dictionary = userunigram.en_US ; version = 1776976907 ; date = ?
--------- beginning of system
04-23 20:41:47.439   508   988 W ActivityTaskManager: Current config: {1.0 310mcc260mnc [en_US] ldltr sw320dp w320dp h616dp 160dpi nrml long port finger qwerty/v/v -nav/h winConfig={ mBounds=Rect(0, 0 - 320, 640) mAppBounds=Rect(0, 0 - 320, 640) mWindowingMode=fullscreen mDisplayWindowingMode=fullscreen mActivityType=undefined mAlwaysOnTop=undefined mRotation=ROTATION_0} s.8} unchanged for IME proc com.android.inputmethod.latin
04-23 20:41:47.461  1363  1389 I LatinIME:LogUtils: Dictionary info: dictionary = main:en ; version = 54 ; date = 1414726273
04-23 20:41:47.470  8464  8466 I cmd     : oneway function results will be dropped but finished with status OK and parcel size 4
04-23 20:41:47.485  8467  8474 I cmd     : oneway function results will be dropped but finished with status OK and parcel size 4
04-23 20:41:47.439   508   988 I chatty  : uid=1000(system) Binder:508_9 identical 1 line
04-23 20:41:47.439   508   988 W ActivityTaskManager: Current config: {1.0 310mcc260mnc [en_US] ldltr sw320dp w320dp h616dp 160dpi nrml long port finger qwerty/v/v -nav/h winConfig={ mBounds=Rect(0, 0 - 320, 640) mAppBounds=Rect(0, 0 - 320, 640) mWindowingMode=fullscreen mDisplayWindowingMode=fullscreen mActivityType=undefined mAlwaysOnTop=undefined mRotation=ROTATION_0} s.8} unchanged for IME proc com.android.inputmethod.latin
04-23 20:41:47.491   508   549 I ActivityManager: Force stopping co.touchlab.kampkit appid=10131 user=-1: deletePackageX
04-23 20:41:47.492   508   549 I ActivityManager: Killing 2646:co.touchlab.kampkit/u0a131 (adj 0): stop co.touchlab.kampkit due to deletePackageX
04-23 20:41:47.492   508   549 W ActivityTaskManager: Force removing ActivityRecord{f78e309 u0 co.touchlab.kampkit/.android.MainActivity t9 f}}: app died, no saved state
04-23 20:41:47.495   508   549 W InputReader: Device virtio_input_multi_touch_10 is associated with display ADISPLAY_ID_NONE.
04-23 20:41:47.495   508   549 W InputReader: Device virtio_input_multi_touch_7 is associated with display ADISPLAY_ID_NONE.
04-23 20:41:47.495   508   549 W InputReader: Device virtio_input_multi_touch_4 is associated with display ADISPLAY_ID_NONE.
04-23 20:41:47.495   508   549 W InputReader: Device virtio_input_multi_touch_5 is associated with display ADISPLAY_ID_NONE.
04-23 20:41:47.495   508   549 W InputReader: Device virtio_input_multi_touch_2 is associated with display ADISPLAY_ID_NONE.
04-23 20:41:47.495   508   549 W InputReader: Device virtio_input_multi_touch_6 is associated with display ADISPLAY_ID_NONE.
04-23 20:41:47.495   508   549 W InputReader: Device virtio_input_multi_touch_3 is associated with display ADISPLAY_ID_NONE.
04-23 20:41:47.495   508   549 W InputReader: Device virtio_input_multi_touch_8 is associated with display ADISPLAY_ID_NONE.
04-23 20:41:47.495   508   549 W InputReader: Device virtio_input_multi_touch_9 is associated with display ADISPLAY_ID_NONE.
04-23 20:41:47.495   508   549 W InputReader: Device virtio_input_multi_touch_11 is associated with display ADISPLAY_ID_NONE.
04-23 20:41:47.495   508   549 W InputReader: Device virtio_input_multi_touch_10 is associated with display ADISPLAY_ID_NONE.
04-23 20:41:47.495   508   549 W InputReader: Device virtio_input_multi_touch_7 is associated with display ADISPLAY_ID_NONE.
04-23 20:41:47.495   508   549 W InputReader: Device virtio_input_multi_touch_4 is associated with display ADISPLAY_ID_NONE.
04-23 20:41:47.495   508   549 W InputReader: Device virtio_input_multi_touch_5 is associated with display ADISPLAY_ID_NONE.
04-23 20:41:47.495   508   549 W InputReader: Device virtio_input_multi_touch_2 is associated with display ADISPLAY_ID_NONE.
04-23 20:41:47.495   508   549 W InputReader: Device virtio_input_multi_touch_6 is associated with display ADISPLAY_ID_NONE.
04-23 20:41:47.495   508   549 W InputReader: Device virtio_input_multi_touch_3 is associated with display ADISPLAY_ID_NONE.
04-23 20:41:47.495   508   549 W InputReader: Device virtio_input_multi_touch_8 is associated with display ADISPLAY_ID_NONE.
04-23 20:41:47.495   508   549 W InputReader: Device virtio_input_multi_touch_9 is associated with display ADISPLAY_ID_NONE.
04-23 20:41:47.495   508   549 W InputReader: Device virtio_input_multi_touch_11 is associated with display ADISPLAY_ID_NONE.
04-23 20:41:47.501   508   566 I PackageManager: Removing permission co.touchlab.kampkit.DYNAMIC_RECEIVER_NOT_EXPORTED_PERMISSION that used to be declared by co.touchlab.kampkit
04-23 20:41:47.501   508   566 W PackageManager: Removing dangling permission: co.touchlab.kampkit.DYNAMIC_RECEIVER_NOT_EXPORTED_PERMISSION from package co.touchlab.kampkit
04-23 20:41:47.501   508   566 I PackageManager: Permission ownership changed. Updating all permissions.
04-23 20:41:47.726     0     0 I binder  : undelivered transaction 163534, process died.
04-23 20:41:47.508   508  1729 W WindowManager: Cannot find window which accessibility connection is added to
04-23 20:41:47.510   282   282 I Zygote  : Process 2646 exited due to signal 9 (Killed)
04-23 20:41:47.539   508   543 W ActivityManager: setHasOverlayUi called on unknown pid: 2646
04-23 20:41:47.539   508   551 I libprocessgroup: Successfully killed process cgroup uid 10131 pid 2646 in 47ms
04-23 20:41:47.539  8480  8484 I cmd     : oneway function results will be dropped but finished with status OK and parcel size 4
04-23 20:41:47.540   424   424 I keystore: clear_uid 10131
04-23 20:41:47.544   508   566 E PermissionMonitor: unknown permission type: -1for uid: 10131
04-23 20:41:47.547  8482  8486 I cmd     : oneway function results will be dropped but finished with status OK and parcel size 4
04-23 20:41:47.767     0     0 I binder  : release 8472:8472 transaction 163517 out, still active
04-23 20:41:47.769     0     0 I binder  : undelivered TRANSACTION_COMPLETE
04-23 20:41:47.555   508  1488 E TaskPersister: File error accessing recents directory (directory doesn't exist?).
04-23 20:41:47.605   508   566 I system_server: Explicit concurrent copying GC freed 81508(3588KB) AllocSpace objects, 26(744KB) LOS objects, 49% free, 9253KB/18MB, paused 38us total 60.943ms
04-23 20:41:47.834     0     0 E binder  : invalid inc weak node for 163518
04-23 20:41:47.836     0     0 I binder  : 508:2745 IncRefs 0 refcount change on invalid ref 792 ret -22
04-23 20:41:47.838     0     0 E binder  : invalid inc weak node for 163520
04-23 20:41:47.618   508   566 I ActivityManager: Force stopping co.touchlab.kampkit appid=10131 user=0: pkg removed
04-23 20:41:47.839     0     0 I binder  : 508:2745 IncRefs 0 refcount change on invalid ref 793 ret -22
04-23 20:41:47.841     0     0 I binder  : 508:2745 transaction failed 29189/-22, size 104-0 line 2692
04-23 20:41:47.845     0     0 I binder  : 508:2745 transaction failed 29189/0, size 4-0 line 2624
04-23 20:41:47.847     0     0 I binder  : send failed reply for transaction 163517, target dead
04-23 20:41:47.632   508  1488 E TaskPersister: File error accessing recents directory (directory doesn't exist?).
04-23 20:41:47.633   508   549 W BroadcastQueue: Background execution not allowed: receiving Intent { act=android.intent.action.PACKAGE_REMOVED dat=package:co.touchlab.kampkit flg=0x4000010 (has extras) } to com.android.gallery3d/.app.PackagesMonitor
04-23 20:41:47.633   508   549 W BroadcastQueue: Background execution not allowed: receiving Intent { act=android.intent.action.PACKAGE_REMOVED dat=package:co.touchlab.kampkit flg=0x4000010 (has extras) } to com.android.musicfx/.Compatibility$Receiver
04-23 20:41:47.634   508   508 W WifiService: Couldn't get PackageInfo for package:co.touchlab.kampkit
04-23 20:41:47.635   508   601 I InputReader: Reconfiguring input devices, changes=KEYBOARD_LAYOUTS | 
04-23 20:41:47.635   508   508 I ConditionProviders: Disallowing condition provider co.touchlab.kampkit
04-23 20:41:47.635  1491  1491 I MediaProvider: Invalidating LocalCallingIdentity cache for package co.touchlab.kampkit. Reason: package android.intent.action.PACKAGE_REMOVED
04-23 20:41:47.638   508   540 I RoleManagerService: Granting default roles...
04-23 20:41:47.645   508   655 I PasspointManager: No app ops listener found for co.touchlab.kampkit
04-23 20:41:47.646  1363  1389 I LatinIME:LogUtils: Dictionary info: dictionary = main:en ; version = 54 ; date = 1414726273
04-23 20:41:47.652   508   595 I RollbackManager: broadcast=ACTION_PACKAGE_FULLY_REMOVED pkg=co.touchlab.kampkit
04-23 20:41:47.653   508   508 W WifiService: Couldn't get PackageInfo for package:co.touchlab.kampkit
04-23 20:41:47.654   508   550 I ActivityManager: Start proc 8494:com.android.keychain/1000 for service {com.android.keychain/com.android.keychain.KeyChainService}
04-23 20:41:47.658  8494  8494 W ndroid.keychai: Unexpected CPU variant for X86 using defaults: x86_64
04-23 20:41:47.660   508   655 I PasspointManager: No app ops listener found for co.touchlab.kampkit
04-23 20:41:47.661   394   405 I adbd    : jdwp connection from 8494
04-23 20:41:47.676  8494  8494 I ndroid.keychai: The ClassLoaderContext is a special shared library.
04-23 20:41:47.690  8494  8514 W KeyChain: Creating new DB.
04-23 20:41:47.694   508   550 I ActivityManager: Start proc 8516:com.android.documentsui/u0a76 for broadcast {com.android.documentsui/com.android.documentsui.PackageReceiver}
04-23 20:41:47.696  8516  8516 W oid.documentsu: Unexpected CPU variant for X86 using defaults: x86_64
04-23 20:41:47.701   394   405 I adbd    : jdwp connection from 8516
04-23 20:41:47.730  8516  8516 I oid.documentsu: The ClassLoaderContext is a special shared library.
04-23 20:41:47.742  8516  8516 E ContextImpl: Tried to access visual service LayoutInflater from a non-visual Context:com.android.documentsui.DocumentsApplication@41dbe98 Visual services, such as WindowManager, WallpaperService or LayoutInflater should be accessed from Activity or other visual Context. Use an Activity or a Context created with Context#createWindowContext(int, Bundle), which are adjusted to the configuration and visual bounds of an area on screen.
04-23 20:41:47.742  8516  8516 E ContextImpl: java.lang.IllegalAccessException: Tried to access visual service LayoutInflater from a non-visual Context:com.android.documentsui.DocumentsApplication@41dbe98
04-23 20:41:47.742  8516  8516 E ContextImpl: 	at android.app.ContextImpl.getSystemService(ContextImpl.java:1914)
04-23 20:41:47.742  8516  8516 E ContextImpl: 	at android.content.ContextWrapper.getSystemService(ContextWrapper.java:803)
04-23 20:41:47.742  8516  8516 E ContextImpl: 	at android.view.LayoutInflater.from(LayoutInflater.java:282)
04-23 20:41:47.742  8516  8516 E ContextImpl: 	at com.android.documentsui.DragShadowBuilder.<init>(DragShadowBuilder.java:49)
04-23 20:41:47.742  8516  8516 E ContextImpl: 	at com.android.documentsui.DragAndDropManager$RuntimeDragAndDropManager.<init>(DragAndDropManager.java:195)
04-23 20:41:47.742  8516  8516 E ContextImpl: 	at com.android.documentsui.DragAndDropManager$RuntimeDragAndDropManager.<init>(DragAndDropManager.java:166)
04-23 20:41:47.742  8516  8516 E ContextImpl: 	at com.android.documentsui.DragAndDropManager.create(DragAndDropManager.java:163)
04-23 20:41:47.742  8516  8516 E ContextImpl: 	at com.android.documentsui.DocumentsApplication.onCreate(DocumentsApplication.java:145)
04-23 20:41:47.742  8516  8516 E ContextImpl: 	at android.app.Instrumentation.callApplicationOnCreate(Instrumentation.java:1192)
04-23 20:41:47.742  8516  8516 E ContextImpl: 	at android.app.ActivityThread.handleBindApplication(ActivityThread.java:6712)
04-23 20:41:47.742  8516  8516 E ContextImpl: 	at android.app.ActivityThread.access$1300(ActivityThread.java:237)
04-23 20:41:47.742  8516  8516 E ContextImpl: 	at android.app.ActivityThread$H.handleMessage(ActivityThread.java:1913)
04-23 20:41:47.742  8516  8516 E ContextImpl: 	at android.os.Handler.dispatchMessage(Handler.java:106)
04-23 20:41:47.742  8516  8516 E ContextImpl: 	at android.os.Looper.loop(Looper.java:223)
04-23 20:41:47.742  8516  8516 E ContextImpl: 	at android.app.ActivityThread.main(ActivityThread.java:7656)
04-23 20:41:47.742  8516  8516 E ContextImpl: 	at java.lang.reflect.Method.invoke(Native Method)
04-23 20:41:47.742  8516  8516 E ContextImpl: 	at com.android.internal.os.RuntimeInit$MethodAndArgsCaller.run(RuntimeInit.java:592)
04-23 20:41:47.742  8516  8516 E ContextImpl: 	at com.android.internal.os.ZygoteInit.main(ZygoteInit.java:947)
04-23 20:41:47.745  8516  8516 E ViewConfiguration: Tried to access UI constants from a non-visual Context:com.android.documentsui.DocumentsApplication@41dbe98UI constants, such as display metrics or window metrics, must be accessed from Activity or other visual Context. Use an Activity or a Context created with Context#createWindowContext(int, Bundle), which are adjusted to the configuration and visual bounds of an area on screen
04-23 20:41:47.745  8516  8516 E ViewConfiguration: java.lang.IllegalArgumentException: Tried to access UI constants from a non-visual Context:com.android.documentsui.DocumentsApplication@41dbe98
04-23 20:41:47.745  8516  8516 E ViewConfiguration: 	at android.view.ViewConfiguration.get(ViewConfiguration.java:510)
04-23 20:41:47.745  8516  8516 E ViewConfiguration: 	at android.view.View.<init>(View.java:5317)
04-23 20:41:47.745  8516  8516 E ViewConfiguration: 	at android.view.View.<init>(View.java:5467)
04-23 20:41:47.745  8516  8516 E ViewConfiguration: 	at android.view.ViewGroup.<init>(ViewGroup.java:697)
04-23 20:41:47.745  8516  8516 E ViewConfiguration: 	at android.widget.LinearLayout.<init>(LinearLayout.java:254)
04-23 20:41:47.745  8516  8516 E ViewConfiguration: 	at android.widget.LinearLayout.<init>(LinearLayout.java:250)
04-23 20:41:47.745  8516  8516 E ViewConfiguration: 	at android.widget.LinearLayout.<init>(LinearLayout.java:246)
04-23 20:41:47.745  8516  8516 E ViewConfiguration: 	at java.lang.reflect.Constructor.newInstance0(Native Method)
04-23 20:41:47.745  8516  8516 E ViewConfiguration: 	at java.lang.reflect.Constructor.newInstance(Constructor.java:343)
04-23 20:41:47.745  8516  8516 E ViewConfiguration: 	at android.view.LayoutInflater.createView(LayoutInflater.java:852)
04-23 20:41:47.745  8516  8516 E ViewConfiguration: 	at android.view.LayoutInflater.createView(LayoutInflater.java:774)
04-23 20:41:47.745  8516  8516 E ViewConfiguration: 	at com.android.internal.policy.PhoneLayoutInflater.onCreateView(PhoneLayoutInflater.java:58)
04-23 20:41:47.745  8516  8516 E ViewConfiguration: 	at android.view.LayoutInflater.onCreateView(LayoutInflater.java:928)
04-23 20:41:47.745  8516  8516 E ViewConfiguration: 	at android.view.LayoutInflater.onCreateView(LayoutInflater.java:948)
04-23 20:41:47.745  8516  8516 E ViewConfiguration: 	at android.view.LayoutInflater.createViewFromTag(LayoutInflater.java:1002)
04-23 20:41:47.745  8516  8516 E ViewConfiguration: 	at android.view.LayoutInflater.createViewFromTag(LayoutInflater.java:959)
04-23 20:41:47.745  8516  8516 E ViewConfiguration: 	at android.view.LayoutInflater.inflate(LayoutInflater.java:657)
04-23 20:41:47.745  8516  8516 E ViewConfiguration: 	at android.view.LayoutInflater.inflate(LayoutInflater.java:532)
04-23 20:41:47.745  8516  8516 E ViewConfiguration: 	at android.view.LayoutInflater.inflate(LayoutInflater.java:479)
04-23 20:41:47.745  8516  8516 E ViewConfiguration: 	at com.android.documentsui.DragShadowBuilder.<init>(DragShadowBuilder.java:49)
04-23 20:41:47.745  8516  8516 E ViewConfiguration: 	at com.android.documentsui.DragAndDropManager$RuntimeDragAndDropManager.<init>(DragAndDropManager.java:195)
04-23 20:41:47.745  8516  8516 E ViewConfiguration: 	at com.android.documentsui.DragAndDropManager$RuntimeDragAndDropManager.<init>(DragAndDropManager.java:166)
04-23 20:41:47.745  8516  8516 E ViewConfiguration: 	at com.android.documentsui.DragAndDropManager.create(DragAndDropManager.java:163)
04-23 20:41:47.745  8516  8516 E ViewConfiguration: 	at com.android.documentsui.DocumentsApplication.onCreate(DocumentsApplication.java:145)
04-23 20:41:47.745  8516  8516 E ViewConfiguration: 	at android.app.Instrumentation.callApplicationOnCreate(Instrumentation.java:1192)
04-23 20:41:47.745  8516  8516 E ViewConfiguration: 	at android.app.ActivityThread.handleBindApplication(ActivityThread.java:6712)
04-23 20:41:47.745  8516  8516 E ViewConfiguration: 	at android.app.ActivityThread.access$1300(ActivityThread.java:237)
04-23 20:41:47.745  8516  8516 E ViewConfiguration: 	at android.app.ActivityThread$H.handleMessage(ActivityThread.java:1913)
04-23 20:41:47.745  8516  8516 E ViewConfiguration: 	at android.os.Handler.dispatchMessage(Handler.java:106)
04-23 20:41:47.745  8516  8516 E ViewConfiguration: 	at android.os.Looper.loop(Looper.java:223)
04-23 20:41:47.745  8516  8516 E ViewConfiguration: 	at android.app.ActivityThread.main(ActivityThread.java:7656)
04-23 20:41:47.745  8516  8516 E ViewConfiguration: 	at java.lang.reflect.Method.invoke(Native Method)
04-23 20:41:47.745  8516  8516 E ViewConfiguration: 	at com.android.internal.os.RuntimeInit$MethodAndArgsCaller.run(RuntimeInit.java:592)
04-23 20:41:47.745  8516  8516 E ViewConfiguration: 	at com.android.internal.os.ZygoteInit.main(ZygoteInit.java:947)
04-23 20:41:47.745  8516  8516 E ContextImpl: Tried to access visual service WindowManager from a non-visual Context:com.android.documentsui.DocumentsApplication@41dbe98 Visual services, such as WindowManager, WallpaperService or LayoutInflater should be accessed from Activity or other visual Context. Use an Activity or a Context created with Context#createWindowContext(int, Bundle), which are adjusted to the configuration and visual bounds of an area on screen.
04-23 20:41:47.745  8516  8516 E ContextImpl: java.lang.IllegalAccessException: Tried to access visual service WindowManager from a non-visual Context:com.android.documentsui.DocumentsApplication@41dbe98
04-23 20:41:47.745  8516  8516 E ContextImpl: 	at android.app.ContextImpl.getSystemService(ContextImpl.java:1914)
04-23 20:41:47.745  8516  8516 E ContextImpl: 	at android.content.ContextWrapper.getSystemService(ContextWrapper.java:803)
04-23 20:41:47.745  8516  8516 E ContextImpl: 	at android.content.Context.getSystemService(Context.java:3705)
04-23 20:41:47.745  8516  8516 E ContextImpl: 	at android.view.ViewConfiguration.<init>(ViewConfiguration.java:422)
04-23 20:41:47.745  8516  8516 E ContextImpl: 	at android.view.ViewConfiguration.get(ViewConfiguration.java:520)
04-23 20:41:47.745  8516  8516 E ContextImpl: 	at android.view.View.<init>(View.java:5317)
04-23 20:41:47.745  8516  8516 E ContextImpl: 	at android.view.View.<init>(View.java:5467)
04-23 20:41:47.745  8516  8516 E ContextImpl: 	at android.view.ViewGroup.<init>(ViewGroup.java:697)
04-23 20:41:47.745  8516  8516 E ContextImpl: 	at android.widget.LinearLayout.<init>(LinearLayout.java:254)
04-23 20:41:47.745  8516  8516 E ContextImpl: 	at android.widget.LinearLayout.<init>(LinearLayout.java:250)
04-23 20:41:47.745  8516  8516 E ContextImpl: 	at android.widget.LinearLayout.<init>(LinearLayout.java:246)
04-23 20:41:47.745  8516  8516 E ContextImpl: 	at java.lang.reflect.Constructor.newInstance0(Native Method)
04-23 20:41:47.745  8516  8516 E ContextImpl: 	at java.lang.reflect.Constructor.newInstance(Constructor.java:343)
04-23 20:41:47.745  8516  8516 E ContextImpl: 	at android.view.LayoutInflater.createView(LayoutInflater.java:852)
04-23 20:41:47.745  8516  8516 E ContextImpl: 	at android.view.LayoutInflater.createView(LayoutInflater.java:774)
04-23 20:41:47.745  8516  8516 E ContextImpl: 	at com.android.internal.policy.PhoneLayoutInflater.onCreateView(PhoneLayoutInflater.java:58)
04-23 20:41:47.745  8516  8516 E ContextImpl: 	at android.view.LayoutInflater.onCreateView(LayoutInflater.java:928)
04-23 20:41:47.745  8516  8516 E ContextImpl: 	at android.view.LayoutInflater.onCreateView(LayoutInflater.java:948)
04-23 20:41:47.745  8516  8516 E ContextImpl: 	at android.view.LayoutInflater.createViewFromTag(LayoutInflater.java:1002)
04-23 20:41:47.745  8516  8516 E ContextImpl: 	at android.view.LayoutInflater.createViewFromTag(LayoutInflater.java:959)
04-23 20:41:47.745  8516  8516 E ContextImpl: 	at android.view.LayoutInflater.inflate(LayoutInflater.java:657)
04-23 20:41:47.745  8516  8516 E ContextImpl: 	at android.view.LayoutInflater.inflate(LayoutInflater.java:532)
04-23 20:41:47.745  8516  8516 E ContextImpl: 	at android.view.LayoutInflater.inflate(LayoutInflater.java:479)
04-23 20:41:47.745  8516  8516 E ContextImpl: 	at com.android.documentsui.DragShadowBuilder.<init>(DragShadowBuilder.java:49)
04-23 20:41:47.745  8516  8516 E ContextImpl: 	at com.android.documentsui.DragAndDropManager$RuntimeDragAndDropManager.<init>(DragAndDropManager.java:195)
04-23 20:41:47.745  8516  8516 E ContextImpl: 	at com.android.documentsui.DragAndDropManager$RuntimeDragAndDropManager.<init>(DragAndDropManager.java:166)
04-23 20:41:47.745  8516  8516 E ContextImpl: 	at com.android.documentsui.DragAndDropManager.create(DragAndDropManager.java:163)
04-23 20:41:47.745  8516  8516 E ContextImpl: 	at com.android.documentsui.DocumentsApplication.onCreate(DocumentsApplication.java:145)
04-23 20:41:47.745  8516  8516 E ContextImpl: 	at android.app.Instrumentation.callApplicationOnCreate(Instrumentation.java:1192)
04-23 20:41:47.745  8516  8516 E ContextImpl: 	at android.app.ActivityThread.handleBindApplication(ActivityThread.java:6712)
04-23 20:41:47.745  8516  8516 E ContextImpl: 	at android.app.ActivityThread.access$1300(ActivityThread.java:237)
04-23 20:41:47.745  8516  8516 E ContextImpl: 	at android.app.ActivityThread$H.handleMessage(ActivityThread.java:1913)
04-23 20:41:47.745  8516  8516 E ContextImpl: 	at android.os.Handler.dispatchMessage(Handler.java:106)
04-23 20:41:47.745  8516  8516 E ContextImpl: 	at android.os.Looper.loop(Looper.java:223)
04-23 20:41:47.745  8516  8516 E ContextImpl: 	at android.app.ActivityThread.main(ActivityThread.java:7656)
04-23 20:41:47.745  8516  8516 E ContextImpl: 	at java.lang.reflect.Method.invoke(Native Method)
04-23 20:41:47.745  8516  8516 E ContextImpl: 	at com.android.internal.os.RuntimeInit$MethodAndArgsCaller.run(RuntimeInit.java:592)
04-23 20:41:47.745  8516  8516 E ContextImpl: 	at com.android.internal.os.ZygoteInit.main(ZygoteInit.java:947)
04-23 20:41:47.748  8516  8516 E ViewConfiguration: Tried to access UI constants from a non-visual Context:com.android.documentsui.DocumentsApplication@41dbe98UI constants, such as display metrics or window metrics, must be accessed from Activity or other visual Context. Use an Activity or a Context created with Context#createWindowContext(int, Bundle), which are adjusted to the configuration and visual bounds of an area on screen
04-23 20:41:47.748  8516  8516 E ViewConfiguration: java.lang.IllegalArgumentException: Tried to access UI constants from a non-visual Context:com.android.documentsui.DocumentsApplication@41dbe98
04-23 20:41:47.748  8516  8516 E ViewConfiguration: 	at android.view.ViewConfiguration.get(ViewConfiguration.java:510)
04-23 20:41:47.748  8516  8516 E ViewConfiguration: 	at android.view.View.<init>(View.java:5317)
04-23 20:41:47.748  8516  8516 E ViewConfiguration: 	at android.view.View.<init>(View.java:5467)
04-23 20:41:47.748  8516  8516 E ViewConfiguration: 	at android.view.ViewGroup.<init>(ViewGroup.java:697)
04-23 20:41:47.748  8516  8516 E ViewConfiguration: 	at android.widget.LinearLayout.<init>(LinearLayout.java:254)
04-23 20:41:47.748  8516  8516 E ViewConfiguration: 	at android.widget.LinearLayout.<init>(LinearLayout.java:250)
04-23 20:41:47.748  8516  8516 E ViewConfiguration: 	at android.widget.LinearLayout.<init>(LinearLayout.java:246)
04-23 20:41:47.748  8516  8516 E ViewConfiguration: 	at java.lang.reflect.Constructor.newInstance0(Native Method)
04-23 20:41:47.748  8516  8516 E ViewConfiguration: 	at java.lang.reflect.Constructor.newInstance(Constructor.java:343)
04-23 20:41:47.748  8516  8516 E ViewConfiguration: 	at android.view.LayoutInflater.createView(LayoutInflater.java:852)
04-23 20:41:47.748  8516  8516 E ViewConfiguration: 	at android.view.LayoutInflater.createView(LayoutInflater.java:774)
04-23 20:41:47.748  8516  8516 E ViewConfiguration: 	at com.android.internal.policy.PhoneLayoutInflater.onCreateView(PhoneLayoutInflater.java:58)
04-23 20:41:47.748  8516  8516 E ViewConfiguration: 	at android.view.LayoutInflater.onCreateView(LayoutInflater.java:928)
04-23 20:41:47.748  8516  8516 E ViewConfiguration: 	at android.view.LayoutInflater.onCreateView(LayoutInflater.java:948)
04-23 20:41:47.748  8516  8516 E ViewConfiguration: 	at android.view.LayoutInflater.createViewFromTag(LayoutInflater.java:1002)
04-23 20:41:47.748  8516  8516 E ViewConfiguration: 	at android.view.LayoutInflater.createViewFromTag(LayoutInflater.java:959)
04-23 20:41:47.748  8516  8516 E ViewConfiguration: 	at android.view.LayoutInflater.rInflate(LayoutInflater.java:1121)
04-23 20:41:47.748  8516  8516 E ViewConfiguration: 	at android.view.LayoutInflater.rInflateChildren(LayoutInflater.java:1082)
04-23 20:41:47.748  8516  8516 E ViewConfiguration: 	at android.view.LayoutInflater.inflate(LayoutInflater.java:680)
04-23 20:41:47.748  8516  8516 E ViewConfiguration: 	at android.view.LayoutInflater.inflate(LayoutInflater.java:532)
04-23 20:41:47.748  8516  8516 E ViewConfiguration: 	at android.view.LayoutInflater.inflate(LayoutInflater.java:479)
04-23 20:41:47.748  8516  8516 E ViewConfiguration: 	at com.android.documentsui.DragShadowBuilder.<init>(DragShadowBuilder.java:49)
04-23 20:41:47.748  8516  8516 E ViewConfiguration: 	at com.android.documentsui.DragAndDropManager$RuntimeDragAndDropManager.<init>(DragAndDropManager.java:195)
04-23 20:41:47.748  8516  8516 E ViewConfiguration: 	at com.android.documentsui.DragAndDropManager$RuntimeDragAndDropManager.<init>(DragAndDropManager.java:166)
04-23 20:41:47.748  8516  8516 E ViewConfiguration: 	at com.android.documentsui.DragAndDropManager.create(DragAndDropManager.java:163)
04-23 20:41:47.748  8516  8516 E ViewConfiguration: 	at com.android.documentsui.DocumentsApplication.onCreate(DocumentsApplication.java:145)
04-23 20:41:47.748  8516  8516 E ViewConfiguration: 	at android.app.Instrumentation.callApplicationOnCreate(Instrumentation.java:1192)
04-23 20:41:47.748  8516  8516 E ViewConfiguration: 	at android.app.ActivityThread.handleBindApplication(ActivityThread.java:6712)
04-23 20:41:47.748  8516  8516 E ViewConfiguration: 	at android.app.ActivityThread.access$1300(ActivityThread.java:237)
04-23 20:41:47.748  8516  8516 E ViewConfiguration: 	at android.app.ActivityThread$H.handleMessage(ActivityThread.java:1913)
04-23 20:41:47.748  8516  8516 E ViewConfiguration: 	at android.os.Handler.dispatchMessage(Handler.java:106)
04-23 20:41:47.748  8516  8516 E ViewConfiguration: 	at android.os.Looper.loop(Looper.java:223)
04-23 20:41:47.748  8516  8516 E ViewConfiguration: 	at android.app.ActivityThread.main(ActivityThread.java:7656)
04-23 20:41:47.748  8516  8516 E ViewConfiguration: 	at java.lang.reflect.Method.invoke(Native Method)
04-23 20:41:47.748  8516  8516 E ViewConfiguration: 	at com.android.internal.os.RuntimeInit$MethodAndArgsCaller.run(RuntimeInit.java:592)
04-23 20:41:47.748  8516  8516 E ViewConfiguration: 	at com.android.internal.os.ZygoteInit.main(ZygoteInit.java:947)
04-23 20:41:47.749   508   550 I ActivityManager: Start proc 8539:com.android.externalstorage/u0a68 for content provider {com.android.externalstorage/com.android.externalstorage.ExternalStorageProvider}
04-23 20:41:47.749  8516  8516 E ViewConfiguration: Tried to access UI constants from a non-visual Context:com.android.documentsui.DocumentsApplication@41dbe98UI constants, such as display metrics or window metrics, must be accessed from Activity or other visual Context. Use an Activity or a Context created with Context#createWindowContext(int, Bundle), which are adjusted to the configuration and visual bounds of an area on screen
04-23 20:41:47.749  8516  8516 E ViewConfiguration: java.lang.IllegalArgumentException: Tried to access UI constants from a non-visual Context:com.android.documentsui.DocumentsApplication@41dbe98
04-23 20:41:47.749  8516  8516 E ViewConfiguration: 	at android.view.ViewConfiguration.get(ViewConfiguration.java:510)
04-23 20:41:47.749  8516  8516 E ViewConfiguration: 	at android.view.View.<init>(View.java:5317)
04-23 20:41:47.749  8516  8516 E ViewConfiguration: 	at android.view.View.<init>(View.java:5467)
04-23 20:41:47.749  8516  8516 E ViewConfiguration: 	at android.widget.ImageView.<init>(ImageView.java:195)
04-23 20:41:47.749  8516  8516 E ViewConfiguration: 	at android.widget.ImageView.<init>(ImageView.java:190)
04-23 20:41:47.749  8516  8516 E ViewConfiguration: 	at android.widget.ImageView.<init>(ImageView.java:186)
04-23 20:41:47.749  8516  8516 E ViewConfiguration: 	at com.android.documentsui.DropBadgeView.<init>(DropBadgeView.java:40)
04-23 20:41:47.749  8516  8516 E ViewConfiguration: 	at java.lang.reflect.Constructor.newInstance0(Native Method)
04-23 20:41:47.749  8516  8516 E ViewConfiguration: 	at java.lang.reflect.Constructor.newInstance(Constructor.java:343)
04-23 20:41:47.749  8516  8516 E ViewConfiguration: 	at android.view.LayoutInflater.createView(LayoutInflater.java:852)
04-23 20:41:47.749  8516  8516 E ViewConfiguration: 	at android.view.LayoutInflater.createViewFromTag(LayoutInflater.java:1004)
04-23 20:41:47.749  8516  8516 E ViewConfiguration: 	at android.view.LayoutInflater.parseInclude(LayoutInflater.java:1231)
04-23 20:41:47.749  8516  8516 E ViewConfiguration: 	at android.view.LayoutInflater.rInflate(LayoutInflater.java:1117)
04-23 20:41:47.749  8516  8516 E ViewConfiguration: 	at android.view.LayoutInflater.rInflateChildren(LayoutInflater.java:1082)
04-23 20:41:47.749  8516  8516 E ViewConfiguration: 	at android.view.LayoutInflater.rInflate(LayoutInflater.java:1124)
04-23 20:41:47.749  8516  8516 E ViewConfiguration: 	at android.view.LayoutInflater.rInflateChildren(LayoutInflater.java:1082)
04-23 20:41:47.749  8516  8516 E ViewConfiguration: 	at android.view.LayoutInflater.inflate(LayoutInflater.java:680)
04-23 20:41:47.749  8516  8516 E ViewConfiguration: 	at android.view.LayoutInflater.inflate(LayoutInflater.java:532)
04-23 20:41:47.749  8516  8516 E ViewConfiguration: 	at android.view.LayoutInflater.inflate(LayoutInflater.java:479)
04-23 20:41:47.749  8516  8516 E ViewConfiguration: 	at com.android.documentsui.DragShadowBuilder.<init>(DragShadowBuilder.java:49)
04-23 20:41:47.749  8516  8516 E ViewConfiguration: 	at com.android.documentsui.DragAndDropManager$RuntimeDragAndDropManager.<init>(DragAndDropManager.java:195)
04-23 20:41:47.749  8516  8516 E ViewConfiguration: 	at com.android.documentsui.DragAndDropManager$RuntimeDragAndDropManager.<init>(DragAndDropManager.java:166)
04-23 20:41:47.749  8516  8516 E ViewConfiguration: 	at com.android.documentsui.DragAndDropManager.create(DragAndDropManager.java:163)
04-23 20:41:47.749  8516  8516 E ViewConfiguration: 	at com.android.documentsui.DocumentsApplication.onCreate(DocumentsApplication.java:145)
04-23 20:41:47.749  8516  8516 E ViewConfiguration: 	at android.app.Instrumentation.callApplicationOnCreate(Instrumentation.java:1192)
04-23 20:41:47.749  8516  8516 E ViewConfiguration: 	at android.app.ActivityThread.handleBindApplication(ActivityThread.java:6712)
04-23 20:41:47.749  8516  8516 E ViewConfiguration: 	at android.app.ActivityThread.access$1300(ActivityThread.java:237)
04-23 20:41:47.749  8516  8516 E ViewConfiguration: 	at android.app.ActivityThread$H.handleMessage(ActivityThread.java:1913)
04-23 20:41:47.749  8516  8516 E ViewConfiguration: 	at android.os.Handler.dispatchMessage(Handler.java:106)
04-23 20:41:47.749  8516  8516 E ViewConfiguration: 	at android.os.Looper.loop(Looper.java:223)
04-23 20:41:47.749  8516  8516 E ViewConfiguration: 	at android.app.ActivityThread.main(ActivityThread.java:7656)
04-23 20:41:47.749  8516  8516 E ViewConfiguration: 	at java.lang.reflect.Method.invoke(Native Method)
04-23 20:41:47.749  8516  8516 E ViewConfiguration: 	at com.android.internal.os.RuntimeInit$MethodAndArgsCaller.run(RuntimeInit.java:592)
04-23 20:41:47.749  8516  8516 E ViewConfiguration: 	at com.android.internal.os.ZygoteInit.main(ZygoteInit.java:947)
04-23 20:41:47.751  8539  8539 W externalstorag: Unexpected CPU variant for X86 using defaults: x86_64
04-23 20:41:47.753   394   405 I adbd    : jdwp connection from 8539
04-23 20:41:47.754  8516  8516 E ViewConfiguration: Tried to access UI constants from a non-visual Context:com.android.documentsui.DocumentsApplication@41dbe98UI constants, such as display metrics or window metrics, must be accessed from Activity or other visual Context. Use an Activity or a Context created with Context#createWindowContext(int, Bundle), which are adjusted to the configuration and visual bounds of an area on screen
04-23 20:41:47.754  8516  8516 E ViewConfiguration: java.lang.IllegalArgumentException: Tried to access UI constants from a non-visual Context:com.android.documentsui.DocumentsApplication@41dbe98
04-23 20:41:47.754  8516  8516 E ViewConfiguration: 	at android.view.ViewConfiguration.get(ViewConfiguration.java:510)
04-23 20:41:47.754  8516  8516 E ViewConfiguration: 	at android.view.View.<init>(View.java:5317)
04-23 20:41:47.754  8516  8516 E ViewConfiguration: 	at android.view.View.<init>(View.java:5467)
04-23 20:41:47.754  8516  8516 E ViewConfiguration: 	at android.widget.TextView.<init>(TextView.java:996)
04-23 20:41:47.754  8516  8516 E ViewConfiguration: 	at android.widget.TextView.<init>(TextView.java:990)
04-23 20:41:47.754  8516  8516 E ViewConfiguration: 	at android.widget.TextView.<init>(TextView.java:986)
04-23 20:41:47.754  8516  8516 E ViewConfiguration: 	at java.lang.reflect.Constructor.newInstance0(Native Method)
04-23 20:41:47.754  8516  8516 E ViewConfiguration: 	at java.lang.reflect.Constructor.newInstance(Constructor.java:343)
04-23 20:41:47.754  8516  8516 E ViewConfiguration: 	at android.view.LayoutInflater.createView(LayoutInflater.java:852)
04-23 20:41:47.754  8516  8516 E ViewConfiguration: 	at android.view.LayoutInflater.createView(LayoutInflater.java:774)
04-23 20:41:47.754  8516  8516 E ViewConfiguration: 	at com.android.internal.policy.PhoneLayoutInflater.onCreateView(PhoneLayoutInflater.java:58)
04-23 20:41:47.754  8516  8516 E ViewConfiguration: 	at android.view.LayoutInflater.onCreateView(LayoutInflater.java:928)
04-23 20:41:47.754  8516  8516 E ViewConfiguration: 	at android.view.LayoutInflater.onCreateView(LayoutInflater.java:948)
04-23 20:41:47.754  8516  8516 E ViewConfiguration: 	at android.view.LayoutInflater.createViewFromTag(LayoutInflater.java:1002)
04-23 20:41:47.754  8516  8516 E ViewConfiguration: 	at android.view.LayoutInflater.createViewFromTag(LayoutInflater.java:959)
04-23 20:41:47.754  8516  8516 E ViewConfiguration: 	at android.view.LayoutInflater.rInflate(LayoutInflater.java:1121)
04-23 20:41:47.754  8516  8516 E ViewConfiguration: 	at android.view.LayoutInflater.rInflateChildren(LayoutInflater.java:1082)
04-23 20:41:47.754  8516  8516 E ViewConfiguration: 	at android.view.LayoutInflater.rInflate(LayoutInflater.java:1124)
04-23 20:41:47.754  8516  8516 E ViewConfiguration: 	at android.view.LayoutInflater.rInflateChildren(LayoutInflater.java:1082)
04-23 20:41:47.754  8516  8516 E ViewConfiguration: 	at android.view.LayoutInflater.inflate(LayoutInflater.java:680)
04-23 20:41:47.754  8516  8516 E ViewConfiguration: 	at android.view.LayoutInflater.inflate(LayoutInflater.java:532)
04-23 20:41:47.754  8516  8516 E ViewConfiguration: 	at android.view.LayoutInflater.inflate(LayoutInflater.java:479)
04-23 20:41:47.754  8516  8516 E ViewConfiguration: 	at com.android.documentsui.DragShadowBuilder.<init>(DragShadowBuilder.java:49)
04-23 20:41:47.754  8516  8516 E ViewConfiguration: 	at com.android.documentsui.DragAndDropManager$RuntimeDragAndDropManager.<init>(DragAndDropManager.java:195)
04-23 20:41:47.754  8516  8516 E ViewConfiguration: 	at com.android.documentsui.DragAndDropManager$RuntimeDragAndDropManager.<init>(DragAndDropManager.java:166)
04-23 20:41:47.754  8516  8516 E ViewConfiguration: 	at com.android.documentsui.DragAndDropManager.create(DragAndDropManager.java:163)
04-23 20:41:47.754  8516  8516 E ViewConfiguration: 	at com.android.documentsui.DocumentsApplication.onCreate(DocumentsApplication.java:145)
04-23 20:41:47.754  8516  8516 E ViewConfiguration: 	at android.app.Instrumentation.callApplicationOnCreate(Instrumentation.java:1192)
04-23 20:41:47.754  8516  8516 E ViewConfiguration: 	at android.app.ActivityThread.handleBindApplication(ActivityThread.java:6712)
04-23 20:41:47.754  8516  8516 E ViewConfiguration: 	at android.app.ActivityThread.access$1300(ActivityThread.java:237)
04-23 20:41:47.754  8516  8516 E ViewConfiguration: 	at android.app.ActivityThread$H.handleMessage(ActivityThread.java:1913)
04-23 20:41:47.754  8516  8516 E ViewConfiguration: 	at android.os.Handler.dispatchMessage(Handler.java:106)
04-23 20:41:47.754  8516  8516 E ViewConfiguration: 	at android.os.Looper.loop(Looper.java:223)
04-23 20:41:47.754  8516  8516 E ViewConfiguration: 	at android.app.ActivityThread.main(ActivityThread.java:7656)
04-23 20:41:47.754  8516  8516 E ViewConfiguration: 	at java.lang.reflect.Method.invoke(Native Method)
04-23 20:41:47.754  8516  8516 E ViewConfiguration: 	at com.android.internal.os.RuntimeInit$MethodAndArgsCaller.run(RuntimeInit.java:592)
04-23 20:41:47.754  8516  8516 E ViewConfiguration: 	at com.android.internal.os.ZygoteInit.main(ZygoteInit.java:947)
04-23 20:41:47.760  8539  8539 I externalstorag: The ClassLoaderContext is a special shared library.
04-23 20:41:47.789  1491  1905 I MediaProvider: Begin Intent { act=android.intent.action.PACKAGE_FULLY_REMOVED dat=package:co.touchlab.kampkit flg=0x5000010 cmp=com.android.providers.media.module/com.android.providers.media.MediaService (has extras) }
04-23 20:41:47.790  1491  1905 I MediaProvider: End Intent { act=android.intent.action.PACKAGE_FULLY_REMOVED dat=package:co.touchlab.kampkit flg=0x5000010 cmp=com.android.providers.media.module/com.android.providers.media.MediaService (has extras) }
04-23 20:41:48.541  8566  8568 I cmd     : oneway function results will be dropped but finished with status OK and parcel size 4
04-23 20:41:48.767     0     0 I init    : Untracked pid 8472 received signal 1
04-23 20:41:48.554  8571  8573 I cmd     : oneway function results will be dropped but finished with status OK and parcel size 4
04-23 20:41:48.566  8576  8578 I cmd     : oneway function results will be dropped but finished with status OK and parcel size 4
04-23 20:41:48.605  8587  8589 I cmd     : oneway function results will be dropped but finished with status OK and parcel size 4
04-23 20:41:48.687   508  8481 I ActivityManager: Killing 2042:com.android.dynsystem/1000 (adj 975): empty #17
04-23 20:41:48.689   508  5761 W ActivityTaskManager: Current config: {1.0 310mcc260mnc [en_US] ldltr sw320dp w320dp h616dp 160dpi nrml long port finger qwerty/v/v -nav/h winConfig={ mBounds=Rect(0, 0 - 320, 640) mAppBounds=Rect(0, 0 - 320, 640) mWindowingMode=fullscreen mDisplayWindowingMode=fullscreen mActivityType=undefined mAlwaysOnTop=undefined mRotation=ROTATION_0} s.8} unchanged for IME proc io.github.ylimit.droidbotapp
04-23 20:41:48.706   282   282 I Zygote  : Process 2042 exited due to signal 9 (Killed)
04-23 20:41:48.732   508   551 I libprocessgroup: Successfully killed process cgroup uid 1000 pid 2042 in 43ms
04-23 20:41:48.760  8618  8620 I cmd     : oneway function results will be dropped but finished with status OK and parcel size 4
04-23 20:41:48.796   394   394 W adbd    : timeout expired while flushing socket, closing
04-23 20:41:48.835  8628  8628 E libc    : Access denied finding property "persist.device_config.runtime_native_boot.profilebootclasspath"
04-23 20:41:48.835  8628  8628 E libc    : Access denied finding property "persist.device_config.runtime_native_boot.enable_apex_image"
04-23 20:41:48.835  8628  8628 I AndroidRuntime: Using default boot image
04-23 20:41:48.835  8628  8628 E libc    : Access denied finding property "persist.device_config.runtime_native_boot.disable_lock_profiling"
04-23 20:41:48.835  8628  8628 I AndroidRuntime: Leaving lock profiling enabled
04-23 20:41:48.835  8628  8628 E libc    : Access denied finding property "persist.device_config.runtime_native_boot.enable_generational_cc"
04-23 20:41:48.836  8628  8628 I app_process: Core platform API reporting enabled, enforcing=false
04-23 20:41:48.832  8628  8628 W app_process: type=1400 audit(0.0:762): avc: denied { read } for name="u:object_r:device_config_runtime_native_boot_prop:s0" dev="tmpfs" ino=8320 scontext=u:r:shell:s0 tcontext=u:object_r:device_config_runtime_native_boot_prop:s0 tclass=file permissive=0
04-23 20:41:48.876  8628  8628 W app_process: Unexpected CPU variant for X86 using defaults: x86_64
04-23 20:41:48.876  8628  8628 I app_process: The ClassLoaderContext is a special shared library.
04-23 20:41:48.883  8628  8628 W app_process: JNI RegisterNativeMethods: attempt to register 0 native methods for android.media.AudioAttributes
04-23 20:41:48.689   508  5761 I chatty  : uid=1000(system) Binder:508_15 identical 1 line
04-23 20:41:48.689   508  5761 W ActivityTaskManager: Current config: {1.0 310mcc260mnc [en_US] ldltr sw320dp w320dp h616dp 160dpi nrml long port finger qwerty/v/v -nav/h winConfig={ mBounds=Rect(0, 0 - 320, 640) mAppBounds=Rect(0, 0 - 320, 640) mWindowingMode=fullscreen mDisplayWindowingMode=fullscreen mActivityType=undefined mAlwaysOnTop=undefined mRotation=ROTATION_0} s.8} unchanged for IME proc io.github.ylimit.droidbotapp
04-23 20:41:48.899  2204  8641 W System.err: java.net.SocketException: Broken pipe
04-23 20:41:48.899  2204  8641 W System.err: 	at java.net.SocketOutputStream.socketWrite0(Native Method)
04-23 20:41:48.899  2204  8641 W System.err: 	at java.net.SocketOutputStream.socketWrite(SocketOutputStream.java:117)
04-23 20:41:48.899  2204  8641 W System.err: 	at java.net.SocketOutputStream.write(SocketOutputStream.java:149)
04-23 20:41:48.899  2204  8641 W System.err: 	at io.github.privacystreams.utils.PSDebugSocketServer$SocketSendThread.run(PSDebugSocketServer.java:119)
04-23 20:41:49.355  8645  8645 E libc    : Access denied finding property "persist.device_config.runtime_native_boot.profilebootclasspath"
04-23 20:41:49.357  8645  8645 E libc    : Access denied finding property "persist.device_config.runtime_native_boot.enable_apex_image"
04-23 20:41:49.357  8645  8645 I AndroidRuntime: Using default boot image
04-23 20:41:49.357  8645  8645 E libc    : Access denied finding property "persist.device_config.runtime_native_boot.disable_lock_profiling"
04-23 20:41:49.357  8645  8645 I AndroidRuntime: Leaving lock profiling enabled
04-23 20:41:49.358  8645  8645 E libc    : Access denied finding property "persist.device_config.runtime_native_boot.enable_generational_cc"
04-23 20:41:49.358  8645  8645 I app_process: Core platform API reporting enabled, enforcing=false
04-23 20:41:49.577     0     0 W audit   : audit_lost=553 audit_rate_limit=5 audit_backlog_limit=64
04-23 20:41:49.579     0     0 E audit   : rate limit exceeded
04-23 20:41:49.352  8645  8645 W app_process: type=1400 audit(0.0:766): avc: denied { read } for name="u:object_r:device_config_runtime_native_boot_prop:s0" dev="tmpfs" ino=8320 scontext=u:r:shell:s0 tcontext=u:object_r:device_config_runtime_native_boot_prop:s0 tclass=file permissive=0
04-23 20:41:49.398  8645  8645 W app_process: Unexpected CPU variant for X86 using defaults: x86_64
04-23 20:41:49.399  8645  8645 I app_process: The ClassLoaderContext is a special shared library.
04-23 20:41:49.405  8645  8645 W app_process: JNI RegisterNativeMethods: attempt to register 0 native methods for android.media.AudioAttributes
04-23 20:41:49.838  8664  8666 I cmd     : oneway function results will be dropped but finished with status OK and parcel size 4
04-23 20:41:49.842  2085  2085 I abb     : StartCommandInProcess(73657474696e67730067657400676c6f settings.get.glo [truncated])
04-23 20:41:49.843  2085  2432 I abb     : oneway function results will be dropped but finished with status OK and parcel size 4
04-23 20:41:49.840   508   508 W Binder:508_10: type=1400 audit(0.0:770): avc: denied { getopt } for scontext=u:r:system_server:s0 tcontext=u:r:shell:s0 tclass=unix_stream_socket permissive=0
04-23 20:41:49.854  2085  2085 I abb     : StartCommandInProcess(7061636b61676500696e7374616c6c00 package.install. [truncated])
04-23 20:41:49.858  8671  8675 I cmd     : oneway function results will be dropped but finished with status OK and parcel size 4
04-23 20:41:49.840   508   508 W Binder:508_10: type=1400 audit(0.0:772): avc: denied { getopt } for scontext=u:r:system_server:s0 tcontext=u:r:shell:s0 tclass=unix_stream_socket permissive=0
04-23 20:41:49.943   508   607 W RuleEvaluation: Integrity rule files are not available.
04-23 20:41:49.944   508   566 I PackageManager: Integrity check passed for file:///data/app/vmdl1175218907.tmp
04-23 20:41:49.947   508   566 I PackageManager: Permission ownership changed. Updating all permissions.
04-23 20:41:49.961   508   566 I AppsFilter: interaction: PackageSetting{1aecd8c io.github.ylimit.droidbotapp/10130} -> PackageSetting{df47472 co.touchlab.kampkit/10132} BLOCKED
04-23 20:41:49.888   508   508 W Binder:508_15: type=1400 audit(0.0:773): avc: denied { getopt } for scontext=u:r:system_server:s0 tcontext=u:r:shell:s0 tclass=unix_stream_socket permissive=0
04-23 20:41:49.967   422   582 E installd: Couldn't opendir /data/app/vmdl1175218907.tmp: No such file or directory
04-23 20:41:49.967   422   582 E installd: Failed to delete /data/app/vmdl1175218907.tmp: No such file or directory
04-23 20:41:49.968  2085  2432 I abb     : oneway function results will be dropped but finished with status OK and parcel size 4
04-23 20:41:49.964   508   508 W Binder:508_15: type=1400 audit(0.0:774): avc: denied { getopt } for scontext=u:r:system_server:s0 tcontext=u:r:shell:s0 tclass=unix_stream_socket permissive=0
