04-23 20:42:37.953  1491  1905 I MediaProvider: End Intent { act=android.intent.action.MEDIA_SCANNER_SCAN_FILE dat=file:///sdcard/screen_2026-04-23_204238.png flg=0x1400010 cmp=com.android.providers.media.module/com.android.providers.media.MediaService }
04-23 20:42:37.959  8516  8516 I ProvidersCache: Updating roots due to change on user 0at content://com.android.providers.media.documents/root
04-23 20:42:37.932  1491  1491 W com.android.providers.media.module: type=1400 audit(0.0:1159): avc: denied { read } for comm=4173796E635461736B202331 name="primary" dev="tmpfs" ino=28604 scontext=u:r:mediaprovider_app:s0:c129,c256,c512,c768 tcontext=u:object_r:mnt_pass_through_file:s0 tclass=lnk_file permissive=0 app=com.android.providers.media.module
04-23 20:42:38.023  1491  2541 I MediaProvider: Deleted 1 items on external_primary due to com.android.shell
04-23 20:42:38.050 11904 11906 I cmd     : oneway function results will be dropped but finished with status OK and parcel size 4
04-23 20:42:38.174   160   160 I hwservicemanager: getTransport: Cannot find entry android.hardware.graphics.mapper@4.0::IMapper/default in either framework or device manifest.
04-23 20:42:38.175 11926 11926 I Gralloc4: mapper 4.x is not supported
04-23 20:42:38.218  1491  1905 I MediaProvider: Begin Intent { act=android.intent.action.MEDIA_SCANNER_SCAN_FILE dat=file:///sdcard/screen_2026-04-23_204239.png flg=0x1400010 cmp=com.android.providers.media.module/com.android.providers.media.MediaService }
04-23 20:42:38.219  1491  1905 W ModernMediaScanner: Failed to visit /sdcard/screen_2026-04-23_204239.png: java.nio.file.AccessDeniedException: /sdcard/screen_2026-04-23_204239.png
04-23 20:42:38.223  1491  1905 I MediaProvider: Scanned internal due to REASON_DEMAND, found 0 items in 5ms, 0 inserts 0 updates 0 deletes
04-23 20:42:38.224  1491  1905 I MediaProvider: End Intent { act=android.intent.action.MEDIA_SCANNER_SCAN_FILE dat=file:///sdcard/screen_2026-04-23_204239.png flg=0x1400010 cmp=com.android.providers.media.module/com.android.providers.media.MediaService }
04-23 20:42:38.282  1491  1612 I MediaProvider: Deleted 1 items on external_primary due to com.android.shell
04-23 20:42:38.309 11943 11945 I cmd     : oneway function results will be dropped but finished with status OK and parcel size 4
04-23 20:42:38.428   160   160 I hwservicemanager: getTransport: Cannot find entry android.hardware.graphics.mapper@4.0::IMapper/default in either framework or device manifest.
04-23 20:42:38.428 11965 11965 I Gralloc4: mapper 4.x is not supported
04-23 20:42:38.465 11969 11971 I cmd     : oneway function results will be dropped but finished with status OK and parcel size 4
04-23 20:42:38.466  1491  1905 I MediaProvider: Begin Intent { act=android.intent.action.MEDIA_SCANNER_SCAN_FILE dat=file:///sdcard/screen_2026-04-23_204239.png flg=0x1400010 cmp=com.android.providers.media.module/com.android.providers.media.MediaService }
04-23 20:42:38.466  1491  1905 W ModernMediaScanner: Failed to visit /sdcard/screen_2026-04-23_204239.png: java.nio.file.AccessDeniedException: /sdcard/screen_2026-04-23_204239.png
04-23 20:42:38.467  1491  1905 I MediaProvider: Scanned internal due to REASON_DEMAND, found 0 items in 1ms, 0 inserts 0 updates 0 deletes
04-23 20:42:38.470  1491  1905 I MediaProvider: End Intent { act=android.intent.action.MEDIA_SCANNER_SCAN_FILE dat=file:///sdcard/screen_2026-04-23_204239.png flg=0x1400010 cmp=com.android.providers.media.module/com.android.providers.media.MediaService }
04-23 20:42:38.487  1491  1612 I MediaProvider: Deleted 1 items on external_primary due to com.android.shell
04-23 20:42:38.513 11980 11982 I cmd     : oneway function results will be dropped but finished with status OK and parcel size 4
04-23 20:42:38.562 11995 11997 I cmd     : oneway function results will be dropped but finished with status OK and parcel size 4
04-23 20:42:38.610 12010 12012 I cmd     : oneway function results will be dropped but finished with status OK and parcel size 4
04-23 20:42:38.658 12025 12027 I cmd     : oneway function results will be dropped but finished with status OK and parcel size 4
04-23 20:42:38.735 12037 12037 E libc    : Access denied finding property "persist.device_config.runtime_native_boot.profilebootclasspath"
04-23 20:42:38.735 12037 12037 E libc    : Access denied finding property "persist.device_config.runtime_native_boot.enable_apex_image"
04-23 20:42:38.735 12037 12037 I AndroidRuntime: Using default boot image
04-23 20:42:38.735 12037 12037 E libc    : Access denied finding property "persist.device_config.runtime_native_boot.disable_lock_profiling"
04-23 20:42:38.735 12037 12037 I AndroidRuntime: Leaving lock profiling enabled
04-23 20:42:38.735 12037 12037 E libc    : Access denied finding property "persist.device_config.runtime_native_boot.enable_generational_cc"
04-23 20:42:38.736 12037 12037 I app_process: Core platform API reporting enabled, enforcing=false
04-23 20:42:38.774 12037 12037 W app_process: Unexpected CPU variant for X86 using defaults: x86_64
04-23 20:42:38.775 12037 12037 I app_process: The ClassLoaderContext is a special shared library.
04-23 20:42:38.781 12037 12037 W app_process: JNI RegisterNativeMethods: attempt to register 0 native methods for android.media.AudioAttributes
04-23 20:42:39.292  8881  8881 I DatabaseHelper: Breed 7: Favorited true
04-23 20:42:39.993  8516  8516 I ProvidersCache: Updating roots due to change on user 0at content://com.android.providers.media.documents/root
04-23 20:42:40.440  8516  8516 I chatty  : uid=10076(com.android.documentsui) identical 4 lines
04-23 20:42:40.530  8516  8516 I ProvidersCache: Updating roots due to change on user 0at content://com.android.providers.media.documents/root
04-23 20:42:40.797   160   160 I hwservicemanager: getTransport: Cannot find entry android.hardware.graphics.mapper@4.0::IMapper/default in either framework or device manifest.
04-23 20:42:40.797 12070 12070 I Gralloc4: mapper 4.x is not supported
04-23 20:42:40.834 12074 12076 I cmd     : oneway function results will be dropped but finished with status OK and parcel size 4
04-23 20:42:40.835  1491  1905 I MediaProvider: Begin Intent { act=android.intent.action.MEDIA_SCANNER_SCAN_FILE dat=file:///sdcard/screen_2026-04-23_204241.png flg=0x1400010 cmp=com.android.providers.media.module/com.android.providers.media.MediaService }
04-23 20:42:40.832  1491  1491 W com.android.providers.media.module: type=1400 audit(0.0:1179): avc: denied { read } for comm=4173796E635461736B202331 name="primary" dev="tmpfs" ino=28604 scontext=u:r:mediaprovider_app:s0:c129,c256,c512,c768 tcontext=u:object_r:mnt_pass_through_file:s0 tclass=lnk_file permissive=0 app=com.android.providers.media.module
04-23 20:42:41.070     0     0 W audit   : audit_lost=860 audit_rate_limit=5 audit_backlog_limit=64
04-23 20:42:41.076     0     0 E audit   : rate limit exceeded
04-23 20:42:40.832  1491  1491 I chatty  : uid=10129(com.android.providers.media.module) identical 1 line
04-23 20:42:40.840  1491  1491 W com.android.providers.media.module: type=1400 audit(0.0:1181): avc: denied { read } for comm=4173796E635461736B202331 name="primary" dev="tmpfs" ino=28604 scontext=u:r:mediaprovider_app:s0:c129,c256,c512,c768 tcontext=u:object_r:mnt_pass_through_file:s0 tclass=lnk_file permissive=0 app=com.android.providers.media.module
04-23 20:42:40.865  1491  1905 W ModernMediaScanner: Failed to visit /sdcard/screen_2026-04-23_204241.png: java.nio.file.AccessDeniedException: /sdcard/screen_2026-04-23_204241.png
04-23 20:42:40.865  1491  1905 I MediaProvider: Scanned internal due to REASON_DEMAND, found 0 items in 23ms, 0 inserts 0 updates 0 deletes
04-23 20:42:40.866  1491  1905 I MediaProvider: End Intent { act=android.intent.action.MEDIA_SCANNER_SCAN_FILE dat=file:///sdcard/screen_2026-04-23_204241.png flg=0x1400010 cmp=com.android.providers.media.module/com.android.providers.media.MediaService }
04-23 20:42:40.840  1491  1491 W com.android.providers.media.module: type=1400 audit(0.0:1182): avc: denied { read } for comm=4173796E635461736B202331 name="primary" dev="tmpfs" ino=28604 scontext=u:r:mediaprovider_app:s0:c129,c256,c512,c768 tcontext=u:object_r:mnt_pass_through_file:s0 tclass=lnk_file permissive=0 app=com.android.providers.media.module
04-23 20:42:40.923  1491  2541 I MediaProvider: Deleted 1 items on external_primary due to com.android.shell
04-23 20:42:40.950 12085 12087 I cmd     : oneway function results will be dropped but finished with status OK and parcel size 4
04-23 20:42:41.064   160   160 I hwservicemanager: getTransport: Cannot find entry android.hardware.graphics.mapper@4.0::IMapper/default in either framework or device manifest.
04-23 20:42:41.064 12107 12107 I Gralloc4: mapper 4.x is not supported
04-23 20:42:41.098  1491  1905 I MediaProvider: Begin Intent { act=android.intent.action.MEDIA_SCANNER_SCAN_FILE dat=file:///sdcard/screen_2026-04-23_204241.png flg=0x1400010 cmp=com.android.providers.media.module/com.android.providers.media.MediaService }
04-23 20:42:41.099  1491  1905 W ModernMediaScanner: Failed to visit /sdcard/screen_2026-04-23_204241.png: java.nio.file.AccessDeniedException: /sdcard/screen_2026-04-23_204241.png
04-23 20:42:41.099  1491  1905 I MediaProvider: Scanned internal due to REASON_DEMAND, found 0 items in 1ms, 0 inserts 0 updates 0 deletes
04-23 20:42:41.100  1491  1905 I MediaProvider: End Intent { act=android.intent.action.MEDIA_SCANNER_SCAN_FILE dat=file:///sdcard/screen_2026-04-23_204241.png flg=0x1400010 cmp=com.android.providers.media.module/com.android.providers.media.MediaService }
04-23 20:42:41.120  1491  1613 I MediaProvider: Deleted 1 items on external_primary due to com.android.shell
04-23 20:42:41.147 12123 12125 I cmd     : oneway function results will be dropped but finished with status OK and parcel size 4
04-23 20:42:41.262   160   160 I hwservicemanager: getTransport: Cannot find entry android.hardware.graphics.mapper@4.0::IMapper/default in either framework or device manifest.
04-23 20:42:41.262 12145 12145 I Gralloc4: mapper 4.x is not supported
04-23 20:42:41.307 12151 12153 I cmd     : oneway function results will be dropped but finished with status OK and parcel size 4
04-23 20:42:41.308  1491  1905 I MediaProvider: Begin Intent { act=android.intent.action.MEDIA_SCANNER_SCAN_FILE dat=file:///sdcard/screen_2026-04-23_204242.png flg=0x1400010 cmp=com.android.providers.media.module/com.android.providers.media.MediaService }
04-23 20:42:41.309  1491  1905 W ModernMediaScanner: Failed to visit /sdcard/screen_2026-04-23_204242.png: java.nio.file.AccessDeniedException: /sdcard/screen_2026-04-23_204242.png
04-23 20:42:41.309  1491  1905 I MediaProvider: Scanned internal due to REASON_DEMAND, found 0 items in 1ms, 0 inserts 0 updates 0 deletes
04-23 20:42:41.310  1491  1905 I MediaProvider: End Intent { act=android.intent.action.MEDIA_SCANNER_SCAN_FILE dat=file:///sdcard/screen_2026-04-23_204242.png flg=0x1400010 cmp=com.android.providers.media.module/com.android.providers.media.MediaService }
04-23 20:42:41.329  1491  1612 I MediaProvider: Deleted 1 items on external_primary due to com.android.shell
04-23 20:42:41.356 12162 12164 I cmd     : oneway function results will be dropped but finished with status OK and parcel size 4
04-23 20:42:41.408 12177 12179 I cmd     : oneway function results will be dropped but finished with status OK and parcel size 4
04-23 20:42:41.454 12192 12194 I cmd     : oneway function results will be dropped but finished with status OK and parcel size 4
04-23 20:42:41.501 12207 12209 I cmd     : oneway function results will be dropped but finished with status OK and parcel size 4
04-23 20:42:41.578 12219 12219 E libc    : Access denied finding property "persist.device_config.runtime_native_boot.profilebootclasspath"
04-23 20:42:41.578 12219 12219 E libc    : Access denied finding property "persist.device_config.runtime_native_boot.enable_apex_image"
04-23 20:42:41.578 12219 12219 I AndroidRuntime: Using default boot image
04-23 20:42:41.578 12219 12219 E libc    : Access denied finding property "persist.device_config.runtime_native_boot.disable_lock_profiling"
04-23 20:42:41.578 12219 12219 I AndroidRuntime: Leaving lock profiling enabled
04-23 20:42:41.578 12219 12219 E libc    : Access denied finding property "persist.device_config.runtime_native_boot.enable_generational_cc"
04-23 20:42:41.580 12219 12219 I app_process: Core platform API reporting enabled, enforcing=false
04-23 20:42:41.619 12219 12219 W app_process: Unexpected CPU variant for X86 using defaults: x86_64
04-23 20:42:41.620 12219 12219 I app_process: The ClassLoaderContext is a special shared library.
04-23 20:42:41.626 12219 12219 W app_process: JNI RegisterNativeMethods: attempt to register 0 native methods for android.media.AudioAttributes
04-23 20:42:42.142  8881  8881 I DatabaseHelper: Breed 7: Favorited false
04-23 20:42:42.552  8516  8516 I ProvidersCache: Updating roots due to change on user 0at content://com.android.providers.media.documents/root
04-23 20:42:43.002  8516  8516 I chatty  : uid=10076(com.android.documentsui) identical 4 lines
04-23 20:42:43.031  8516  8516 I ProvidersCache: Updating roots due to change on user 0at content://com.android.providers.media.documents/root
04-23 20:42:43.648   160   160 I hwservicemanager: getTransport: Cannot find entry android.hardware.graphics.mapper@4.0::IMapper/default in either framework or device manifest.
04-23 20:42:43.648 12252 12252 I Gralloc4: mapper 4.x is not supported
04-23 20:42:43.686 12256 12258 I cmd     : oneway function results will be dropped but finished with status OK and parcel size 4
04-23 20:42:43.687  1491  1905 I MediaProvider: Begin Intent { act=android.intent.action.MEDIA_SCANNER_SCAN_FILE dat=file:///sdcard/screen_2026-04-23_204244.png flg=0x1400010 cmp=com.android.providers.media.module/com.android.providers.media.MediaService }
04-23 20:42:43.684  1491  1491 W com.android.providers.media.module: type=1400 audit(0.0:1201): avc: denied { read } for comm=4173796E635461736B202331 name="primary" dev="tmpfs" ino=28604 scontext=u:r:mediaprovider_app:s0:c129,c256,c512,c768 tcontext=u:object_r:mnt_pass_through_file:s0 tclass=lnk_file permissive=0 app=com.android.providers.media.module
04-23 20:42:43.913     0     0 W audit   : audit_lost=877 audit_rate_limit=5 audit_backlog_limit=64
04-23 20:42:43.919     0     0 E audit   : rate limit exceeded
04-23 20:42:43.684  1491  1491 W com.android.providers.media.module: type=1400 audit(0.0:1202): avc: denied { read } for comm=4173796E635461736B202331 name="primary" dev="tmpfs" ino=28604 scontext=u:r:mediaprovider_app:s0:c129,c256,c512,c768 tcontext=u:object_r:mnt_pass_through_file:s0 tclass=lnk_file permissive=0 app=com.android.providers.media.module
04-23 20:42:43.706  1491  1905 W ModernMediaScanner: Failed to visit /sdcard/screen_2026-04-23_204244.png: java.nio.file.AccessDeniedException: /sdcard/screen_2026-04-23_204244.png
04-23 20:42:43.707  1491  1905 I MediaProvider: Scanned internal due to REASON_DEMAND, found 0 items in 15ms, 0 inserts 0 updates 0 deletes
04-23 20:42:43.707  1491  1905 I MediaProvider: End Intent { act=android.intent.action.MEDIA_SCANNER_SCAN_FILE dat=file:///sdcard/screen_2026-04-23_204244.png flg=0x1400010 cmp=com.android.providers.media.module/com.android.providers.media.MediaService }
04-23 20:42:43.684  1491  1491 W com.android.providers.media.module: type=1400 audit(0.0:1203): avc: denied { read } for comm=4173796E635461736B202331 name="primary" dev="tmpfs" ino=28604 scontext=u:r:mediaprovider_app:s0:c129,c256,c512,c768 tcontext=u:object_r:mnt_pass_through_file:s0 tclass=lnk_file permissive=0 app=com.android.providers.media.module
04-23 20:42:43.729  1491  2541 I MediaProvider: Deleted 1 items on external_primary due to com.android.shell
04-23 20:42:43.756 12267 12269 I cmd     : oneway function results will be dropped but finished with status OK and parcel size 4
04-23 20:42:43.873   160   160 I hwservicemanager: getTransport: Cannot find entry android.hardware.graphics.mapper@4.0::IMapper/default in either framework or device manifest.
04-23 20:42:43.873 12289 12289 I Gralloc4: mapper 4.x is not supported
04-23 20:42:43.908 12293 12295 I cmd     : oneway function results will be dropped but finished with status OK and parcel size 4
04-23 20:42:43.909  1491  1905 I MediaProvider: Begin Intent { act=android.intent.action.MEDIA_SCANNER_SCAN_FILE dat=file:///sdcard/screen_2026-04-23_204244.png flg=0x1400010 cmp=com.android.providers.media.module/com.android.providers.media.MediaService }
04-23 20:42:43.910  1491  1905 W ModernMediaScanner: Failed to visit /sdcard/screen_2026-04-23_204244.png: java.nio.file.AccessDeniedException: /sdcard/screen_2026-04-23_204244.png
04-23 20:42:43.912  1491  1905 I MediaProvider: Scanned internal due to REASON_DEMAND, found 0 items in 2ms, 0 inserts 0 updates 0 deletes
04-23 20:42:43.913  1491  1905 I MediaProvider: End Intent { act=android.intent.action.MEDIA_SCANNER_SCAN_FILE dat=file:///sdcard/screen_2026-04-23_204244.png flg=0x1400010 cmp=com.android.providers.media.module/com.android.providers.media.MediaService }
04-23 20:42:43.931  1491  1612 I MediaProvider: Deleted 1 items on external_primary due to com.android.shell
04-23 20:42:43.958 12304 12306 I cmd     : oneway function results will be dropped but finished with status OK and parcel size 4
04-23 20:42:44.073   160   160 I hwservicemanager: getTransport: Cannot find entry android.hardware.graphics.mapper@4.0::IMapper/default in either framework or device manifest.
04-23 20:42:44.073 12326 12326 I Gralloc4: mapper 4.x is not supported
04-23 20:42:44.109  1491  1905 I MediaProvider: Begin Intent { act=android.intent.action.MEDIA_SCANNER_SCAN_FILE dat=file:///sdcard/screen_2026-04-23_204244.png flg=0x1400010 cmp=com.android.providers.media.module/com.android.providers.media.MediaService }
04-23 20:42:44.110  1491  1905 W ModernMediaScanner: Failed to visit /sdcard/screen_2026-04-23_204244.png: java.nio.file.AccessDeniedException: /sdcard/screen_2026-04-23_204244.png
04-23 20:42:44.111  1491  1905 I MediaProvider: Scanned internal due to REASON_DEMAND, found 0 items in 2ms, 0 inserts 0 updates 0 deletes
04-23 20:42:44.112  1491  1905 I MediaProvider: End Intent { act=android.intent.action.MEDIA_SCANNER_SCAN_FILE dat=file:///sdcard/screen_2026-04-23_204244.png flg=0x1400010 cmp=com.android.providers.media.module/com.android.providers.media.MediaService }
04-23 20:42:44.129  1491  1613 I MediaProvider: Deleted 1 items on external_primary due to com.android.shell
04-23 20:42:44.155 12341 12343 I cmd     : oneway function results will be dropped but finished with status OK and parcel size 4
04-23 20:42:44.203 12356 12358 I cmd     : oneway function results will be dropped but finished with status OK and parcel size 4
04-23 20:42:44.250 12371 12373 I cmd     : oneway function results will be dropped but finished with status OK and parcel size 4
04-23 20:42:44.299 12386 12388 I cmd     : oneway function results will be dropped but finished with status OK and parcel size 4
04-23 20:42:44.383 12398 12398 E libc    : Access denied finding property "persist.device_config.runtime_native_boot.profilebootclasspath"
04-23 20:42:44.383 12398 12398 E libc    : Access denied finding property "persist.device_config.runtime_native_boot.enable_apex_image"
04-23 20:42:44.384 12398 12398 I AndroidRuntime: Using default boot image
04-23 20:42:44.384 12398 12398 E libc    : Access denied finding property "persist.device_config.runtime_native_boot.disable_lock_profiling"
04-23 20:42:44.384 12398 12398 I AndroidRuntime: Leaving lock profiling enabled
04-23 20:42:44.384 12398 12398 E libc    : Access denied finding property "persist.device_config.runtime_native_boot.enable_generational_cc"
04-23 20:42:44.385 12398 12398 I app_process: Core platform API reporting enabled, enforcing=false
04-23 20:42:44.427 12398 12398 W app_process: Unexpected CPU variant for X86 using defaults: x86_64
04-23 20:42:44.428 12398 12398 I app_process: The ClassLoaderContext is a special shared library.
04-23 20:42:44.434 12398 12398 W app_process: JNI RegisterNativeMethods: attempt to register 0 native methods for android.media.AudioAttributes
04-23 20:42:44.943  8881  8881 I DatabaseHelper: Breed 7: Favorited true
04-23 20:42:45.088  8516  8516 I ProvidersCache: Updating roots due to change on user 0at content://com.android.providers.media.documents/root
04-23 20:42:45.530  8516  8516 I chatty  : uid=10076(com.android.documentsui) identical 4 lines
04-23 20:42:45.619  8516  8516 I ProvidersCache: Updating roots due to change on user 0at content://com.android.providers.media.documents/root
04-23 20:42:46.457   160   160 I hwservicemanager: getTransport: Cannot find entry android.hardware.graphics.mapper@4.0::IMapper/default in either framework or device manifest.
04-23 20:42:46.458 12431 12431 I Gralloc4: mapper 4.x is not supported
04-23 20:42:46.494 12437 12439 I cmd     : oneway function results will be dropped but finished with status OK and parcel size 4
04-23 20:42:46.717     0     0 W audit   : audit_lost=894 audit_rate_limit=5 audit_backlog_limit=64
04-23 20:42:46.719     0     0 E audit   : rate limit exceeded
04-23 20:42:46.495  1491  1905 I MediaProvider: Begin Intent { act=android.intent.action.MEDIA_SCANNER_SCAN_FILE dat=file:///sdcard/screen_2026-04-23_204247.png flg=0x1400010 cmp=com.android.providers.media.module/com.android.providers.media.MediaService }
04-23 20:42:46.492  1491  1491 W com.android.providers.media.module: type=1400 audit(0.0:1223): avc: denied { read } for comm=4173796E635461736B202331 name="primary" dev="tmpfs" ino=28604 scontext=u:r:mediaprovider_app:s0:c129,c256,c512,c768 tcontext=u:object_r:mnt_pass_through_file:s0 tclass=lnk_file permissive=0 app=com.android.providers.media.module
04-23 20:42:46.507  1491  1905 W ModernMediaScanner: Failed to visit /sdcard/screen_2026-04-23_204247.png: java.nio.file.AccessDeniedException: /sdcard/screen_2026-04-23_204247.png
04-23 20:42:46.508  1491  1905 I MediaProvider: Scanned internal due to REASON_DEMAND, found 0 items in 13ms, 0 inserts 0 updates 0 deletes
04-23 20:42:46.509  1491  1905 I MediaProvider: End Intent { act=android.intent.action.MEDIA_SCANNER_SCAN_FILE dat=file:///sdcard/screen_2026-04-23_204247.png flg=0x1400010 cmp=com.android.providers.media.module/com.android.providers.media.MediaService }
04-23 20:42:46.492  1491  1491 W com.android.providers.media.module: type=1400 audit(0.0:1224): avc: denied { read } for comm=4173796E635461736B202331 name="primary" dev="tmpfs" ino=28604 scontext=u:r:mediaprovider_app:s0:c129,c256,c512,c768 tcontext=u:object_r:mnt_pass_through_file:s0 tclass=lnk_file permissive=0 app=com.android.providers.media.module
04-23 20:42:46.569  1491  2541 I MediaProvider: Deleted 1 items on external_primary due to com.android.shell
04-23 20:42:46.596 12449 12451 I cmd     : oneway function results will be dropped but finished with status OK and parcel size 4
04-23 20:42:46.712   160   160 I hwservicemanager: getTransport: Cannot find entry android.hardware.graphics.mapper@4.0::IMapper/default in either framework or device manifest.
04-23 20:42:46.712 12471 12471 I Gralloc4: mapper 4.x is not supported
04-23 20:42:46.749  1491  1905 I MediaProvider: Begin Intent { act=android.intent.action.MEDIA_SCANNER_SCAN_FILE dat=file:///sdcard/screen_2026-04-23_204247.png flg=0x1400010 cmp=com.android.providers.media.module/com.android.providers.media.MediaService }
04-23 20:42:46.750  1491  1905 W ModernMediaScanner: Failed to visit /sdcard/screen_2026-04-23_204247.png: java.nio.file.AccessDeniedException: /sdcard/screen_2026-04-23_204247.png
04-23 20:42:46.753  1491  1905 I MediaProvider: Scanned internal due to REASON_DEMAND, found 0 items in 1ms, 0 inserts 0 updates 0 deletes
04-23 20:42:46.753  1491  1905 I MediaProvider: End Intent { act=android.intent.action.MEDIA_SCANNER_SCAN_FILE dat=file:///sdcard/screen_2026-04-23_204247.png flg=0x1400010 cmp=com.android.providers.media.module/com.android.providers.media.MediaService }
04-23 20:42:46.773  1491  1612 I MediaProvider: Deleted 1 items on external_primary due to com.android.shell
04-23 20:42:46.915   160   160 I hwservicemanager: getTransport: Cannot find entry android.hardware.graphics.mapper@4.0::IMapper/default in either framework or device manifest.
04-23 20:42:46.915 12508 12508 I Gralloc4: mapper 4.x is not supported
04-23 20:42:46.951  1491  1905 I MediaProvider: Begin Intent { act=android.intent.action.MEDIA_SCANNER_SCAN_FILE dat=file:///sdcard/screen_2026-04-23_204247.png flg=0x1400010 cmp=com.android.providers.media.module/com.android.providers.media.MediaService }
04-23 20:42:46.952  1491  1905 W ModernMediaScanner: Failed to visit /sdcard/screen_2026-04-23_204247.png: java.nio.file.AccessDeniedException: /sdcard/screen_2026-04-23_204247.png
04-23 20:42:46.954  1491  1905 I MediaProvider: Scanned internal due to REASON_DEMAND, found 0 items in 3ms, 0 inserts 0 updates 0 deletes
04-23 20:42:46.955  1491  1905 I MediaProvider: End Intent { act=android.intent.action.MEDIA_SCANNER_SCAN_FILE dat=file:///sdcard/screen_2026-04-23_204247.png flg=0x1400010 cmp=com.android.providers.media.module/com.android.providers.media.MediaService }
04-23 20:42:47.012  1491  1613 I MediaProvider: Deleted 1 items on external_primary due to com.android.shell
04-23 20:42:47.088 12538 12540 I cmd     : oneway function results will be dropped but finished with status OK and parcel size 4
04-23 20:42:47.135 12553 12555 I cmd     : oneway function results will be dropped but finished with status OK and parcel size 4
04-23 20:42:47.183 12568 12570 I cmd     : oneway function results will be dropped but finished with status OK and parcel size 4
04-23 20:42:47.261 12580 12580 E libc    : Access denied finding property "persist.device_config.runtime_native_boot.profilebootclasspath"
04-23 20:42:47.261 12580 12580 E libc    : Access denied finding property "persist.device_config.runtime_native_boot.enable_apex_image"
04-23 20:42:47.261 12580 12580 I AndroidRuntime: Using default boot image
04-23 20:42:47.261 12580 12580 E libc    : Access denied finding property "persist.device_config.runtime_native_boot.disable_lock_profiling"
04-23 20:42:47.261 12580 12580 I AndroidRuntime: Leaving lock profiling enabled
04-23 20:42:47.261 12580 12580 E libc    : Access denied finding property "persist.device_config.runtime_native_boot.enable_generational_cc"
04-23 20:42:47.262 12580 12580 I app_process: Core platform API reporting enabled, enforcing=false
04-23 20:42:47.301 12580 12580 W app_process: Unexpected CPU variant for X86 using defaults: x86_64
04-23 20:42:47.302 12580 12580 I app_process: The ClassLoaderContext is a special shared library.
04-23 20:42:47.308 12580 12580 W app_process: JNI RegisterNativeMethods: attempt to register 0 native methods for android.media.AudioAttributes
04-23 20:42:47.526  8881  8881 I DatabaseHelper: Breed 1: Favorited true
04-23 20:42:47.932  8516  8516 I ProvidersCache: Updating roots due to change on user 0at content://com.android.providers.media.documents/root
04-23 20:42:48.326  8516  8516 I chatty  : uid=10076(com.android.documentsui) identical 3 lines
04-23 20:42:48.530  8516  8516 I ProvidersCache: Updating roots due to change on user 0at content://com.android.providers.media.documents/root
04-23 20:42:49.040   160   160 I hwservicemanager: getTransport: Cannot find entry android.hardware.graphics.mapper@4.0::IMapper/default in either framework or device manifest.
04-23 20:42:49.040 12613 12613 I Gralloc4: mapper 4.x is not supported
04-23 20:42:49.078 12617 12619 I cmd     : oneway function results will be dropped but finished with status OK and parcel size 4
04-23 20:42:49.079  1491  1905 I MediaProvider: Begin Intent { act=android.intent.action.MEDIA_SCANNER_SCAN_FILE dat=file:///sdcard/screen_2026-04-23_204249.png flg=0x1400010 cmp=com.android.providers.media.module/com.android.providers.media.MediaService }
04-23 20:42:49.301     0     0 W audit   : audit_lost=911 audit_rate_limit=5 audit_backlog_limit=64
04-23 20:42:49.303     0     0 E audit   : rate limit exceeded
04-23 20:42:49.084  1491  1905 W ModernMediaScanner: Failed to visit /sdcard/screen_2026-04-23_204249.png: java.nio.file.AccessDeniedException: /sdcard/screen_2026-04-23_204249.png
04-23 20:42:49.084  1491  1905 I MediaProvider: Scanned internal due to REASON_DEMAND, found 0 items in 5ms, 0 inserts 0 updates 0 deletes
04-23 20:42:49.085  1491  1905 I MediaProvider: End Intent { act=android.intent.action.MEDIA_SCANNER_SCAN_FILE dat=file:///sdcard/screen_2026-04-23_204249.png flg=0x1400010 cmp=com.android.providers.media.module/com.android.providers.media.MediaService }
04-23 20:42:49.076  1491  1491 W com.android.providers.media.module: type=1400 audit(0.0:1245): avc: denied { read } for comm=4173796E635461736B202331 name="primary" dev="tmpfs" ino=28604 scontext=u:r:mediaprovider_app:s0:c129,c256,c512,c768 tcontext=u:object_r:mnt_pass_through_file:s0 tclass=lnk_file permissive=0 app=com.android.providers.media.module
04-23 20:42:49.150  1491  2541 I MediaProvider: Deleted 1 items on external_primary due to com.android.shell
04-23 20:42:49.178 12628 12630 I cmd     : oneway function results will be dropped but finished with status OK and parcel size 4
04-23 20:42:49.298   160   160 I hwservicemanager: getTransport: Cannot find entry android.hardware.graphics.mapper@4.0::IMapper/default in either framework or device manifest.
04-23 20:42:49.298 12650 12650 I Gralloc4: mapper 4.x is not supported
04-23 20:42:49.335  1491  1905 I MediaProvider: Begin Intent { act=android.intent.action.MEDIA_SCANNER_SCAN_FILE dat=file:///sdcard/screen_2026-04-23_204250.png flg=0x1400010 cmp=com.android.providers.media.module/com.android.providers.media.MediaService }
04-23 20:42:49.336  1491  1905 W ModernMediaScanner: Failed to visit /sdcard/screen_2026-04-23_204250.png: java.nio.file.AccessDeniedException: /sdcard/screen_2026-04-23_204250.png
04-23 20:42:49.341  1491  1905 I MediaProvider: Scanned internal due to REASON_DEMAND, found 0 items in 5ms, 0 inserts 0 updates 0 deletes
04-23 20:42:49.342  1491  1905 I MediaProvider: End Intent { act=android.intent.action.MEDIA_SCANNER_SCAN_FILE dat=file:///sdcard/screen_2026-04-23_204250.png flg=0x1400010 cmp=com.android.providers.media.module/com.android.providers.media.MediaService }
04-23 20:42:49.357  1491  1612 I MediaProvider: Deleted 1 items on external_primary due to com.android.shell
04-23 20:42:49.384 12665 12667 I cmd     : oneway function results will be dropped but finished with status OK and parcel size 4
04-23 20:42:49.499   160   160 I hwservicemanager: getTransport: Cannot find entry android.hardware.graphics.mapper@4.0::IMapper/default in either framework or device manifest.
04-23 20:42:49.499 12687 12687 I Gralloc4: mapper 4.x is not supported
04-23 20:42:49.544 12693 12695 I cmd     : oneway function results will be dropped but finished with status OK and parcel size 4
04-23 20:42:49.545  1491  1905 I MediaProvider: Begin Intent { act=android.intent.action.MEDIA_SCANNER_SCAN_FILE dat=file:///sdcard/screen_2026-04-23_204250.png flg=0x1400010 cmp=com.android.providers.media.module/com.android.providers.media.MediaService }
04-23 20:42:49.546  1491  1905 W ModernMediaScanner: Failed to visit /sdcard/screen_2026-04-23_204250.png: java.nio.file.AccessDeniedException: /sdcard/screen_2026-04-23_204250.png
04-23 20:42:49.546  1491  1905 I MediaProvider: Scanned internal due to REASON_DEMAND, found 0 items in 1ms, 0 inserts 0 updates 0 deletes
04-23 20:42:49.547  1491  1905 I MediaProvider: End Intent { act=android.intent.action.MEDIA_SCANNER_SCAN_FILE dat=file:///sdcard/screen_2026-04-23_204250.png flg=0x1400010 cmp=com.android.providers.media.module/com.android.providers.media.MediaService }
04-23 20:42:49.565  1491  1613 I MediaProvider: Deleted 1 items on external_primary due to com.android.shell
04-23 20:42:49.591 12704 12706 I cmd     : oneway function results will be dropped but finished with status OK and parcel size 4
04-23 20:42:49.638 12719 12721 I cmd     : oneway function results will be dropped but finished with status OK and parcel size 4
04-23 20:42:49.686 12734 12736 I cmd     : oneway function results will be dropped but finished with status OK and parcel size 4
04-23 20:42:49.810 12761 12761 E libc    : Access denied finding property "persist.device_config.runtime_native_boot.profilebootclasspath"
04-23 20:42:49.810 12761 12761 E libc    : Access denied finding property "persist.device_config.runtime_native_boot.enable_apex_image"
04-23 20:42:49.810 12761 12761 I AndroidRuntime: Using default boot image
04-23 20:42:49.810 12761 12761 E libc    : Access denied finding property "persist.device_config.runtime_native_boot.disable_lock_profiling"
04-23 20:42:49.810 12761 12761 I AndroidRuntime: Leaving lock profiling enabled
04-23 20:42:49.810 12761 12761 E libc    : Access denied finding property "persist.device_config.runtime_native_boot.enable_generational_cc"
04-23 20:42:49.811 12761 12761 I app_process: Core platform API reporting enabled, enforcing=false
04-23 20:42:49.849 12761 12761 W app_process: Unexpected CPU variant for X86 using defaults: x86_64
04-23 20:42:49.850 12761 12761 I app_process: The ClassLoaderContext is a special shared library.
04-23 20:42:49.856 12761 12761 W app_process: JNI RegisterNativeMethods: attempt to register 0 native methods for android.media.AudioAttributes
04-23 20:42:50.076  8881  8881 I DatabaseHelper: Breed 1: Favorited false
04-23 20:42:50.832  8516  8516 I ProvidersCache: Updating roots due to change on user 0at content://com.android.providers.media.documents/root
04-23 20:42:51.130  8516  8516 I chatty  : uid=10076(com.android.documentsui) identical 2 lines
04-23 20:42:51.362  8516  8516 I ProvidersCache: Updating roots due to change on user 0at content://com.android.providers.media.documents/root
04-23 20:42:51.591   160   160 I hwservicemanager: getTransport: Cannot find entry android.hardware.graphics.mapper@4.0::IMapper/default in either framework or device manifest.
04-23 20:42:51.591 12792 12792 I Gralloc4: mapper 4.x is not supported
04-23 20:42:51.630 12798 12800 I cmd     : oneway function results will be dropped but finished with status OK and parcel size 4
04-23 20:42:51.631  1491  1905 I MediaProvider: Begin Intent { act=android.intent.action.MEDIA_SCANNER_SCAN_FILE dat=file:///sdcard/screen_2026-04-23_204252.png flg=0x1400010 cmp=com.android.providers.media.module/com.android.providers.media.MediaService }
04-23 20:42:51.628  1491  1491 W com.android.providers.media.module: type=1400 audit(0.0:1267): avc: denied { read } for comm=4173796E635461736B202331 name="primary" dev="tmpfs" ino=28604 scontext=u:r:mediaprovider_app:s0:c129,c256,c512,c768 tcontext=u:object_r:mnt_pass_through_file:s0 tclass=lnk_file permissive=0 app=com.android.providers.media.module
04-23 20:42:51.857     0     0 W audit   : audit_lost=928 audit_rate_limit=5 audit_backlog_limit=64
04-23 20:42:51.864     0     0 E audit   : rate limit exceeded
04-23 20:42:51.632  1491  1491 W com.android.providers.media.module: type=1400 audit(0.0:1268): avc: denied { read } for comm=4173796E635461736B202331 name="primary" dev="tmpfs" ino=28604 scontext=u:r:mediaprovider_app:s0:c129,c256,c512,c768 tcontext=u:object_r:mnt_pass_through_file:s0 tclass=lnk_file permissive=0 app=com.android.providers.media.module
04-23 20:42:51.652  1491  1905 W ModernMediaScanner: Failed to visit /sdcard/screen_2026-04-23_204252.png: java.nio.file.AccessDeniedException: /sdcard/screen_2026-04-23_204252.png
04-23 20:42:51.653  1491  1905 I MediaProvider: Scanned internal due to REASON_DEMAND, found 0 items in 18ms, 0 inserts 0 updates 0 deletes
04-23 20:42:51.653  1491  1905 I MediaProvider: End Intent { act=android.intent.action.MEDIA_SCANNER_SCAN_FILE dat=file:///sdcard/screen_2026-04-23_204252.png flg=0x1400010 cmp=com.android.providers.media.module/com.android.providers.media.MediaService }
04-23 20:42:51.632  1491  1491 W com.android.providers.media.module: type=1400 audit(0.0:1269): avc: denied { read } for comm=4173796E635461736B202331 name="primary" dev="tmpfs" ino=28604 scontext=u:r:mediaprovider_app:s0:c129,c256,c512,c768 tcontext=u:object_r:mnt_pass_through_file:s0 tclass=lnk_file permissive=0 app=com.android.providers.media.module
04-23 20:42:51.712  1491  2541 I MediaProvider: Deleted 1 items on external_primary due to com.android.shell
04-23 20:42:51.741 12809 12811 I cmd     : oneway function results will be dropped but finished with status OK and parcel size 4
04-23 20:42:51.862   160   160 I hwservicemanager: getTransport: Cannot find entry android.hardware.graphics.mapper@4.0::IMapper/default in either framework or device manifest.
04-23 20:42:51.862 12831 12831 I Gralloc4: mapper 4.x is not supported
04-23 20:42:51.899  1491  1905 I MediaProvider: Begin Intent { act=android.intent.action.MEDIA_SCANNER_SCAN_FILE dat=file:///sdcard/screen_2026-04-23_204252.png flg=0x1400010 cmp=com.android.providers.media.module/com.android.providers.media.MediaService }
04-23 20:42:51.900  1491  1905 W ModernMediaScanner: Failed to visit /sdcard/screen_2026-04-23_204252.png: java.nio.file.AccessDeniedException: /sdcard/screen_2026-04-23_204252.png
04-23 20:42:51.901  1491  1905 I MediaProvider: Scanned internal due to REASON_DEMAND, found 0 items in 1ms, 0 inserts 0 updates 0 deletes
04-23 20:42:51.902  1491  1905 I MediaProvider: End Intent { act=android.intent.action.MEDIA_SCANNER_SCAN_FILE dat=file:///sdcard/screen_2026-04-23_204252.png flg=0x1400010 cmp=com.android.providers.media.module/com.android.providers.media.MediaService }
04-23 20:42:51.921  1491  1612 I MediaProvider: Deleted 1 items on external_primary due to com.android.shell
04-23 20:42:51.948 12846 12848 I cmd     : oneway function results will be dropped but finished with status OK and parcel size 4
04-23 20:42:52.065   160   160 I hwservicemanager: getTransport: Cannot find entry android.hardware.graphics.mapper@4.0::IMapper/default in either framework or device manifest.
04-23 20:42:52.066 12868 12868 I Gralloc4: mapper 4.x is not supported
04-23 20:42:52.103 12872 12874 I cmd     : oneway function results will be dropped but finished with status OK and parcel size 4
04-23 20:42:52.103  1491  1905 I MediaProvider: Begin Intent { act=android.intent.action.MEDIA_SCANNER_SCAN_FILE dat=file:///sdcard/screen_2026-04-23_204252.png flg=0x1400010 cmp=com.android.providers.media.module/com.android.providers.media.MediaService }
04-23 20:42:52.104  1491  1905 W ModernMediaScanner: Failed to visit /sdcard/screen_2026-04-23_204252.png: java.nio.file.AccessDeniedException: /sdcard/screen_2026-04-23_204252.png
04-23 20:42:52.105  1491  1905 I MediaProvider: Scanned internal due to REASON_DEMAND, found 0 items in 1ms, 0 inserts 0 updates 0 deletes
04-23 20:42:52.107  1491  1905 I MediaProvider: End Intent { act=android.intent.action.MEDIA_SCANNER_SCAN_FILE dat=file:///sdcard/screen_2026-04-23_204252.png flg=0x1400010 cmp=com.android.providers.media.module/com.android.providers.media.MediaService }
04-23 20:42:52.125  1491  1613 I MediaProvider: Deleted 1 items on external_primary due to com.android.shell
04-23 20:42:52.200 12898 12900 I cmd     : oneway function results will be dropped but finished with status OK and parcel size 4
04-23 20:42:52.249 12913 12915 I cmd     : oneway function results will be dropped but finished with status OK and parcel size 4
04-23 20:42:52.297 12928 12930 I cmd     : oneway function results will be dropped but finished with status OK and parcel size 4
04-23 20:42:52.375 12940 12940 E libc    : Access denied finding property "persist.device_config.runtime_native_boot.profilebootclasspath"
04-23 20:42:52.375 12940 12940 E libc    : Access denied finding property "persist.device_config.runtime_native_boot.enable_apex_image"
04-23 20:42:52.375 12940 12940 I AndroidRuntime: Using default boot image
04-23 20:42:52.375 12940 12940 E libc    : Access denied finding property "persist.device_config.runtime_native_boot.disable_lock_profiling"
04-23 20:42:52.375 12940 12940 I AndroidRuntime: Leaving lock profiling enabled
04-23 20:42:52.375 12940 12940 E libc    : Access denied finding property "persist.device_config.runtime_native_boot.enable_generational_cc"
04-23 20:42:52.376 12940 12940 I app_process: Core platform API reporting enabled, enforcing=false
04-23 20:42:52.416 12940 12940 W app_process: Unexpected CPU variant for X86 using defaults: x86_64
04-23 20:42:52.417 12940 12940 I app_process: The ClassLoaderContext is a special shared library.
04-23 20:42:52.423 12940 12940 W app_process: JNI RegisterNativeMethods: attempt to register 0 native methods for android.media.AudioAttributes
04-23 20:42:52.643  8881  8881 I DatabaseHelper: Breed 1: Favorited true
04-23 20:42:53.687  8516  8516 I ProvidersCache: Updating roots due to change on user 0at content://com.android.providers.media.documents/root
04-23 20:42:53.772  8516  8516 I chatty  : uid=10076(com.android.documentsui) identical 1 line
04-23 20:42:53.940  8516  8516 I ProvidersCache: Updating roots due to change on user 0at content://com.android.providers.media.documents/root
04-23 20:42:54.149   160   160 I hwservicemanager: getTransport: Cannot find entry android.hardware.graphics.mapper@4.0::IMapper/default in either framework or device manifest.
04-23 20:42:54.149 12973 12973 I Gralloc4: mapper 4.x is not supported
04-23 20:42:54.173  8516  8516 I ProvidersCache: Updating roots due to change on user 0at content://com.android.providers.media.documents/root
04-23 20:42:54.184  1491  1905 I MediaProvider: Begin Intent { act=android.intent.action.MEDIA_SCANNER_SCAN_FILE dat=file:///sdcard/screen_2026-04-23_204255.png flg=0x1400010 cmp=com.android.providers.media.module/com.android.providers.media.MediaService }
04-23 20:42:54.184 12977 12979 I cmd     : oneway function results will be dropped but finished with status OK and parcel size 4
04-23 20:42:54.406     0     0 W audit   : audit_lost=945 audit_rate_limit=5 audit_backlog_limit=64
04-23 20:42:54.408     0     0 E audit   : rate limit exceeded
04-23 20:42:54.188  1491  1905 W ModernMediaScanner: Failed to visit /sdcard/screen_2026-04-23_204255.png: java.nio.file.AccessDeniedException: /sdcard/screen_2026-04-23_204255.png
04-23 20:42:54.188  1491  1905 I MediaProvider: Scanned internal due to REASON_DEMAND, found 0 items in 5ms, 0 inserts 0 updates 0 deletes
04-23 20:42:54.189  1491  1905 I MediaProvider: End Intent { act=android.intent.action.MEDIA_SCANNER_SCAN_FILE dat=file:///sdcard/screen_2026-04-23_204255.png flg=0x1400010 cmp=com.android.providers.media.module/com.android.providers.media.MediaService }
04-23 20:42:54.180  1491  1491 W com.android.providers.media.module: type=1400 audit(0.0:1289): avc: denied { read } for comm=4173796E635461736B202331 name="primary" dev="tmpfs" ino=28604 scontext=u:r:mediaprovider_app:s0:c129,c256,c512,c768 tcontext=u:object_r:mnt_pass_through_file:s0 tclass=lnk_file permissive=0 app=com.android.providers.media.module
04-23 20:42:54.257  1491  2541 I MediaProvider: Deleted 1 items on external_primary due to com.android.shell
04-23 20:42:54.285 12988 12990 I cmd     : oneway function results will be dropped but finished with status OK and parcel size 4
04-23 20:42:54.411   160   160 I hwservicemanager: getTransport: Cannot find entry android.hardware.graphics.mapper@4.0::IMapper/default in either framework or device manifest.
04-23 20:42:54.412 13010 13010 I Gralloc4: mapper 4.x is not supported
04-23 20:42:54.448  1491  1905 I MediaProvider: Begin Intent { act=android.intent.action.MEDIA_SCANNER_SCAN_FILE dat=file:///sdcard/screen_2026-04-23_204255.png flg=0x1400010 cmp=com.android.providers.media.module/com.android.providers.media.MediaService }
04-23 20:42:54.449  1491  1905 W ModernMediaScanner: Failed to visit /sdcard/screen_2026-04-23_204255.png: java.nio.file.AccessDeniedException: /sdcard/screen_2026-04-23_204255.png
04-23 20:42:54.450  1491  1905 I MediaProvider: Scanned internal due to REASON_DEMAND, found 0 items in 1ms, 0 inserts 0 updates 0 deletes
04-23 20:42:54.450  1491  1905 I MediaProvider: End Intent { act=android.intent.action.MEDIA_SCANNER_SCAN_FILE dat=file:///sdcard/screen_2026-04-23_204255.png flg=0x1400010 cmp=com.android.providers.media.module/com.android.providers.media.MediaService }
04-23 20:42:54.471  1491  1612 I MediaProvider: Deleted 1 items on external_primary due to com.android.shell
04-23 20:42:54.498 13025 13027 I cmd     : oneway function results will be dropped but finished with status OK and parcel size 4
04-23 20:42:54.613   160   160 I hwservicemanager: getTransport: Cannot find entry android.hardware.graphics.mapper@4.0::IMapper/default in either framework or device manifest.
04-23 20:42:54.613 13047 13047 I Gralloc4: mapper 4.x is not supported
04-23 20:42:54.650 13051 13053 I cmd     : oneway function results will be dropped but finished with status OK and parcel size 4
04-23 20:42:54.650  1491  1905 I MediaProvider: Begin Intent { act=android.intent.action.MEDIA_SCANNER_SCAN_FILE dat=file:///sdcard/screen_2026-04-23_204255.png flg=0x1400010 cmp=com.android.providers.media.module/com.android.providers.media.MediaService }
04-23 20:42:54.651  1491  1905 W ModernMediaScanner: Failed to visit /sdcard/screen_2026-04-23_204255.png: java.nio.file.AccessDeniedException: /sdcard/screen_2026-04-23_204255.png
04-23 20:42:54.654  1491  1905 I MediaProvider: Scanned internal due to REASON_DEMAND, found 0 items in 3ms, 0 inserts 0 updates 0 deletes
04-23 20:42:54.654  1491  1905 I MediaProvider: End Intent { act=android.intent.action.MEDIA_SCANNER_SCAN_FILE dat=file:///sdcard/screen_2026-04-23_204255.png flg=0x1400010 cmp=com.android.providers.media.module/com.android.providers.media.MediaService }
04-23 20:42:54.680  1491  1613 I MediaProvider: Deleted 1 items on external_primary due to com.android.shell
04-23 20:42:54.706 13064 13066 I cmd     : oneway function results will be dropped but finished with status OK and parcel size 4
04-23 20:42:54.754 13079 13081 I cmd     : oneway function results will be dropped but finished with status OK and parcel size 4
04-23 20:42:54.800 13094 13096 I cmd     : oneway function results will be dropped but finished with status OK and parcel size 4
04-23 20:42:54.847 13109 13111 I cmd     : oneway function results will be dropped but finished with status OK and parcel size 4
04-23 20:42:54.923 13121 13121 E libc    : Access denied finding property "persist.device_config.runtime_native_boot.profilebootclasspath"
04-23 20:42:54.924 13121 13121 E libc    : Access denied finding property "persist.device_config.runtime_native_boot.enable_apex_image"
04-23 20:42:54.924 13121 13121 I AndroidRuntime: Using default boot image
04-23 20:42:54.924 13121 13121 E libc    : Access denied finding property "persist.device_config.runtime_native_boot.disable_lock_profiling"
04-23 20:42:54.924 13121 13121 I AndroidRuntime: Leaving lock profiling enabled
04-23 20:42:54.924 13121 13121 E libc    : Access denied finding property "persist.device_config.runtime_native_boot.enable_generational_cc"
04-23 20:42:54.925 13121 13121 I app_process: Core platform API reporting enabled, enforcing=false
04-23 20:42:54.963 13121 13121 W app_process: Unexpected CPU variant for X86 using defaults: x86_64
04-23 20:42:54.964 13121 13121 I app_process: The ClassLoaderContext is a special shared library.
04-23 20:42:54.970 13121 13121 W app_process: JNI RegisterNativeMethods: attempt to register 0 native methods for android.media.AudioAttributes
04-23 20:42:55.176  8881  8881 I DatabaseHelper: Breed 2: Favorited false
04-23 20:42:56.492  8516  8516 I ProvidersCache: Updating roots due to change on user 0at content://com.android.providers.media.documents/root
04-23 20:42:56.572  8516  8516 I ProvidersCache: Updating roots due to change on user 0at content://com.android.providers.media.documents/root
04-23 20:42:56.680   160   160 I hwservicemanager: getTransport: Cannot find entry android.hardware.graphics.mapper@4.0::IMapper/default in either framework or device manifest.
04-23 20:42:56.680 13152 13152 I Gralloc4: mapper 4.x is not supported
04-23 20:42:56.730  1491  1905 I MediaProvider: Begin Intent { act=android.intent.action.MEDIA_SCANNER_SCAN_FILE dat=file:///sdcard/screen_2026-04-23_204257.png flg=0x1400010 cmp=com.android.providers.media.module/com.android.providers.media.MediaService }
04-23 20:42:56.724  1491  1491 W com.android.providers.media.module: type=1400 audit(0.0:1311): avc: denied { read } for comm=4173796E635461736B202331 name="primary" dev="tmpfs" ino=28604 scontext=u:r:mediaprovider_app:s0:c129,c256,c512,c768 tcontext=u:object_r:mnt_pass_through_file:s0 tclass=lnk_file permissive=0 app=com.android.providers.media.module
04-23 20:42:56.957     0     0 W audit   : audit_lost=962 audit_rate_limit=5 audit_backlog_limit=64
04-23 20:42:56.962     0     0 E audit   : rate limit exceeded
04-23 20:42:56.732  1491  1491 W com.android.providers.media.module: type=1400 audit(0.0:1312): avc: denied { read } for comm=4173796E635461736B202331 name="primary" dev="tmpfs" ino=28604 scontext=u:r:mediaprovider_app:s0:c129,c256,c512,c768 tcontext=u:object_r:mnt_pass_through_file:s0 tclass=lnk_file permissive=0 app=com.android.providers.media.module
04-23 20:42:56.751  1491  1905 W ModernMediaScanner: Failed to visit /sdcard/screen_2026-04-23_204257.png: java.nio.file.AccessDeniedException: /sdcard/screen_2026-04-23_204257.png
04-23 20:42:56.752  1491  1905 I MediaProvider: Scanned internal due to REASON_DEMAND, found 0 items in 17ms, 0 inserts 0 updates 0 deletes
