04-23 22:42:24.597  1636  2288 I MediaProvider: Scanned internal due to REASON_DEMAND, found 0 items in 1ms, 0 inserts 0 updates 0 deletes
04-23 22:42:24.598  1636  2288 I MediaProvider: End Intent { act=android.intent.action.MEDIA_SCANNER_SCAN_FILE dat=file:///sdcard/screen_2026-04-23_224225.png flg=0x1400010 cmp=com.android.providers.media.module/com.android.providers.media.MediaService }
04-23 22:42:24.619  1636  1773 I MediaProvider: Deleted 1 items on external_primary due to com.android.shell
04-23 22:42:24.646  6299  6301 I cmd     : oneway function results will be dropped but finished with status OK and parcel size 4
04-23 22:42:24.695  6314  6316 I cmd     : oneway function results will be dropped but finished with status OK and parcel size 4
04-23 22:42:24.744  6329  6331 I cmd     : oneway function results will be dropped but finished with status OK and parcel size 4
04-23 22:42:24.794  6344  6346 I cmd     : oneway function results will be dropped but finished with status OK and parcel size 4
04-23 22:42:24.871  6356  6356 E libc    : Access denied finding property "persist.device_config.runtime_native_boot.profilebootclasspath"
04-23 22:42:24.871  6356  6356 E libc    : Access denied finding property "persist.device_config.runtime_native_boot.enable_apex_image"
04-23 22:42:24.871  6356  6356 I AndroidRuntime: Using default boot image
04-23 22:42:24.871  6356  6356 E libc    : Access denied finding property "persist.device_config.runtime_native_boot.disable_lock_profiling"
04-23 22:42:24.871  6356  6356 I AndroidRuntime: Leaving lock profiling enabled
04-23 22:42:24.871  6356  6356 E libc    : Access denied finding property "persist.device_config.runtime_native_boot.enable_generational_cc"
04-23 22:42:24.872  6356  6356 I app_process: Core platform API reporting enabled, enforcing=false
04-23 22:42:24.910  6356  6356 W app_process: Unexpected CPU variant for X86 using defaults: x86_64
04-23 22:42:24.911  6356  6356 I app_process: The ClassLoaderContext is a special shared library.
04-23 22:42:24.917  6356  6356 W app_process: JNI RegisterNativeMethods: attempt to register 0 native methods for android.media.AudioAttributes
04-23 22:42:25.128  2638  2638 I DatabaseHelper: Breed 1: Favorited true
04-23 22:42:26.635   159   159 I hwservicemanager: getTransport: Cannot find entry android.hardware.graphics.mapper@4.0::IMapper/default in either framework or device manifest.
04-23 22:42:26.635  6388  6388 I Gralloc4: mapper 4.x is not supported
04-23 22:42:26.673  1636  2288 I MediaProvider: Begin Intent { act=android.intent.action.MEDIA_SCANNER_SCAN_FILE dat=file:///sdcard/screen_2026-04-23_224227.png flg=0x1400010 cmp=com.android.providers.media.module/com.android.providers.media.MediaService }
04-23 22:42:26.668  1636  1636 W com.android.providers.media.module: type=1400 audit(0.0:514): avc: denied { read } for comm=4173796E635461736B202331 name="primary" dev="tmpfs" ino=29719 scontext=u:r:mediaprovider_app:s0:c123,c256,c512,c768 tcontext=u:object_r:mnt_pass_through_file:s0 tclass=lnk_file permissive=0 app=com.android.providers.media.module
04-23 22:42:26.868     0     0 W audit   : audit_lost=365 audit_rate_limit=5 audit_backlog_limit=64
04-23 22:42:26.876     0     0 E audit   : rate limit exceeded
04-23 22:42:26.676  1636  1636 W com.android.providers.media.module: type=1400 audit(0.0:515): avc: denied { read } for comm=4173796E635461736B202331 name="primary" dev="tmpfs" ino=29719 scontext=u:r:mediaprovider_app:s0:c123,c256,c512,c768 tcontext=u:object_r:mnt_pass_through_file:s0 tclass=lnk_file permissive=0 app=com.android.providers.media.module
04-23 22:42:26.696  1636  2288 W ModernMediaScanner: Failed to visit /sdcard/screen_2026-04-23_224227.png: java.nio.file.AccessDeniedException: /sdcard/screen_2026-04-23_224227.png
04-23 22:42:26.697  1636  2288 I MediaProvider: Scanned internal due to REASON_DEMAND, found 0 items in 20ms, 0 inserts 0 updates 0 deletes
04-23 22:42:26.698  1636  2288 I MediaProvider: End Intent { act=android.intent.action.MEDIA_SCANNER_SCAN_FILE dat=file:///sdcard/screen_2026-04-23_224227.png flg=0x1400010 cmp=com.android.providers.media.module/com.android.providers.media.MediaService }
04-23 22:42:26.676  1636  1636 W com.android.providers.media.module: type=1400 audit(0.0:516): avc: denied { read } for comm=4173796E635461736B202331 name="primary" dev="tmpfs" ino=29719 scontext=u:r:mediaprovider_app:s0:c123,c256,c512,c768 tcontext=u:object_r:mnt_pass_through_file:s0 tclass=lnk_file permissive=0 app=com.android.providers.media.module
04-23 22:42:26.773  1636  3008 I MediaProvider: Deleted 1 items on external_primary due to com.android.shell
04-23 22:42:26.802  6403  6405 I cmd     : oneway function results will be dropped but finished with status OK and parcel size 4
04-23 22:42:26.931   159   159 I hwservicemanager: getTransport: Cannot find entry android.hardware.graphics.mapper@4.0::IMapper/default in either framework or device manifest.
04-23 22:42:26.931  6425  6425 I Gralloc4: mapper 4.x is not supported
04-23 22:42:26.967  6429  6431 I cmd     : oneway function results will be dropped but finished with status OK and parcel size 4
04-23 22:42:26.968  1636  2288 I MediaProvider: Begin Intent { act=android.intent.action.MEDIA_SCANNER_SCAN_FILE dat=file:///sdcard/screen_2026-04-23_224227.png flg=0x1400010 cmp=com.android.providers.media.module/com.android.providers.media.MediaService }
04-23 22:42:26.969  1636  2288 W ModernMediaScanner: Failed to visit /sdcard/screen_2026-04-23_224227.png: java.nio.file.AccessDeniedException: /sdcard/screen_2026-04-23_224227.png
04-23 22:42:26.973  1636  2288 I MediaProvider: Scanned internal due to REASON_DEMAND, found 0 items in 5ms, 0 inserts 0 updates 0 deletes
04-23 22:42:26.974  1636  2288 I MediaProvider: End Intent { act=android.intent.action.MEDIA_SCANNER_SCAN_FILE dat=file:///sdcard/screen_2026-04-23_224227.png flg=0x1400010 cmp=com.android.providers.media.module/com.android.providers.media.MediaService }
04-23 22:42:26.990  1636  1774 I MediaProvider: Deleted 1 items on external_primary due to com.android.shell
04-23 22:42:27.018  6440  6442 I cmd     : oneway function results will be dropped but finished with status OK and parcel size 4
04-23 22:42:27.138   159   159 I hwservicemanager: getTransport: Cannot find entry android.hardware.graphics.mapper@4.0::IMapper/default in either framework or device manifest.
04-23 22:42:27.138  6462  6462 I Gralloc4: mapper 4.x is not supported
04-23 22:42:27.174  6466  6468 I cmd     : oneway function results will be dropped but finished with status OK and parcel size 4
04-23 22:42:27.174  1636  2288 I MediaProvider: Begin Intent { act=android.intent.action.MEDIA_SCANNER_SCAN_FILE dat=file:///sdcard/screen_2026-04-23_224227.png flg=0x1400010 cmp=com.android.providers.media.module/com.android.providers.media.MediaService }
04-23 22:42:27.175  1636  2288 W ModernMediaScanner: Failed to visit /sdcard/screen_2026-04-23_224227.png: java.nio.file.AccessDeniedException: /sdcard/screen_2026-04-23_224227.png
04-23 22:42:27.178  1636  2288 I MediaProvider: Scanned internal due to REASON_DEMAND, found 0 items in 3ms, 0 inserts 0 updates 0 deletes
04-23 22:42:27.179  1636  2288 I MediaProvider: End Intent { act=android.intent.action.MEDIA_SCANNER_SCAN_FILE dat=file:///sdcard/screen_2026-04-23_224227.png flg=0x1400010 cmp=com.android.providers.media.module/com.android.providers.media.MediaService }
04-23 22:42:27.197  1636  1773 I MediaProvider: Deleted 1 items on external_primary due to com.android.shell
04-23 22:42:27.274  6492  6494 I cmd     : oneway function results will be dropped but finished with status OK and parcel size 4
04-23 22:42:27.323  6507  6509 I cmd     : oneway function results will be dropped but finished with status OK and parcel size 4
04-23 22:42:27.372  6522  6524 I cmd     : oneway function results will be dropped but finished with status OK and parcel size 4
04-23 22:42:27.450  6534  6534 E libc    : Access denied finding property "persist.device_config.runtime_native_boot.profilebootclasspath"
04-23 22:42:27.450  6534  6534 E libc    : Access denied finding property "persist.device_config.runtime_native_boot.enable_apex_image"
04-23 22:42:27.450  6534  6534 I AndroidRuntime: Using default boot image
04-23 22:42:27.450  6534  6534 E libc    : Access denied finding property "persist.device_config.runtime_native_boot.disable_lock_profiling"
04-23 22:42:27.450  6534  6534 I AndroidRuntime: Leaving lock profiling enabled
04-23 22:42:27.450  6534  6534 E libc    : Access denied finding property "persist.device_config.runtime_native_boot.enable_generational_cc"
04-23 22:42:27.451  6534  6534 I app_process: Core platform API reporting enabled, enforcing=false
04-23 22:42:27.500  6534  6534 W app_process: Unexpected CPU variant for X86 using defaults: x86_64
04-23 22:42:27.501  6534  6534 I app_process: The ClassLoaderContext is a special shared library.
04-23 22:42:27.507  6534  6534 W app_process: JNI RegisterNativeMethods: attempt to register 0 native methods for android.media.AudioAttributes
04-23 22:42:27.711  2638  2638 I DatabaseHelper: Breed 1: Favorited false
04-23 22:42:28.076  1417  1861 I Dialer  : VvmTaskExecutor - executing task com.android.voicemail.impl.ActivationTask@38113c8
04-23 22:42:28.076  1417  1861 I Dialer  : PreOMigrationHandler - ComponentInfo{com.android.phone/com.android.services.telephony.TelephonyConnectionService}, ***, UserHandle{0} already migrated
04-23 22:42:28.086   503   546 I ActivityManager: Start proc 6552:android.process.acore/u0a63 for content provider {com.android.providers.contacts/com.android.providers.contacts.VoicemailContentProvider}
04-23 22:42:28.089  6552  6552 W d.process.acor: Unexpected CPU variant for X86 using defaults: x86_64
04-23 22:42:28.091   392   402 I adbd    : jdwp connection from 6552
04-23 22:42:28.098  6552  6552 I d.process.acor: The ClassLoaderContext is a special shared library.
04-23 22:42:28.122  6552  6552 I d.process.acor: The ClassLoaderContext is a special shared library.
04-23 22:42:28.124  6552  6552 I d.process.acor: The ClassLoaderContext is a special shared library.
04-23 22:42:28.125  6552  6552 I ContactsPerf: VoicemailContentProvider.onCreate start
04-23 22:42:28.127  6552  6552 I ContactsPerf: VoicemailContentProvider.onCreate finish
04-23 22:42:28.130  6552  6552 I ContactsDatabaseHelper: updateUseStrictPhoneNumberComparison: US
04-23 22:42:28.156  6552  6570 I VoicemailNotifier: receivers for android.intent.action.PROVIDER_CHANGED :[]
04-23 22:42:28.157  1417  1861 I Dialer  : VvmActivationTask - VVM content provider configured - vvm_type_cvvm
04-23 22:42:28.157  1417  1861 I Dialer  : OmtpVvmCarrierCfgHlpr - OmtpEvent:CONFIG_ACTIVATING
04-23 22:42:28.159  6552  6568 I VoicemailNotifier: receivers for android.intent.action.PROVIDER_CHANGED :[]
04-23 22:42:28.170  6552  6576 I ContactLocale: AddressBook Labels [[en_US]]: […, A, B, C, D, E, F, G, H, I, J, K, L, M, N, O, P, Q, R, S, T, U, V, W, X, Y, Z, Α, Β, Γ, Δ, Ε, Ζ, Η, Θ, Ι, Κ, Λ, Μ, Ν, Ξ, Ο, Π, Ρ, Σ, Τ, Υ, Φ, Χ, Ψ, Ω, …, А, Б, В, Г, Д, Ђ, Е, Є, Ж, З, И, І, Й, Ј, К, Л, Љ, М, Н, Њ, О, П, Р, С, Т, Ћ, У, Ф, Х, Ц, Ч, Џ, Ш, Щ, Ю, Я, …, א, ב, ג, ד, ה, ו, ז, ח, ט, י, כ, ל, מ, נ, ס, ע, פ, צ, ק, ר, ש, ת, …, ا, ب, ت, ث, ج, ح, خ, د, ذ, ر, ز, س, ش, ص, ض, ط, ظ, ع, غ, ف, ق, ك, ل, م, ن, ه, و, ي, …, ก, ข, ฃ, ค, ฅ, ฆ, ง, จ, ฉ, ช, ซ, ฌ, ญ, ฎ, ฏ, ฐ, ฑ, ฒ, ณ, ด, ต, ถ, ท, ธ, น, บ, ป, ผ, ฝ, พ, ฟ, ภ, ม, ย, ร, ฤ, ล, ฦ, ว, ศ, ษ, ส, ห, ฬ, อ, ฮ, …, ㄱ, ㄴ, ㄷ, ㄹ, ㅁ, ㅂ, ㅅ, ㅇ, ㅈ, ㅊ, ㅋ, ㅌ, ㅍ, ㅎ, …, あ, か, さ, た, な, は, ま, や, ら, わ, #, …]
04-23 22:42:28.183  6552  6577 I ContactDirectoryManager: deleted 0 stale rows which don't have any relevant directory
04-23 22:42:28.183  6552  6576 I ContactDirectoryManager: deleted 0 stale rows which don't have any relevant directory
04-23 22:42:28.184  6552  6577 I ContactDirectoryManager: Discovered 0 contact directories in 1ms
04-23 22:42:28.184  6552  6576 I ContactDirectoryManager: Discovered 0 contact directories in 1ms
04-23 22:42:29.221   159   159 I hwservicemanager: getTransport: Cannot find entry android.hardware.graphics.mapper@4.0::IMapper/default in either framework or device manifest.
04-23 22:42:29.221  6593  6593 I Gralloc4: mapper 4.x is not supported
04-23 22:42:29.257  1636  2288 I MediaProvider: Begin Intent { act=android.intent.action.MEDIA_SCANNER_SCAN_FILE dat=file:///sdcard/screen_2026-04-23_224229.png flg=0x1400010 cmp=com.android.providers.media.module/com.android.providers.media.MediaService }
04-23 22:42:29.252  1636  1636 W com.android.providers.media.module: type=1400 audit(0.0:536): avc: denied { read } for comm=4173796E635461736B202331 name="primary" dev="tmpfs" ino=29719 scontext=u:r:mediaprovider_app:s0:c123,c256,c512,c768 tcontext=u:object_r:mnt_pass_through_file:s0 tclass=lnk_file permissive=0 app=com.android.providers.media.module
04-23 22:42:29.450     0     0 W audit   : audit_lost=382 audit_rate_limit=5 audit_backlog_limit=64
04-23 22:42:29.458     0     0 E audit   : rate limit exceeded
04-23 22:42:29.252  1636  1636 W com.android.providers.media.module: type=1400 audit(0.0:537): avc: denied { read } for comm=4173796E635461736B202331 name="primary" dev="tmpfs" ino=29719 scontext=u:r:mediaprovider_app:s0:c123,c256,c512,c768 tcontext=u:object_r:mnt_pass_through_file:s0 tclass=lnk_file permissive=0 app=com.android.providers.media.module
04-23 22:42:29.277  1636  2288 W ModernMediaScanner: Failed to visit /sdcard/screen_2026-04-23_224229.png: java.nio.file.AccessDeniedException: /sdcard/screen_2026-04-23_224229.png
04-23 22:42:29.277  1636  2288 I MediaProvider: Scanned internal due to REASON_DEMAND, found 0 items in 18ms, 0 inserts 0 updates 0 deletes
04-23 22:42:29.278  1636  2288 I MediaProvider: End Intent { act=android.intent.action.MEDIA_SCANNER_SCAN_FILE dat=file:///sdcard/screen_2026-04-23_224229.png flg=0x1400010 cmp=com.android.providers.media.module/com.android.providers.media.MediaService }
04-23 22:42:29.252  1636  1636 W com.android.providers.media.module: type=1400 audit(0.0:538): avc: denied { read } for comm=4173796E635461736B202331 name="primary" dev="tmpfs" ino=29719 scontext=u:r:mediaprovider_app:s0:c123,c256,c512,c768 tcontext=u:object_r:mnt_pass_through_file:s0 tclass=lnk_file permissive=0 app=com.android.providers.media.module
04-23 22:42:29.256  1636  1636 I chatty  : uid=10123(com.android.providers.media.module) identical 1 line
04-23 22:42:29.256  1636  1636 W com.android.providers.media.module: type=1400 audit(0.0:540): avc: denied { read } for comm=4173796E635461736B202331 name="primary" dev="tmpfs" ino=29719 scontext=u:r:mediaprovider_app:s0:c123,c256,c512,c768 tcontext=u:object_r:mnt_pass_through_file:s0 tclass=lnk_file permissive=0 app=com.android.providers.media.module
04-23 22:42:29.315  1636  3008 I MediaProvider: Deleted 1 items on external_primary due to com.android.shell
04-23 22:42:29.342  6608  6610 I cmd     : oneway function results will be dropped but finished with status OK and parcel size 4
04-23 22:42:29.465   159   159 I hwservicemanager: getTransport: Cannot find entry android.hardware.graphics.mapper@4.0::IMapper/default in either framework or device manifest.
04-23 22:42:29.465  6630  6630 I Gralloc4: mapper 4.x is not supported
04-23 22:42:29.502  1636  2288 I MediaProvider: Begin Intent { act=android.intent.action.MEDIA_SCANNER_SCAN_FILE dat=file:///sdcard/screen_2026-04-23_224230.png flg=0x1400010 cmp=com.android.providers.media.module/com.android.providers.media.MediaService }
04-23 22:42:29.503  1636  2288 W ModernMediaScanner: Failed to visit /sdcard/screen_2026-04-23_224230.png: java.nio.file.AccessDeniedException: /sdcard/screen_2026-04-23_224230.png
04-23 22:42:29.504  1636  2288 I MediaProvider: Scanned internal due to REASON_DEMAND, found 0 items in 1ms, 0 inserts 0 updates 0 deletes
04-23 22:42:29.505  1636  2288 I MediaProvider: End Intent { act=android.intent.action.MEDIA_SCANNER_SCAN_FILE dat=file:///sdcard/screen_2026-04-23_224230.png flg=0x1400010 cmp=com.android.providers.media.module/com.android.providers.media.MediaService }
04-23 22:42:29.525  1636  3008 I MediaProvider: Deleted 1 items on external_primary due to com.android.shell
04-23 22:42:29.568  6647  6649 I cmd     : oneway function results will be dropped but finished with status OK and parcel size 4
04-23 22:42:29.695   159   159 I hwservicemanager: getTransport: Cannot find entry android.hardware.graphics.mapper@4.0::IMapper/default in either framework or device manifest.
04-23 22:42:29.696  6670  6670 I Gralloc4: mapper 4.x is not supported
04-23 22:42:29.734  6674  6676 I cmd     : oneway function results will be dropped but finished with status OK and parcel size 4
04-23 22:42:29.735  1636  2288 I MediaProvider: Begin Intent { act=android.intent.action.MEDIA_SCANNER_SCAN_FILE dat=file:///sdcard/screen_2026-04-23_224230.png flg=0x1400010 cmp=com.android.providers.media.module/com.android.providers.media.MediaService }
04-23 22:42:29.736  1636  2288 W ModernMediaScanner: Failed to visit /sdcard/screen_2026-04-23_224230.png: java.nio.file.AccessDeniedException: /sdcard/screen_2026-04-23_224230.png
04-23 22:42:29.736  1636  2288 I MediaProvider: Scanned internal due to REASON_DEMAND, found 0 items in 1ms, 0 inserts 0 updates 0 deletes
04-23 22:42:29.738  1636  2288 I MediaProvider: End Intent { act=android.intent.action.MEDIA_SCANNER_SCAN_FILE dat=file:///sdcard/screen_2026-04-23_224230.png flg=0x1400010 cmp=com.android.providers.media.module/com.android.providers.media.MediaService }
04-23 22:42:29.759  1636  1773 I MediaProvider: Deleted 1 items on external_primary due to com.android.shell
04-23 22:42:29.786  6685  6687 I cmd     : oneway function results will be dropped but finished with status OK and parcel size 4
04-23 22:42:29.835  6700  6702 I cmd     : oneway function results will be dropped but finished with status OK and parcel size 4
04-23 22:42:29.884  6715  6717 I cmd     : oneway function results will be dropped but finished with status OK and parcel size 4
04-23 22:42:29.933  6730  6732 I cmd     : oneway function results will be dropped but finished with status OK and parcel size 4
04-23 22:42:30.012  6742  6742 E libc    : Access denied finding property "persist.device_config.runtime_native_boot.profilebootclasspath"
04-23 22:42:30.012  6742  6742 E libc    : Access denied finding property "persist.device_config.runtime_native_boot.enable_apex_image"
04-23 22:42:30.012  6742  6742 I AndroidRuntime: Using default boot image
04-23 22:42:30.012  6742  6742 E libc    : Access denied finding property "persist.device_config.runtime_native_boot.disable_lock_profiling"
04-23 22:42:30.012  6742  6742 I AndroidRuntime: Leaving lock profiling enabled
04-23 22:42:30.012  6742  6742 E libc    : Access denied finding property "persist.device_config.runtime_native_boot.enable_generational_cc"
04-23 22:42:30.013  6742  6742 I app_process: Core platform API reporting enabled, enforcing=false
04-23 22:42:30.053  6742  6742 W app_process: Unexpected CPU variant for X86 using defaults: x86_64
04-23 22:42:30.054  6742  6742 I app_process: The ClassLoaderContext is a special shared library.
04-23 22:42:30.060  6742  6742 W app_process: JNI RegisterNativeMethods: attempt to register 0 native methods for android.media.AudioAttributes
04-23 22:42:30.278  2638  2638 I DatabaseHelper: Breed 1: Favorited true
04-23 22:42:31.785   159   159 I hwservicemanager: getTransport: Cannot find entry android.hardware.graphics.mapper@4.0::IMapper/default in either framework or device manifest.
04-23 22:42:31.786  6774  6774 I Gralloc4: mapper 4.x is not supported
04-23 22:42:31.823  1636  2288 I MediaProvider: Begin Intent { act=android.intent.action.MEDIA_SCANNER_SCAN_FILE dat=file:///sdcard/screen_2026-04-23_224232.png flg=0x1400010 cmp=com.android.providers.media.module/com.android.providers.media.MediaService }
04-23 22:42:31.816  1636  1636 W com.android.providers.media.module: type=1400 audit(0.0:558): avc: denied { read } for comm=4173796E635461736B202331 name="primary" dev="tmpfs" ino=29719 scontext=u:r:mediaprovider_app:s0:c123,c256,c512,c768 tcontext=u:object_r:mnt_pass_through_file:s0 tclass=lnk_file permissive=0 app=com.android.providers.media.module
04-23 22:42:32.016     0     0 W audit   : audit_lost=399 audit_rate_limit=5 audit_backlog_limit=64
04-23 22:42:32.028     0     0 E audit   : rate limit exceeded
04-23 22:42:31.820  1636  1636 W com.android.providers.media.module: type=1400 audit(0.0:559): avc: denied { read } for comm=4173796E635461736B202331 name="primary" dev="tmpfs" ino=29719 scontext=u:r:mediaprovider_app:s0:c123,c256,c512,c768 tcontext=u:object_r:mnt_pass_through_file:s0 tclass=lnk_file permissive=0 app=com.android.providers.media.module
04-23 22:42:31.845  1636  2288 W ModernMediaScanner: Failed to visit /sdcard/screen_2026-04-23_224232.png: java.nio.file.AccessDeniedException: /sdcard/screen_2026-04-23_224232.png
04-23 22:42:31.846  1636  2288 I MediaProvider: Scanned internal due to REASON_DEMAND, found 0 items in 22ms, 0 inserts 0 updates 0 deletes
04-23 22:42:31.847  1636  2288 I MediaProvider: End Intent { act=android.intent.action.MEDIA_SCANNER_SCAN_FILE dat=file:///sdcard/screen_2026-04-23_224232.png flg=0x1400010 cmp=com.android.providers.media.module/com.android.providers.media.MediaService }
04-23 22:42:31.820  1636  1636 W com.android.providers.media.module: type=1400 audit(0.0:560): avc: denied { read } for comm=4173796E635461736B202331 name="primary" dev="tmpfs" ino=29719 scontext=u:r:mediaprovider_app:s0:c123,c256,c512,c768 tcontext=u:object_r:mnt_pass_through_file:s0 tclass=lnk_file permissive=0 app=com.android.providers.media.module
04-23 22:42:31.912  1636  1774 I MediaProvider: Deleted 1 items on external_primary due to com.android.shell
04-23 22:42:31.940  6789  6791 I cmd     : oneway function results will be dropped but finished with status OK and parcel size 4
04-23 22:42:32.063   159   159 I hwservicemanager: getTransport: Cannot find entry android.hardware.graphics.mapper@4.0::IMapper/default in either framework or device manifest.
04-23 22:42:32.063  6811  6811 I Gralloc4: mapper 4.x is not supported
04-23 22:42:32.099  6815  6817 I cmd     : oneway function results will be dropped but finished with status OK and parcel size 4
04-23 22:42:32.100  1636  2288 I MediaProvider: Begin Intent { act=android.intent.action.MEDIA_SCANNER_SCAN_FILE dat=file:///sdcard/screen_2026-04-23_224232.png flg=0x1400010 cmp=com.android.providers.media.module/com.android.providers.media.MediaService }
04-23 22:42:32.103  1636  2288 W ModernMediaScanner: Failed to visit /sdcard/screen_2026-04-23_224232.png: java.nio.file.AccessDeniedException: /sdcard/screen_2026-04-23_224232.png
04-23 22:42:32.103  1636  2288 I MediaProvider: Scanned internal due to REASON_DEMAND, found 0 items in 3ms, 0 inserts 0 updates 0 deletes
04-23 22:42:32.104  1636  2288 I MediaProvider: End Intent { act=android.intent.action.MEDIA_SCANNER_SCAN_FILE dat=file:///sdcard/screen_2026-04-23_224232.png flg=0x1400010 cmp=com.android.providers.media.module/com.android.providers.media.MediaService }
04-23 22:42:32.121  1636  3008 I MediaProvider: Deleted 1 items on external_primary due to com.android.shell
04-23 22:42:32.148  6826  6828 I cmd     : oneway function results will be dropped but finished with status OK and parcel size 4
04-23 22:42:32.272   159   159 I hwservicemanager: getTransport: Cannot find entry android.hardware.graphics.mapper@4.0::IMapper/default in either framework or device manifest.
04-23 22:42:32.272  6848  6848 I Gralloc4: mapper 4.x is not supported
04-23 22:42:32.309  6852  6854 I cmd     : oneway function results will be dropped but finished with status OK and parcel size 4
04-23 22:42:32.310  1636  2288 I MediaProvider: Begin Intent { act=android.intent.action.MEDIA_SCANNER_SCAN_FILE dat=file:///sdcard/screen_2026-04-23_224232.png flg=0x1400010 cmp=com.android.providers.media.module/com.android.providers.media.MediaService }
04-23 22:42:32.311  1636  2288 W ModernMediaScanner: Failed to visit /sdcard/screen_2026-04-23_224232.png: java.nio.file.AccessDeniedException: /sdcard/screen_2026-04-23_224232.png
04-23 22:42:32.314  1636  2288 I MediaProvider: Scanned internal due to REASON_DEMAND, found 0 items in 4ms, 0 inserts 0 updates 0 deletes
04-23 22:42:32.315  1636  2288 I MediaProvider: End Intent { act=android.intent.action.MEDIA_SCANNER_SCAN_FILE dat=file:///sdcard/screen_2026-04-23_224232.png flg=0x1400010 cmp=com.android.providers.media.module/com.android.providers.media.MediaService }
04-23 22:42:32.333  1636  1773 I MediaProvider: Deleted 1 items on external_primary due to com.android.shell
04-23 22:42:32.361  6863  6865 I cmd     : oneway function results will be dropped but finished with status OK and parcel size 4
04-23 22:42:32.410  6878  6880 I cmd     : oneway function results will be dropped but finished with status OK and parcel size 4
04-23 22:42:32.460  6893  6895 I cmd     : oneway function results will be dropped but finished with status OK and parcel size 4
04-23 22:42:32.510  6908  6910 I cmd     : oneway function results will be dropped but finished with status OK and parcel size 4
04-23 22:42:32.587  6920  6920 E libc    : Access denied finding property "persist.device_config.runtime_native_boot.profilebootclasspath"
04-23 22:42:32.587  6920  6920 E libc    : Access denied finding property "persist.device_config.runtime_native_boot.enable_apex_image"
04-23 22:42:32.587  6920  6920 I AndroidRuntime: Using default boot image
04-23 22:42:32.587  6920  6920 E libc    : Access denied finding property "persist.device_config.runtime_native_boot.disable_lock_profiling"
04-23 22:42:32.587  6920  6920 I AndroidRuntime: Leaving lock profiling enabled
04-23 22:42:32.588  6920  6920 E libc    : Access denied finding property "persist.device_config.runtime_native_boot.enable_generational_cc"
04-23 22:42:32.589  6920  6920 I app_process: Core platform API reporting enabled, enforcing=false
04-23 22:42:32.631  6920  6920 W app_process: Unexpected CPU variant for X86 using defaults: x86_64
04-23 22:42:32.632  6920  6920 I app_process: The ClassLoaderContext is a special shared library.
04-23 22:42:32.642  6920  6920 W app_process: JNI RegisterNativeMethods: attempt to register 0 native methods for android.media.AudioAttributes
04-23 22:42:32.861  2638  2638 I DatabaseHelper: Breed 2: Favorited false
04-23 22:42:34.370   159   159 I hwservicemanager: getTransport: Cannot find entry android.hardware.graphics.mapper@4.0::IMapper/default in either framework or device manifest.
04-23 22:42:34.370  6952  6952 I Gralloc4: mapper 4.x is not supported
04-23 22:42:34.406  1636  2288 I MediaProvider: Begin Intent { act=android.intent.action.MEDIA_SCANNER_SCAN_FILE dat=file:///sdcard/screen_2026-04-23_224235.png flg=0x1400010 cmp=com.android.providers.media.module/com.android.providers.media.MediaService }
04-23 22:42:34.400  1636  1636 W com.android.providers.media.module: type=1400 audit(0.0:580): avc: denied { read } for comm=4173796E635461736B202331 name="primary" dev="tmpfs" ino=29719 scontext=u:r:mediaprovider_app:s0:c123,c256,c512,c768 tcontext=u:object_r:mnt_pass_through_file:s0 tclass=lnk_file permissive=0 app=com.android.providers.media.module
04-23 22:42:34.597     0     0 W audit   : audit_lost=416 audit_rate_limit=5 audit_backlog_limit=64
04-23 22:42:34.607     0     0 E audit   : rate limit exceeded
04-23 22:42:34.425  1636  2288 W ModernMediaScanner: Failed to visit /sdcard/screen_2026-04-23_224235.png: java.nio.file.AccessDeniedException: /sdcard/screen_2026-04-23_224235.png
04-23 22:42:34.426  1636  2288 I MediaProvider: Scanned internal due to REASON_DEMAND, found 0 items in 20ms, 0 inserts 0 updates 0 deletes
04-23 22:42:34.427  1636  2288 I MediaProvider: End Intent { act=android.intent.action.MEDIA_SCANNER_SCAN_FILE dat=file:///sdcard/screen_2026-04-23_224235.png flg=0x1400010 cmp=com.android.providers.media.module/com.android.providers.media.MediaService }
04-23 22:42:34.400  1636  1636 W com.android.providers.media.module: type=1400 audit(0.0:581): avc: denied { read } for comm=4173796E635461736B202331 name="primary" dev="tmpfs" ino=29719 scontext=u:r:mediaprovider_app:s0:c123,c256,c512,c768 tcontext=u:object_r:mnt_pass_through_file:s0 tclass=lnk_file permissive=0 app=com.android.providers.media.module
04-23 22:42:34.489  1636  1774 I MediaProvider: Deleted 1 items on external_primary due to com.android.shell
04-23 22:42:34.517  6967  6969 I cmd     : oneway function results will be dropped but finished with status OK and parcel size 4
04-23 22:42:34.637   159   159 I hwservicemanager: getTransport: Cannot find entry android.hardware.graphics.mapper@4.0::IMapper/default in either framework or device manifest.
04-23 22:42:34.637  6989  6989 I Gralloc4: mapper 4.x is not supported
04-23 22:42:34.674  1636  2288 I MediaProvider: Begin Intent { act=android.intent.action.MEDIA_SCANNER_SCAN_FILE dat=file:///sdcard/screen_2026-04-23_224235.png flg=0x1400010 cmp=com.android.providers.media.module/com.android.providers.media.MediaService }
04-23 22:42:34.675  1636  2288 W ModernMediaScanner: Failed to visit /sdcard/screen_2026-04-23_224235.png: java.nio.file.AccessDeniedException: /sdcard/screen_2026-04-23_224235.png
04-23 22:42:34.679  1636  2288 I MediaProvider: Scanned internal due to REASON_DEMAND, found 0 items in 4ms, 0 inserts 0 updates 0 deletes
04-23 22:42:34.680  1636  2288 I MediaProvider: End Intent { act=android.intent.action.MEDIA_SCANNER_SCAN_FILE dat=file:///sdcard/screen_2026-04-23_224235.png flg=0x1400010 cmp=com.android.providers.media.module/com.android.providers.media.MediaService }
04-23 22:42:34.741  1636  3008 I MediaProvider: Deleted 1 items on external_primary due to com.android.shell
04-23 22:42:34.769  7006  7008 I cmd     : oneway function results will be dropped but finished with status OK and parcel size 4
04-23 22:42:34.895   159   159 I hwservicemanager: getTransport: Cannot find entry android.hardware.graphics.mapper@4.0::IMapper/default in either framework or device manifest.
04-23 22:42:34.895  7028  7028 I Gralloc4: mapper 4.x is not supported
04-23 22:42:34.933  7032  7034 I cmd     : oneway function results will be dropped but finished with status OK and parcel size 4
04-23 22:42:34.933  1636  2288 I MediaProvider: Begin Intent { act=android.intent.action.MEDIA_SCANNER_SCAN_FILE dat=file:///sdcard/screen_2026-04-23_224235.png flg=0x1400010 cmp=com.android.providers.media.module/com.android.providers.media.MediaService }
04-23 22:42:34.934  1636  2288 W ModernMediaScanner: Failed to visit /sdcard/screen_2026-04-23_224235.png: java.nio.file.AccessDeniedException: /sdcard/screen_2026-04-23_224235.png
04-23 22:42:34.935  1636  2288 I MediaProvider: Scanned internal due to REASON_DEMAND, found 0 items in 1ms, 0 inserts 0 updates 0 deletes
04-23 22:42:34.939  1636  2288 I MediaProvider: End Intent { act=android.intent.action.MEDIA_SCANNER_SCAN_FILE dat=file:///sdcard/screen_2026-04-23_224235.png flg=0x1400010 cmp=com.android.providers.media.module/com.android.providers.media.MediaService }
04-23 22:42:34.957  1636  1773 I MediaProvider: Deleted 1 items on external_primary due to com.android.shell
04-23 22:42:34.983  7043  7045 I cmd     : oneway function results will be dropped but finished with status OK and parcel size 4
04-23 22:42:35.033  7058  7060 I cmd     : oneway function results will be dropped but finished with status OK and parcel size 4
04-23 22:42:35.083  7073  7075 I cmd     : oneway function results will be dropped but finished with status OK and parcel size 4
04-23 22:42:35.134  7088  7090 I cmd     : oneway function results will be dropped but finished with status OK and parcel size 4
04-23 22:42:35.214  7100  7100 E libc    : Access denied finding property "persist.device_config.runtime_native_boot.profilebootclasspath"
04-23 22:42:35.214  7100  7100 E libc    : Access denied finding property "persist.device_config.runtime_native_boot.enable_apex_image"
04-23 22:42:35.214  7100  7100 I AndroidRuntime: Using default boot image
04-23 22:42:35.214  7100  7100 E libc    : Access denied finding property "persist.device_config.runtime_native_boot.disable_lock_profiling"
04-23 22:42:35.214  7100  7100 I AndroidRuntime: Leaving lock profiling enabled
04-23 22:42:35.214  7100  7100 E libc    : Access denied finding property "persist.device_config.runtime_native_boot.enable_generational_cc"
04-23 22:42:35.215  7100  7100 I app_process: Core platform API reporting enabled, enforcing=false
04-23 22:42:35.254  7100  7100 W app_process: Unexpected CPU variant for X86 using defaults: x86_64
04-23 22:42:35.255  7100  7100 I app_process: The ClassLoaderContext is a special shared library.
04-23 22:42:35.261  7100  7100 W app_process: JNI RegisterNativeMethods: attempt to register 0 native methods for android.media.AudioAttributes
04-23 22:42:35.478  2638  2638 I DatabaseHelper: Breed 3: Favorited false
04-23 22:42:36.984   159   159 I hwservicemanager: getTransport: Cannot find entry android.hardware.graphics.mapper@4.0::IMapper/default in either framework or device manifest.
04-23 22:42:36.984  7132  7132 I Gralloc4: mapper 4.x is not supported
04-23 22:42:37.019  1636  2288 I MediaProvider: Begin Intent { act=android.intent.action.MEDIA_SCANNER_SCAN_FILE dat=file:///sdcard/screen_2026-04-23_224237.png flg=0x1400010 cmp=com.android.providers.media.module/com.android.providers.media.MediaService }
04-23 22:42:37.016  1636  1636 W com.android.providers.media.module: type=1400 audit(0.0:602): avc: denied { read } for comm=4173796E635461736B202331 name="primary" dev="tmpfs" ino=29719 scontext=u:r:mediaprovider_app:s0:c123,c256,c512,c768 tcontext=u:object_r:mnt_pass_through_file:s0 tclass=lnk_file permissive=0 app=com.android.providers.media.module
04-23 22:42:37.211     0     0 W audit   : audit_lost=433 audit_rate_limit=5 audit_backlog_limit=64
04-23 22:42:37.220     0     0 E audit   : rate limit exceeded
04-23 22:42:37.016  1636  1636 W com.android.providers.media.module: type=1400 audit(0.0:603): avc: denied { read } for comm=4173796E635461736B202331 name="primary" dev="tmpfs" ino=29719 scontext=u:r:mediaprovider_app:s0:c123,c256,c512,c768 tcontext=u:object_r:mnt_pass_through_file:s0 tclass=lnk_file permissive=0 app=com.android.providers.media.module
04-23 22:42:37.037  1636  2288 W ModernMediaScanner: Failed to visit /sdcard/screen_2026-04-23_224237.png: java.nio.file.AccessDeniedException: /sdcard/screen_2026-04-23_224237.png
04-23 22:42:37.037  1636  2288 I MediaProvider: Scanned internal due to REASON_DEMAND, found 0 items in 18ms, 0 inserts 0 updates 0 deletes
04-23 22:42:37.038  1636  2288 I MediaProvider: End Intent { act=android.intent.action.MEDIA_SCANNER_SCAN_FILE dat=file:///sdcard/screen_2026-04-23_224237.png flg=0x1400010 cmp=com.android.providers.media.module/com.android.providers.media.MediaService }
04-23 22:42:37.016  1636  1636 W com.android.providers.media.module: type=1400 audit(0.0:604): avc: denied { read } for comm=4173796E635461736B202331 name="primary" dev="tmpfs" ino=29719 scontext=u:r:mediaprovider_app:s0:c123,c256,c512,c768 tcontext=u:object_r:mnt_pass_through_file:s0 tclass=lnk_file permissive=0 app=com.android.providers.media.module
04-23 22:42:37.072  1636  1774 I MediaProvider: Deleted 1 items on external_primary due to com.android.shell
04-23 22:42:37.099  7147  7149 I cmd     : oneway function results will be dropped but finished with status OK and parcel size 4
04-23 22:42:37.222   159   159 I hwservicemanager: getTransport: Cannot find entry android.hardware.graphics.mapper@4.0::IMapper/default in either framework or device manifest.
04-23 22:42:37.222  7169  7169 I Gralloc4: mapper 4.x is not supported
04-23 22:42:37.259  7173  7175 I cmd     : oneway function results will be dropped but finished with status OK and parcel size 4
04-23 22:42:37.259  1636  2288 I MediaProvider: Begin Intent { act=android.intent.action.MEDIA_SCANNER_SCAN_FILE dat=file:///sdcard/screen_2026-04-23_224237.png flg=0x1400010 cmp=com.android.providers.media.module/com.android.providers.media.MediaService }
04-23 22:42:37.260  1636  2288 W ModernMediaScanner: Failed to visit /sdcard/screen_2026-04-23_224237.png: java.nio.file.AccessDeniedException: /sdcard/screen_2026-04-23_224237.png
04-23 22:42:37.265  1636  2288 I MediaProvider: Scanned internal due to REASON_DEMAND, found 0 items in 1ms, 0 inserts 0 updates 0 deletes
04-23 22:42:37.266  1636  2288 I MediaProvider: End Intent { act=android.intent.action.MEDIA_SCANNER_SCAN_FILE dat=file:///sdcard/screen_2026-04-23_224237.png flg=0x1400010 cmp=com.android.providers.media.module/com.android.providers.media.MediaService }
04-23 22:42:37.284  1636  3008 I MediaProvider: Deleted 1 items on external_primary due to com.android.shell
04-23 22:42:37.311  7184  7186 I cmd     : oneway function results will be dropped but finished with status OK and parcel size 4
04-23 22:42:37.439   159   159 I hwservicemanager: getTransport: Cannot find entry android.hardware.graphics.mapper@4.0::IMapper/default in either framework or device manifest.
04-23 22:42:37.439  7206  7206 I Gralloc4: mapper 4.x is not supported
04-23 22:42:37.476  7210  7212 I cmd     : oneway function results will be dropped but finished with status OK and parcel size 4
04-23 22:42:37.477  1636  2288 I MediaProvider: Begin Intent { act=android.intent.action.MEDIA_SCANNER_SCAN_FILE dat=file:///sdcard/screen_2026-04-23_224238.png flg=0x1400010 cmp=com.android.providers.media.module/com.android.providers.media.MediaService }
04-23 22:42:37.479  1636  2288 W ModernMediaScanner: Failed to visit /sdcard/screen_2026-04-23_224238.png: java.nio.file.AccessDeniedException: /sdcard/screen_2026-04-23_224238.png
04-23 22:42:37.480  1636  2288 I MediaProvider: Scanned internal due to REASON_DEMAND, found 0 items in 2ms, 0 inserts 0 updates 0 deletes
04-23 22:42:37.481  1636  2288 I MediaProvider: End Intent { act=android.intent.action.MEDIA_SCANNER_SCAN_FILE dat=file:///sdcard/screen_2026-04-23_224238.png flg=0x1400010 cmp=com.android.providers.media.module/com.android.providers.media.MediaService }
04-23 22:42:37.501  1636  1773 I MediaProvider: Deleted 1 items on external_primary due to com.android.shell
04-23 22:42:37.528  7221  7223 I cmd     : oneway function results will be dropped but finished with status OK and parcel size 4
04-23 22:42:37.577  7236  7238 I cmd     : oneway function results will be dropped but finished with status OK and parcel size 4
04-23 22:42:37.625  7251  7253 I cmd     : oneway function results will be dropped but finished with status OK and parcel size 4
04-23 22:42:37.674  7266  7268 I cmd     : oneway function results will be dropped but finished with status OK and parcel size 4
04-23 22:42:37.757  7278  7278 E libc    : Access denied finding property "persist.device_config.runtime_native_boot.profilebootclasspath"
04-23 22:42:37.757  7278  7278 E libc    : Access denied finding property "persist.device_config.runtime_native_boot.enable_apex_image"
04-23 22:42:37.757  7278  7278 I AndroidRuntime: Using default boot image
04-23 22:42:37.757  7278  7278 E libc    : Access denied finding property "persist.device_config.runtime_native_boot.disable_lock_profiling"
04-23 22:42:37.757  7278  7278 I AndroidRuntime: Leaving lock profiling enabled
04-23 22:42:37.757  7278  7278 E libc    : Access denied finding property "persist.device_config.runtime_native_boot.enable_generational_cc"
04-23 22:42:37.758  7278  7278 I app_process: Core platform API reporting enabled, enforcing=false
04-23 22:42:37.813  7278  7278 W app_process: Unexpected CPU variant for X86 using defaults: x86_64
04-23 22:42:37.814  7278  7278 I app_process: The ClassLoaderContext is a special shared library.
04-23 22:42:37.821  7278  7278 W app_process: JNI RegisterNativeMethods: attempt to register 0 native methods for android.media.AudioAttributes
04-23 22:42:38.028  2638  2638 I DatabaseHelper: Breed 4: Favorited false
04-23 22:42:39.537   159   159 I hwservicemanager: getTransport: Cannot find entry android.hardware.graphics.mapper@4.0::IMapper/default in either framework or device manifest.
04-23 22:42:39.538  7310  7310 I Gralloc4: mapper 4.x is not supported
04-23 22:42:39.572  1636  2288 I MediaProvider: Begin Intent { act=android.intent.action.MEDIA_SCANNER_SCAN_FILE dat=file:///sdcard/screen_2026-04-23_224240.png flg=0x1400010 cmp=com.android.providers.media.module/com.android.providers.media.MediaService }
04-23 22:42:39.568  1636  1636 W com.android.providers.media.module: type=1400 audit(0.0:624): avc: denied { read } for comm=4173796E635461736B202331 name="primary" dev="tmpfs" ino=29719 scontext=u:r:mediaprovider_app:s0:c123,c256,c512,c768 tcontext=u:object_r:mnt_pass_through_file:s0 tclass=lnk_file permissive=0 app=com.android.providers.media.module
04-23 22:42:39.592  1636  2288 W ModernMediaScanner: Failed to visit /sdcard/screen_2026-04-23_224240.png: java.nio.file.AccessDeniedException: /sdcard/screen_2026-04-23_224240.png
04-23 22:42:39.592  1636  2288 I MediaProvider: Scanned internal due to REASON_DEMAND, found 0 items in 16ms, 0 inserts 0 updates 0 deletes
04-23 22:42:39.593  1636  2288 I MediaProvider: End Intent { act=android.intent.action.MEDIA_SCANNER_SCAN_FILE dat=file:///sdcard/screen_2026-04-23_224240.png flg=0x1400010 cmp=com.android.providers.media.module/com.android.providers.media.MediaService }
04-23 22:42:39.576  1636  1636 W com.android.providers.media.module: type=1400 audit(0.0:626): avc: denied { read } for comm=4173796E635461736B202331 name="primary" dev="tmpfs" ino=29719 scontext=u:r:mediaprovider_app:s0:c123,c256,c512,c768 tcontext=u:object_r:mnt_pass_through_file:s0 tclass=lnk_file permissive=0 app=com.android.providers.media.module
04-23 22:42:39.629  1636  1774 I MediaProvider: Deleted 1 items on external_primary due to com.android.shell
04-23 22:42:39.657  7325  7327 I cmd     : oneway function results will be dropped but finished with status OK and parcel size 4
04-23 22:42:39.783   159   159 I hwservicemanager: getTransport: Cannot find entry android.hardware.graphics.mapper@4.0::IMapper/default in either framework or device manifest.
04-23 22:42:39.783  7347  7347 I Gralloc4: mapper 4.x is not supported
04-23 22:42:39.820  1636  2288 I MediaProvider: Begin Intent { act=android.intent.action.MEDIA_SCANNER_SCAN_FILE dat=file:///sdcard/screen_2026-04-23_224240.png flg=0x1400010 cmp=com.android.providers.media.module/com.android.providers.media.MediaService }
04-23 22:42:39.821  1636  2288 W ModernMediaScanner: Failed to visit /sdcard/screen_2026-04-23_224240.png: java.nio.file.AccessDeniedException: /sdcard/screen_2026-04-23_224240.png
04-23 22:42:39.821  1636  2288 I MediaProvider: Scanned internal due to REASON_DEMAND, found 0 items in 1ms, 0 inserts 0 updates 0 deletes
04-23 22:42:39.823  7351  7355 I cmd     : oneway function results will be dropped but finished with status OK and parcel size 4
04-23 22:42:39.824  1636  2288 I MediaProvider: End Intent { act=android.intent.action.MEDIA_SCANNER_SCAN_FILE dat=file:///sdcard/screen_2026-04-23_224240.png flg=0x1400010 cmp=com.android.providers.media.module/com.android.providers.media.MediaService }
04-23 22:42:39.889  1636  3008 I MediaProvider: Deleted 1 items on external_primary due to com.android.shell
04-23 22:42:39.917  7364  7366 I cmd     : oneway function results will be dropped but finished with status OK and parcel size 4
04-23 22:42:40.035   159   159 I hwservicemanager: getTransport: Cannot find entry android.hardware.graphics.mapper@4.0::IMapper/default in either framework or device manifest.
04-23 22:42:40.035  7386  7386 I Gralloc4: mapper 4.x is not supported
04-23 22:42:40.070  7390  7392 I cmd     : oneway function results will be dropped but finished with status OK and parcel size 4
04-23 22:42:40.071  1636  2288 I MediaProvider: Begin Intent { act=android.intent.action.MEDIA_SCANNER_SCAN_FILE dat=file:///sdcard/screen_2026-04-23_224240.png flg=0x1400010 cmp=com.android.providers.media.module/com.android.providers.media.MediaService }
04-23 22:42:40.073  1636  2288 W ModernMediaScanner: Failed to visit /sdcard/screen_2026-04-23_224240.png: java.nio.file.AccessDeniedException: /sdcard/screen_2026-04-23_224240.png
04-23 22:42:40.074  1636  2288 I MediaProvider: Scanned internal due to REASON_DEMAND, found 0 items in 2ms, 0 inserts 0 updates 0 deletes
04-23 22:42:40.074  1636  2288 I MediaProvider: End Intent { act=android.intent.action.MEDIA_SCANNER_SCAN_FILE dat=file:///sdcard/screen_2026-04-23_224240.png flg=0x1400010 cmp=com.android.providers.media.module/com.android.providers.media.MediaService }
04-23 22:42:40.094  1636  1773 I MediaProvider: Deleted 1 items on external_primary due to com.android.shell
04-23 22:42:40.122  7401  7403 I cmd     : oneway function results will be dropped but finished with status OK and parcel size 4
04-23 22:42:40.171  7416  7418 I cmd     : oneway function results will be dropped but finished with status OK and parcel size 4
04-23 22:42:40.220  7431  7433 I cmd     : oneway function results will be dropped but finished with status OK and parcel size 4
04-23 22:42:40.270  7446  7448 I cmd     : oneway function results will be dropped but finished with status OK and parcel size 4
04-23 22:42:40.348  7458  7458 E libc    : Access denied finding property "persist.device_config.runtime_native_boot.profilebootclasspath"
04-23 22:42:40.348  7458  7458 E libc    : Access denied finding property "persist.device_config.runtime_native_boot.enable_apex_image"
04-23 22:42:40.348  7458  7458 I AndroidRuntime: Using default boot image
04-23 22:42:40.348  7458  7458 E libc    : Access denied finding property "persist.device_config.runtime_native_boot.disable_lock_profiling"
04-23 22:42:40.348  7458  7458 I AndroidRuntime: Leaving lock profiling enabled
04-23 22:42:40.348  7458  7458 E libc    : Access denied finding property "persist.device_config.runtime_native_boot.enable_generational_cc"
04-23 22:42:40.349  7458  7458 I app_process: Core platform API reporting enabled, enforcing=false
04-23 22:42:40.388  7458  7458 W app_process: Unexpected CPU variant for X86 using defaults: x86_64
04-23 22:42:40.389  7458  7458 I app_process: The ClassLoaderContext is a special shared library.
04-23 22:42:40.395  7458  7458 W app_process: JNI RegisterNativeMethods: attempt to register 0 native methods for android.media.AudioAttributes
04-23 22:42:40.611  2638  2638 I DatabaseHelper: Breed 5: Favorited false
04-23 22:42:42.130   159   159 I hwservicemanager: getTransport: Cannot find entry android.hardware.graphics.mapper@4.0::IMapper/default in either framework or device manifest.
04-23 22:42:42.130  7490  7490 I Gralloc4: mapper 4.x is not supported
04-23 22:42:42.167  1636  2288 I MediaProvider: Begin Intent { act=android.intent.action.MEDIA_SCANNER_SCAN_FILE dat=file:///sdcard/screen_2026-04-23_224242.png flg=0x1400010 cmp=com.android.providers.media.module/com.android.providers.media.MediaService }
04-23 22:42:42.160  1636  1636 W com.android.providers.media.module: type=1400 audit(0.0:646): avc: denied { read } for comm=4173796E635461736B202331 name="primary" dev="tmpfs" ino=29719 scontext=u:r:mediaprovider_app:s0:c123,c256,c512,c768 tcontext=u:object_r:mnt_pass_through_file:s0 tclass=lnk_file permissive=0 app=com.android.providers.media.module
04-23 22:42:42.188  1636  2288 W ModernMediaScanner: Failed to visit /sdcard/screen_2026-04-23_224242.png: java.nio.file.AccessDeniedException: /sdcard/screen_2026-04-23_224242.png
04-23 22:42:42.188  1636  2288 I MediaProvider: Scanned internal due to REASON_DEMAND, found 0 items in 18ms, 0 inserts 0 updates 0 deletes
04-23 22:42:42.189  1636  2288 I MediaProvider: End Intent { act=android.intent.action.MEDIA_SCANNER_SCAN_FILE dat=file:///sdcard/screen_2026-04-23_224242.png flg=0x1400010 cmp=com.android.providers.media.module/com.android.providers.media.MediaService }
04-23 22:42:42.164  1636  1636 W com.android.providers.media.module: type=1400 audit(0.0:648): avc: denied { read } for comm=4173796E635461736B202331 name="primary" dev="tmpfs" ino=29719 scontext=u:r:mediaprovider_app:s0:c123,c256,c512,c768 tcontext=u:object_r:mnt_pass_through_file:s0 tclass=lnk_file permissive=0 app=com.android.providers.media.module
04-23 22:42:42.209  1636  1774 I MediaProvider: Deleted 1 items on external_primary due to com.android.shell
04-23 22:42:42.164  1636  1636 W com.android.providers.media.module: type=1400 audit(0.0:650): avc: denied { read } for comm=4173796E635461736B202331 name="primary" dev="tmpfs" ino=29719 scontext=u:r:mediaprovider_app:s0:c123,c256,c512,c768 tcontext=u:object_r:mnt_pass_through_file:s0 tclass=lnk_file permissive=0 app=com.android.providers.media.module
04-23 22:42:42.240  7505  7507 I cmd     : oneway function results will be dropped but finished with status OK and parcel size 4
04-23 22:42:42.365   159   159 I hwservicemanager: getTransport: Cannot find entry android.hardware.graphics.mapper@4.0::IMapper/default in either framework or device manifest.
04-23 22:42:42.365  7527  7527 I Gralloc4: mapper 4.x is not supported
04-23 22:42:42.400  7531  7533 I cmd     : oneway function results will be dropped but finished with status OK and parcel size 4
04-23 22:42:42.401  1636  2288 I MediaProvider: Begin Intent { act=android.intent.action.MEDIA_SCANNER_SCAN_FILE dat=file:///sdcard/screen_2026-04-23_224243.png flg=0x1400010 cmp=com.android.providers.media.module/com.android.providers.media.MediaService }
04-23 22:42:42.402  1636  2288 W ModernMediaScanner: Failed to visit /sdcard/screen_2026-04-23_224243.png: java.nio.file.AccessDeniedException: /sdcard/screen_2026-04-23_224243.png
04-23 22:42:42.402  1636  2288 I MediaProvider: Scanned internal due to REASON_DEMAND, found 0 items in 1ms, 0 inserts 0 updates 0 deletes
