04-23 22:41:34.014  2820  2822 I cmd     : oneway function results will be dropped but finished with status OK and parcel size 4
04-23 22:41:34.324  2875  2875 E libc    : Access denied finding property "persist.device_config.runtime_native_boot.profilebootclasspath"
04-23 22:41:34.324  2875  2875 E libc    : Access denied finding property "persist.device_config.runtime_native_boot.enable_apex_image"
04-23 22:41:34.324  2875  2875 I AndroidRuntime: Using default boot image
04-23 22:41:34.324  2875  2875 E libc    : Access denied finding property "persist.device_config.runtime_native_boot.disable_lock_profiling"
04-23 22:41:34.324  2875  2875 I AndroidRuntime: Leaving lock profiling enabled
04-23 22:41:34.324  2875  2875 E libc    : Access denied finding property "persist.device_config.runtime_native_boot.enable_generational_cc"
04-23 22:41:34.325  2875  2875 I app_process: Core platform API reporting enabled, enforcing=false
04-23 22:41:34.320  2875  2875 W app_process: type=1400 audit(0.0:92): avc: denied { read } for name="u:object_r:device_config_runtime_native_boot_prop:s0" dev="tmpfs" ino=512 scontext=u:r:shell:s0 tcontext=u:object_r:device_config_runtime_native_boot_prop:s0 tclass=file permissive=0
04-23 22:41:34.389  2875  2875 W app_process: Unexpected CPU variant for X86 using defaults: x86_64
04-23 22:41:34.389  2875  2875 I app_process: The ClassLoaderContext is a special shared library.
04-23 22:41:34.320  2875  2875 W app_process: type=1400 audit(0.0:95): avc: denied { read } for name="u:object_r:device_config_runtime_native_boot_prop:s0" dev="tmpfs" ino=512 scontext=u:r:shell:s0 tcontext=u:object_r:device_config_runtime_native_boot_prop:s0 tclass=file permissive=0
04-23 22:41:34.398  2875  2875 W app_process: JNI RegisterNativeMethods: attempt to register 0 native methods for android.media.AudioAttributes
04-23 22:41:34.613  2638  2638 I DatabaseHelper: Breed 1: Favorited true
04-23 22:41:34.753   503  1463 E TaskPersister: File error accessing recents directory (directory doesn't exist?).
04-23 22:41:34.780  2237  2237 E AccessibilityInteractionClient: 2 Disconnected nodes.
04-23 22:41:36.123   159   159 I hwservicemanager: getTransport: Cannot find entry android.hardware.graphics.mapper@4.0::IMapper/default in either framework or device manifest.
04-23 22:41:36.123  2927  2927 I Gralloc4: mapper 4.x is not supported
04-23 22:41:36.161  2931  2933 I cmd     : oneway function results will be dropped but finished with status OK and parcel size 4
04-23 22:41:36.162  1636  2288 I MediaProvider: Begin Intent { act=android.intent.action.MEDIA_SCANNER_SCAN_FILE dat=file:///sdcard/screen_2026-04-23_224136.png flg=0x1400010 cmp=com.android.providers.media.module/com.android.providers.media.MediaService }
04-23 22:41:36.167  1636  2288 W ModernMediaScanner: Failed to visit /sdcard/screen_2026-04-23_224136.png: java.nio.file.AccessDeniedException: /sdcard/screen_2026-04-23_224136.png
04-23 22:41:36.168  1636  2288 I MediaProvider: Scanned internal due to REASON_DEMAND, found 0 items in 0ms, 0 inserts 0 updates 0 deletes
04-23 22:41:36.168  1636  2288 I MediaProvider: End Intent { act=android.intent.action.MEDIA_SCANNER_SCAN_FILE dat=file:///sdcard/screen_2026-04-23_224136.png flg=0x1400010 cmp=com.android.providers.media.module/com.android.providers.media.MediaService }
04-23 22:41:36.156  1636  1636 W com.android.providers.media.module: type=1400 audit(0.0:96): avc: denied { read } for comm=4173796E635461736B202331 name="primary" dev="tmpfs" ino=29719 scontext=u:r:mediaprovider_app:s0:c123,c256,c512,c768 tcontext=u:object_r:mnt_pass_through_file:s0 tclass=lnk_file permissive=0 app=com.android.providers.media.module
04-23 22:41:36.164  1636  1636 I chatty  : uid=10123(com.android.providers.media.module) identical 4 lines
04-23 22:41:36.164  1636  1636 W com.android.providers.media.module: type=1400 audit(0.0:101): avc: denied { read } for comm=4173796E635461736B202331 name="primary" dev="tmpfs" ino=29719 scontext=u:r:mediaprovider_app:s0:c123,c256,c512,c768 tcontext=u:object_r:mnt_pass_through_file:s0 tclass=lnk_file permissive=0 app=com.android.providers.media.module
04-23 22:41:36.232  1636  1773 I MediaProvider: Deleted 1 items on external_primary due to com.android.shell
04-23 22:41:36.396   159   159 I hwservicemanager: getTransport: Cannot find entry android.hardware.graphics.mapper@4.0::IMapper/default in either framework or device manifest.
04-23 22:41:36.396  2964  2964 I Gralloc4: mapper 4.x is not supported
04-23 22:41:36.434  1636  2288 I MediaProvider: Begin Intent { act=android.intent.action.MEDIA_SCANNER_SCAN_FILE dat=file:///sdcard/screen_2026-04-23_224137.png flg=0x1400010 cmp=com.android.providers.media.module/com.android.providers.media.MediaService }
04-23 22:41:36.625     0     0 W audit   : audit_lost=43 audit_rate_limit=5 audit_backlog_limit=64
04-23 22:41:36.627     0     0 E audit   : rate limit exceeded
04-23 22:41:36.439  1636  2288 W ModernMediaScanner: Failed to visit /sdcard/screen_2026-04-23_224137.png: java.nio.file.AccessDeniedException: /sdcard/screen_2026-04-23_224137.png
04-23 22:41:36.439  1636  2288 I MediaProvider: Scanned internal due to REASON_DEMAND, found 0 items in 1ms, 0 inserts 0 updates 0 deletes
04-23 22:41:36.440  1636  2288 I MediaProvider: End Intent { act=android.intent.action.MEDIA_SCANNER_SCAN_FILE dat=file:///sdcard/screen_2026-04-23_224137.png flg=0x1400010 cmp=com.android.providers.media.module/com.android.providers.media.MediaService }
04-23 22:41:36.457  1636  1774 I MediaProvider: Deleted 1 items on external_primary due to com.android.shell
04-23 22:41:36.485  2979  2981 I cmd     : oneway function results will be dropped but finished with status OK and parcel size 4
04-23 22:41:36.608   159   159 I hwservicemanager: getTransport: Cannot find entry android.hardware.graphics.mapper@4.0::IMapper/default in either framework or device manifest.
04-23 22:41:36.609  3001  3001 I Gralloc4: mapper 4.x is not supported
04-23 22:41:36.646  1636  2288 I MediaProvider: Begin Intent { act=android.intent.action.MEDIA_SCANNER_SCAN_FILE dat=file:///sdcard/screen_2026-04-23_224137.png flg=0x1400010 cmp=com.android.providers.media.module/com.android.providers.media.MediaService }
04-23 22:41:36.650  1636  2288 W ModernMediaScanner: Failed to visit /sdcard/screen_2026-04-23_224137.png: java.nio.file.AccessDeniedException: /sdcard/screen_2026-04-23_224137.png
04-23 22:41:36.650  1636  2288 I MediaProvider: Scanned internal due to REASON_DEMAND, found 0 items in 1ms, 0 inserts 0 updates 0 deletes
04-23 22:41:36.651  1636  2288 I MediaProvider: End Intent { act=android.intent.action.MEDIA_SCANNER_SCAN_FILE dat=file:///sdcard/screen_2026-04-23_224137.png flg=0x1400010 cmp=com.android.providers.media.module/com.android.providers.media.MediaService }
04-23 22:41:36.668  1636  1774 I MediaProvider: Deleted 1 items on external_primary due to com.android.shell
04-23 22:41:36.697  3017  3019 I cmd     : oneway function results will be dropped but finished with status OK and parcel size 4
04-23 22:41:36.706   406   406 I perfetto: probes_producer.cc:329  Producer stop (id=5)
04-23 22:41:36.707   410   410 I perfetto: ng_service_impl.cc:1948 Tracing session 5 ended, total sessions:0
04-23 22:41:36.708   406   406 I perfetto: ftrace_procfs.cc:183    disabled ftrace
04-23 22:41:36.897     0     0 W perfetto: disabled ftrace
04-23 22:41:36.719   418  2634 I iorapd  : Perfetto TraceBuffer saved to file: /data/misc/iorapd/co.touchlab.kampkit/1/co.touchlab.kampkit.android.MainActivity/raw_traces/1776984096719012982.perfetto_trace.pb
04-23 22:41:36.753  3032  3034 I cmd     : oneway function results will be dropped but finished with status OK and parcel size 4
04-23 22:41:36.801  3047  3049 I cmd     : oneway function results will be dropped but finished with status OK and parcel size 4
04-23 22:41:36.850  3062  3064 I cmd     : oneway function results will be dropped but finished with status OK and parcel size 4
04-23 22:41:36.927  3074  3074 E libc    : Access denied finding property "persist.device_config.runtime_native_boot.profilebootclasspath"
04-23 22:41:36.928  3074  3074 E libc    : Access denied finding property "persist.device_config.runtime_native_boot.enable_apex_image"
04-23 22:41:36.928  3074  3074 I AndroidRuntime: Using default boot image
04-23 22:41:36.928  3074  3074 E libc    : Access denied finding property "persist.device_config.runtime_native_boot.disable_lock_profiling"
04-23 22:41:36.928  3074  3074 I AndroidRuntime: Leaving lock profiling enabled
04-23 22:41:36.928  3074  3074 E libc    : Access denied finding property "persist.device_config.runtime_native_boot.enable_generational_cc"
04-23 22:41:36.929  3074  3074 I app_process: Core platform API reporting enabled, enforcing=false
04-23 22:41:36.968  3074  3074 W app_process: Unexpected CPU variant for X86 using defaults: x86_64
04-23 22:41:36.969  3074  3074 I app_process: The ClassLoaderContext is a special shared library.
04-23 22:41:36.975  3074  3074 W app_process: JNI RegisterNativeMethods: attempt to register 0 native methods for android.media.AudioAttributes
04-23 22:41:37.195  2638  2638 I DatabaseHelper: Breed 1: Favorited false
04-23 22:41:38.711   159   159 I hwservicemanager: getTransport: Cannot find entry android.hardware.graphics.mapper@4.0::IMapper/default in either framework or device manifest.
04-23 22:41:38.711  3107  3107 I Gralloc4: mapper 4.x is not supported
04-23 22:41:38.750  3111  3113 I cmd     : oneway function results will be dropped but finished with status OK and parcel size 4
04-23 22:41:38.750  1636  2288 I MediaProvider: Begin Intent { act=android.intent.action.MEDIA_SCANNER_SCAN_FILE dat=file:///sdcard/screen_2026-04-23_224139.png flg=0x1400010 cmp=com.android.providers.media.module/com.android.providers.media.MediaService }
04-23 22:41:38.744  1636  1636 W com.android.providers.media.module: type=1400 audit(0.0:118): avc: denied { read } for comm=4173796E635461736B202331 name="primary" dev="tmpfs" ino=29719 scontext=u:r:mediaprovider_app:s0:c123,c256,c512,c768 tcontext=u:object_r:mnt_pass_through_file:s0 tclass=lnk_file permissive=0 app=com.android.providers.media.module
04-23 22:41:38.942     0     0 W audit   : audit_lost=59 audit_rate_limit=5 audit_backlog_limit=64
04-23 22:41:38.952     0     0 E audit   : rate limit exceeded
04-23 22:41:38.744  1636  1636 W com.android.providers.media.module: type=1400 audit(0.0:119): avc: denied { read } for comm=4173796E635461736B202331 name="primary" dev="tmpfs" ino=29719 scontext=u:r:mediaprovider_app:s0:c123,c256,c512,c768 tcontext=u:object_r:mnt_pass_through_file:s0 tclass=lnk_file permissive=0 app=com.android.providers.media.module
04-23 22:41:38.769  1636  2288 W ModernMediaScanner: Failed to visit /sdcard/screen_2026-04-23_224139.png: java.nio.file.AccessDeniedException: /sdcard/screen_2026-04-23_224139.png
04-23 22:41:38.770  1636  2288 I MediaProvider: Scanned internal due to REASON_DEMAND, found 0 items in 19ms, 0 inserts 0 updates 0 deletes
04-23 22:41:38.771  1636  2288 I MediaProvider: End Intent { act=android.intent.action.MEDIA_SCANNER_SCAN_FILE dat=file:///sdcard/screen_2026-04-23_224139.png flg=0x1400010 cmp=com.android.providers.media.module/com.android.providers.media.MediaService }
04-23 22:41:38.744  1636  1636 W com.android.providers.media.module: type=1400 audit(0.0:120): avc: denied { read } for comm=4173796E635461736B202331 name="primary" dev="tmpfs" ino=29719 scontext=u:r:mediaprovider_app:s0:c123,c256,c512,c768 tcontext=u:object_r:mnt_pass_through_file:s0 tclass=lnk_file permissive=0 app=com.android.providers.media.module
04-23 22:41:38.748  1636  1636 I chatty  : uid=10123(com.android.providers.media.module) identical 1 line
04-23 22:41:38.748  1636  1636 W com.android.providers.media.module: type=1400 audit(0.0:122): avc: denied { read } for comm=4173796E635461736B202331 name="primary" dev="tmpfs" ino=29719 scontext=u:r:mediaprovider_app:s0:c123,c256,c512,c768 tcontext=u:object_r:mnt_pass_through_file:s0 tclass=lnk_file permissive=0 app=com.android.providers.media.module
04-23 22:41:38.838  1636  3008 I MediaProvider: Deleted 1 items on external_primary due to com.android.shell
04-23 22:41:38.866  3122  3124 I cmd     : oneway function results will be dropped but finished with status OK and parcel size 4
04-23 22:41:38.989   159   159 I hwservicemanager: getTransport: Cannot find entry android.hardware.graphics.mapper@4.0::IMapper/default in either framework or device manifest.
04-23 22:41:38.990  3144  3144 I Gralloc4: mapper 4.x is not supported
04-23 22:41:39.027  3148  3150 I cmd     : oneway function results will be dropped but finished with status OK and parcel size 4
04-23 22:41:39.027  1636  2288 I MediaProvider: Begin Intent { act=android.intent.action.MEDIA_SCANNER_SCAN_FILE dat=file:///sdcard/screen_2026-04-23_224139.png flg=0x1400010 cmp=com.android.providers.media.module/com.android.providers.media.MediaService }
04-23 22:41:39.028  1636  2288 W ModernMediaScanner: Failed to visit /sdcard/screen_2026-04-23_224139.png: java.nio.file.AccessDeniedException: /sdcard/screen_2026-04-23_224139.png
04-23 22:41:39.029  1636  2288 I MediaProvider: Scanned internal due to REASON_DEMAND, found 0 items in 1ms, 0 inserts 0 updates 0 deletes
04-23 22:41:39.029  1636  2288 I MediaProvider: End Intent { act=android.intent.action.MEDIA_SCANNER_SCAN_FILE dat=file:///sdcard/screen_2026-04-23_224139.png flg=0x1400010 cmp=com.android.providers.media.module/com.android.providers.media.MediaService }
04-23 22:41:39.050  1636  1773 I MediaProvider: Deleted 1 items on external_primary due to com.android.shell
04-23 22:41:39.204   159   159 I hwservicemanager: getTransport: Cannot find entry android.hardware.graphics.mapper@4.0::IMapper/default in either framework or device manifest.
04-23 22:41:39.205  3183  3183 I Gralloc4: mapper 4.x is not supported
04-23 22:41:39.242  1636  2288 I MediaProvider: Begin Intent { act=android.intent.action.MEDIA_SCANNER_SCAN_FILE dat=file:///sdcard/screen_2026-04-23_224139.png flg=0x1400010 cmp=com.android.providers.media.module/com.android.providers.media.MediaService }
04-23 22:41:39.242  3187  3189 I cmd     : oneway function results will be dropped but finished with status OK and parcel size 4
04-23 22:41:39.243  1636  2288 W ModernMediaScanner: Failed to visit /sdcard/screen_2026-04-23_224139.png: java.nio.file.AccessDeniedException: /sdcard/screen_2026-04-23_224139.png
04-23 22:41:39.243  1636  2288 I MediaProvider: Scanned internal due to REASON_DEMAND, found 0 items in 1ms, 0 inserts 0 updates 0 deletes
04-23 22:41:39.245  1636  2288 I MediaProvider: End Intent { act=android.intent.action.MEDIA_SCANNER_SCAN_FILE dat=file:///sdcard/screen_2026-04-23_224139.png flg=0x1400010 cmp=com.android.providers.media.module/com.android.providers.media.MediaService }
04-23 22:41:39.265  1636  1774 I MediaProvider: Deleted 1 items on external_primary due to com.android.shell
04-23 22:41:39.292  3198  3200 I cmd     : oneway function results will be dropped but finished with status OK and parcel size 4
04-23 22:41:39.342  3213  3215 I cmd     : oneway function results will be dropped but finished with status OK and parcel size 4
04-23 22:41:39.391  3228  3230 I cmd     : oneway function results will be dropped but finished with status OK and parcel size 4
04-23 22:41:39.439  3243  3245 I cmd     : oneway function results will be dropped but finished with status OK and parcel size 4
04-23 22:41:39.519  3255  3255 E libc    : Access denied finding property "persist.device_config.runtime_native_boot.profilebootclasspath"
04-23 22:41:39.519  3255  3255 E libc    : Access denied finding property "persist.device_config.runtime_native_boot.enable_apex_image"
04-23 22:41:39.519  3255  3255 I AndroidRuntime: Using default boot image
04-23 22:41:39.519  3255  3255 E libc    : Access denied finding property "persist.device_config.runtime_native_boot.disable_lock_profiling"
04-23 22:41:39.519  3255  3255 I AndroidRuntime: Leaving lock profiling enabled
04-23 22:41:39.519  3255  3255 E libc    : Access denied finding property "persist.device_config.runtime_native_boot.enable_generational_cc"
04-23 22:41:39.521  3255  3255 I app_process: Core platform API reporting enabled, enforcing=false
04-23 22:41:39.561  3255  3255 W app_process: Unexpected CPU variant for X86 using defaults: x86_64
04-23 22:41:39.562  3255  3255 I app_process: The ClassLoaderContext is a special shared library.
04-23 22:41:39.569  3255  3255 W app_process: JNI RegisterNativeMethods: attempt to register 0 native methods for android.media.AudioAttributes
04-23 22:41:39.779  2638  2638 I DatabaseHelper: Breed 2: Favorited true
04-23 22:41:39.787   158   158 I BpBinder: onLastStrongRef automatically unlinking death recipients: <uncached descriptor>
04-23 22:41:39.975     0     0 I AidlLazyServiceRegistrar: Trying to shut down the service. No clients in use for any service in process.
04-23 22:41:39.978     0     0 I AidlLazyServiceRegistrar: Unregistered all clients and exiting
04-23 22:41:39.981     0     0 I init    : Service 'apexd' (pid 214) exited with status 0 oneshot service took 30.819000 seconds in background
04-23 22:41:39.984     0     0 I init    : Sending signal 9 to service 'apexd' (pid 214) process group...
04-23 22:41:39.986     0     0 I libprocessgroup: Successfully killed process cgroup uid 0 pid 214 in 0ms
04-23 22:41:39.846  2237  2237 E AccessibilityInteractionClient: 3 Disconnected nodes.
04-23 22:41:40.180   503   546 I ActivityManager: Start proc 3276:com.android.cellbroadcastreceiver.module/u0a122 for broadcast {com.android.cellbroadcastreceiver.module/com.android.cellbroadcastreceiver.CellBroadcastReceiver}
04-23 22:41:40.185  3276  3276 W receiver.modul: Unexpected CPU variant for X86 using defaults: x86_64
04-23 22:41:40.194  1045  1045 I Telephony: isRttCurrentlySupported -- regular acct, hasVoiceAvailability: false
04-23 22:41:40.194  1045  1045 I Telephony:  isRttSupported: false
04-23 22:41:40.194  1045  1045 I Telephony:  isRoaming: false
04-23 22:41:40.194  1045  1045 I Telephony:  isOnWfc: false
04-23 22:41:40.195   392   402 I adbd    : jdwp connection from 3276
04-23 22:41:40.221   503  1606 I ActivityManager: Killing 1999:com.android.contacts/u0a98 (adj 985): empty #17
04-23 22:41:40.226   280   280 I Zygote  : Process 1999 exited due to signal 9 (Killed)
04-23 22:41:40.251   503   547 I libprocessgroup: Successfully killed process cgroup uid 10098 pid 1999 in 29ms
04-23 22:41:41.303   159   159 I hwservicemanager: getTransport: Cannot find entry android.hardware.graphics.mapper@4.0::IMapper/default in either framework or device manifest.
04-23 22:41:41.303  3311  3311 I Gralloc4: mapper 4.x is not supported
04-23 22:41:41.340  3315  3317 I cmd     : oneway function results will be dropped but finished with status OK and parcel size 4
04-23 22:41:41.342  1636  2288 I MediaProvider: Begin Intent { act=android.intent.action.MEDIA_SCANNER_SCAN_FILE dat=file:///sdcard/screen_2026-04-23_224141.png flg=0x1400010 cmp=com.android.providers.media.module/com.android.providers.media.MediaService }
04-23 22:41:41.336  1636  1636 W com.android.providers.media.module: type=1400 audit(0.0:140): avc: denied { read } for comm=4173796E635461736B202331 name="primary" dev="tmpfs" ino=29719 scontext=u:r:mediaprovider_app:s0:c123,c256,c512,c768 tcontext=u:object_r:mnt_pass_through_file:s0 tclass=lnk_file permissive=0 app=com.android.providers.media.module
04-23 22:41:41.543     0     0 W audit   : audit_lost=76 audit_rate_limit=5 audit_backlog_limit=64
04-23 22:41:41.552     0     0 E audit   : rate limit exceeded
04-23 22:41:41.348  1636  1636 W com.android.providers.media.module: type=1400 audit(0.0:141): avc: denied { read } for comm=4173796E635461736B202331 name="primary" dev="tmpfs" ino=29719 scontext=u:r:mediaprovider_app:s0:c123,c256,c512,c768 tcontext=u:object_r:mnt_pass_through_file:s0 tclass=lnk_file permissive=0 app=com.android.providers.media.module
04-23 22:41:41.370  1636  2288 W ModernMediaScanner: Failed to visit /sdcard/screen_2026-04-23_224141.png: java.nio.file.AccessDeniedException: /sdcard/screen_2026-04-23_224141.png
04-23 22:41:41.371  1636  2288 I MediaProvider: Scanned internal due to REASON_DEMAND, found 0 items in 19ms, 0 inserts 0 updates 0 deletes
04-23 22:41:41.372  1636  2288 I MediaProvider: End Intent { act=android.intent.action.MEDIA_SCANNER_SCAN_FILE dat=file:///sdcard/screen_2026-04-23_224141.png flg=0x1400010 cmp=com.android.providers.media.module/com.android.providers.media.MediaService }
04-23 22:41:41.348  1636  1636 W com.android.providers.media.module: type=1400 audit(0.0:142): avc: denied { read } for comm=4173796E635461736B202331 name="primary" dev="tmpfs" ino=29719 scontext=u:r:mediaprovider_app:s0:c123,c256,c512,c768 tcontext=u:object_r:mnt_pass_through_file:s0 tclass=lnk_file permissive=0 app=com.android.providers.media.module
04-23 22:41:41.431  1636  3008 I MediaProvider: Deleted 1 items on external_primary due to com.android.shell
04-23 22:41:41.462  3326  3328 I cmd     : oneway function results will be dropped but finished with status OK and parcel size 4
04-23 22:41:41.588   159   159 I hwservicemanager: getTransport: Cannot find entry android.hardware.graphics.mapper@4.0::IMapper/default in either framework or device manifest.
04-23 22:41:41.588  3348  3348 I Gralloc4: mapper 4.x is not supported
04-23 22:41:41.625  3352  3354 I cmd     : oneway function results will be dropped but finished with status OK and parcel size 4
04-23 22:41:41.628  1636  2288 I MediaProvider: Begin Intent { act=android.intent.action.MEDIA_SCANNER_SCAN_FILE dat=file:///sdcard/screen_2026-04-23_224142.png flg=0x1400010 cmp=com.android.providers.media.module/com.android.providers.media.MediaService }
04-23 22:41:41.628  1636  2288 W ModernMediaScanner: Failed to visit /sdcard/screen_2026-04-23_224142.png: java.nio.file.AccessDeniedException: /sdcard/screen_2026-04-23_224142.png
04-23 22:41:41.629  1636  2288 I MediaProvider: Scanned internal due to REASON_DEMAND, found 0 items in 1ms, 0 inserts 0 updates 0 deletes
04-23 22:41:41.629  1636  2288 I MediaProvider: End Intent { act=android.intent.action.MEDIA_SCANNER_SCAN_FILE dat=file:///sdcard/screen_2026-04-23_224142.png flg=0x1400010 cmp=com.android.providers.media.module/com.android.providers.media.MediaService }
04-23 22:41:41.649  1636  1773 I MediaProvider: Deleted 1 items on external_primary due to com.android.shell
04-23 22:41:41.677  3363  3365 I cmd     : oneway function results will be dropped but finished with status OK and parcel size 4
04-23 22:41:41.796   159   159 I hwservicemanager: getTransport: Cannot find entry android.hardware.graphics.mapper@4.0::IMapper/default in either framework or device manifest.
04-23 22:41:41.796  3385  3385 I Gralloc4: mapper 4.x is not supported
04-23 22:41:41.833  3389  3391 I cmd     : oneway function results will be dropped but finished with status OK and parcel size 4
04-23 22:41:41.836  1636  2288 I MediaProvider: Begin Intent { act=android.intent.action.MEDIA_SCANNER_SCAN_FILE dat=file:///sdcard/screen_2026-04-23_224142.png flg=0x1400010 cmp=com.android.providers.media.module/com.android.providers.media.MediaService }
04-23 22:41:41.837  1636  2288 W ModernMediaScanner: Failed to visit /sdcard/screen_2026-04-23_224142.png: java.nio.file.AccessDeniedException: /sdcard/screen_2026-04-23_224142.png
04-23 22:41:41.837  1636  2288 I MediaProvider: Scanned internal due to REASON_DEMAND, found 0 items in 1ms, 0 inserts 0 updates 0 deletes
04-23 22:41:41.838  1636  2288 I MediaProvider: End Intent { act=android.intent.action.MEDIA_SCANNER_SCAN_FILE dat=file:///sdcard/screen_2026-04-23_224142.png flg=0x1400010 cmp=com.android.providers.media.module/com.android.providers.media.MediaService }
04-23 22:41:41.858  1636  1774 I MediaProvider: Deleted 1 items on external_primary due to com.android.shell
04-23 22:41:41.886  3400  3402 I cmd     : oneway function results will be dropped but finished with status OK and parcel size 4
04-23 22:41:41.935  3415  3417 I cmd     : oneway function results will be dropped but finished with status OK and parcel size 4
04-23 22:41:41.983  3430  3432 I cmd     : oneway function results will be dropped but finished with status OK and parcel size 4
04-23 22:41:42.032  3445  3447 I cmd     : oneway function results will be dropped but finished with status OK and parcel size 4
04-23 22:41:42.100   503  1002 I ActivityManager: Killing 1234:com.android.deskclock/u0a103 (adj 975): empty #17
04-23 22:41:42.110  3457  3457 E libc    : Access denied finding property "persist.device_config.runtime_native_boot.profilebootclasspath"
04-23 22:41:42.110  3457  3457 E libc    : Access denied finding property "persist.device_config.runtime_native_boot.enable_apex_image"
04-23 22:41:42.110  3457  3457 I AndroidRuntime: Using default boot image
04-23 22:41:42.110  3457  3457 E libc    : Access denied finding property "persist.device_config.runtime_native_boot.disable_lock_profiling"
04-23 22:41:42.110  3457  3457 I AndroidRuntime: Leaving lock profiling enabled
04-23 22:41:42.110  3457  3457 E libc    : Access denied finding property "persist.device_config.runtime_native_boot.enable_generational_cc"
04-23 22:41:42.111  3457  3457 I app_process: Core platform API reporting enabled, enforcing=false
04-23 22:41:42.129   280   280 I Zygote  : Process 1234 exited due to signal 9 (Killed)
04-23 22:41:42.143   503   547 I libprocessgroup: Successfully killed process cgroup uid 10103 pid 1234 in 42ms
04-23 22:41:42.155  3457  3457 W app_process: Unexpected CPU variant for X86 using defaults: x86_64
04-23 22:41:42.156  3457  3457 I app_process: The ClassLoaderContext is a special shared library.
04-23 22:41:42.167  3457  3457 W app_process: JNI RegisterNativeMethods: attempt to register 0 native methods for android.media.AudioAttributes
04-23 22:41:42.378  2638  2638 I DatabaseHelper: Breed 3: Favorited true
04-23 22:41:42.446  2237  2237 E AccessibilityInteractionClient: 4 Disconnected nodes.
04-23 22:41:43.882   159   159 I hwservicemanager: getTransport: Cannot find entry android.hardware.graphics.mapper@4.0::IMapper/default in either framework or device manifest.
04-23 22:41:43.882  3491  3491 I Gralloc4: mapper 4.x is not supported
04-23 22:41:43.919   503   574 I ActivityManager: Killing 1285:com.android.cellbroadcastreceiver/u0a66 (adj 985): empty #17
04-23 22:41:43.923  3495  3497 I cmd     : oneway function results will be dropped but finished with status OK and parcel size 4
04-23 22:41:43.926  1636  2288 I MediaProvider: Begin Intent { act=android.intent.action.MEDIA_SCANNER_SCAN_FILE dat=file:///sdcard/screen_2026-04-23_224144.png flg=0x1400010 cmp=com.android.providers.media.module/com.android.providers.media.MediaService }
04-23 22:41:44.114     0     0 I binder  : undelivered transaction 141537, process died.
04-23 22:41:44.118     0     0 W audit   : audit_lost=93 audit_rate_limit=5 audit_backlog_limit=64
04-23 22:41:43.920  1636  1636 W com.android.providers.media.module: type=1400 audit(0.0:162): avc: denied { read } for comm=4173796E635461736B202331 name="primary" dev="tmpfs" ino=29719 scontext=u:r:mediaprovider_app:s0:c123,c256,c512,c768 tcontext=u:object_r:mnt_pass_through_file:s0 tclass=lnk_file permissive=0 app=com.android.providers.media.module
04-23 22:41:43.938   280   280 I Zygote  : Process 1285 exited due to signal 9 (Killed)
04-23 22:41:44.130     0     0 E audit   : rate limit exceeded
04-23 22:41:43.920  1636  1636 W com.android.providers.media.module: type=1400 audit(0.0:163): avc: denied { read } for comm=4173796E635461736B202331 name="primary" dev="tmpfs" ino=29719 scontext=u:r:mediaprovider_app:s0:c123,c256,c512,c768 tcontext=u:object_r:mnt_pass_through_file:s0 tclass=lnk_file permissive=0 app=com.android.providers.media.module
04-23 22:41:43.947  1636  2288 W ModernMediaScanner: Failed to visit /sdcard/screen_2026-04-23_224144.png: java.nio.file.AccessDeniedException: /sdcard/screen_2026-04-23_224144.png
04-23 22:41:43.948  1636  2288 I MediaProvider: Scanned internal due to REASON_DEMAND, found 0 items in 20ms, 0 inserts 0 updates 0 deletes
04-23 22:41:43.948  1636  2288 I MediaProvider: End Intent { act=android.intent.action.MEDIA_SCANNER_SCAN_FILE dat=file:///sdcard/screen_2026-04-23_224144.png flg=0x1400010 cmp=com.android.providers.media.module/com.android.providers.media.MediaService }
04-23 22:41:43.924  1636  1636 W com.android.providers.media.module: type=1400 audit(0.0:164): avc: denied { read } for comm=4173796E635461736B202331 name="primary" dev="tmpfs" ino=29719 scontext=u:r:mediaprovider_app:s0:c123,c256,c512,c768 tcontext=u:object_r:mnt_pass_through_file:s0 tclass=lnk_file permissive=0 app=com.android.providers.media.module
04-23 22:41:43.967   503   547 I libprocessgroup: Successfully killed process cgroup uid 10066 pid 1285 in 43ms
04-23 22:41:43.924  1636  1636 W com.android.providers.media.module: type=1400 audit(0.0:166): avc: denied { read } for comm=4173796E635461736B202331 name="primary" dev="tmpfs" ino=29719 scontext=u:r:mediaprovider_app:s0:c123,c256,c512,c768 tcontext=u:object_r:mnt_pass_through_file:s0 tclass=lnk_file permissive=0 app=com.android.providers.media.module
04-23 22:41:43.987  1636  1774 I MediaProvider: Deleted 1 items on external_primary due to com.android.shell
04-23 22:41:44.015  3506  3508 I cmd     : oneway function results will be dropped but finished with status OK and parcel size 4
04-23 22:41:44.142   159   159 I hwservicemanager: getTransport: Cannot find entry android.hardware.graphics.mapper@4.0::IMapper/default in either framework or device manifest.
04-23 22:41:44.142  3528  3528 I Gralloc4: mapper 4.x is not supported
04-23 22:41:44.178  3532  3534 I cmd     : oneway function results will be dropped but finished with status OK and parcel size 4
04-23 22:41:44.180  1636  2288 I MediaProvider: Begin Intent { act=android.intent.action.MEDIA_SCANNER_SCAN_FILE dat=file:///sdcard/screen_2026-04-23_224144.png flg=0x1400010 cmp=com.android.providers.media.module/com.android.providers.media.MediaService }
04-23 22:41:44.181  1636  2288 W ModernMediaScanner: Failed to visit /sdcard/screen_2026-04-23_224144.png: java.nio.file.AccessDeniedException: /sdcard/screen_2026-04-23_224144.png
04-23 22:41:44.182  1636  2288 I MediaProvider: Scanned internal due to REASON_DEMAND, found 0 items in 1ms, 0 inserts 0 updates 0 deletes
04-23 22:41:44.183  1636  2288 I MediaProvider: End Intent { act=android.intent.action.MEDIA_SCANNER_SCAN_FILE dat=file:///sdcard/screen_2026-04-23_224144.png flg=0x1400010 cmp=com.android.providers.media.module/com.android.providers.media.MediaService }
04-23 22:41:44.204  1636  1773 I MediaProvider: Deleted 1 items on external_primary due to com.android.shell
04-23 22:41:44.249  3545  3547 I cmd     : oneway function results will be dropped but finished with status OK and parcel size 4
04-23 22:41:44.368   159   159 I hwservicemanager: getTransport: Cannot find entry android.hardware.graphics.mapper@4.0::IMapper/default in either framework or device manifest.
04-23 22:41:44.368  3567  3567 I Gralloc4: mapper 4.x is not supported
04-23 22:41:44.407  3571  3573 I cmd     : oneway function results will be dropped but finished with status OK and parcel size 4
04-23 22:41:44.409  1636  2288 I MediaProvider: Begin Intent { act=android.intent.action.MEDIA_SCANNER_SCAN_FILE dat=file:///sdcard/screen_2026-04-23_224145.png flg=0x1400010 cmp=com.android.providers.media.module/com.android.providers.media.MediaService }
04-23 22:41:44.412  1636  2288 W ModernMediaScanner: Failed to visit /sdcard/screen_2026-04-23_224145.png: java.nio.file.AccessDeniedException: /sdcard/screen_2026-04-23_224145.png
04-23 22:41:44.412  1636  2288 I MediaProvider: Scanned internal due to REASON_DEMAND, found 0 items in 1ms, 0 inserts 0 updates 0 deletes
04-23 22:41:44.417  1636  2288 I MediaProvider: End Intent { act=android.intent.action.MEDIA_SCANNER_SCAN_FILE dat=file:///sdcard/screen_2026-04-23_224145.png flg=0x1400010 cmp=com.android.providers.media.module/com.android.providers.media.MediaService }
04-23 22:41:44.436  1636  3008 I MediaProvider: Deleted 1 items on external_primary due to com.android.shell
04-23 22:41:44.464  3582  3584 I cmd     : oneway function results will be dropped but finished with status OK and parcel size 4
04-23 22:41:44.514  3597  3599 I cmd     : oneway function results will be dropped but finished with status OK and parcel size 4
04-23 22:41:44.562  3612  3614 I cmd     : oneway function results will be dropped but finished with status OK and parcel size 4
04-23 22:41:44.612  3627  3629 I cmd     : oneway function results will be dropped but finished with status OK and parcel size 4
04-23 22:41:44.690  3639  3639 E libc    : Access denied finding property "persist.device_config.runtime_native_boot.profilebootclasspath"
04-23 22:41:44.690  3639  3639 E libc    : Access denied finding property "persist.device_config.runtime_native_boot.enable_apex_image"
04-23 22:41:44.690  3639  3639 I AndroidRuntime: Using default boot image
04-23 22:41:44.690  3639  3639 E libc    : Access denied finding property "persist.device_config.runtime_native_boot.disable_lock_profiling"
04-23 22:41:44.690  3639  3639 I AndroidRuntime: Leaving lock profiling enabled
04-23 22:41:44.690  3639  3639 E libc    : Access denied finding property "persist.device_config.runtime_native_boot.enable_generational_cc"
04-23 22:41:44.691  3639  3639 I app_process: Core platform API reporting enabled, enforcing=false
04-23 22:41:44.730  3639  3639 W app_process: Unexpected CPU variant for X86 using defaults: x86_64
04-23 22:41:44.731  3639  3639 I app_process: The ClassLoaderContext is a special shared library.
04-23 22:41:44.737  3639  3639 W app_process: JNI RegisterNativeMethods: attempt to register 0 native methods for android.media.AudioAttributes
04-23 22:41:44.945  2638  2638 I DatabaseHelper: Breed 4: Favorited true
04-23 22:41:45.008  2237  2237 E AccessibilityInteractionClient: 5 Disconnected nodes.
04-23 22:41:46.459   159   159 I hwservicemanager: getTransport: Cannot find entry android.hardware.graphics.mapper@4.0::IMapper/default in either framework or device manifest.
04-23 22:41:46.459  3673  3673 I Gralloc4: mapper 4.x is not supported
04-23 22:41:46.498  3677  3679 I cmd     : oneway function results will be dropped but finished with status OK and parcel size 4
04-23 22:41:46.498   503  1003 I ActivityManager: Killing 2021:com.android.dynsystem/1000 (adj 985): empty #17
04-23 22:41:46.498   503  1003 I ActivityManager: Killing 1456:android.process.acore/u0a63 (adj 985): empty #18
04-23 22:41:46.505   280   280 I Zygote  : Process 2021 exited due to signal 9 (Killed)
04-23 22:41:46.506  1636  2288 I MediaProvider: Begin Intent { act=android.intent.action.MEDIA_SCANNER_SCAN_FILE dat=file:///sdcard/screen_2026-04-23_224147.png flg=0x1400010 cmp=com.android.providers.media.module/com.android.providers.media.MediaService }
04-23 22:41:46.517   280   280 I Zygote  : Process 1456 exited due to signal 9 (Killed)
04-23 22:41:46.708     0     0 I binder  : undelivered transaction 142493, process died.
04-23 22:41:46.710     0     0 W audit   : audit_lost=110 audit_rate_limit=5 audit_backlog_limit=64
04-23 22:41:46.713     0     0 E audit   : rate limit exceeded
04-23 22:41:46.525  1636  2288 W ModernMediaScanner: Failed to visit /sdcard/screen_2026-04-23_224147.png: java.nio.file.AccessDeniedException: /sdcard/screen_2026-04-23_224147.png
04-23 22:41:46.526  1636  2288 I MediaProvider: Scanned internal due to REASON_DEMAND, found 0 items in 8ms, 0 inserts 0 updates 0 deletes
04-23 22:41:46.527  1636  2288 I MediaProvider: End Intent { act=android.intent.action.MEDIA_SCANNER_SCAN_FILE dat=file:///sdcard/screen_2026-04-23_224147.png flg=0x1400010 cmp=com.android.providers.media.module/com.android.providers.media.MediaService }
04-23 22:41:46.500  1636  1636 W com.android.providers.media.module: type=1400 audit(0.0:184): avc: denied { read } for comm=4173796E635461736B202331 name="primary" dev="tmpfs" ino=29719 scontext=u:r:mediaprovider_app:s0:c123,c256,c512,c768 tcontext=u:object_r:mnt_pass_through_file:s0 tclass=lnk_file permissive=0 app=com.android.providers.media.module
04-23 22:41:46.512  1636  1636 I chatty  : uid=10123(com.android.providers.media.module) identical 1 line
04-23 22:41:46.512  1636  1636 W com.android.providers.media.module: type=1400 audit(0.0:186): avc: denied { read } for comm=4173796E635461736B202331 name="primary" dev="tmpfs" ino=29719 scontext=u:r:mediaprovider_app:s0:c123,c256,c512,c768 tcontext=u:object_r:mnt_pass_through_file:s0 tclass=lnk_file permissive=0 app=com.android.providers.media.module
04-23 22:41:46.547   503   547 I libprocessgroup: Successfully killed process cgroup uid 1000 pid 2021 in 48ms
04-23 22:41:46.547   503   547 I libprocessgroup: Successfully killed process cgroup uid 10063 pid 1456 in 0ms
04-23 22:41:46.512  1636  1636 W com.android.providers.media.module: type=1400 audit(0.0:187): avc: denied { read } for comm=4173796E635461736B202331 name="primary" dev="tmpfs" ino=29719 scontext=u:r:mediaprovider_app:s0:c123,c256,c512,c768 tcontext=u:object_r:mnt_pass_through_file:s0 tclass=lnk_file permissive=0 app=com.android.providers.media.module
04-23 22:41:46.574  1636  1774 I MediaProvider: Deleted 1 items on external_primary due to com.android.shell
04-23 22:41:46.603  3688  3690 I cmd     : oneway function results will be dropped but finished with status OK and parcel size 4
04-23 22:41:46.731   159   159 I hwservicemanager: getTransport: Cannot find entry android.hardware.graphics.mapper@4.0::IMapper/default in either framework or device manifest.
04-23 22:41:46.731  3710  3710 I Gralloc4: mapper 4.x is not supported
04-23 22:41:46.771  1636  2288 I MediaProvider: Begin Intent { act=android.intent.action.MEDIA_SCANNER_SCAN_FILE dat=file:///sdcard/screen_2026-04-23_224147.png flg=0x1400010 cmp=com.android.providers.media.module/com.android.providers.media.MediaService }
04-23 22:41:46.772  1636  2288 W ModernMediaScanner: Failed to visit /sdcard/screen_2026-04-23_224147.png: java.nio.file.AccessDeniedException: /sdcard/screen_2026-04-23_224147.png
04-23 22:41:46.775  1636  2288 I MediaProvider: Scanned internal due to REASON_DEMAND, found 0 items in 3ms, 0 inserts 0 updates 0 deletes
04-23 22:41:46.776  1636  2288 I MediaProvider: End Intent { act=android.intent.action.MEDIA_SCANNER_SCAN_FILE dat=file:///sdcard/screen_2026-04-23_224147.png flg=0x1400010 cmp=com.android.providers.media.module/com.android.providers.media.MediaService }
04-23 22:41:46.794  1636  1773 I MediaProvider: Deleted 1 items on external_primary due to com.android.shell
04-23 22:41:46.822  3725  3727 I cmd     : oneway function results will be dropped but finished with status OK and parcel size 4
04-23 22:41:46.943   159   159 I hwservicemanager: getTransport: Cannot find entry android.hardware.graphics.mapper@4.0::IMapper/default in either framework or device manifest.
04-23 22:41:46.944  3747  3747 I Gralloc4: mapper 4.x is not supported
04-23 22:41:46.981  3751  3753 I cmd     : oneway function results will be dropped but finished with status OK and parcel size 4
04-23 22:41:46.981  1636  2288 I MediaProvider: Begin Intent { act=android.intent.action.MEDIA_SCANNER_SCAN_FILE dat=file:///sdcard/screen_2026-04-23_224147.png flg=0x1400010 cmp=com.android.providers.media.module/com.android.providers.media.MediaService }
04-23 22:41:46.982  1636  2288 W ModernMediaScanner: Failed to visit /sdcard/screen_2026-04-23_224147.png: java.nio.file.AccessDeniedException: /sdcard/screen_2026-04-23_224147.png
04-23 22:41:46.982  1636  2288 I MediaProvider: Scanned internal due to REASON_DEMAND, found 0 items in 1ms, 0 inserts 0 updates 0 deletes
04-23 22:41:46.983  1636  2288 I MediaProvider: End Intent { act=android.intent.action.MEDIA_SCANNER_SCAN_FILE dat=file:///sdcard/screen_2026-04-23_224147.png flg=0x1400010 cmp=com.android.providers.media.module/com.android.providers.media.MediaService }
04-23 22:41:47.006  1636  3008 I MediaProvider: Deleted 1 items on external_primary due to com.android.shell
04-23 22:41:47.033  3762  3764 I cmd     : oneway function results will be dropped but finished with status OK and parcel size 4
04-23 22:41:47.084  3777  3779 I cmd     : oneway function results will be dropped but finished with status OK and parcel size 4
04-23 22:41:47.182  3808  3810 I cmd     : oneway function results will be dropped but finished with status OK and parcel size 4
04-23 22:41:47.261  3820  3820 E libc    : Access denied finding property "persist.device_config.runtime_native_boot.profilebootclasspath"
04-23 22:41:47.261  3820  3820 E libc    : Access denied finding property "persist.device_config.runtime_native_boot.enable_apex_image"
04-23 22:41:47.261  3820  3820 I AndroidRuntime: Using default boot image
04-23 22:41:47.261  3820  3820 E libc    : Access denied finding property "persist.device_config.runtime_native_boot.disable_lock_profiling"
04-23 22:41:47.261  3820  3820 I AndroidRuntime: Leaving lock profiling enabled
04-23 22:41:47.261  3820  3820 E libc    : Access denied finding property "persist.device_config.runtime_native_boot.enable_generational_cc"
04-23 22:41:47.263  3820  3820 I app_process: Core platform API reporting enabled, enforcing=false
04-23 22:41:47.303  3820  3820 W app_process: Unexpected CPU variant for X86 using defaults: x86_64
04-23 22:41:47.304  3820  3820 I app_process: The ClassLoaderContext is a special shared library.
04-23 22:41:47.310  3820  3820 W app_process: JNI RegisterNativeMethods: attempt to register 0 native methods for android.media.AudioAttributes
04-23 22:41:47.529  2638  2638 I DatabaseHelper: Breed 5: Favorited true
04-23 22:41:47.531  2237  2237 E AccessibilityInteractionClient: 6 Disconnected nodes.
04-23 22:41:49.040   159   159 I hwservicemanager: getTransport: Cannot find entry android.hardware.graphics.mapper@4.0::IMapper/default in either framework or device manifest.
04-23 22:41:49.040  3854  3854 I Gralloc4: mapper 4.x is not supported
04-23 22:41:49.078  3858  3860 I cmd     : oneway function results will be dropped but finished with status OK and parcel size 4
04-23 22:41:49.078  1636  2288 I MediaProvider: Begin Intent { act=android.intent.action.MEDIA_SCANNER_SCAN_FILE dat=file:///sdcard/screen_2026-04-23_224149.png flg=0x1400010 cmp=com.android.providers.media.module/com.android.providers.media.MediaService }
04-23 22:41:49.072  1636  1636 W com.android.providers.media.module: type=1400 audit(0.0:206): avc: denied { read } for comm=4173796E635461736B202331 name="primary" dev="tmpfs" ino=29719 scontext=u:r:mediaprovider_app:s0:c123,c256,c512,c768 tcontext=u:object_r:mnt_pass_through_file:s0 tclass=lnk_file permissive=0 app=com.android.providers.media.module
04-23 22:41:49.278     0     0 W audit   : audit_lost=127 audit_rate_limit=5 audit_backlog_limit=64
04-23 22:41:49.281     0     0 E audit   : rate limit exceeded
04-23 22:41:49.084  1636  1636 W com.android.providers.media.module: type=1400 audit(0.0:207): avc: denied { read } for comm=4173796E635461736B202331 name="primary" dev="tmpfs" ino=29719 scontext=u:r:mediaprovider_app:s0:c123,c256,c512,c768 tcontext=u:object_r:mnt_pass_through_file:s0 tclass=lnk_file permissive=0 app=com.android.providers.media.module
04-23 22:41:49.099  1636  2288 W ModernMediaScanner: Failed to visit /sdcard/screen_2026-04-23_224149.png: java.nio.file.AccessDeniedException: /sdcard/screen_2026-04-23_224149.png
04-23 22:41:49.099  1636  2288 I MediaProvider: Scanned internal due to REASON_DEMAND, found 0 items in 12ms, 0 inserts 0 updates 0 deletes
04-23 22:41:49.100  1636  2288 I MediaProvider: End Intent { act=android.intent.action.MEDIA_SCANNER_SCAN_FILE dat=file:///sdcard/screen_2026-04-23_224149.png flg=0x1400010 cmp=com.android.providers.media.module/com.android.providers.media.MediaService }
04-23 22:41:49.084  1636  1636 W com.android.providers.media.module: type=1400 audit(0.0:208): avc: denied { read } for comm=4173796E635461736B202331 name="primary" dev="tmpfs" ino=29719 scontext=u:r:mediaprovider_app:s0:c123,c256,c512,c768 tcontext=u:object_r:mnt_pass_through_file:s0 tclass=lnk_file permissive=0 app=com.android.providers.media.module
04-23 22:41:49.169  1636  3008 I MediaProvider: Deleted 1 items on external_primary due to com.android.shell
04-23 22:41:49.198  3869  3871 I cmd     : oneway function results will be dropped but finished with status OK and parcel size 4
04-23 22:41:49.321   159   159 I hwservicemanager: getTransport: Cannot find entry android.hardware.graphics.mapper@4.0::IMapper/default in either framework or device manifest.
04-23 22:41:49.321  3891  3891 I Gralloc4: mapper 4.x is not supported
04-23 22:41:49.358  3895  3897 I cmd     : oneway function results will be dropped but finished with status OK and parcel size 4
04-23 22:41:49.358  1636  2288 I MediaProvider: Begin Intent { act=android.intent.action.MEDIA_SCANNER_SCAN_FILE dat=file:///sdcard/screen_2026-04-23_224149.png flg=0x1400010 cmp=com.android.providers.media.module/com.android.providers.media.MediaService }
04-23 22:41:49.360  1636  2288 W ModernMediaScanner: Failed to visit /sdcard/screen_2026-04-23_224149.png: java.nio.file.AccessDeniedException: /sdcard/screen_2026-04-23_224149.png
04-23 22:41:49.361  1636  2288 I MediaProvider: Scanned internal due to REASON_DEMAND, found 0 items in 1ms, 0 inserts 0 updates 0 deletes
04-23 22:41:49.361  1636  2288 I MediaProvider: End Intent { act=android.intent.action.MEDIA_SCANNER_SCAN_FILE dat=file:///sdcard/screen_2026-04-23_224149.png flg=0x1400010 cmp=com.android.providers.media.module/com.android.providers.media.MediaService }
04-23 22:41:49.424  1636  1773 I MediaProvider: Deleted 1 items on external_primary due to com.android.shell
04-23 22:41:49.453  3908  3910 I cmd     : oneway function results will be dropped but finished with status OK and parcel size 4
04-23 22:41:49.578   159   159 I hwservicemanager: getTransport: Cannot find entry android.hardware.graphics.mapper@4.0::IMapper/default in either framework or device manifest.
04-23 22:41:49.579  3930  3930 I Gralloc4: mapper 4.x is not supported
04-23 22:41:49.617  1636  2288 I MediaProvider: Begin Intent { act=android.intent.action.MEDIA_SCANNER_SCAN_FILE dat=file:///sdcard/screen_2026-04-23_224150.png flg=0x1400010 cmp=com.android.providers.media.module/com.android.providers.media.MediaService }
04-23 22:41:49.617  1636  2288 W ModernMediaScanner: Failed to visit /sdcard/screen_2026-04-23_224150.png: java.nio.file.AccessDeniedException: /sdcard/screen_2026-04-23_224150.png
04-23 22:41:49.618  1636  2288 I MediaProvider: Scanned internal due to REASON_DEMAND, found 0 items in 1ms, 0 inserts 0 updates 0 deletes
04-23 22:41:49.619  1636  2288 I MediaProvider: End Intent { act=android.intent.action.MEDIA_SCANNER_SCAN_FILE dat=file:///sdcard/screen_2026-04-23_224150.png flg=0x1400010 cmp=com.android.providers.media.module/com.android.providers.media.MediaService }
04-23 22:41:49.641  1636  1773 I MediaProvider: Deleted 1 items on external_primary due to com.android.shell
04-23 22:41:49.669  3945  3947 I cmd     : oneway function results will be dropped but finished with status OK and parcel size 4
04-23 22:41:49.721  3960  3962 I cmd     : oneway function results will be dropped but finished with status OK and parcel size 4
04-23 22:41:49.772  3975  3977 I cmd     : oneway function results will be dropped but finished with status OK and parcel size 4
04-23 22:41:49.823  3990  3992 I cmd     : oneway function results will be dropped but finished with status OK and parcel size 4
04-23 22:41:49.902  4002  4002 E libc    : Access denied finding property "persist.device_config.runtime_native_boot.profilebootclasspath"
04-23 22:41:49.902  4002  4002 E libc    : Access denied finding property "persist.device_config.runtime_native_boot.enable_apex_image"
04-23 22:41:49.902  4002  4002 I AndroidRuntime: Using default boot image
04-23 22:41:49.902  4002  4002 E libc    : Access denied finding property "persist.device_config.runtime_native_boot.disable_lock_profiling"
04-23 22:41:49.902  4002  4002 I AndroidRuntime: Leaving lock profiling enabled
04-23 22:41:49.902  4002  4002 E libc    : Access denied finding property "persist.device_config.runtime_native_boot.enable_generational_cc"
04-23 22:41:49.904  4002  4002 I app_process: Core platform API reporting enabled, enforcing=false
04-23 22:41:49.944  4002  4002 W app_process: Unexpected CPU variant for X86 using defaults: x86_64
04-23 22:41:49.945  4002  4002 I app_process: The ClassLoaderContext is a special shared library.
04-23 22:41:49.952  4002  4002 W app_process: JNI RegisterNativeMethods: attempt to register 0 native methods for android.media.AudioAttributes
04-23 22:41:50.162  2638  2638 I DatabaseHelper: Breed 6: Favorited true
04-23 22:41:51.673   159   159 I hwservicemanager: getTransport: Cannot find entry android.hardware.graphics.mapper@4.0::IMapper/default in either framework or device manifest.
04-23 22:41:51.673  4034  4034 I Gralloc4: mapper 4.x is not supported
04-23 22:41:51.903     0     0 W audit   : audit_lost=144 audit_rate_limit=5 audit_backlog_limit=64
04-23 22:41:51.905     0     0 E audit   : rate limit exceeded
04-23 22:41:51.712  1636  2288 I MediaProvider: Begin Intent { act=android.intent.action.MEDIA_SCANNER_SCAN_FILE dat=file:///sdcard/screen_2026-04-23_224152.png flg=0x1400010 cmp=com.android.providers.media.module/com.android.providers.media.MediaService }
04-23 22:41:51.715  1636  2288 W ModernMediaScanner: Failed to visit /sdcard/screen_2026-04-23_224152.png: java.nio.file.AccessDeniedException: /sdcard/screen_2026-04-23_224152.png
04-23 22:41:51.715  4038  4040 I cmd     : oneway function results will be dropped but finished with status OK and parcel size 4
