04-23 22:41:51.708  1636  1636 W com.android.providers.media.module: type=1400 audit(0.0:228): avc: denied { read } for comm=4173796E635461736B202331 name="primary" dev="tmpfs" ino=29719 scontext=u:r:mediaprovider_app:s0:c123,c256,c512,c768 tcontext=u:object_r:mnt_pass_through_file:s0 tclass=lnk_file permissive=0 app=com.android.providers.media.module
04-23 22:41:51.723  1636  2288 I MediaProvider: Scanned internal due to REASON_DEMAND, found 0 items in 11ms, 0 inserts 0 updates 0 deletes
04-23 22:41:51.728  1636  2288 I MediaProvider: End Intent { act=android.intent.action.MEDIA_SCANNER_SCAN_FILE dat=file:///sdcard/screen_2026-04-23_224152.png flg=0x1400010 cmp=com.android.providers.media.module/com.android.providers.media.MediaService }
04-23 22:41:51.708  1636  1636 W com.android.providers.media.module: type=1400 audit(0.0:229): avc: denied { read } for comm=4173796E635461736B202331 name="primary" dev="tmpfs" ino=29719 scontext=u:r:mediaprovider_app:s0:c123,c256,c512,c768 tcontext=u:object_r:mnt_pass_through_file:s0 tclass=lnk_file permissive=0 app=com.android.providers.media.module
04-23 22:41:51.770  1636  3008 I MediaProvider: Deleted 1 items on external_primary due to com.android.shell
04-23 22:41:51.798  4049  4051 I cmd     : oneway function results will be dropped but finished with status OK and parcel size 4
04-23 22:41:51.920   159   159 I hwservicemanager: getTransport: Cannot find entry android.hardware.graphics.mapper@4.0::IMapper/default in either framework or device manifest.
04-23 22:41:51.920  4071  4071 I Gralloc4: mapper 4.x is not supported
04-23 22:41:51.962  1636  2288 I MediaProvider: Begin Intent { act=android.intent.action.MEDIA_SCANNER_SCAN_FILE dat=file:///sdcard/screen_2026-04-23_224152.png flg=0x1400010 cmp=com.android.providers.media.module/com.android.providers.media.MediaService }
04-23 22:41:51.963  1636  2288 W ModernMediaScanner: Failed to visit /sdcard/screen_2026-04-23_224152.png: java.nio.file.AccessDeniedException: /sdcard/screen_2026-04-23_224152.png
04-23 22:41:51.963  1636  2288 I MediaProvider: Scanned internal due to REASON_DEMAND, found 0 items in 1ms, 0 inserts 0 updates 0 deletes
04-23 22:41:51.964  1636  2288 I MediaProvider: End Intent { act=android.intent.action.MEDIA_SCANNER_SCAN_FILE dat=file:///sdcard/screen_2026-04-23_224152.png flg=0x1400010 cmp=com.android.providers.media.module/com.android.providers.media.MediaService }
04-23 22:41:51.984  1636  1774 I MediaProvider: Deleted 1 items on external_primary due to com.android.shell
04-23 22:41:52.010  4086  4088 I cmd     : oneway function results will be dropped but finished with status OK and parcel size 4
04-23 22:41:52.128   159   159 I hwservicemanager: getTransport: Cannot find entry android.hardware.graphics.mapper@4.0::IMapper/default in either framework or device manifest.
04-23 22:41:52.129  4108  4108 I Gralloc4: mapper 4.x is not supported
04-23 22:41:52.166  1636  2288 I MediaProvider: Begin Intent { act=android.intent.action.MEDIA_SCANNER_SCAN_FILE dat=file:///sdcard/screen_2026-04-23_224152.png flg=0x1400010 cmp=com.android.providers.media.module/com.android.providers.media.MediaService }
04-23 22:41:52.167  1636  2288 W ModernMediaScanner: Failed to visit /sdcard/screen_2026-04-23_224152.png: java.nio.file.AccessDeniedException: /sdcard/screen_2026-04-23_224152.png
04-23 22:41:52.168  1636  2288 I MediaProvider: Scanned internal due to REASON_DEMAND, found 0 items in 2ms, 0 inserts 0 updates 0 deletes
04-23 22:41:52.169  1636  2288 I MediaProvider: End Intent { act=android.intent.action.MEDIA_SCANNER_SCAN_FILE dat=file:///sdcard/screen_2026-04-23_224152.png flg=0x1400010 cmp=com.android.providers.media.module/com.android.providers.media.MediaService }
04-23 22:41:52.189  1636  1773 I MediaProvider: Deleted 1 items on external_primary due to com.android.shell
04-23 22:41:52.218  4123  4125 I cmd     : oneway function results will be dropped but finished with status OK and parcel size 4
04-23 22:41:52.268  4138  4140 I cmd     : oneway function results will be dropped but finished with status OK and parcel size 4
04-23 22:41:52.317  4153  4155 I cmd     : oneway function results will be dropped but finished with status OK and parcel size 4
04-23 22:41:52.366  4168  4170 I cmd     : oneway function results will be dropped but finished with status OK and parcel size 4
04-23 22:41:52.452  4180  4180 E libc    : Access denied finding property "persist.device_config.runtime_native_boot.profilebootclasspath"
04-23 22:41:52.452  4180  4180 E libc    : Access denied finding property "persist.device_config.runtime_native_boot.enable_apex_image"
04-23 22:41:52.452  4180  4180 I AndroidRuntime: Using default boot image
04-23 22:41:52.452  4180  4180 E libc    : Access denied finding property "persist.device_config.runtime_native_boot.disable_lock_profiling"
04-23 22:41:52.452  4180  4180 I AndroidRuntime: Leaving lock profiling enabled
04-23 22:41:52.452  4180  4180 E libc    : Access denied finding property "persist.device_config.runtime_native_boot.enable_generational_cc"
04-23 22:41:52.453  4180  4180 I app_process: Core platform API reporting enabled, enforcing=false
04-23 22:41:52.510  4180  4180 W app_process: Unexpected CPU variant for X86 using defaults: x86_64
04-23 22:41:52.511  4180  4180 I app_process: The ClassLoaderContext is a special shared library.
04-23 22:41:52.517  4180  4180 W app_process: JNI RegisterNativeMethods: attempt to register 0 native methods for android.media.AudioAttributes
04-23 22:41:52.728  2638  2638 I DatabaseHelper: Breed 7: Favorited true
04-23 22:41:54.250   159   159 I hwservicemanager: getTransport: Cannot find entry android.hardware.graphics.mapper@4.0::IMapper/default in either framework or device manifest.
04-23 22:41:54.250  4212  4212 I Gralloc4: mapper 4.x is not supported
04-23 22:41:54.290  4216  4218 I cmd     : oneway function results will be dropped but finished with status OK and parcel size 4
04-23 22:41:54.290  1636  2288 I MediaProvider: Begin Intent { act=android.intent.action.MEDIA_SCANNER_SCAN_FILE dat=file:///sdcard/screen_2026-04-23_224154.png flg=0x1400010 cmp=com.android.providers.media.module/com.android.providers.media.MediaService }
04-23 22:41:54.284  1636  1636 W com.android.providers.media.module: type=1400 audit(0.0:250): avc: denied { read } for comm=4173796E635461736B202331 name="primary" dev="tmpfs" ino=29719 scontext=u:r:mediaprovider_app:s0:c123,c256,c512,c768 tcontext=u:object_r:mnt_pass_through_file:s0 tclass=lnk_file permissive=0 app=com.android.providers.media.module
04-23 22:41:54.491     0     0 W audit   : audit_lost=161 audit_rate_limit=5 audit_backlog_limit=64
04-23 22:41:54.493     0     0 E audit   : rate limit exceeded
04-23 22:41:54.296  1636  1636 W com.android.providers.media.module: type=1400 audit(0.0:251): avc: denied { read } for comm=4173796E635461736B202331 name="primary" dev="tmpfs" ino=29719 scontext=u:r:mediaprovider_app:s0:c123,c256,c512,c768 tcontext=u:object_r:mnt_pass_through_file:s0 tclass=lnk_file permissive=0 app=com.android.providers.media.module
04-23 22:41:54.316  1636  2288 W ModernMediaScanner: Failed to visit /sdcard/screen_2026-04-23_224154.png: java.nio.file.AccessDeniedException: /sdcard/screen_2026-04-23_224154.png
04-23 22:41:54.316  1636  2288 I MediaProvider: Scanned internal due to REASON_DEMAND, found 0 items in 17ms, 0 inserts 0 updates 0 deletes
04-23 22:41:54.317  1636  2288 I MediaProvider: End Intent { act=android.intent.action.MEDIA_SCANNER_SCAN_FILE dat=file:///sdcard/screen_2026-04-23_224154.png flg=0x1400010 cmp=com.android.providers.media.module/com.android.providers.media.MediaService }
04-23 22:41:54.296  1636  1636 W com.android.providers.media.module: type=1400 audit(0.0:252): avc: denied { read } for comm=4173796E635461736B202331 name="primary" dev="tmpfs" ino=29719 scontext=u:r:mediaprovider_app:s0:c123,c256,c512,c768 tcontext=u:object_r:mnt_pass_through_file:s0 tclass=lnk_file permissive=0 app=com.android.providers.media.module
04-23 22:41:54.350  1636  3008 I MediaProvider: Deleted 1 items on external_primary due to com.android.shell
04-23 22:41:54.379  4227  4229 I cmd     : oneway function results will be dropped but finished with status OK and parcel size 4
04-23 22:41:54.511   159   159 I hwservicemanager: getTransport: Cannot find entry android.hardware.graphics.mapper@4.0::IMapper/default in either framework or device manifest.
04-23 22:41:54.511  4249  4249 I Gralloc4: mapper 4.x is not supported
04-23 22:41:54.567  4255  4257 I cmd     : oneway function results will be dropped but finished with status OK and parcel size 4
04-23 22:41:54.567  1636  2288 I MediaProvider: Begin Intent { act=android.intent.action.MEDIA_SCANNER_SCAN_FILE dat=file:///sdcard/screen_2026-04-23_224155.png flg=0x1400010 cmp=com.android.providers.media.module/com.android.providers.media.MediaService }
04-23 22:41:54.568  1636  2288 W ModernMediaScanner: Failed to visit /sdcard/screen_2026-04-23_224155.png: java.nio.file.AccessDeniedException: /sdcard/screen_2026-04-23_224155.png
04-23 22:41:54.569  1636  2288 I MediaProvider: Scanned internal due to REASON_DEMAND, found 0 items in 1ms, 0 inserts 0 updates 0 deletes
04-23 22:41:54.569  1636  2288 I MediaProvider: End Intent { act=android.intent.action.MEDIA_SCANNER_SCAN_FILE dat=file:///sdcard/screen_2026-04-23_224155.png flg=0x1400010 cmp=com.android.providers.media.module/com.android.providers.media.MediaService }
04-23 22:41:54.594  1636  3008 I MediaProvider: Deleted 1 items on external_primary due to com.android.shell
04-23 22:41:54.624  4266  4268 I cmd     : oneway function results will be dropped but finished with status OK and parcel size 4
04-23 22:41:54.751   159   159 I hwservicemanager: getTransport: Cannot find entry android.hardware.graphics.mapper@4.0::IMapper/default in either framework or device manifest.
04-23 22:41:54.751  4288  4288 I Gralloc4: mapper 4.x is not supported
04-23 22:41:54.790  4292  4294 I cmd     : oneway function results will be dropped but finished with status OK and parcel size 4
04-23 22:41:54.791  1636  2288 I MediaProvider: Begin Intent { act=android.intent.action.MEDIA_SCANNER_SCAN_FILE dat=file:///sdcard/screen_2026-04-23_224155.png flg=0x1400010 cmp=com.android.providers.media.module/com.android.providers.media.MediaService }
04-23 22:41:54.791  1636  2288 W ModernMediaScanner: Failed to visit /sdcard/screen_2026-04-23_224155.png: java.nio.file.AccessDeniedException: /sdcard/screen_2026-04-23_224155.png
04-23 22:41:54.792  1636  2288 I MediaProvider: Scanned internal due to REASON_DEMAND, found 0 items in 0ms, 0 inserts 0 updates 0 deletes
04-23 22:41:54.793  1636  2288 I MediaProvider: End Intent { act=android.intent.action.MEDIA_SCANNER_SCAN_FILE dat=file:///sdcard/screen_2026-04-23_224155.png flg=0x1400010 cmp=com.android.providers.media.module/com.android.providers.media.MediaService }
04-23 22:41:54.815  1636  1773 I MediaProvider: Deleted 1 items on external_primary due to com.android.shell
04-23 22:41:54.842  4303  4305 I cmd     : oneway function results will be dropped but finished with status OK and parcel size 4
04-23 22:41:54.895  4318  4320 I cmd     : oneway function results will be dropped but finished with status OK and parcel size 4
04-23 22:41:54.945  4333  4335 I cmd     : oneway function results will be dropped but finished with status OK and parcel size 4
04-23 22:41:54.997  4348  4350 I cmd     : oneway function results will be dropped but finished with status OK and parcel size 4
04-23 22:41:55.078  4360  4360 E libc    : Access denied finding property "persist.device_config.runtime_native_boot.profilebootclasspath"
04-23 22:41:55.078  4360  4360 E libc    : Access denied finding property "persist.device_config.runtime_native_boot.enable_apex_image"
04-23 22:41:55.078  4360  4360 I AndroidRuntime: Using default boot image
04-23 22:41:55.078  4360  4360 E libc    : Access denied finding property "persist.device_config.runtime_native_boot.disable_lock_profiling"
04-23 22:41:55.078  4360  4360 I AndroidRuntime: Leaving lock profiling enabled
04-23 22:41:55.078  4360  4360 E libc    : Access denied finding property "persist.device_config.runtime_native_boot.enable_generational_cc"
04-23 22:41:55.080  4360  4360 I app_process: Core platform API reporting enabled, enforcing=false
04-23 22:41:55.120  4360  4360 W app_process: Unexpected CPU variant for X86 using defaults: x86_64
04-23 22:41:55.121  4360  4360 I app_process: The ClassLoaderContext is a special shared library.
04-23 22:41:55.127  4360  4360 W app_process: JNI RegisterNativeMethods: attempt to register 0 native methods for android.media.AudioAttributes
04-23 22:41:55.346  2638  2638 I DatabaseHelper: Breed 8: Favorited true
04-23 22:41:56.860   159   159 I hwservicemanager: getTransport: Cannot find entry android.hardware.graphics.mapper@4.0::IMapper/default in either framework or device manifest.
04-23 22:41:56.860  4392  4392 I Gralloc4: mapper 4.x is not supported
04-23 22:41:56.898  4396  4398 I cmd     : oneway function results will be dropped but finished with status OK and parcel size 4
04-23 22:41:56.898  1636  2288 I MediaProvider: Begin Intent { act=android.intent.action.MEDIA_SCANNER_SCAN_FILE dat=file:///sdcard/screen_2026-04-23_224157.png flg=0x1400010 cmp=com.android.providers.media.module/com.android.providers.media.MediaService }
04-23 22:41:56.892  1636  1636 W com.android.providers.media.module: type=1400 audit(0.0:272): avc: denied { read } for comm=4173796E635461736B202331 name="primary" dev="tmpfs" ino=29719 scontext=u:r:mediaprovider_app:s0:c123,c256,c512,c768 tcontext=u:object_r:mnt_pass_through_file:s0 tclass=lnk_file permissive=0 app=com.android.providers.media.module
04-23 22:41:57.094     0     0 W audit   : audit_lost=178 audit_rate_limit=5 audit_backlog_limit=64
04-23 22:41:57.099     0     0 E audit   : rate limit exceeded
04-23 22:41:56.896  1636  1636 W com.android.providers.media.module: type=1400 audit(0.0:273): avc: denied { read } for comm=4173796E635461736B202331 name="primary" dev="tmpfs" ino=29719 scontext=u:r:mediaprovider_app:s0:c123,c256,c512,c768 tcontext=u:object_r:mnt_pass_through_file:s0 tclass=lnk_file permissive=0 app=com.android.providers.media.module
04-23 22:41:56.920  1636  2288 W ModernMediaScanner: Failed to visit /sdcard/screen_2026-04-23_224157.png: java.nio.file.AccessDeniedException: /sdcard/screen_2026-04-23_224157.png
04-23 22:41:56.921  1636  2288 I MediaProvider: Scanned internal due to REASON_DEMAND, found 0 items in 19ms, 0 inserts 0 updates 0 deletes
04-23 22:41:56.922  1636  2288 I MediaProvider: End Intent { act=android.intent.action.MEDIA_SCANNER_SCAN_FILE dat=file:///sdcard/screen_2026-04-23_224157.png flg=0x1400010 cmp=com.android.providers.media.module/com.android.providers.media.MediaService }
04-23 22:41:56.896  1636  1636 W com.android.providers.media.module: type=1400 audit(0.0:274): avc: denied { read } for comm=4173796E635461736B202331 name="primary" dev="tmpfs" ino=29719 scontext=u:r:mediaprovider_app:s0:c123,c256,c512,c768 tcontext=u:object_r:mnt_pass_through_file:s0 tclass=lnk_file permissive=0 app=com.android.providers.media.module
04-23 22:41:56.941  1636  1774 I MediaProvider: Deleted 1 items on external_primary due to com.android.shell
04-23 22:41:56.896  1636  1636 W com.android.providers.media.module: type=1400 audit(0.0:276): avc: denied { read } for comm=4173796E635461736B202331 name="primary" dev="tmpfs" ino=29719 scontext=u:r:mediaprovider_app:s0:c123,c256,c512,c768 tcontext=u:object_r:mnt_pass_through_file:s0 tclass=lnk_file permissive=0 app=com.android.providers.media.module
04-23 22:41:56.971  4407  4409 I cmd     : oneway function results will be dropped but finished with status OK and parcel size 4
04-23 22:41:57.103   159   159 I hwservicemanager: getTransport: Cannot find entry android.hardware.graphics.mapper@4.0::IMapper/default in either framework or device manifest.
04-23 22:41:57.103  4429  4429 I Gralloc4: mapper 4.x is not supported
04-23 22:41:57.143  1636  2288 I MediaProvider: Begin Intent { act=android.intent.action.MEDIA_SCANNER_SCAN_FILE dat=file:///sdcard/screen_2026-04-23_224157.png flg=0x1400010 cmp=com.android.providers.media.module/com.android.providers.media.MediaService }
04-23 22:41:57.145  1636  2288 W ModernMediaScanner: Failed to visit /sdcard/screen_2026-04-23_224157.png: java.nio.file.AccessDeniedException: /sdcard/screen_2026-04-23_224157.png
04-23 22:41:57.146  1636  2288 I MediaProvider: Scanned internal due to REASON_DEMAND, found 0 items in 1ms, 0 inserts 0 updates 0 deletes
04-23 22:41:57.146  1636  2288 I MediaProvider: End Intent { act=android.intent.action.MEDIA_SCANNER_SCAN_FILE dat=file:///sdcard/screen_2026-04-23_224157.png flg=0x1400010 cmp=com.android.providers.media.module/com.android.providers.media.MediaService }
04-23 22:41:57.171  1636  3008 I MediaProvider: Deleted 1 items on external_primary due to com.android.shell
04-23 22:41:57.199  4444  4446 I cmd     : oneway function results will be dropped but finished with status OK and parcel size 4
04-23 22:41:57.323   159   159 I hwservicemanager: getTransport: Cannot find entry android.hardware.graphics.mapper@4.0::IMapper/default in either framework or device manifest.
04-23 22:41:57.323  4466  4466 I Gralloc4: mapper 4.x is not supported
04-23 22:41:57.361  1636  2288 I MediaProvider: Begin Intent { act=android.intent.action.MEDIA_SCANNER_SCAN_FILE dat=file:///sdcard/screen_2026-04-23_224157.png flg=0x1400010 cmp=com.android.providers.media.module/com.android.providers.media.MediaService }
04-23 22:41:57.361  1636  2288 W ModernMediaScanner: Failed to visit /sdcard/screen_2026-04-23_224157.png: java.nio.file.AccessDeniedException: /sdcard/screen_2026-04-23_224157.png
04-23 22:41:57.362  1636  2288 I MediaProvider: Scanned internal due to REASON_DEMAND, found 0 items in 1ms, 0 inserts 0 updates 0 deletes
04-23 22:41:57.362  1636  2288 I MediaProvider: End Intent { act=android.intent.action.MEDIA_SCANNER_SCAN_FILE dat=file:///sdcard/screen_2026-04-23_224157.png flg=0x1400010 cmp=com.android.providers.media.module/com.android.providers.media.MediaService }
04-23 22:41:57.383  1636  1773 I MediaProvider: Deleted 1 items on external_primary due to com.android.shell
04-23 22:41:57.413  4481  4483 I cmd     : oneway function results will be dropped but finished with status OK and parcel size 4
04-23 22:41:57.464  4496  4498 I cmd     : oneway function results will be dropped but finished with status OK and parcel size 4
04-23 22:41:57.514  4511  4513 I cmd     : oneway function results will be dropped but finished with status OK and parcel size 4
04-23 22:41:57.565  4526  4528 I cmd     : oneway function results will be dropped but finished with status OK and parcel size 4
04-23 22:41:57.647  4538  4538 E libc    : Access denied finding property "persist.device_config.runtime_native_boot.profilebootclasspath"
04-23 22:41:57.647  4538  4538 E libc    : Access denied finding property "persist.device_config.runtime_native_boot.enable_apex_image"
04-23 22:41:57.647  4538  4538 I AndroidRuntime: Using default boot image
04-23 22:41:57.647  4538  4538 E libc    : Access denied finding property "persist.device_config.runtime_native_boot.disable_lock_profiling"
04-23 22:41:57.647  4538  4538 I AndroidRuntime: Leaving lock profiling enabled
04-23 22:41:57.647  4538  4538 E libc    : Access denied finding property "persist.device_config.runtime_native_boot.enable_generational_cc"
04-23 22:41:57.649  4538  4538 I app_process: Core platform API reporting enabled, enforcing=false
04-23 22:41:57.689  4538  4538 W app_process: Unexpected CPU variant for X86 using defaults: x86_64
04-23 22:41:57.690  4538  4538 I app_process: The ClassLoaderContext is a special shared library.
04-23 22:41:57.696  4538  4538 W app_process: JNI RegisterNativeMethods: attempt to register 0 native methods for android.media.AudioAttributes
04-23 22:41:57.912  2638  2638 I DatabaseHelper: Breed 9: Favorited true
04-23 22:41:59.424   159   159 I hwservicemanager: getTransport: Cannot find entry android.hardware.graphics.mapper@4.0::IMapper/default in either framework or device manifest.
04-23 22:41:59.424  4570  4570 I Gralloc4: mapper 4.x is not supported
04-23 22:41:59.461  1636  2288 I MediaProvider: Begin Intent { act=android.intent.action.MEDIA_SCANNER_SCAN_FILE dat=file:///sdcard/screen_2026-04-23_224200.png flg=0x1400010 cmp=com.android.providers.media.module/com.android.providers.media.MediaService }
04-23 22:41:59.456  1636  1636 W com.android.providers.media.module: type=1400 audit(0.0:294): avc: denied { read } for comm=4173796E635461736B202331 name="primary" dev="tmpfs" ino=29719 scontext=u:r:mediaprovider_app:s0:c123,c256,c512,c768 tcontext=u:object_r:mnt_pass_through_file:s0 tclass=lnk_file permissive=0 app=com.android.providers.media.module
04-23 22:41:59.478  1636  2288 W ModernMediaScanner: Failed to visit /sdcard/screen_2026-04-23_224200.png: java.nio.file.AccessDeniedException: /sdcard/screen_2026-04-23_224200.png
04-23 22:41:59.479  1636  2288 I MediaProvider: Scanned internal due to REASON_DEMAND, found 0 items in 18ms, 0 inserts 0 updates 0 deletes
04-23 22:41:59.480  1636  2288 I MediaProvider: End Intent { act=android.intent.action.MEDIA_SCANNER_SCAN_FILE dat=file:///sdcard/screen_2026-04-23_224200.png flg=0x1400010 cmp=com.android.providers.media.module/com.android.providers.media.MediaService }
04-23 22:41:59.456  1636  1636 W com.android.providers.media.module: type=1400 audit(0.0:296): avc: denied { read } for comm=4173796E635461736B202331 name="primary" dev="tmpfs" ino=29719 scontext=u:r:mediaprovider_app:s0:c123,c256,c512,c768 tcontext=u:object_r:mnt_pass_through_file:s0 tclass=lnk_file permissive=0 app=com.android.providers.media.module
04-23 22:41:59.513  1636  1774 I MediaProvider: Deleted 1 items on external_primary due to com.android.shell
04-23 22:41:59.542  4585  4587 I cmd     : oneway function results will be dropped but finished with status OK and parcel size 4
04-23 22:41:59.674   159   159 I hwservicemanager: getTransport: Cannot find entry android.hardware.graphics.mapper@4.0::IMapper/default in either framework or device manifest.
04-23 22:41:59.674  4607  4607 I Gralloc4: mapper 4.x is not supported
04-23 22:41:59.715  4613  4615 I cmd     : oneway function results will be dropped but finished with status OK and parcel size 4
04-23 22:41:59.716  1636  2288 I MediaProvider: Begin Intent { act=android.intent.action.MEDIA_SCANNER_SCAN_FILE dat=file:///sdcard/screen_2026-04-23_224200.png flg=0x1400010 cmp=com.android.providers.media.module/com.android.providers.media.MediaService }
04-23 22:41:59.717  1636  2288 W ModernMediaScanner: Failed to visit /sdcard/screen_2026-04-23_224200.png: java.nio.file.AccessDeniedException: /sdcard/screen_2026-04-23_224200.png
04-23 22:41:59.718  1636  2288 I MediaProvider: Scanned internal due to REASON_DEMAND, found 0 items in 1ms, 0 inserts 0 updates 0 deletes
04-23 22:41:59.718  1636  2288 I MediaProvider: End Intent { act=android.intent.action.MEDIA_SCANNER_SCAN_FILE dat=file:///sdcard/screen_2026-04-23_224200.png flg=0x1400010 cmp=com.android.providers.media.module/com.android.providers.media.MediaService }
04-23 22:41:59.740  1636  3008 I MediaProvider: Deleted 1 items on external_primary due to com.android.shell
04-23 22:41:59.769  4624  4626 I cmd     : oneway function results will be dropped but finished with status OK and parcel size 4
04-23 22:41:59.892   159   159 I hwservicemanager: getTransport: Cannot find entry android.hardware.graphics.mapper@4.0::IMapper/default in either framework or device manifest.
04-23 22:41:59.892  4646  4646 I Gralloc4: mapper 4.x is not supported
04-23 22:41:59.929  4650  4652 I cmd     : oneway function results will be dropped but finished with status OK and parcel size 4
04-23 22:41:59.930  1636  2288 I MediaProvider: Begin Intent { act=android.intent.action.MEDIA_SCANNER_SCAN_FILE dat=file:///sdcard/screen_2026-04-23_224200.png flg=0x1400010 cmp=com.android.providers.media.module/com.android.providers.media.MediaService }
04-23 22:41:59.930  1636  2288 W ModernMediaScanner: Failed to visit /sdcard/screen_2026-04-23_224200.png: java.nio.file.AccessDeniedException: /sdcard/screen_2026-04-23_224200.png
04-23 22:41:59.931  1636  2288 I MediaProvider: Scanned internal due to REASON_DEMAND, found 0 items in 1ms, 0 inserts 0 updates 0 deletes
04-23 22:41:59.932  1636  2288 I MediaProvider: End Intent { act=android.intent.action.MEDIA_SCANNER_SCAN_FILE dat=file:///sdcard/screen_2026-04-23_224200.png flg=0x1400010 cmp=com.android.providers.media.module/com.android.providers.media.MediaService }
04-23 22:41:59.952  1636  1773 I MediaProvider: Deleted 1 items on external_primary due to com.android.shell
04-23 22:41:59.980  4661  4663 I cmd     : oneway function results will be dropped but finished with status OK and parcel size 4
04-23 22:42:00.040  4676  4679 I cmd     : oneway function results will be dropped but finished with status OK and parcel size 4
04-23 22:42:00.091  4692  4694 I cmd     : oneway function results will be dropped but finished with status OK and parcel size 4
04-23 22:42:00.146  4708  4710 I cmd     : oneway function results will be dropped but finished with status OK and parcel size 4
04-23 22:42:00.228  4720  4720 E libc    : Access denied finding property "persist.device_config.runtime_native_boot.profilebootclasspath"
04-23 22:42:00.228  4720  4720 E libc    : Access denied finding property "persist.device_config.runtime_native_boot.enable_apex_image"
04-23 22:42:00.228  4720  4720 I AndroidRuntime: Using default boot image
04-23 22:42:00.228  4720  4720 E libc    : Access denied finding property "persist.device_config.runtime_native_boot.disable_lock_profiling"
04-23 22:42:00.228  4720  4720 I AndroidRuntime: Leaving lock profiling enabled
04-23 22:42:00.228  4720  4720 E libc    : Access denied finding property "persist.device_config.runtime_native_boot.enable_generational_cc"
04-23 22:42:00.229  4720  4720 I app_process: Core platform API reporting enabled, enforcing=false
04-23 22:42:00.269  4720  4720 W app_process: Unexpected CPU variant for X86 using defaults: x86_64
04-23 22:42:00.270  4720  4720 I app_process: The ClassLoaderContext is a special shared library.
04-23 22:42:00.276  4720  4720 W app_process: JNI RegisterNativeMethods: attempt to register 0 native methods for android.media.AudioAttributes
04-23 22:42:00.495  2638  2638 I DatabaseHelper: Breed 10: Favorited true
04-23 22:42:00.558   503   647 E WifiHealthMonitor:  Hit PackageManager exception
04-23 22:42:00.558   503   647 E WifiHealthMonitor: android.content.pm.PackageManager$NameNotFoundException: com.google.android.wifi
04-23 22:42:00.558   503   647 E WifiHealthMonitor: 	at android.app.ApplicationPackageManager.getPackageInfoAsUser(ApplicationPackageManager.java:206)
04-23 22:42:00.558   503   647 E WifiHealthMonitor: 	at android.app.ApplicationPackageManager.getPackageInfo(ApplicationPackageManager.java:178)
04-23 22:42:00.558   503   647 E WifiHealthMonitor: 	at com.android.server.wifi.WifiHealthMonitor.extractCurrentSoftwareBuildInfo(WifiHealthMonitor.java:545)
04-23 22:42:00.558   503   647 E WifiHealthMonitor: 	at com.android.server.wifi.WifiHealthMonitor.postBootSwBuildCheck(WifiHealthMonitor.java:477)
04-23 22:42:00.558   503   647 E WifiHealthMonitor: 	at com.android.server.wifi.WifiHealthMonitor.postBootDetectionHandler(WifiHealthMonitor.java:468)
04-23 22:42:00.558   503   647 E WifiHealthMonitor: 	at com.android.server.wifi.WifiHealthMonitor.access$200(WifiHealthMonitor.java:70)
04-23 22:42:00.558   503   647 E WifiHealthMonitor: 	at com.android.server.wifi.WifiHealthMonitor$2.onAlarm(WifiHealthMonitor.java:163)
04-23 22:42:00.558   503   647 E WifiHealthMonitor: 	at android.app.AlarmManager$ListenerWrapper.run(AlarmManager.java:239)
04-23 22:42:00.558   503   647 E WifiHealthMonitor: 	at android.os.Handler.handleCallback(Handler.java:938)
04-23 22:42:00.558   503   647 E WifiHealthMonitor: 	at android.os.Handler.dispatchMessage(Handler.java:99)
04-23 22:42:00.558   503   647 E WifiHealthMonitor: 	at android.os.Looper.loop(Looper.java:223)
04-23 22:42:00.558   503   647 E WifiHealthMonitor: 	at android.os.HandlerThread.run(HandlerThread.java:67)
04-23 22:42:02.007   159   159 I hwservicemanager: getTransport: Cannot find entry android.hardware.graphics.mapper@4.0::IMapper/default in either framework or device manifest.
04-23 22:42:02.008  4752  4752 I Gralloc4: mapper 4.x is not supported
04-23 22:42:02.046  1636  2288 I MediaProvider: Begin Intent { act=android.intent.action.MEDIA_SCANNER_SCAN_FILE dat=file:///sdcard/screen_2026-04-23_224202.png flg=0x1400010 cmp=com.android.providers.media.module/com.android.providers.media.MediaService }
04-23 22:42:02.040  1636  1636 W com.android.providers.media.module: type=1400 audit(0.0:316): avc: denied { read } for comm=4173796E635461736B202331 name="primary" dev="tmpfs" ino=29719 scontext=u:r:mediaprovider_app:s0:c123,c256,c512,c768 tcontext=u:object_r:mnt_pass_through_file:s0 tclass=lnk_file permissive=0 app=com.android.providers.media.module
04-23 22:42:02.057  4756  4758 I cmd     : oneway function results will be dropped but finished with status OK and parcel size 4
04-23 22:42:02.058  1636  2288 W ModernMediaScanner: Failed to visit /sdcard/screen_2026-04-23_224202.png: java.nio.file.AccessDeniedException: /sdcard/screen_2026-04-23_224202.png
04-23 22:42:02.059  1636  2288 I MediaProvider: Scanned internal due to REASON_DEMAND, found 0 items in 11ms, 0 inserts 0 updates 0 deletes
04-23 22:42:02.238     0     0 W audit   : audit_lost=212 audit_rate_limit=5 audit_backlog_limit=64
04-23 22:42:02.248     0     0 E audit   : rate limit exceeded
04-23 22:42:02.059  1636  2288 I MediaProvider: End Intent { act=android.intent.action.MEDIA_SCANNER_SCAN_FILE dat=file:///sdcard/screen_2026-04-23_224202.png flg=0x1400010 cmp=com.android.providers.media.module/com.android.providers.media.MediaService }
04-23 22:42:02.040  1636  1636 W com.android.providers.media.module: type=1400 audit(0.0:317): avc: denied { read } for comm=4173796E635461736B202331 name="primary" dev="tmpfs" ino=29719 scontext=u:r:mediaprovider_app:s0:c123,c256,c512,c768 tcontext=u:object_r:mnt_pass_through_file:s0 tclass=lnk_file permissive=0 app=com.android.providers.media.module
04-23 22:42:02.044  1636  1636 I chatty  : uid=10123(com.android.providers.media.module) identical 2 lines
04-23 22:42:02.044  1636  1636 W com.android.providers.media.module: type=1400 audit(0.0:320): avc: denied { read } for comm=4173796E635461736B202331 name="primary" dev="tmpfs" ino=29719 scontext=u:r:mediaprovider_app:s0:c123,c256,c512,c768 tcontext=u:object_r:mnt_pass_through_file:s0 tclass=lnk_file permissive=0 app=com.android.providers.media.module
04-23 22:42:02.144  1636  1774 I MediaProvider: Deleted 1 items on external_primary due to com.android.shell
04-23 22:42:02.172  4767  4769 I cmd     : oneway function results will be dropped but finished with status OK and parcel size 4
04-23 22:42:02.297   159   159 I hwservicemanager: getTransport: Cannot find entry android.hardware.graphics.mapper@4.0::IMapper/default in either framework or device manifest.
04-23 22:42:02.297  4789  4789 I Gralloc4: mapper 4.x is not supported
04-23 22:42:02.338  1636  2288 I MediaProvider: Begin Intent { act=android.intent.action.MEDIA_SCANNER_SCAN_FILE dat=file:///sdcard/screen_2026-04-23_224202.png flg=0x1400010 cmp=com.android.providers.media.module/com.android.providers.media.MediaService }
04-23 22:42:02.338  1636  2288 W ModernMediaScanner: Failed to visit /sdcard/screen_2026-04-23_224202.png: java.nio.file.AccessDeniedException: /sdcard/screen_2026-04-23_224202.png
04-23 22:42:02.339  1636  2288 I MediaProvider: Scanned internal due to REASON_DEMAND, found 0 items in 0ms, 0 inserts 0 updates 0 deletes
04-23 22:42:02.340  1636  2288 I MediaProvider: End Intent { act=android.intent.action.MEDIA_SCANNER_SCAN_FILE dat=file:///sdcard/screen_2026-04-23_224202.png flg=0x1400010 cmp=com.android.providers.media.module/com.android.providers.media.MediaService }
04-23 22:42:02.362  1636  3008 I MediaProvider: Deleted 1 items on external_primary due to com.android.shell
04-23 22:42:02.389  4804  4806 I cmd     : oneway function results will be dropped but finished with status OK and parcel size 4
04-23 22:42:02.508   159   159 I hwservicemanager: getTransport: Cannot find entry android.hardware.graphics.mapper@4.0::IMapper/default in either framework or device manifest.
04-23 22:42:02.509  4826  4826 I Gralloc4: mapper 4.x is not supported
04-23 22:42:02.546  1636  2288 I MediaProvider: Begin Intent { act=android.intent.action.MEDIA_SCANNER_SCAN_FILE dat=file:///sdcard/screen_2026-04-23_224203.png flg=0x1400010 cmp=com.android.providers.media.module/com.android.providers.media.MediaService }
04-23 22:42:02.547  1636  2288 W ModernMediaScanner: Failed to visit /sdcard/screen_2026-04-23_224203.png: java.nio.file.AccessDeniedException: /sdcard/screen_2026-04-23_224203.png
04-23 22:42:02.549  1636  2288 I MediaProvider: Scanned internal due to REASON_DEMAND, found 0 items in 3ms, 0 inserts 0 updates 0 deletes
04-23 22:42:02.550  1636  2288 I MediaProvider: End Intent { act=android.intent.action.MEDIA_SCANNER_SCAN_FILE dat=file:///sdcard/screen_2026-04-23_224203.png flg=0x1400010 cmp=com.android.providers.media.module/com.android.providers.media.MediaService }
04-23 22:42:02.570  1636  1773 I MediaProvider: Deleted 1 items on external_primary due to com.android.shell
04-23 22:42:02.598  4841  4843 I cmd     : oneway function results will be dropped but finished with status OK and parcel size 4
04-23 22:42:02.650  4856  4858 I cmd     : oneway function results will be dropped but finished with status OK and parcel size 4
04-23 22:42:02.701  4871  4873 I cmd     : oneway function results will be dropped but finished with status OK and parcel size 4
04-23 22:42:02.852  4900  4900 E libc    : Access denied finding property "persist.device_config.runtime_native_boot.profilebootclasspath"
04-23 22:42:02.852  4900  4900 E libc    : Access denied finding property "persist.device_config.runtime_native_boot.enable_apex_image"
04-23 22:42:02.852  4900  4900 I AndroidRuntime: Using default boot image
04-23 22:42:02.852  4900  4900 E libc    : Access denied finding property "persist.device_config.runtime_native_boot.disable_lock_profiling"
04-23 22:42:02.852  4900  4900 I AndroidRuntime: Leaving lock profiling enabled
04-23 22:42:02.852  4900  4900 E libc    : Access denied finding property "persist.device_config.runtime_native_boot.enable_generational_cc"
04-23 22:42:02.853  4900  4900 I app_process: Core platform API reporting enabled, enforcing=false
04-23 22:42:02.895  4900  4900 W app_process: Unexpected CPU variant for X86 using defaults: x86_64
04-23 22:42:02.896  4900  4900 I app_process: The ClassLoaderContext is a special shared library.
04-23 22:42:02.902  4900  4900 W app_process: JNI RegisterNativeMethods: attempt to register 0 native methods for android.media.AudioAttributes
04-23 22:42:03.112  2638  2638 I DatabaseHelper: Breed 11: Favorited true
04-23 22:42:04.617   159   159 I hwservicemanager: getTransport: Cannot find entry android.hardware.graphics.mapper@4.0::IMapper/default in either framework or device manifest.
04-23 22:42:04.617  4930  4930 I Gralloc4: mapper 4.x is not supported
04-23 22:42:04.654  4934  4936 I cmd     : oneway function results will be dropped but finished with status OK and parcel size 4
04-23 22:42:04.655  1636  2288 I MediaProvider: Begin Intent { act=android.intent.action.MEDIA_SCANNER_SCAN_FILE dat=file:///sdcard/screen_2026-04-23_224205.png flg=0x1400010 cmp=com.android.providers.media.module/com.android.providers.media.MediaService }
04-23 22:42:04.652  1636  1636 W com.android.providers.media.module: type=1400 audit(0.0:338): avc: denied { read } for comm=4173796E635461736B202331 name="primary" dev="tmpfs" ino=29719 scontext=u:r:mediaprovider_app:s0:c123,c256,c512,c768 tcontext=u:object_r:mnt_pass_through_file:s0 tclass=lnk_file permissive=0 app=com.android.providers.media.module
04-23 22:42:04.846     0     0 W audit   : audit_lost=229 audit_rate_limit=5 audit_backlog_limit=64
04-23 22:42:04.857     0     0 E audit   : rate limit exceeded
04-23 22:42:04.668  1636  2288 W ModernMediaScanner: Failed to visit /sdcard/screen_2026-04-23_224205.png: java.nio.file.AccessDeniedException: /sdcard/screen_2026-04-23_224205.png
04-23 22:42:04.668  1636  2288 I MediaProvider: Scanned internal due to REASON_DEMAND, found 0 items in 13ms, 0 inserts 0 updates 0 deletes
04-23 22:42:04.669  1636  2288 I MediaProvider: End Intent { act=android.intent.action.MEDIA_SCANNER_SCAN_FILE dat=file:///sdcard/screen_2026-04-23_224205.png flg=0x1400010 cmp=com.android.providers.media.module/com.android.providers.media.MediaService }
04-23 22:42:04.652  1636  1636 W com.android.providers.media.module: type=1400 audit(0.0:339): avc: denied { read } for comm=4173796E635461736B202331 name="primary" dev="tmpfs" ino=29719 scontext=u:r:mediaprovider_app:s0:c123,c256,c512,c768 tcontext=u:object_r:mnt_pass_through_file:s0 tclass=lnk_file permissive=0 app=com.android.providers.media.module
04-23 22:42:04.714  1636  1774 I MediaProvider: Deleted 1 items on external_primary due to com.android.shell
04-23 22:42:04.870   159   159 I hwservicemanager: getTransport: Cannot find entry android.hardware.graphics.mapper@4.0::IMapper/default in either framework or device manifest.
04-23 22:42:04.870  4969  4969 I Gralloc4: mapper 4.x is not supported
04-23 22:42:04.907  4973  4975 I cmd     : oneway function results will be dropped but finished with status OK and parcel size 4
04-23 22:42:04.907  1636  2288 I MediaProvider: Begin Intent { act=android.intent.action.MEDIA_SCANNER_SCAN_FILE dat=file:///sdcard/screen_2026-04-23_224205.png flg=0x1400010 cmp=com.android.providers.media.module/com.android.providers.media.MediaService }
04-23 22:42:04.909  1636  2288 W ModernMediaScanner: Failed to visit /sdcard/screen_2026-04-23_224205.png: java.nio.file.AccessDeniedException: /sdcard/screen_2026-04-23_224205.png
04-23 22:42:04.909  1636  2288 I MediaProvider: Scanned internal due to REASON_DEMAND, found 0 items in 1ms, 0 inserts 0 updates 0 deletes
04-23 22:42:04.910  1636  2288 I MediaProvider: End Intent { act=android.intent.action.MEDIA_SCANNER_SCAN_FILE dat=file:///sdcard/screen_2026-04-23_224205.png flg=0x1400010 cmp=com.android.providers.media.module/com.android.providers.media.MediaService }
04-23 22:42:04.971  1636  3008 I MediaProvider: Deleted 1 items on external_primary due to com.android.shell
04-23 22:42:04.999  4984  4986 I cmd     : oneway function results will be dropped but finished with status OK and parcel size 4
04-23 22:42:05.123   159   159 I hwservicemanager: getTransport: Cannot find entry android.hardware.graphics.mapper@4.0::IMapper/default in either framework or device manifest.
04-23 22:42:05.123  5006  5006 I Gralloc4: mapper 4.x is not supported
04-23 22:42:05.161  5010  5012 I cmd     : oneway function results will be dropped but finished with status OK and parcel size 4
04-23 22:42:05.161  1636  2288 I MediaProvider: Begin Intent { act=android.intent.action.MEDIA_SCANNER_SCAN_FILE dat=file:///sdcard/screen_2026-04-23_224205.png flg=0x1400010 cmp=com.android.providers.media.module/com.android.providers.media.MediaService }
04-23 22:42:05.162  1636  2288 W ModernMediaScanner: Failed to visit /sdcard/screen_2026-04-23_224205.png: java.nio.file.AccessDeniedException: /sdcard/screen_2026-04-23_224205.png
04-23 22:42:05.163  1636  2288 I MediaProvider: Scanned internal due to REASON_DEMAND, found 0 items in 1ms, 0 inserts 0 updates 0 deletes
04-23 22:42:05.163  1636  2288 I MediaProvider: End Intent { act=android.intent.action.MEDIA_SCANNER_SCAN_FILE dat=file:///sdcard/screen_2026-04-23_224205.png flg=0x1400010 cmp=com.android.providers.media.module/com.android.providers.media.MediaService }
04-23 22:42:05.186  1636  1773 I MediaProvider: Deleted 1 items on external_primary due to com.android.shell
04-23 22:42:05.217  5021  5023 I cmd     : oneway function results will be dropped but finished with status OK and parcel size 4
04-23 22:42:05.268  5036  5038 I cmd     : oneway function results will be dropped but finished with status OK and parcel size 4
04-23 22:42:05.317  5051  5053 I cmd     : oneway function results will be dropped but finished with status OK and parcel size 4
04-23 22:42:05.368  5066  5068 I cmd     : oneway function results will be dropped but finished with status OK and parcel size 4
04-23 22:42:05.455  5078  5078 E libc    : Access denied finding property "persist.device_config.runtime_native_boot.profilebootclasspath"
04-23 22:42:05.455  5078  5078 E libc    : Access denied finding property "persist.device_config.runtime_native_boot.enable_apex_image"
04-23 22:42:05.455  5078  5078 I AndroidRuntime: Using default boot image
04-23 22:42:05.455  5078  5078 E libc    : Access denied finding property "persist.device_config.runtime_native_boot.disable_lock_profiling"
04-23 22:42:05.455  5078  5078 I AndroidRuntime: Leaving lock profiling enabled
04-23 22:42:05.455  5078  5078 E libc    : Access denied finding property "persist.device_config.runtime_native_boot.enable_generational_cc"
04-23 22:42:05.456  5078  5078 I app_process: Core platform API reporting enabled, enforcing=false
04-23 22:42:05.498  5078  5078 W app_process: Unexpected CPU variant for X86 using defaults: x86_64
04-23 22:42:05.499  5078  5078 I app_process: The ClassLoaderContext is a special shared library.
04-23 22:42:05.505  5078  5078 W app_process: JNI RegisterNativeMethods: attempt to register 0 native methods for android.media.AudioAttributes
04-23 22:42:05.712  2638  2638 I DatabaseHelper: Breed 12: Favorited true
04-23 22:42:07.227   159   159 I hwservicemanager: getTransport: Cannot find entry android.hardware.graphics.mapper@4.0::IMapper/default in either framework or device manifest.
04-23 22:42:07.228  5110  5110 I Gralloc4: mapper 4.x is not supported
04-23 22:42:07.267  1636  2288 I MediaProvider: Begin Intent { act=android.intent.action.MEDIA_SCANNER_SCAN_FILE dat=file:///sdcard/screen_2026-04-23_224207.png flg=0x1400010 cmp=com.android.providers.media.module/com.android.providers.media.MediaService }
04-23 22:42:07.281  1636  2288 W ModernMediaScanner: Failed to visit /sdcard/screen_2026-04-23_224207.png: java.nio.file.AccessDeniedException: /sdcard/screen_2026-04-23_224207.png
04-23 22:42:07.282  1636  2288 I MediaProvider: Scanned internal due to REASON_DEMAND, found 0 items in 7ms, 0 inserts 0 updates 0 deletes
04-23 22:42:07.467     0     0 W audit   : audit_lost=246 audit_rate_limit=5 audit_backlog_limit=64
04-23 22:42:07.470     0     0 E audit   : rate limit exceeded
04-23 22:42:07.284  1636  2288 I MediaProvider: End Intent { act=android.intent.action.MEDIA_SCANNER_SCAN_FILE dat=file:///sdcard/screen_2026-04-23_224207.png flg=0x1400010 cmp=com.android.providers.media.module/com.android.providers.media.MediaService }
04-23 22:42:07.260  1636  1636 W com.android.providers.media.module: type=1400 audit(0.0:360): avc: denied { read } for comm=4173796E635461736B202331 name="primary" dev="tmpfs" ino=29719 scontext=u:r:mediaprovider_app:s0:c123,c256,c512,c768 tcontext=u:object_r:mnt_pass_through_file:s0 tclass=lnk_file permissive=0 app=com.android.providers.media.module
04-23 22:42:07.272  1636  1636 I chatty  : uid=10123(com.android.providers.media.module) identical 3 lines
04-23 22:42:07.272  1636  1636 W com.android.providers.media.module: type=1400 audit(0.0:364): avc: denied { read } for comm=4173796E635461736B202331 name="primary" dev="tmpfs" ino=29719 scontext=u:r:mediaprovider_app:s0:c123,c256,c512,c768 tcontext=u:object_r:mnt_pass_through_file:s0 tclass=lnk_file permissive=0 app=com.android.providers.media.module
04-23 22:42:07.336  1636  1774 I MediaProvider: Deleted 1 items on external_primary due to com.android.shell
04-23 22:42:07.365  5125  5127 I cmd     : oneway function results will be dropped but finished with status OK and parcel size 4
04-23 22:42:07.489   159   159 I hwservicemanager: getTransport: Cannot find entry android.hardware.graphics.mapper@4.0::IMapper/default in either framework or device manifest.
04-23 22:42:07.489  5147  5147 I Gralloc4: mapper 4.x is not supported
04-23 22:42:07.526  5151  5153 I cmd     : oneway function results will be dropped but finished with status OK and parcel size 4
04-23 22:42:07.526  1636  2288 I MediaProvider: Begin Intent { act=android.intent.action.MEDIA_SCANNER_SCAN_FILE dat=file:///sdcard/screen_2026-04-23_224208.png flg=0x1400010 cmp=com.android.providers.media.module/com.android.providers.media.MediaService }
04-23 22:42:07.528  1636  2288 W ModernMediaScanner: Failed to visit /sdcard/screen_2026-04-23_224208.png: java.nio.file.AccessDeniedException: /sdcard/screen_2026-04-23_224208.png
04-23 22:42:07.531  1636  2288 I MediaProvider: Scanned internal due to REASON_DEMAND, found 0 items in 3ms, 0 inserts 0 updates 0 deletes
04-23 22:42:07.531  1636  2288 I MediaProvider: End Intent { act=android.intent.action.MEDIA_SCANNER_SCAN_FILE dat=file:///sdcard/screen_2026-04-23_224208.png flg=0x1400010 cmp=com.android.providers.media.module/com.android.providers.media.MediaService }
04-23 22:42:07.550  1636  3008 I MediaProvider: Deleted 1 items on external_primary due to com.android.shell
04-23 22:42:07.579  5162  5164 I cmd     : oneway function results will be dropped but finished with status OK and parcel size 4
04-23 22:42:07.701   159   159 I hwservicemanager: getTransport: Cannot find entry android.hardware.graphics.mapper@4.0::IMapper/default in either framework or device manifest.
04-23 22:42:07.701  5184  5184 I Gralloc4: mapper 4.x is not supported
04-23 22:42:07.738  5188  5190 I cmd     : oneway function results will be dropped but finished with status OK and parcel size 4
04-23 22:42:07.739  1636  2288 I MediaProvider: Begin Intent { act=android.intent.action.MEDIA_SCANNER_SCAN_FILE dat=file:///sdcard/screen_2026-04-23_224208.png flg=0x1400010 cmp=com.android.providers.media.module/com.android.providers.media.MediaService }
04-23 22:42:07.742  1636  2288 W ModernMediaScanner: Failed to visit /sdcard/screen_2026-04-23_224208.png: java.nio.file.AccessDeniedException: /sdcard/screen_2026-04-23_224208.png
04-23 22:42:07.742  1636  2288 I MediaProvider: Scanned internal due to REASON_DEMAND, found 0 items in 3ms, 0 inserts 0 updates 0 deletes
04-23 22:42:07.743  1636  2288 I MediaProvider: End Intent { act=android.intent.action.MEDIA_SCANNER_SCAN_FILE dat=file:///sdcard/screen_2026-04-23_224208.png flg=0x1400010 cmp=com.android.providers.media.module/com.android.providers.media.MediaService }
04-23 22:42:07.761  1636  1773 I MediaProvider: Deleted 1 items on external_primary due to com.android.shell
04-23 22:42:07.789  5199  5201 I cmd     : oneway function results will be dropped but finished with status OK and parcel size 4
04-23 22:42:07.846  5214  5216 I cmd     : oneway function results will be dropped but finished with status OK and parcel size 4
04-23 22:42:07.920  5231  5233 I cmd     : oneway function results will be dropped but finished with status OK and parcel size 4
04-23 22:42:07.971  5246  5248 I cmd     : oneway function results will be dropped but finished with status OK and parcel size 4
04-23 22:42:08.050  5258  5258 E libc    : Access denied finding property "persist.device_config.runtime_native_boot.profilebootclasspath"
04-23 22:42:08.050  5258  5258 E libc    : Access denied finding property "persist.device_config.runtime_native_boot.enable_apex_image"
04-23 22:42:08.050  5258  5258 I AndroidRuntime: Using default boot image
04-23 22:42:08.050  5258  5258 E libc    : Access denied finding property "persist.device_config.runtime_native_boot.disable_lock_profiling"
04-23 22:42:08.050  5258  5258 I AndroidRuntime: Leaving lock profiling enabled
04-23 22:42:08.050  5258  5258 E libc    : Access denied finding property "persist.device_config.runtime_native_boot.enable_generational_cc"
04-23 22:42:08.051  5258  5258 I app_process: Core platform API reporting enabled, enforcing=false
04-23 22:42:08.091  5258  5258 W app_process: Unexpected CPU variant for X86 using defaults: x86_64
04-23 22:42:08.092  5258  5258 I app_process: The ClassLoaderContext is a special shared library.
04-23 22:42:08.098  5258  5258 W app_process: JNI RegisterNativeMethods: attempt to register 0 native methods for android.media.AudioAttributes
04-23 22:42:08.311  2638  2638 I DatabaseHelper: Breed 13: Favorited true
04-23 22:42:09.818   159   159 I hwservicemanager: getTransport: Cannot find entry android.hardware.graphics.mapper@4.0::IMapper/default in either framework or device manifest.
04-23 22:42:09.818  5288  5288 I Gralloc4: mapper 4.x is not supported
04-23 22:42:09.856  5292  5294 I cmd     : oneway function results will be dropped but finished with status OK and parcel size 4
04-23 22:42:09.856  1636  2288 I MediaProvider: Begin Intent { act=android.intent.action.MEDIA_SCANNER_SCAN_FILE dat=file:///sdcard/screen_2026-04-23_224210.png flg=0x1400010 cmp=com.android.providers.media.module/com.android.providers.media.MediaService }
04-23 22:42:09.852  1636  1636 W com.android.providers.media.module: type=1400 audit(0.0:382): avc: denied { read } for comm=4173796E635461736B202331 name="primary" dev="tmpfs" ino=29719 scontext=u:r:mediaprovider_app:s0:c123,c256,c512,c768 tcontext=u:object_r:mnt_pass_through_file:s0 tclass=lnk_file permissive=0 app=com.android.providers.media.module
04-23 22:42:10.049     0     0 W audit   : audit_lost=263 audit_rate_limit=5 audit_backlog_limit=64
04-23 22:42:10.058     0     0 E audit   : rate limit exceeded
