04-23 22:41:26.294  1636  2288 W ModernMediaScanner: 	at com.android.providers.media.util.DatabaseUtils.executeInsert(DatabaseUtils.java:457)
04-23 22:41:26.294  1636  2288 W ModernMediaScanner: 	at com.android.providers.media.util.SQLiteQueryBuilder.insert(SQLiteQueryBuilder.java:597)
04-23 22:41:26.294  1636  2288 W ModernMediaScanner: 	at com.android.providers.media.util.SQLiteQueryBuilder.lambda$insert$1(SQLiteQueryBuilder.java:561)
04-23 22:41:26.294  1636  2288 W ModernMediaScanner: 	at com.android.providers.media.util.SQLiteQueryBuilder.lambda$insert$1$SQLiteQueryBuilder(Unknown Source:0)
04-23 22:41:26.294  1636  2288 W ModernMediaScanner: 	at com.android.providers.media.util.-$$Lambda$SQLiteQueryBuilder$YklJ51_aF7j8568p4VYgJs-CWNI.apply(Unknown Source:6)
04-23 22:41:26.294  1636  2288 W ModernMediaScanner: 	at com.android.providers.media.DatabaseHelper.runWithTransaction(DatabaseHelper.java:555)
04-23 22:41:26.294  1636  2288 W ModernMediaScanner: 	at com.android.providers.media.util.SQLiteQueryBuilder.insert(SQLiteQueryBuilder.java:560)
04-23 22:41:26.294  1636  2288 W ModernMediaScanner: 	at com.android.providers.media.MediaProvider.lambda$insertAllowingUpsert$14(MediaProvider.java:3066)
04-23 22:41:26.294  1636  2288 W ModernMediaScanner: 	at com.android.providers.media.MediaProvider.lambda$insertAllowingUpsert$14$MediaProvider(Unknown Source:0)
04-23 22:41:26.294  1636  2288 W ModernMediaScanner: 	at com.android.providers.media.-$$Lambda$MediaProvider$FjHWs2-fjgG761OzVFzdTX4EWZg.apply(Unknown Source:13)
04-23 22:41:26.294  1636  2288 W ModernMediaScanner: 	at com.android.providers.media.DatabaseHelper.runWithTransaction(DatabaseHelper.java:555)
04-23 22:41:26.294  1636  2288 W ModernMediaScanner: 	at com.android.providers.media.MediaProvider.insertAllowingUpsert(MediaProvider.java:3056)
04-23 22:41:26.294  1636  2288 W ModernMediaScanner: 	at com.android.providers.media.MediaProvider.insertFile(MediaProvider.java:3038)
04-23 22:41:26.294  1636  2288 W ModernMediaScanner: 	at com.android.providers.media.MediaProvider.insertInternal(MediaProvider.java:3470)
04-23 22:41:26.294  1636  2288 W ModernMediaScanner: 	at com.android.providers.media.MediaProvider.insert(MediaProvider.java:3198)
04-23 22:41:26.294  1636  2288 W ModernMediaScanner: 	at android.content.ContentProviderOperation.applyInternal(ContentProviderOperation.java:375)
04-23 22:41:26.294  1636  2288 W ModernMediaScanner: 	at android.content.ContentProviderOperation.apply(ContentProviderOperation.java:347)
04-23 22:41:26.294  1636  2288 W ModernMediaScanner: 	at android.content.ContentProvider.applyBatch(ContentProvider.java:2422)
04-23 22:41:26.294  1636  2288 W ModernMediaScanner: 	at com.android.providers.media.MediaProvider.applyBatch(MediaProvider.java:3522)
04-23 22:41:26.294  1636  2288 W ModernMediaScanner: 	at android.content.ContentProvider.applyBatch(ContentProvider.java:2413)
04-23 22:41:26.294  1636  2288 W ModernMediaScanner: 	at android.content.ContentResolver.applyBatch(ContentResolver.java:2186)
04-23 22:41:26.294  1636  2288 W ModernMediaScanner: 	at com.android.providers.media.scan.ModernMediaScanner$Scan.applyPending(ModernMediaScanner.java:699)
04-23 22:41:26.294  1636  2288 W ModernMediaScanner: 	at com.android.providers.media.scan.ModernMediaScanner$Scan.maybeApplyPending(ModernMediaScanner.java:689)
04-23 22:41:26.294  1636  2288 W ModernMediaScanner: 	at com.android.providers.media.scan.ModernMediaScanner$Scan.visitFile(ModernMediaScanner.java:649)
04-23 22:41:26.294  1636  2288 W ModernMediaScanner: 	at com.android.providers.media.scan.ModernMediaScanner$Scan.visitFile(ModernMediaScanner.java:272)
04-23 22:41:26.294  1636  2288 W ModernMediaScanner: 	at java.nio.file.Files.walkFileTree(Files.java:2670)
04-23 22:41:26.294  1636  2288 W ModernMediaScanner: 	at java.nio.file.Files.walkFileTree(Files.java:2742)
04-23 22:41:26.294  1636  2288 W ModernMediaScanner: 	at com.android.providers.media.scan.ModernMediaScanner$Scan.walkFileTree(ModernMediaScanner.java:366)
04-23 22:41:26.294  1636  2288 W ModernMediaScanner: 	at com.android.providers.media.scan.ModernMediaScanner$Scan.run(ModernMediaScanner.java:329)
04-23 22:41:26.294  1636  2288 W ModernMediaScanner: 	at com.android.providers.media.scan.ModernMediaScanner.scanDirectory(ModernMediaScanner.java:226)
04-23 22:41:26.295  1636  2288 W ModernMediaScanner: 	at com.android.providers.media.MediaProvider.scanDirectory(MediaProvider.java:1111)
04-23 22:41:26.295  1636  2288 W ModernMediaScanner: 	at com.android.providers.media.MediaService.onScanVolume(MediaService.java:148)
04-23 22:41:26.295  1636  2288 W ModernMediaScanner: 	at com.android.providers.media.MediaService.onScanVolume(MediaService.java:117)
04-23 22:41:26.295  1636  2288 W ModernMediaScanner: 	at com.android.providers.media.MediaService.onScanVolume(MediaService.java:108)
04-23 22:41:26.295  1636  2288 W ModernMediaScanner: 	at com.android.providers.media.MediaService.onHandleWork(MediaService.java:71)
04-23 22:41:26.295  1636  2288 W ModernMediaScanner: 	at androidx.core.app.JobIntentService$CommandProcessor.doInBackground(JobIntentService.java:391)
04-23 22:41:26.295  1636  2288 W ModernMediaScanner: 	at androidx.core.app.JobIntentService$CommandProcessor.doInBackground(JobIntentService.java:382)
04-23 22:41:26.295  1636  2288 W ModernMediaScanner: 	at android.os.AsyncTask$3.call(AsyncTask.java:394)
04-23 22:41:26.295  1636  2288 W ModernMediaScanner: 	at java.util.concurrent.FutureTask.run(FutureTask.java:266)
04-23 22:41:26.295  1636  2288 W ModernMediaScanner: 	at java.util.concurrent.ThreadPoolExecutor.runWorker(ThreadPoolExecutor.java:1167)
04-23 22:41:26.295  1636  2288 W ModernMediaScanner: 	at java.util.concurrent.ThreadPoolExecutor$Worker.run(ThreadPoolExecutor.java:641)
04-23 22:41:26.295  1636  2288 W ModernMediaScanner: 	at java.lang.Thread.run(Thread.java:923)
04-23 22:41:26.362  2395  2395 E libc    : Access denied finding property "persist.device_config.runtime_native_boot.profilebootclasspath"
04-23 22:41:26.364  2395  2395 E libc    : Access denied finding property "persist.device_config.runtime_native_boot.enable_apex_image"
04-23 22:41:26.364  2395  2395 I AndroidRuntime: Using default boot image
04-23 22:41:26.364  2395  2395 E libc    : Access denied finding property "persist.device_config.runtime_native_boot.disable_lock_profiling"
04-23 22:41:26.364  2395  2395 I AndroidRuntime: Leaving lock profiling enabled
04-23 22:41:26.364  2395  2395 E libc    : Access denied finding property "persist.device_config.runtime_native_boot.enable_generational_cc"
04-23 22:41:26.365  2395  2395 I app_process: Core platform API reporting enabled, enforcing=false
04-23 22:41:26.553     0     0 W audit   : audit_lost=7 audit_rate_limit=5 audit_backlog_limit=64
04-23 22:41:26.555     0     0 E audit   : rate limit exceeded
04-23 22:41:26.356  2395  2395 W app_process: type=1400 audit(0.0:35): avc: denied { read } for name="u:object_r:device_config_runtime_native_boot_prop:s0" dev="tmpfs" ino=512 scontext=u:r:shell:s0 tcontext=u:object_r:device_config_runtime_native_boot_prop:s0 tclass=file permissive=0
04-23 22:41:26.407  2395  2395 W app_process: Unexpected CPU variant for X86 using defaults: x86_64
04-23 22:41:26.407  2395  2395 I app_process: The ClassLoaderContext is a special shared library.
04-23 22:41:26.414  2395  2395 W app_process: JNI RegisterNativeMethods: attempt to register 0 native methods for android.media.AudioAttributes
04-23 22:41:26.521   406   406 I perfetto: probes_producer.cc:329  Producer stop (id=3)
04-23 22:41:26.532   503   538 I DropBoxManagerService: add tag=system_app_strictmode isTagEnabled=true flags=0x2
04-23 22:41:26.536   410   410 I perfetto: ng_service_impl.cc:1948 Tracing session 3 ended, total sessions:1
04-23 22:41:26.852  2417  2419 I cmd     : oneway function results will be dropped but finished with status OK and parcel size 4
04-23 22:41:26.858  2137  2137 I abb     : StartCommandInProcess(73657474696e67730067657400676c6f settings.get.glo [truncated])
04-23 22:41:26.864  2137  2194 I abb     : oneway function results will be dropped but finished with status OK and parcel size 4
04-23 22:41:26.860   503   503 W Binder:503_D: type=1400 audit(0.0:39): avc: denied { getopt } for scontext=u:r:system_server:s0 tcontext=u:r:shell:s0 tclass=unix_stream_socket permissive=0
04-23 22:41:26.872  2424  2426 I cmd     : oneway function results will be dropped but finished with status OK and parcel size 4
04-23 22:41:26.860   503   503 W Binder:503_D: type=1400 audit(0.0:40): avc: denied { getopt } for scontext=u:r:system_server:s0 tcontext=u:r:shell:s0 tclass=unix_stream_socket permissive=0
04-23 22:41:26.873  2137  2137 I abb     : StartCommandInProcess(7061636b61676500696e7374616c6c00 package.install. [truncated])
04-23 22:41:26.860   503   503 W Binder:503_D: type=1400 audit(0.0:41): avc: denied { getopt } for scontext=u:r:system_server:s0 tcontext=u:r:shell:s0 tclass=unix_stream_socket permissive=0
04-23 22:41:26.972   503   598 W RuleEvaluation: Integrity rule files are not available.
04-23 22:41:26.972   503   561 I PackageManager: Integrity check passed for file:///data/app/vmdl1905424645.tmp
04-23 22:41:26.977   503   561 I PackageManager: Permission ownership changed. Updating all permissions.
04-23 22:41:27.018   503   561 I AppsFilter: interaction: PackageSetting{fb96d06 io.github.ylimit.droidbotapp/10130} -> PackageSetting{9cf6fc7 co.touchlab.kampkit/10131} BLOCKED
04-23 22:41:26.912   503   503 W Binder:503_D: type=1400 audit(0.0:42): avc: denied { getopt } for scontext=u:r:system_server:s0 tcontext=u:r:shell:s0 tclass=unix_stream_socket permissive=0
04-23 22:41:27.024   417  1415 E installd: Couldn't opendir /data/app/vmdl1905424645.tmp: No such file or directory
04-23 22:41:27.024   417  1415 E installd: Failed to delete /data/app/vmdl1905424645.tmp: No such file or directory
04-23 22:41:27.026  2137  2142 I abb     : oneway function results will be dropped but finished with status OK and parcel size 4
04-23 22:41:27.033   503   536 I RoleManagerService: Granting default roles...
04-23 22:41:27.034  1636  1636 I MediaProvider: Invalidating LocalCallingIdentity cache for package co.touchlab.kampkit. Reason: package android.intent.action.PACKAGE_ADDED
04-23 22:41:27.037   503   595 I InputReader: Reconfiguring input devices, changes=KEYBOARD_LAYOUTS | 
04-23 22:41:27.039   503   503 I Telecom : DefaultDialerCache: Refreshing default dialer for user 0: now com.android.dialer: DDC.oR@AHc
04-23 22:41:27.043   503  1003 W BroadcastQueue: Background execution not allowed: receiving Intent { act=android.intent.action.PACKAGE_ADDED dat=package:co.touchlab.kampkit flg=0x4000010 (has extras) } to com.android.packageinstaller/.PackageInstalledReceiver
04-23 22:41:27.043   503   545 W BroadcastQueue: Background execution not allowed: receiving Intent { act=android.intent.action.PACKAGE_ADDED dat=package:co.touchlab.kampkit flg=0x4000010 (has extras) } to com.android.gallery3d/.app.PackagesMonitor
04-23 22:41:27.043   718  2196 I PermissionControllerServiceImpl: Updating user sensitive for uid 10131
04-23 22:41:27.020   503   503 W Binder:503_D: type=1400 audit(0.0:43): avc: denied { getopt } for scontext=u:r:system_server:s0 tcontext=u:r:shell:s0 tclass=unix_stream_socket permissive=0
04-23 22:41:27.053   503   544 W VoiceInteractionManager: no available voice recognition services found for user 0
04-23 22:41:27.358  1636  2288 I MediaProvider: Scanned internal due to REASON_MOUNTED, found 230 items in 1805ms, 224 inserts 6 updates 0 deletes
04-23 22:41:27.369  1636  2288 I MediaProvider: Using lower FS for /product/media/audio/ringtones/Ring_Synth_04.ogg
04-23 22:41:27.374  1636  2288 I MediaProvider: Using lower FS for /product/media/audio/notifications/pixiedust.ogg
04-23 22:41:27.381  1636  2288 I MediaProvider: Using lower FS for /product/media/audio/alarms/Alarm_Classic.ogg
04-23 22:41:27.394  1636  2390 E StorageManager: Failed to set extended attributes for /storage/emulated/0/Android to set project id.: Permission denied
04-23 22:41:27.394  1636  2390 W MediaProvider: Failed to update quota type for /storage/emulated/0/Android
04-23 22:41:27.394  1636  2390 W MediaProvider: java.io.IOException: Failed to update quota type for /storage/emulated/0/Android
04-23 22:41:27.394  1636  2390 W MediaProvider: 	at android.os.storage.StorageManager.updateExternalStorageFileQuotaType(StorageManager.java:2512)
04-23 22:41:27.394  1636  2390 W MediaProvider: 	at com.android.providers.media.MediaProvider.updateQuotaTypeForFileInternal(MediaProvider.java:585)
04-23 22:41:27.394  1636  2390 W MediaProvider: 	at com.android.providers.media.MediaProvider.updateQuotaTypeForUri(MediaProvider.java:560)
04-23 22:41:27.394  1636  2390 W MediaProvider: 	at com.android.providers.media.MediaProvider.access$800(MediaProvider.java:222)
04-23 22:41:27.394  1636  2390 W MediaProvider: 	at com.android.providers.media.MediaProvider$3.lambda$onInsert$0(MediaProvider.java:611)
04-23 22:41:27.394  1636  2390 W MediaProvider: 	at com.android.providers.media.MediaProvider$3.lambda$onInsert$0$MediaProvider$3(Unknown Source:0)
04-23 22:41:27.394  1636  2390 W MediaProvider: 	at com.android.providers.media.-$$Lambda$MediaProvider$3$OA4Hj-5lam3D4oprnbu7ZpL-f_E.run(Unknown Source:10)
04-23 22:41:27.394  1636  2390 W MediaProvider: 	at android.os.Handler.handleCallback(Handler.java:938)
04-23 22:41:27.394  1636  2390 W MediaProvider: 	at android.os.Handler.dispatchMessage(Handler.java:99)
04-23 22:41:27.394  1636  2390 W MediaProvider: 	at android.os.Looper.loop(Looper.java:223)
04-23 22:41:27.394  1636  2390 W MediaProvider: 	at android.os.HandlerThread.run(HandlerThread.java:67)
04-23 22:41:27.395  1636  2390 E StorageManager: Failed to set extended attributes for /storage/emulated/0/Android/media to set project id.: Permission denied
04-23 22:41:27.395  1636  2390 W MediaProvider: Failed to update quota type for /storage/emulated/0/Android/media
04-23 22:41:27.395  1636  2390 W MediaProvider: java.io.IOException: Failed to update quota type for /storage/emulated/0/Android/media
04-23 22:41:27.395  1636  2390 W MediaProvider: 	at android.os.storage.StorageManager.updateExternalStorageFileQuotaType(StorageManager.java:2512)
04-23 22:41:27.395  1636  2390 W MediaProvider: 	at com.android.providers.media.MediaProvider.updateQuotaTypeForFileInternal(MediaProvider.java:585)
04-23 22:41:27.395  1636  2390 W MediaProvider: 	at com.android.providers.media.MediaProvider.updateQuotaTypeForUri(MediaProvider.java:560)
04-23 22:41:27.395  1636  2390 W MediaProvider: 	at com.android.providers.media.MediaProvider.access$800(MediaProvider.java:222)
04-23 22:41:27.395  1636  2390 W MediaProvider: 	at com.android.providers.media.MediaProvider$3.lambda$onInsert$0(MediaProvider.java:611)
04-23 22:41:27.395  1636  2390 W MediaProvider: 	at com.android.providers.media.MediaProvider$3.lambda$onInsert$0$MediaProvider$3(Unknown Source:0)
04-23 22:41:27.395  1636  2390 W MediaProvider: 	at com.android.providers.media.-$$Lambda$MediaProvider$3$OA4Hj-5lam3D4oprnbu7ZpL-f_E.run(Unknown Source:10)
04-23 22:41:27.395  1636  2390 W MediaProvider: 	at android.os.Handler.handleCallback(Handler.java:938)
04-23 22:41:27.395  1636  2390 W MediaProvider: 	at android.os.Handler.dispatchMessage(Handler.java:99)
04-23 22:41:27.395  1636  2390 W MediaProvider: 	at android.os.Looper.loop(Looper.java:223)
04-23 22:41:27.395  1636  2390 W MediaProvider: 	at android.os.HandlerThread.run(HandlerThread.java:67)
04-23 22:41:27.401  1636  2288 I MediaProvider: Scanned external_primary due to REASON_MOUNTED, found 14 items in 15ms, 3 inserts 0 updates 0 deletes
04-23 22:41:27.401  1636  2288 I MediaProvider: End Intent { act=android.intent.action.MEDIA_MOUNTED dat=file:///storage/emulated/0 flg=0x5000010 cmp=com.android.providers.media.module/com.android.providers.media.MediaService (has extras) }
04-23 22:41:27.402  1636  2288 I MediaProvider: Begin Intent { act=android.intent.action.MEDIA_MOUNTED dat=file:///storage/emulated/0 flg=0x5000010 cmp=com.android.providers.media.module/com.android.providers.media.MediaService (has extras) }
04-23 22:41:27.403  1636  2288 W ModernMediaScanner: Failed to visit /system/media: java.nio.file.NoSuchFileException: /system/media
04-23 22:41:27.404  1636  2288 I MediaProvider: Scanned internal due to REASON_MOUNTED, found 0 items in 1ms, 0 inserts 0 updates 0 deletes
04-23 22:41:27.405  1636  2288 W ModernMediaScanner: Failed to visit /oem/media: java.nio.file.NoSuchFileException: /oem/media
04-23 22:41:27.405  1636  2288 I MediaProvider: Scanned internal due to REASON_MOUNTED, found 0 items in 1ms, 0 inserts 0 updates 0 deletes
04-23 22:41:27.577  1331  1331 I LatinIME: Timeout waiting for dictionary load
04-23 22:41:27.768   406   406 I perfetto: probes_producer.cc:329  Producer stop (id=4)
04-23 22:41:27.769   406   406 I perfetto: ftrace_procfs.cc:183    disabled ftrace
04-23 22:41:27.959     0     0 W perfetto: disabled ftrace
04-23 22:41:27.772   410   410 I perfetto: ng_service_impl.cc:1948 Tracing session 4 ended, total sessions:0
04-23 22:41:28.009   503   561 I AppsFilter: interaction: PackageSetting{fb96d06 io.github.ylimit.droidbotapp/10130} -> PackageSetting{c2bf99b com.android.camera2/10108} BLOCKED
04-23 22:41:28.009   503   561 I AppsFilter: interaction: PackageSetting{9cf6fc7 co.touchlab.kampkit/10131} -> PackageSetting{c2bf99b com.android.camera2/10108} BLOCKED
04-23 22:41:28.009   503   561 I AppsFilter: interaction: PackageSetting{fb96d06 io.github.ylimit.droidbotapp/10130} -> PackageSetting{da8b138 com.android.calendar/10109} BLOCKED
04-23 22:41:28.009   503   561 I AppsFilter: interaction: PackageSetting{9cf6fc7 co.touchlab.kampkit/10131} -> PackageSetting{da8b138 com.android.calendar/10109} BLOCKED
04-23 22:41:28.009   503   561 I AppsFilter: interaction: PackageSetting{fb96d06 io.github.ylimit.droidbotapp/10130} -> PackageSetting{22b511 com.android.gallery3d/10111} BLOCKED
04-23 22:41:28.009   503   561 I AppsFilter: interaction: PackageSetting{9cf6fc7 co.touchlab.kampkit/10131} -> PackageSetting{22b511 com.android.gallery3d/10111} BLOCKED
04-23 22:41:28.009   503   561 I AppsFilter: interaction: PackageSetting{fb96d06 io.github.ylimit.droidbotapp/10130} -> PackageSetting{e187676 com.android.inputmethod.latin/10107} BLOCKED
04-23 22:41:28.009   503   561 I AppsFilter: interaction: PackageSetting{9cf6fc7 co.touchlab.kampkit/10131} -> PackageSetting{e187676 com.android.inputmethod.latin/10107} BLOCKED
04-23 22:41:28.009   503   561 I AppsFilter: interaction: PackageSetting{fb96d06 io.github.ylimit.droidbotapp/10130} -> PackageSetting{9c69477 com.android.cellbroadcastreceiver.module/10122} BLOCKED
04-23 22:41:28.009   503   561 I AppsFilter: interaction: PackageSetting{9cf6fc7 co.touchlab.kampkit/10131} -> PackageSetting{9c69477 com.android.cellbroadcastreceiver.module/10122} BLOCKED
04-23 22:41:28.015   503   503 I Telecom : DefaultDialerCache: Refreshing default dialer for user 0: now com.android.dialer: DDC.oR@AHo
04-23 22:41:28.015   718  2196 I PermissionControllerServiceImpl: Updating user sensitive for uid 10104
04-23 22:41:28.017   503   595 I InputReader: Reconfiguring input devices, changes=KEYBOARD_LAYOUTS | 
04-23 22:41:28.018   503   595 I InputReader: Reconfiguring input devices, changes=KEYBOARD_LAYOUTS | 
04-23 22:41:28.024   503   503 I Telecom : DefaultDialerCache: Refreshing default dialer for user 0: now com.android.dialer: DDC.oR@AHs
04-23 22:41:28.024   503   544 W VoiceInteractionManager: no available voice interaction services found for user 0
04-23 22:41:28.024   503   595 I InputReader: Reconfiguring input devices, changes=KEYBOARD_LAYOUTS | 
04-23 22:41:28.027   503   595 I InputReader: Reconfiguring input devices, changes=KEYBOARD_LAYOUTS | 
04-23 22:41:28.027   503   503 I Telecom : DefaultDialerCache: Refreshing default dialer for user 0: now com.android.dialer: DDC.oR@AHw
04-23 22:41:28.028   503   544 W VoiceInteractionManager: no available voice interaction services found for user 0
04-23 22:41:28.030   503   595 I chatty  : uid=1000(system) InputReader identical 2 lines
04-23 22:41:28.032   503   595 I InputReader: Reconfiguring input devices, changes=KEYBOARD_LAYOUTS | 
04-23 22:41:28.033   503   595 I InputReader: Reconfiguring input devices, changes=KEYBOARD_LAYOUTS | 
04-23 22:41:28.035   503   503 I Telecom : DefaultDialerCache: Refreshing default dialer for user 0: now com.android.dialer: DDC.oR@AH0
04-23 22:41:28.039   503   544 W VoiceInteractionManager: no available voice interaction services found for user 0
04-23 22:41:28.040   503   544 W VoiceInteractionManager: no available voice interaction services found for user 0
04-23 22:41:28.041   503   503 I Telecom : DefaultDialerCache: Refreshing default dialer for user 0: now com.android.dialer: DDC.oR@AH4
04-23 22:41:28.042   503   544 W VoiceInteractionManager: no available voice interaction services found for user 0
04-23 22:41:28.044   503   503 I Telecom : DefaultDialerCache: Refreshing default dialer for user 0: now com.android.dialer: DDC.oR@AH8
04-23 22:41:28.048   503   544 W VoiceInteractionManager: no available voice interaction services found for user 0
04-23 22:41:28.049   503   503 I Telecom : DefaultDialerCache: Refreshing default dialer for user 0: now com.android.dialer: DDC.oR@AIA
04-23 22:41:28.050   503   503 I Telecom : DefaultDialerCache: Refreshing default dialer for user 0: now com.android.dialer: DDC.oR@AIE
04-23 22:41:28.055   503   595 I InputReader: Reconfiguring input devices, changes=KEYBOARD_LAYOUTS | 
04-23 22:41:28.057   503   544 W VoiceInteractionManager: no available voice interaction services found for user 0
04-23 22:41:28.059   503   595 I InputReader: Reconfiguring input devices, changes=KEYBOARD_LAYOUTS | 
04-23 22:41:28.060   503   595 I InputReader: Reconfiguring input devices, changes=KEYBOARD_LAYOUTS | 
04-23 22:41:28.062   503   595 I InputReader: Reconfiguring input devices, changes=KEYBOARD_LAYOUTS | 
04-23 22:41:28.060   503   544 W VoiceInteractionManager: no available voice interaction services found for user 0
04-23 22:41:28.066   503   503 I Telecom : DefaultDialerCache: Refreshing default dialer for user 0: now com.android.dialer: DDC.oR@AII
04-23 22:41:28.072   503   503 I Telecom : DefaultDialerCache: Refreshing default dialer for user 0: now com.android.dialer: DDC.oR@AIM
04-23 22:41:28.075   503   544 E system_server: No package ID 7f found for ID 0x7f080271.
04-23 22:41:28.077   503   544 E system_server: No package ID 7f found for ID 0x7f1212ec.
04-23 22:41:28.077   503   544 E system_server: No package ID 7f found for ID 0x7f080270.
04-23 22:41:28.077   503   544 E system_server: No package ID 7f found for ID 0x7f120592.
04-23 22:41:28.077   503   544 E system_server: No package ID 7f found for ID 0x7f08026f.
04-23 22:41:28.077   503   544 E system_server: No package ID 7f found for ID 0x7f120c2b.
04-23 22:41:28.083   503   503 I Telecom : DefaultDialerCache: Refreshing default dialer for user 0: now com.android.dialer: DDC.oR@AIQ
04-23 22:41:28.084   503   544 W VoiceInteractionManager: no available voice interaction services found for user 0
04-23 22:41:28.086   503   503 I Telecom : DefaultDialerCache: Refreshing default dialer for user 0: now com.android.dialer: DDC.oR@AIU
04-23 22:41:28.092   503   544 W VoiceInteractionManager: no available voice interaction services found for user 0
04-23 22:41:28.096  1045  1045 I chatty  : uid=1001(radio) com.android.phone identical 1 line
04-23 22:41:28.114   718  2196 I PermissionControllerServiceImpl: Updating user sensitive for uid 10108
04-23 22:41:28.117   718  2196 I PermissionControllerServiceImpl: Updating user sensitive for uid 1001
04-23 22:41:28.126   718  2196 I PermissionControllerServiceImpl: Updating user sensitive for uid 10116
04-23 22:41:28.126   718  2196 I PermissionControllerServiceImpl: Updating user sensitive for uid 10109
04-23 22:41:28.126   718  2196 I PermissionControllerServiceImpl: Updating user sensitive for uid 10111
04-23 22:41:28.127   718  2196 I PermissionControllerServiceImpl: Updating user sensitive for uid 10107
04-23 22:41:28.127   718  2196 I PermissionControllerServiceImpl: Updating user sensitive for uid 10122
04-23 22:41:28.153   718  2436 I PermissionControllerServiceImpl: Updating user sensitive for uid 1000
04-23 22:41:28.157   718  2436 I PermissionControllerServiceImpl: Updating user sensitive for uid 10121
04-23 22:41:28.170   718  2436 I PermissionControllerServiceImpl: Updating user sensitive for uid 10124
04-23 22:41:28.172   718  2436 I PermissionControllerServiceImpl: Updating user sensitive for uid 10092
04-23 22:41:28.198  1045  1045 I chatty  : uid=1001(radio) com.android.phone identical 1 line
04-23 22:41:28.204   718  2436 I PermissionControllerServiceImpl: Updating user sensitive for user 0
04-23 22:41:28.206   718   801 I UserPackageInfos: updating UserPackageInfosLiveData for user 0
04-23 22:41:28.207   718   803 I LancherPackagesLiveData: updating LauncherPackageLiveData
04-23 22:41:28.891  2445  2446 I cmd     : oneway function results will be dropped but finished with status OK and parcel size 4
04-23 22:41:28.103   503   544 I chatty  : uid=1000(system) android.bg identical 1 line
04-23 22:41:28.104   503   544 W VoiceInteractionManager: no available voice interaction services found for user 0
04-23 22:41:29.032  1636  2288 I MediaProvider: Scanned internal due to REASON_MOUNTED, found 230 items in 1626ms, 0 inserts 223 updates 0 deletes
04-23 22:41:29.042  1636  2288 W ExifInterface: Invalid image: ExifInterface got an unsupported image format file(ExifInterface supports JPEG and some RAW image formats only) or a corrupted JPEG file to ExifInterface.
04-23 22:41:29.042  1636  2288 W ExifInterface: java.io.EOFException
04-23 22:41:29.042  1636  2288 W ExifInterface: 	at android.media.ExifInterface$ByteOrderedDataInputStream.readShort(ExifInterface.java:4653)
04-23 22:41:29.042  1636  2288 W ExifInterface: 	at android.media.ExifInterface.readByteOrder(ExifInterface.java:3653)
04-23 22:41:29.042  1636  2288 W ExifInterface: 	at android.media.ExifInterface.parseTiffHeaders(ExifInterface.java:3673)
04-23 22:41:29.042  1636  2288 W ExifInterface: 	at android.media.ExifInterface.getRawAttributes(ExifInterface.java:2920)
04-23 22:41:29.042  1636  2288 W ExifInterface: 	at android.media.ExifInterface.loadAttributes(ExifInterface.java:1987)
04-23 22:41:29.042  1636  2288 W ExifInterface: 	at android.media.ExifInterface.<init>(ExifInterface.java:1606)
04-23 22:41:29.042  1636  2288 W ExifInterface: 	at android.media.ExifInterface.<init>(ExifInterface.java:1557)
04-23 22:41:29.042  1636  2288 W ExifInterface: 	at com.android.providers.media.scan.ModernMediaScanner.scanItemImage(ModernMediaScanner.java:1092)
04-23 22:41:29.042  1636  2288 W ExifInterface: 	at com.android.providers.media.scan.ModernMediaScanner.scanItem(ModernMediaScanner.java:780)
04-23 22:41:29.042  1636  2288 W ExifInterface: 	at com.android.providers.media.scan.ModernMediaScanner.access$800(ModernMediaScanner.java:139)
04-23 22:41:29.042  1636  2288 W ExifInterface: 	at com.android.providers.media.scan.ModernMediaScanner$Scan.visitFile(ModernMediaScanner.java:633)
04-23 22:41:29.042  1636  2288 W ExifInterface: 	at com.android.providers.media.scan.ModernMediaScanner$Scan.visitFile(ModernMediaScanner.java:272)
04-23 22:41:29.042  1636  2288 W ExifInterface: 	at java.nio.file.Files.walkFileTree(Files.java:2670)
04-23 22:41:29.042  1636  2288 W ExifInterface: 	at java.nio.file.Files.walkFileTree(Files.java:2742)
04-23 22:41:29.042  1636  2288 W ExifInterface: 	at com.android.providers.media.scan.ModernMediaScanner$Scan.walkFileTree(ModernMediaScanner.java:366)
04-23 22:41:29.042  1636  2288 W ExifInterface: 	at com.android.providers.media.scan.ModernMediaScanner$Scan.run(ModernMediaScanner.java:329)
04-23 22:41:29.042  1636  2288 W ExifInterface: 	at com.android.providers.media.scan.ModernMediaScanner.scanDirectory(ModernMediaScanner.java:226)
04-23 22:41:29.042  1636  2288 W ExifInterface: 	at com.android.providers.media.MediaProvider.scanDirectory(MediaProvider.java:1111)
04-23 22:41:29.042  1636  2288 W ExifInterface: 	at com.android.providers.media.MediaService.onScanVolume(MediaService.java:148)
04-23 22:41:29.042  1636  2288 W ExifInterface: 	at com.android.providers.media.MediaService.onScanVolume(MediaService.java:108)
04-23 22:41:29.042  1636  2288 W ExifInterface: 	at com.android.providers.media.MediaService.onHandleWork(MediaService.java:71)
04-23 22:41:29.042  1636  2288 W ExifInterface: 	at androidx.core.app.JobIntentService$CommandProcessor.doInBackground(JobIntentService.java:391)
04-23 22:41:29.042  1636  2288 W ExifInterface: 	at androidx.core.app.JobIntentService$CommandProcessor.doInBackground(JobIntentService.java:382)
04-23 22:41:29.042  1636  2288 W ExifInterface: 	at android.os.AsyncTask$3.call(AsyncTask.java:394)
04-23 22:41:29.042  1636  2288 W ExifInterface: 	at java.util.concurrent.FutureTask.run(FutureTask.java:266)
04-23 22:41:29.042  1636  2288 W ExifInterface: 	at java.util.concurrent.ThreadPoolExecutor.runWorker(ThreadPoolExecutor.java:1167)
04-23 22:41:29.042  1636  2288 W ExifInterface: 	at java.util.concurrent.ThreadPoolExecutor$Worker.run(ThreadPoolExecutor.java:641)
04-23 22:41:29.042  1636  2288 W ExifInterface: 	at java.lang.Thread.run(Thread.java:923)
04-23 22:41:29.047  1636  2288 I MediaProvider: Scanned external_primary due to REASON_MOUNTED, found 15 items in 13ms, 0 inserts 1 updates 0 deletes
04-23 22:41:29.049  1636  2288 I MediaProvider: End Intent { act=android.intent.action.MEDIA_MOUNTED dat=file:///storage/emulated/0 flg=0x5000010 cmp=com.android.providers.media.module/com.android.providers.media.MediaService (has extras) }
04-23 22:41:29.186   159   159 I hwservicemanager: getTransport: Cannot find entry android.hardware.graphics.mapper@4.0::IMapper/default in either framework or device manifest.
04-23 22:41:29.186  2463  2463 I Gralloc4: mapper 4.x is not supported
04-23 22:41:29.264  2468  2470 I cmd     : oneway function results will be dropped but finished with status OK and parcel size 4
04-23 22:41:29.264  1636  2288 I MediaProvider: Begin Intent { act=android.intent.action.MEDIA_SCANNER_SCAN_FILE dat=file:///sdcard/screen_2026-04-23_224129.png flg=0x1400010 cmp=com.android.providers.media.module/com.android.providers.media.MediaService }
04-23 22:41:29.260  1636  1636 W com.android.providers.media.module: type=1400 audit(0.0:46): avc: denied { read } for comm=4173796E635461736B202331 name="primary" dev="tmpfs" ino=29719 scontext=u:r:mediaprovider_app:s0:c123,c256,c512,c768 tcontext=u:object_r:mnt_pass_through_file:s0 tclass=lnk_file permissive=0 app=com.android.providers.media.module
04-23 22:41:29.456     0     0 W audit   : audit_lost=12 audit_rate_limit=5 audit_backlog_limit=64
04-23 22:41:29.464     0     0 E audit   : rate limit exceeded
04-23 22:41:29.260  1636  1636 I chatty  : uid=10123(com.android.providers.media.module) identical 2 lines
04-23 22:41:29.260  1636  1636 W com.android.providers.media.module: type=1400 audit(0.0:49): avc: denied { read } for comm=4173796E635461736B202331 name="primary" dev="tmpfs" ino=29719 scontext=u:r:mediaprovider_app:s0:c123,c256,c512,c768 tcontext=u:object_r:mnt_pass_through_file:s0 tclass=lnk_file permissive=0 app=com.android.providers.media.module
04-23 22:41:29.303  1636  2288 W ModernMediaScanner: Failed to visit /sdcard/screen_2026-04-23_224129.png: java.nio.file.AccessDeniedException: /sdcard/screen_2026-04-23_224129.png
04-23 22:41:29.304  1636  2288 I MediaProvider: Scanned internal due to REASON_DEMAND, found 0 items in 40ms, 0 inserts 0 updates 0 deletes
04-23 22:41:29.260  1636  1636 W com.android.providers.media.module: type=1400 audit(0.0:50): avc: denied { read } for comm=4173796E635461736B202331 name="primary" dev="tmpfs" ino=29719 scontext=u:r:mediaprovider_app:s0:c123,c256,c512,c768 tcontext=u:object_r:mnt_pass_through_file:s0 tclass=lnk_file permissive=0 app=com.android.providers.media.module
04-23 22:41:29.306  1636  2288 I MediaProvider: End Intent { act=android.intent.action.MEDIA_SCANNER_SCAN_FILE dat=file:///sdcard/screen_2026-04-23_224129.png flg=0x1400010 cmp=com.android.providers.media.module/com.android.providers.media.MediaService }
04-23 22:41:29.324  1636  1774 I MediaProvider: Deleted 1 items on external_primary due to com.android.shell
04-23 22:41:29.388   503   533 I ActivityManager: Force stopping co.touchlab.kampkit appid=10131 user=0: from pid 2491
04-23 22:41:29.389  2491  2493 I cmd     : oneway function results will be dropped but finished with status OK and parcel size 4
04-23 22:41:29.436  2494  2494 E libc    : Access denied finding property "persist.device_config.runtime_native_boot.profilebootclasspath"
04-23 22:41:29.436  2494  2494 E libc    : Access denied finding property "persist.device_config.runtime_native_boot.enable_apex_image"
04-23 22:41:29.436  2494  2494 I AndroidRuntime: Using default boot image
04-23 22:41:29.436  2494  2494 E libc    : Access denied finding property "persist.device_config.runtime_native_boot.disable_lock_profiling"
04-23 22:41:29.436  2494  2494 I AndroidRuntime: Leaving lock profiling enabled
04-23 22:41:29.436  2494  2494 E libc    : Access denied finding property "persist.device_config.runtime_native_boot.enable_generational_cc"
04-23 22:41:29.437  2494  2494 I app_process: Core platform API reporting enabled, enforcing=false
04-23 22:41:29.475  2494  2494 W app_process: Unexpected CPU variant for X86 using defaults: x86_64
04-23 22:41:29.476  2494  2494 I app_process: The ClassLoaderContext is a special shared library.
04-23 22:41:29.482  2494  2494 W app_process: JNI RegisterNativeMethods: attempt to register 0 native methods for android.media.AudioAttributes
04-23 22:41:29.487   503   537 I ActivityTaskManager: START u0 {act=android.intent.action.MAIN cat=[android.intent.category.HOME] flg=0x10000100 cmp=com.android.launcher3/.uioverrides.QuickstepLauncher (has extras)} from uid 0
04-23 22:41:31.000   159   159 I hwservicemanager: getTransport: Cannot find entry android.hardware.graphics.mapper@4.0::IMapper/default in either framework or device manifest.
04-23 22:41:31.000  2529  2529 I Gralloc4: mapper 4.x is not supported
04-23 22:41:31.075  1636  2288 I MediaProvider: Begin Intent { act=android.intent.action.MEDIA_SCANNER_SCAN_FILE dat=file:///sdcard/screen_2026-04-23_224131.png flg=0x1400010 cmp=com.android.providers.media.module/com.android.providers.media.MediaService }
04-23 22:41:31.072  1636  1636 W com.android.providers.media.module: type=1400 audit(0.0:56): avc: denied { read } for comm=4173796E635461736B202331 name="primary" dev="tmpfs" ino=29719 scontext=u:r:mediaprovider_app:s0:c123,c256,c512,c768 tcontext=u:object_r:mnt_pass_through_file:s0 tclass=lnk_file permissive=0 app=com.android.providers.media.module
04-23 22:41:31.268     0     0 W audit   : audit_lost=17 audit_rate_limit=5 audit_backlog_limit=64
04-23 22:41:31.279     0     0 E audit   : rate limit exceeded
04-23 22:41:31.100  1636  2288 W ModernMediaScanner: Failed to visit /sdcard/screen_2026-04-23_224131.png: java.nio.file.AccessDeniedException: /sdcard/screen_2026-04-23_224131.png
04-23 22:41:31.101  1636  2288 I MediaProvider: Scanned internal due to REASON_DEMAND, found 0 items in 23ms, 0 inserts 0 updates 0 deletes
04-23 22:41:31.102  1636  2288 I MediaProvider: End Intent { act=android.intent.action.MEDIA_SCANNER_SCAN_FILE dat=file:///sdcard/screen_2026-04-23_224131.png flg=0x1400010 cmp=com.android.providers.media.module/com.android.providers.media.MediaService }
04-23 22:41:31.072  1636  1636 W com.android.providers.media.module: type=1400 audit(0.0:57): avc: denied { read } for comm=4173796E635461736B202331 name="primary" dev="tmpfs" ino=29719 scontext=u:r:mediaprovider_app:s0:c123,c256,c512,c768 tcontext=u:object_r:mnt_pass_through_file:s0 tclass=lnk_file permissive=0 app=com.android.providers.media.module
04-23 22:41:31.132  1636  1773 I MediaProvider: Deleted 1 items on external_primary due to com.android.shell
04-23 22:41:31.072  1636  1636 W com.android.providers.media.module: type=1400 audit(0.0:60): avc: denied { read } for comm=4173796E635461736B202331 name="primary" dev="tmpfs" ino=29719 scontext=u:r:mediaprovider_app:s0:c123,c256,c512,c768 tcontext=u:object_r:mnt_pass_through_file:s0 tclass=lnk_file permissive=0 app=com.android.providers.media.module
04-23 22:41:31.162  2544  2546 I cmd     : oneway function results will be dropped but finished with status OK and parcel size 4
04-23 22:41:31.286   159   159 I hwservicemanager: getTransport: Cannot find entry android.hardware.graphics.mapper@4.0::IMapper/default in either framework or device manifest.
04-23 22:41:31.286  2566  2566 I Gralloc4: mapper 4.x is not supported
04-23 22:41:31.359  2570  2572 I cmd     : oneway function results will be dropped but finished with status OK and parcel size 4
04-23 22:41:31.361  1636  2288 I MediaProvider: Begin Intent { act=android.intent.action.MEDIA_SCANNER_SCAN_FILE dat=file:///sdcard/screen_2026-04-23_224131.png flg=0x1400010 cmp=com.android.providers.media.module/com.android.providers.media.MediaService }
04-23 22:41:31.361  1636  2288 W ModernMediaScanner: Failed to visit /sdcard/screen_2026-04-23_224131.png: java.nio.file.AccessDeniedException: /sdcard/screen_2026-04-23_224131.png
04-23 22:41:31.362  1636  2288 I MediaProvider: Scanned internal due to REASON_DEMAND, found 0 items in 0ms, 0 inserts 0 updates 0 deletes
04-23 22:41:31.362  1636  2288 I MediaProvider: End Intent { act=android.intent.action.MEDIA_SCANNER_SCAN_FILE dat=file:///sdcard/screen_2026-04-23_224131.png flg=0x1400010 cmp=com.android.providers.media.module/com.android.providers.media.MediaService }
04-23 22:41:31.384  1636  1774 I MediaProvider: Deleted 1 items on external_primary due to com.android.shell
04-23 22:41:31.409  2581  2583 I cmd     : oneway function results will be dropped but finished with status OK and parcel size 4
04-23 22:41:31.479   694   694 I AvrcpBrowsablePlayerConnector: Successfully connected to 0 browsable players.
04-23 22:41:31.479   694   694 I AvrcpMediaPlayerList: init: Browsable Player list size is 0
04-23 22:41:31.542   159   159 I hwservicemanager: getTransport: Cannot find entry android.hardware.graphics.mapper@4.0::IMapper/default in either framework or device manifest.
04-23 22:41:31.542  2603  2603 I Gralloc4: mapper 4.x is not supported
04-23 22:41:31.615  1636  2288 I MediaProvider: Begin Intent { act=android.intent.action.MEDIA_SCANNER_SCAN_FILE dat=file:///sdcard/screen_2026-04-23_224132.png flg=0x1400010 cmp=com.android.providers.media.module/com.android.providers.media.MediaService }
04-23 22:41:31.616  1636  2288 W ModernMediaScanner: Failed to visit /sdcard/screen_2026-04-23_224132.png: java.nio.file.AccessDeniedException: /sdcard/screen_2026-04-23_224132.png
04-23 22:41:31.617  1636  2288 I MediaProvider: Scanned internal due to REASON_DEMAND, found 0 items in 1ms, 0 inserts 0 updates 0 deletes
04-23 22:41:31.622  1636  2288 I MediaProvider: End Intent { act=android.intent.action.MEDIA_SCANNER_SCAN_FILE dat=file:///sdcard/screen_2026-04-23_224132.png flg=0x1400010 cmp=com.android.providers.media.module/com.android.providers.media.MediaService }
04-23 22:41:31.639  1636  1773 I MediaProvider: Deleted 1 items on external_primary due to com.android.shell
04-23 22:41:31.665  2618  2620 I cmd     : oneway function results will be dropped but finished with status OK and parcel size 4
04-23 22:41:31.704   503  1133 I ActivityTaskManager: START u0 {act=android.intent.action.MAIN cat=[android.intent.category.LAUNCHER] flg=0x10000000 cmp=co.touchlab.kampkit/.android.MainActivity} from uid 2000
04-23 22:41:31.705   410   410 I perfetto: ing_service_impl.cc:758 Configured tracing session 5, #sources:1, duration:5000 ms, #buffers:1, total buffer size:4096 KB, total sessions:1, uid:1071 session name: ""
04-23 22:41:31.705   406   406 I perfetto: probes_producer.cc:230  Ftrace setup (target_buf=5)
04-23 22:41:31.708  2630  2632 I cmd     : oneway function results will be dropped but finished with status OK and parcel size 4
04-23 22:41:31.716   503   546 I ActivityManager: Start proc 2638:co.touchlab.kampkit/u0a131 for pre-top-activity {co.touchlab.kampkit/co.touchlab.kampkit.android.MainActivity}
04-23 22:41:31.734   406   406 I perfetto: ftrace_procfs.cc:176    enabled ftrace
04-23 22:41:31.921     0     0 W perfetto: enabled ftrace
04-23 22:41:31.753  2638  2638 I ouchlab.kampki: Late-enabling -Xcheck:jni
04-23 22:41:31.775  2638  2638 I ouchlab.kampki: Unquickening 12 vdex files!
04-23 22:41:31.777  2638  2638 W ouchlab.kampki: Unexpected CPU variant for X86 using defaults: x86_64
04-23 22:41:31.781   392   402 I adbd    : jdwp connection from 2638
04-23 22:41:31.785   503  1133 W InputReader: Device virtio_input_multi_touch_10 is associated with display ADISPLAY_ID_NONE.
04-23 22:41:31.785   503  1133 W InputReader: Device virtio_input_multi_touch_7 is associated with display ADISPLAY_ID_NONE.
04-23 22:41:31.785   503  1133 W InputReader: Device virtio_input_multi_touch_11 is associated with display ADISPLAY_ID_NONE.
04-23 22:41:31.785   503  1133 W InputReader: Device virtio_input_multi_touch_5 is associated with display ADISPLAY_ID_NONE.
04-23 22:41:31.785   503  1133 W InputReader: Device virtio_input_multi_touch_2 is associated with display ADISPLAY_ID_NONE.
04-23 22:41:31.785   503  1133 W InputReader: Device virtio_input_multi_touch_6 is associated with display ADISPLAY_ID_NONE.
04-23 22:41:31.785   503  1133 W InputReader: Device virtio_input_multi_touch_8 is associated with display ADISPLAY_ID_NONE.
04-23 22:41:31.785   503  1133 W InputReader: Device virtio_input_multi_touch_9 is associated with display ADISPLAY_ID_NONE.
04-23 22:41:31.785   503  1133 W InputReader: Device virtio_input_multi_touch_3 is associated with display ADISPLAY_ID_NONE.
04-23 22:41:31.785   503  1133 W InputReader: Device virtio_input_multi_touch_4 is associated with display ADISPLAY_ID_NONE.
04-23 22:41:31.785   503  1133 W InputReader: Device virtio_input_multi_touch_10 is associated with display ADISPLAY_ID_NONE.
04-23 22:41:31.785   503  1133 W InputReader: Device virtio_input_multi_touch_7 is associated with display ADISPLAY_ID_NONE.
04-23 22:41:31.785   503  1133 W InputReader: Device virtio_input_multi_touch_11 is associated with display ADISPLAY_ID_NONE.
04-23 22:41:31.785   503  1133 W InputReader: Device virtio_input_multi_touch_5 is associated with display ADISPLAY_ID_NONE.
04-23 22:41:31.785   503  1133 W InputReader: Device virtio_input_multi_touch_2 is associated with display ADISPLAY_ID_NONE.
04-23 22:41:31.785   503  1133 W InputReader: Device virtio_input_multi_touch_6 is associated with display ADISPLAY_ID_NONE.
04-23 22:41:31.785   503  1133 W InputReader: Device virtio_input_multi_touch_8 is associated with display ADISPLAY_ID_NONE.
04-23 22:41:31.785   503  1133 W InputReader: Device virtio_input_multi_touch_9 is associated with display ADISPLAY_ID_NONE.
04-23 22:41:31.785   503  1133 W InputReader: Device virtio_input_multi_touch_3 is associated with display ADISPLAY_ID_NONE.
04-23 22:41:31.785   503  1133 W InputReader: Device virtio_input_multi_touch_4 is associated with display ADISPLAY_ID_NONE.
04-23 22:41:32.124  2638  2638 I Startup : Hello from Android/Kotlin!
04-23 22:41:32.279  2638  2638 W ouchlab.kampki: Accessing hidden method Landroid/os/SystemProperties;->addChangeCallback(Ljava/lang/Runnable;)V (greylist, reflection, allowed)
04-23 22:41:32.311  2638  2638 W System.err: SLF4J(W): No SLF4J providers were found.
04-23 22:41:32.311  2638  2638 W System.err: SLF4J(W): Defaulting to no-operation (NOP) logger implementation
04-23 22:41:32.311  2638  2638 W System.err: SLF4J(W): See https://www.slf4j.org/codes.html#noProviders for further details.
04-23 22:41:32.401   159   159 I hwservicemanager: getTransport: Cannot find entry android.hardware.configstore@1.0::ISurfaceFlingerConfigs/default in either framework or device manifest.
04-23 22:41:32.413   159   159 I hwservicemanager: getTransport: Cannot find entry android.hardware.graphics.mapper@4.0::IMapper/default in either framework or device manifest.
04-23 22:41:32.413  2638  2663 I Gralloc4: mapper 4.x is not supported
04-23 22:41:32.642   503   544 I ActivityTaskManager: Displayed co.touchlab.kampkit/.android.MainActivity: +937ms
04-23 22:41:32.710   331  1327 W ServiceManager: Permission failure: android.permission.ACCESS_SURFACE_FLINGER from uid=10131 pid=2638
04-23 22:41:32.892   158   158 I servicemanager: Notifying apexservice they have clients: 1
04-23 22:41:32.892   158   158 I servicemanager: Notifying apexservice they have clients: 0
04-23 22:41:33.083     0     0 I AidlLazyServiceRegistrar: Process has 1 (of 1 available) client(s) in use after notification android.apex.IApexService has clients: 1
04-23 22:41:33.094     0     0 I AidlLazyServiceRegistrar: Process has 0 (of 1 available) client(s) in use after notification android.apex.IApexService has clients: 0
04-23 22:41:33.097     0     0 I AidlLazyServiceRegistrar: Shutdown prevented by forcePersist override flag.
04-23 22:41:32.938  2237  2237 E AccessibilityInteractionClient: 1 Disconnected nodes.
04-23 22:41:33.042   159   159 I hwservicemanager: getTransport: Cannot find entry android.hardware.graphics.mapper@4.0::IMapper/default in either framework or device manifest.
04-23 22:41:33.042  2702  2702 I Gralloc4: mapper 4.x is not supported
04-23 22:41:33.079  1636  2288 I MediaProvider: Begin Intent { act=android.intent.action.MEDIA_SCANNER_SCAN_FILE dat=file:///sdcard/screen_2026-04-23_224133.png flg=0x1400010 cmp=com.android.providers.media.module/com.android.providers.media.MediaService }
04-23 22:41:33.076  1636  1636 W com.android.providers.media.module: type=1400 audit(0.0:74): avc: denied { read } for comm=4173796E635461736B202331 name="primary" dev="tmpfs" ino=29719 scontext=u:r:mediaprovider_app:s0:c123,c256,c512,c768 tcontext=u:object_r:mnt_pass_through_file:s0 tclass=lnk_file permissive=0 app=com.android.providers.media.module
04-23 22:41:33.275     0     0 W audit   : audit_lost=30 audit_rate_limit=5 audit_backlog_limit=64
04-23 22:41:33.280     0     0 E audit   : rate limit exceeded
04-23 22:41:33.098  1636  2288 W ModernMediaScanner: Failed to visit /sdcard/screen_2026-04-23_224133.png: java.nio.file.AccessDeniedException: /sdcard/screen_2026-04-23_224133.png
04-23 22:41:33.099  1636  2288 I MediaProvider: Scanned internal due to REASON_DEMAND, found 0 items in 16ms, 0 inserts 0 updates 0 deletes
04-23 22:41:33.100  1636  2288 I MediaProvider: End Intent { act=android.intent.action.MEDIA_SCANNER_SCAN_FILE dat=file:///sdcard/screen_2026-04-23_224133.png flg=0x1400010 cmp=com.android.providers.media.module/com.android.providers.media.MediaService }
04-23 22:41:33.076  1636  1636 W com.android.providers.media.module: type=1400 audit(0.0:75): avc: denied { read } for comm=4173796E635461736B202331 name="primary" dev="tmpfs" ino=29719 scontext=u:r:mediaprovider_app:s0:c123,c256,c512,c768 tcontext=u:object_r:mnt_pass_through_file:s0 tclass=lnk_file permissive=0 app=com.android.providers.media.module
04-23 22:41:33.180  1636  1774 I MediaProvider: Deleted 1 items on external_primary due to com.android.shell
04-23 22:41:33.205  2718  2720 I cmd     : oneway function results will be dropped but finished with status OK and parcel size 4
04-23 22:41:33.336   159   159 I hwservicemanager: getTransport: Cannot find entry android.hardware.graphics.mapper@4.0::IMapper/default in either framework or device manifest.
04-23 22:41:33.336  2741  2741 I Gralloc4: mapper 4.x is not supported
04-23 22:41:33.370  1636  2288 I MediaProvider: Begin Intent { act=android.intent.action.MEDIA_SCANNER_SCAN_FILE dat=file:///sdcard/screen_2026-04-23_224134.png flg=0x1400010 cmp=com.android.providers.media.module/com.android.providers.media.MediaService }
04-23 22:41:33.372  1636  2288 W ModernMediaScanner: Failed to visit /sdcard/screen_2026-04-23_224134.png: java.nio.file.AccessDeniedException: /sdcard/screen_2026-04-23_224134.png
04-23 22:41:33.372  1636  2288 I MediaProvider: Scanned internal due to REASON_DEMAND, found 0 items in 1ms, 0 inserts 0 updates 0 deletes
04-23 22:41:33.373  1636  2288 I MediaProvider: End Intent { act=android.intent.action.MEDIA_SCANNER_SCAN_FILE dat=file:///sdcard/screen_2026-04-23_224134.png flg=0x1400010 cmp=com.android.providers.media.module/com.android.providers.media.MediaService }
04-23 22:41:33.392  1636  1773 I MediaProvider: Deleted 1 items on external_primary due to com.android.shell
04-23 22:41:33.640   159   159 I hwservicemanager: getTransport: Cannot find entry android.hardware.graphics.mapper@4.0::IMapper/default in either framework or device manifest.
04-23 22:41:33.640  2783  2783 I Gralloc4: mapper 4.x is not supported
04-23 22:41:33.695  1636  2288 I MediaProvider: Begin Intent { act=android.intent.action.MEDIA_SCANNER_SCAN_FILE dat=file:///sdcard/screen_2026-04-23_224134.png flg=0x1400010 cmp=com.android.providers.media.module/com.android.providers.media.MediaService }
04-23 22:41:33.718  1636  2288 W ModernMediaScanner: Failed to visit /sdcard/screen_2026-04-23_224134.png: java.nio.file.AccessDeniedException: /sdcard/screen_2026-04-23_224134.png
04-23 22:41:33.719  1636  2288 I MediaProvider: Scanned internal due to REASON_DEMAND, found 0 items in 23ms, 0 inserts 0 updates 0 deletes
04-23 22:41:33.724  1636  2288 I MediaProvider: End Intent { act=android.intent.action.MEDIA_SCANNER_SCAN_FILE dat=file:///sdcard/screen_2026-04-23_224134.png flg=0x1400010 cmp=com.android.providers.media.module/com.android.providers.media.MediaService }
04-23 22:41:33.820  1636  1774 I MediaProvider: Deleted 1 items on external_primary due to com.android.shell
