04-23 20:47:38.534   506  1103 W BroadcastQueue: Background execution not allowed: receiving Intent { act=android.intent.action.PACKAGE_ADDED dat=package:co.touchlab.kampkit flg=0x4000010 (has extras) } to com.android.packageinstaller/.PackageInstalledReceiver
04-23 20:47:38.534   506   547 W BroadcastQueue: Background execution not allowed: receiving Intent { act=android.intent.action.PACKAGE_ADDED dat=package:co.touchlab.kampkit flg=0x4000010 (has extras) } to com.android.gallery3d/.app.PackagesMonitor
04-23 20:47:38.536   736   891 I PermissionControllerServiceImpl: Updating user sensitive for uid 10132
04-23 20:47:38.512   506   506 W Binder:506_2: type=1400 audit(0.0:796): avc: denied { getopt } for scontext=u:r:system_server:s0 tcontext=u:r:shell:s0 tclass=unix_stream_socket permissive=0
04-23 20:47:38.557   506   546 W VoiceInteractionManager: no available voice recognition services found for user 0
04-23 20:47:38.512   506   506 I chatty  : uid=1000(system) Binder:506_3 identical 1 line
04-23 20:47:38.512   506   506 W Binder:506_2: type=1400 audit(0.0:798): avc: denied { getopt } for scontext=u:r:system_server:s0 tcontext=u:r:shell:s0 tclass=unix_stream_socket permissive=0
04-23 20:47:39.889  8645  8668 I oid.documentsu: Waiting for a blocking GC ProfileSaver
04-23 20:47:40.430  8871  8873 I cmd     : oneway function results will be dropped but finished with status OK and parcel size 4
04-23 20:47:40.441   158   158 I servicemanager: Since 'apexservice' could not be found, trying to start it as a lazy AIDL service
04-23 20:47:40.652     0     0 I init    : starting service 'apexd'...
04-23 20:47:40.655     0     0 I init    : Control message: Processed ctl.interface_start for 'aidl/apexservice' from pid: 158 (/system/bin/servicemanager)
04-23 20:47:40.673     0     0 I apexd   : Scanning /system/apex for preinstalled data
04-23 20:47:40.693     0     0 I apexd   : Scanning /system_ext/apex for preinstalled data
04-23 20:47:40.695     0     0 I apexd   : ... does not exist. Skipping
04-23 20:47:40.696     0     0 I apexd   : Scanning /product/apex for preinstalled data
04-23 20:47:40.698     0     0 I apexd   : ... does not exist. Skipping
04-23 20:47:40.699     0     0 I apexd   : Scanning /vendor/apex for preinstalled data
04-23 20:47:40.701     0     0 I apexd   : ... does not exist. Skipping
04-23 20:47:40.703     0     0 I apexd   : Populating APEX database from mounts...
04-23 20:47:40.705     0     0 I apexd   : Found "/apex/com.android.neuralnetworks@300000000" backed by file /system/apex/com.android.neuralnetworks.apex
04-23 20:47:40.708     0     0 I apexd   : Found "/apex/com.android.runtime@1" backed by file /system/apex/com.android.runtime.apex
04-23 20:47:40.711     0     0 I apexd   : Found "/apex/com.android.resolv@300000000" backed by file /system/apex/com.android.resolv.apex
04-23 20:47:40.714     0     0 I apexd   : Found "/apex/com.android.extservices@300000000" backed by file /system/apex/com.android.extservices.apex
04-23 20:47:40.718     0     0 I apexd   : Found "/apex/com.android.tethering@300000000" backed by file /system/apex/com.android.tethering.apex
04-23 20:47:40.721     0     0 I apexd   : Found "/apex/com.android.cellbroadcast@300000000" backed by file /system/apex/com.android.cellbroadcast.apex
04-23 20:47:40.724     0     0 I apexd   : Found "/apex/com.android.vndk.v30@1" backed by file /system/apex/com.android.vndk.current.apex
04-23 20:47:40.727     0     0 I apexd   : Found "/apex/com.android.art@1" backed by file /system/apex/com.android.art.debug.apex
04-23 20:47:40.730     0     0 I apexd   : Found "/apex/com.android.conscrypt@300000000" backed by file /system/apex/com.android.conscrypt.apex
04-23 20:47:40.733     0     0 I apexd   : Found "/apex/com.android.apex.cts.shim@1" backed by file /system/apex/com.android.apex.cts.shim.apex
04-23 20:47:40.735     0     0 I apexd   : Found "/apex/com.android.i18n@1" backed by file /system/apex/com.android.i18n.apex
04-23 20:47:40.738     0     0 I apexd   : Found "/apex/com.android.permission@300000000" backed by file /system/apex/com.android.permission.apex
04-23 20:47:40.740     0     0 I apexd   : Found "/apex/com.android.media@300000000" backed by file /system/apex/com.android.media.apex
04-23 20:47:40.743     0     0 I apexd   : Found "/apex/com.android.adbd@300000000" backed by file /system/apex/com.android.adbd.apex
04-23 20:47:40.745     0     0 I apexd   : Found "/apex/com.android.mediaprovider@300000000" backed by file /system/apex/com.android.mediaprovider.apex
04-23 20:47:40.748     0     0 I apexd   : Found "/apex/com.android.ipsec@300000000" backed by file /system/apex/com.android.ipsec.apex
04-23 20:47:40.751     0     0 I apexd   : Found "/apex/com.android.tzdata@300000000" backed by file /system/apex/com.android.tzdata.apex
04-23 20:47:40.753     0     0 I apexd   : Found "/apex/com.android.media.swcodec@300000000" backed by file /system/apex/com.android.media.swcodec.apex
04-23 20:47:40.756     0     0 I apexd   : Found "/apex/com.android.os.statsd@300000000" backed by file /system/apex/com.android.os.statsd.apex
04-23 20:47:40.759     0     0 I apexd   : Found "/apex/com.android.wifi@300000000" backed by file /system/apex/com.android.wifi.apex
04-23 20:47:40.761     0     0 I apexd   : Found "/apex/com.android.sdkext@300000000" backed by file /system/apex/com.android.sdkext.apex
04-23 20:47:40.764     0     0 I apexd   : 21 packages restored.
04-23 20:47:40.765     0     0 I AidlLazyServiceRegistrar: Registering service apexservice
04-23 20:47:40.557   158   158 I BpBinder: onLastStrongRef automatically unlinking death recipients: <uncached descriptor>
04-23 20:47:40.558   158   158 I servicemanager: Tried to unregister apexservice, but there is about to be a client.
04-23 20:47:40.767     0     0 I AidlLazyServiceRegistrar: Trying to shut down the service. No clients in use for any service in process.
04-23 20:47:40.769     0     0 I AidlLazyServiceRegistrar: Failed to unregister service apexservice
04-23 20:47:40.646   159   159 I hwservicemanager: getTransport: Cannot find entry android.hardware.graphics.mapper@4.0::IMapper/default in either framework or device manifest.
04-23 20:47:40.646  8893  8893 I Gralloc4: mapper 4.x is not supported
04-23 20:47:40.715  8897  8899 I cmd     : oneway function results will be dropped but finished with status OK and parcel size 4
04-23 20:47:40.715  1438  1963 I MediaProvider: Begin Intent { act=android.intent.action.MEDIA_SCANNER_SCAN_FILE dat=file:///sdcard/screen_2026-04-23_204741.png flg=0x1400010 cmp=com.android.providers.media.module/com.android.providers.media.MediaService }
04-23 20:47:40.716  1438  1963 W ModernMediaScanner: Failed to visit /sdcard/screen_2026-04-23_204741.png: java.nio.file.AccessDeniedException: /sdcard/screen_2026-04-23_204741.png
04-23 20:47:40.716  1438  1963 I MediaProvider: Scanned internal due to REASON_DEMAND, found 0 items in 1ms, 0 inserts 0 updates 0 deletes
04-23 20:47:40.717  1438  1963 I MediaProvider: End Intent { act=android.intent.action.MEDIA_SCANNER_SCAN_FILE dat=file:///sdcard/screen_2026-04-23_204741.png flg=0x1400010 cmp=com.android.providers.media.module/com.android.providers.media.MediaService }
04-23 20:47:40.712  1438  1438 W com.android.providers.media.module: type=1400 audit(0.0:799): avc: denied { read } for comm=4173796E635461736B202331 name="primary" dev="tmpfs" ino=22223 scontext=u:r:mediaprovider_app:s0:c122,c256,c512,c768 tcontext=u:object_r:mnt_pass_through_file:s0 tclass=lnk_file permissive=0 app=com.android.providers.media.module
04-23 20:47:40.743  1438  1561 I MediaProvider: Deleted 1 items on external_primary due to com.android.shell
04-23 20:47:40.712  1438  1438 W com.android.providers.media.module: type=1400 audit(0.0:802): avc: denied { read } for comm=4173796E635461736B202331 name="primary" dev="tmpfs" ino=22223 scontext=u:r:mediaprovider_app:s0:c122,c256,c512,c768 tcontext=u:object_r:mnt_pass_through_file:s0 tclass=lnk_file permissive=0 app=com.android.providers.media.module
04-23 20:47:40.804   506   826 I ActivityManager: Force stopping co.touchlab.kampkit appid=10132 user=0: from pid 8920
04-23 20:47:40.712  1438  1438 I chatty  : uid=10122(com.android.providers.media.module) identical 1 line
04-23 20:47:40.712  1438  1438 W com.android.providers.media.module: type=1400 audit(0.0:804): avc: denied { read } for comm=4173796E635461736B202331 name="primary" dev="tmpfs" ino=22223 scontext=u:r:mediaprovider_app:s0:c122,c256,c512,c768 tcontext=u:object_r:mnt_pass_through_file:s0 tclass=lnk_file permissive=0 app=com.android.providers.media.module
04-23 20:47:40.805  8920  8922 I cmd     : oneway function results will be dropped but finished with status OK and parcel size 4
04-23 20:47:40.849  8923  8923 E libc    : Access denied finding property "persist.device_config.runtime_native_boot.profilebootclasspath"
04-23 20:47:40.849  8923  8923 E libc    : Access denied finding property "persist.device_config.runtime_native_boot.enable_apex_image"
04-23 20:47:40.849  8923  8923 I AndroidRuntime: Using default boot image
04-23 20:47:40.849  8923  8923 E libc    : Access denied finding property "persist.device_config.runtime_native_boot.disable_lock_profiling"
04-23 20:47:40.849  8923  8923 I AndroidRuntime: Leaving lock profiling enabled
04-23 20:47:40.849  8923  8923 E libc    : Access denied finding property "persist.device_config.runtime_native_boot.enable_generational_cc"
04-23 20:47:41.057     0     0 W audit   : audit_lost=581 audit_rate_limit=5 audit_backlog_limit=64
04-23 20:47:41.059     0     0 E audit   : rate limit exceeded
04-23 20:47:40.851  8923  8923 I app_process: Core platform API reporting enabled, enforcing=false
04-23 20:47:40.886  8923  8923 W app_process: Unexpected CPU variant for X86 using defaults: x86_64
04-23 20:47:40.886  8923  8923 I app_process: The ClassLoaderContext is a special shared library.
04-23 20:47:40.892  8923  8923 W app_process: JNI RegisterNativeMethods: attempt to register 0 native methods for android.media.AudioAttributes
04-23 20:47:40.897   506   539 I ActivityTaskManager: START u0 {act=android.intent.action.MAIN cat=[android.intent.category.HOME] flg=0x10000100 cmp=com.android.launcher3/.uioverrides.QuickstepLauncher (has extras)} from uid 0
04-23 20:47:40.899   391   391 I perfetto: ing_service_impl.cc:758 Configured tracing session 7, #sources:1, duration:5000 ms, #buffers:1, total buffer size:4096 KB, total sessions:1, uid:1071 session name: ""
04-23 20:47:40.899   385   385 I perfetto: probes_producer.cc:230  Ftrace setup (target_buf=7)
04-23 20:47:40.918   385   385 I perfetto: ftrace_procfs.cc:176    enabled ftrace
04-23 20:47:41.128     0     0 W perfetto: enabled ftrace
04-23 20:47:42.410   159   159 I hwservicemanager: getTransport: Cannot find entry android.hardware.graphics.mapper@4.0::IMapper/default in either framework or device manifest.
04-23 20:47:42.410  8957  8957 I Gralloc4: mapper 4.x is not supported
04-23 20:47:42.478  8961  8963 I cmd     : oneway function results will be dropped but finished with status OK and parcel size 4
04-23 20:47:42.479  1438  1963 I MediaProvider: Begin Intent { act=android.intent.action.MEDIA_SCANNER_SCAN_FILE dat=file:///sdcard/screen_2026-04-23_204743.png flg=0x1400010 cmp=com.android.providers.media.module/com.android.providers.media.MediaService }
04-23 20:47:42.476  1438  1438 W com.android.providers.media.module: type=1400 audit(0.0:809): avc: denied { read } for comm=4173796E635461736B202331 name="primary" dev="tmpfs" ino=22223 scontext=u:r:mediaprovider_app:s0:c122,c256,c512,c768 tcontext=u:object_r:mnt_pass_through_file:s0 tclass=lnk_file permissive=0 app=com.android.providers.media.module
04-23 20:47:42.690     0     0 W audit   : audit_lost=585 audit_rate_limit=5 audit_backlog_limit=64
04-23 20:47:42.693     0     0 E audit   : rate limit exceeded
04-23 20:47:42.490  1438  1963 W ModernMediaScanner: Failed to visit /sdcard/screen_2026-04-23_204743.png: java.nio.file.AccessDeniedException: /sdcard/screen_2026-04-23_204743.png
04-23 20:47:42.490  1438  1963 I MediaProvider: Scanned internal due to REASON_DEMAND, found 0 items in 11ms, 0 inserts 0 updates 0 deletes
04-23 20:47:42.491  1438  1963 I MediaProvider: End Intent { act=android.intent.action.MEDIA_SCANNER_SCAN_FILE dat=file:///sdcard/screen_2026-04-23_204743.png flg=0x1400010 cmp=com.android.providers.media.module/com.android.providers.media.MediaService }
04-23 20:47:42.476  1438  1438 W com.android.providers.media.module: type=1400 audit(0.0:810): avc: denied { read } for comm=4173796E635461736B202331 name="primary" dev="tmpfs" ino=22223 scontext=u:r:mediaprovider_app:s0:c122,c256,c512,c768 tcontext=u:object_r:mnt_pass_through_file:s0 tclass=lnk_file permissive=0 app=com.android.providers.media.module
04-23 20:47:42.534  1438  1559 I MediaProvider: Deleted 1 items on external_primary due to com.android.shell
04-23 20:47:42.558  8972  8974 I cmd     : oneway function results will be dropped but finished with status OK and parcel size 4
04-23 20:47:42.668   159   159 I hwservicemanager: getTransport: Cannot find entry android.hardware.graphics.mapper@4.0::IMapper/default in either framework or device manifest.
04-23 20:47:42.668  8994  8994 I Gralloc4: mapper 4.x is not supported
04-23 20:47:42.735  8998  9000 I cmd     : oneway function results will be dropped but finished with status OK and parcel size 4
04-23 20:47:42.736  1438  1963 I MediaProvider: Begin Intent { act=android.intent.action.MEDIA_SCANNER_SCAN_FILE dat=file:///sdcard/screen_2026-04-23_204743.png flg=0x1400010 cmp=com.android.providers.media.module/com.android.providers.media.MediaService }
04-23 20:47:42.737  1438  1963 W ModernMediaScanner: Failed to visit /sdcard/screen_2026-04-23_204743.png: java.nio.file.AccessDeniedException: /sdcard/screen_2026-04-23_204743.png
04-23 20:47:42.738  1438  1963 I MediaProvider: Scanned internal due to REASON_DEMAND, found 0 items in 2ms, 0 inserts 0 updates 0 deletes
04-23 20:47:42.738  1438  1963 I MediaProvider: End Intent { act=android.intent.action.MEDIA_SCANNER_SCAN_FILE dat=file:///sdcard/screen_2026-04-23_204743.png flg=0x1400010 cmp=com.android.providers.media.module/com.android.providers.media.MediaService }
04-23 20:47:42.756  1438  2482 I MediaProvider: Deleted 1 items on external_primary due to com.android.shell
04-23 20:47:42.780  9009  9011 I cmd     : oneway function results will be dropped but finished with status OK and parcel size 4
04-23 20:47:42.917   159   159 I hwservicemanager: getTransport: Cannot find entry android.hardware.graphics.mapper@4.0::IMapper/default in either framework or device manifest.
04-23 20:47:42.917  9031  9031 I Gralloc4: mapper 4.x is not supported
04-23 20:47:42.988  1438  1963 I MediaProvider: Begin Intent { act=android.intent.action.MEDIA_SCANNER_SCAN_FILE dat=file:///sdcard/screen_2026-04-23_204743.png flg=0x1400010 cmp=com.android.providers.media.module/com.android.providers.media.MediaService }
04-23 20:47:42.988  1438  1963 W ModernMediaScanner: Failed to visit /sdcard/screen_2026-04-23_204743.png: java.nio.file.AccessDeniedException: /sdcard/screen_2026-04-23_204743.png
04-23 20:47:42.989  1438  1963 I MediaProvider: Scanned internal due to REASON_DEMAND, found 0 items in 1ms, 0 inserts 0 updates 0 deletes
04-23 20:47:42.989  1438  1963 I MediaProvider: End Intent { act=android.intent.action.MEDIA_SCANNER_SCAN_FILE dat=file:///sdcard/screen_2026-04-23_204743.png flg=0x1400010 cmp=com.android.providers.media.module/com.android.providers.media.MediaService }
04-23 20:47:43.008  1438  1561 I MediaProvider: Deleted 1 items on external_primary due to com.android.shell
04-23 20:47:43.032  9046  9048 I cmd     : oneway function results will be dropped but finished with status OK and parcel size 4
04-23 20:47:43.069   506   826 I ActivityTaskManager: START u0 {act=android.intent.action.MAIN cat=[android.intent.category.LAUNCHER] flg=0x10000000 cmp=co.touchlab.kampkit/.android.MainActivity} from uid 2000
04-23 20:47:43.070   391   391 I perfetto: ing_service_impl.cc:758 Configured tracing session 8, #sources:1, duration:5000 ms, #buffers:1, total buffer size:4096 KB, total sessions:2, uid:1071 session name: ""
04-23 20:47:43.070   385   385 I perfetto: probes_producer.cc:230  Ftrace setup (target_buf=8)
04-23 20:47:43.072  9058  9060 I cmd     : oneway function results will be dropped but finished with status OK and parcel size 4
04-23 20:47:43.098   506   548 I ActivityManager: Start proc 9066:co.touchlab.kampkit/u0a132 for pre-top-activity {co.touchlab.kampkit/co.touchlab.kampkit.android.MainActivity}
04-23 20:47:43.103  9066  9066 I ouchlab.kampki: Late-enabling -Xcheck:jni
04-23 20:47:43.115  9066  9066 I ouchlab.kampki: Unquickening 12 vdex files!
04-23 20:47:43.116  9066  9066 W ouchlab.kampki: Unexpected CPU variant for X86 using defaults: x86_64
04-23 20:47:43.117   381   405 I adbd    : jdwp connection from 9066
04-23 20:47:43.121   506   826 W InputReader: Device virtio_input_multi_touch_10 is associated with display ADISPLAY_ID_NONE.
04-23 20:47:43.121   506   826 W InputReader: Device virtio_input_multi_touch_7 is associated with display ADISPLAY_ID_NONE.
04-23 20:47:43.121   506   826 W InputReader: Device virtio_input_multi_touch_11 is associated with display ADISPLAY_ID_NONE.
04-23 20:47:43.121   506   826 W InputReader: Device virtio_input_multi_touch_5 is associated with display ADISPLAY_ID_NONE.
04-23 20:47:43.121   506   826 W InputReader: Device virtio_input_multi_touch_2 is associated with display ADISPLAY_ID_NONE.
04-23 20:47:43.121   506   826 W InputReader: Device virtio_input_multi_touch_6 is associated with display ADISPLAY_ID_NONE.
04-23 20:47:43.121   506   826 W InputReader: Device virtio_input_multi_touch_3 is associated with display ADISPLAY_ID_NONE.
04-23 20:47:43.121   506   826 W InputReader: Device virtio_input_multi_touch_8 is associated with display ADISPLAY_ID_NONE.
04-23 20:47:43.121   506   826 W InputReader: Device virtio_input_multi_touch_9 is associated with display ADISPLAY_ID_NONE.
04-23 20:47:43.121   506   826 W InputReader: Device virtio_input_multi_touch_4 is associated with display ADISPLAY_ID_NONE.
04-23 20:47:43.121   506   826 W InputReader: Device virtio_input_multi_touch_10 is associated with display ADISPLAY_ID_NONE.
04-23 20:47:43.121   506   826 W InputReader: Device virtio_input_multi_touch_7 is associated with display ADISPLAY_ID_NONE.
04-23 20:47:43.121   506   826 W InputReader: Device virtio_input_multi_touch_11 is associated with display ADISPLAY_ID_NONE.
04-23 20:47:43.121   506   826 W InputReader: Device virtio_input_multi_touch_5 is associated with display ADISPLAY_ID_NONE.
04-23 20:47:43.121   506   826 W InputReader: Device virtio_input_multi_touch_2 is associated with display ADISPLAY_ID_NONE.
04-23 20:47:43.121   506   826 W InputReader: Device virtio_input_multi_touch_6 is associated with display ADISPLAY_ID_NONE.
04-23 20:47:43.121   506   826 W InputReader: Device virtio_input_multi_touch_3 is associated with display ADISPLAY_ID_NONE.
04-23 20:47:43.121   506   826 W InputReader: Device virtio_input_multi_touch_8 is associated with display ADISPLAY_ID_NONE.
04-23 20:47:43.121   506   826 W InputReader: Device virtio_input_multi_touch_9 is associated with display ADISPLAY_ID_NONE.
04-23 20:47:43.121   506   826 W InputReader: Device virtio_input_multi_touch_4 is associated with display ADISPLAY_ID_NONE.
04-23 20:47:43.468  9066  9066 I Startup : Hello from Android/Kotlin!
04-23 20:47:43.590   158   158 I servicemanager: Notifying apexservice they have clients: 1
04-23 20:47:43.590   158   158 I servicemanager: Notifying apexservice they have clients: 0
04-23 20:47:43.801     0     0 I AidlLazyServiceRegistrar: Process has 1 (of 1 available) client(s) in use after notification android.apex.IApexService has clients: 1
04-23 20:47:43.805     0     0 I AidlLazyServiceRegistrar: Process has 0 (of 1 available) client(s) in use after notification android.apex.IApexService has clients: 0
04-23 20:47:43.809     0     0 I AidlLazyServiceRegistrar: Trying to shut down the service. No clients in use for any service in process.
04-23 20:47:43.601   158   158 I BpBinder: onLastStrongRef automatically unlinking death recipients: <uncached descriptor>
04-23 20:47:43.813     0     0 I AidlLazyServiceRegistrar: Unregistered all clients and exiting
04-23 20:47:43.816     0     0 I init    : Service 'apexd' (pid 8878) exited with status 0 oneshot service took 3.161000 seconds in background
04-23 20:47:43.819     0     0 I init    : Sending signal 9 to service 'apexd' (pid 8878) process group...
04-23 20:47:43.822     0     0 I libprocessgroup: Successfully killed process cgroup uid 0 pid 8878 in 0ms
04-23 20:47:43.635  9066  9066 W ouchlab.kampki: Accessing hidden method Landroid/os/SystemProperties;->addChangeCallback(Ljava/lang/Runnable;)V (greylist, reflection, allowed)
04-23 20:47:43.671  9066  9066 W System.err: SLF4J(W): No SLF4J providers were found.
04-23 20:47:43.671  9066  9066 W System.err: SLF4J(W): Defaulting to no-operation (NOP) logger implementation
04-23 20:47:43.671  9066  9066 W System.err: SLF4J(W): See https://www.slf4j.org/codes.html#noProviders for further details.
04-23 20:47:43.766   159   159 I hwservicemanager: getTransport: Cannot find entry android.hardware.configstore@1.0::ISurfaceFlingerConfigs/default in either framework or device manifest.
04-23 20:47:43.778   159   159 I hwservicemanager: getTransport: Cannot find entry android.hardware.graphics.mapper@4.0::IMapper/default in either framework or device manifest.
04-23 20:47:43.778  9066  9092 I Gralloc4: mapper 4.x is not supported
04-23 20:47:44.001   506   546 I ActivityTaskManager: Displayed co.touchlab.kampkit/.android.MainActivity: +930ms
04-23 20:47:44.132   328   357 W ServiceManager: Permission failure: android.permission.ACCESS_SURFACE_FLINGER from uid=10132 pid=9066
04-23 20:47:44.291  9066  9092 I OpenGLRenderer: Davey! duration=751ms; Flags=0, IntendedVsync=124950609776, Vsync=125433943090, OldestInputEvent=9223372036854775807, NewestInputEvent=0, HandleInputStart=125441316316, AnimationStart=125441317839, PerformTraversalsStart=125442647169, DrawStart=125443313873, SyncQueued=125443870621, SyncStart=125443930824, IssueDrawCommandsStart=125443950370, SwapBuffers=125672318876, FrameCompleted=125702572300, DequeueBufferDuration=34094, QueueBufferDuration=386481, GpuCompleted=32772522036388713, 
04-23 20:47:44.299  2114  2114 E AccessibilityInteractionClient: 1 Disconnected nodes.
04-23 20:47:44.404   159   159 I hwservicemanager: getTransport: Cannot find entry android.hardware.graphics.mapper@4.0::IMapper/default in either framework or device manifest.
04-23 20:47:44.404  9133  9133 I Gralloc4: mapper 4.x is not supported
04-23 20:47:44.440  1438  1963 I MediaProvider: Begin Intent { act=android.intent.action.MEDIA_SCANNER_SCAN_FILE dat=file:///sdcard/screen_2026-04-23_204745.png flg=0x1400010 cmp=com.android.providers.media.module/com.android.providers.media.MediaService }
04-23 20:47:44.452  9137  9139 I cmd     : oneway function results will be dropped but finished with status OK and parcel size 4
04-23 20:47:44.673     0     0 W audit   : audit_lost=598 audit_rate_limit=5 audit_backlog_limit=64
04-23 20:47:44.677     0     0 E audit   : rate limit exceeded
04-23 20:47:44.436  1438  1438 W com.android.providers.media.module: type=1400 audit(0.0:827): avc: denied { read } for comm=4173796E635461736B202331 name="primary" dev="tmpfs" ino=22223 scontext=u:r:mediaprovider_app:s0:c122,c256,c512,c768 tcontext=u:object_r:mnt_pass_through_file:s0 tclass=lnk_file permissive=0 app=com.android.providers.media.module
04-23 20:47:44.471  1438  1963 W ModernMediaScanner: Failed to visit /sdcard/screen_2026-04-23_204745.png: java.nio.file.AccessDeniedException: /sdcard/screen_2026-04-23_204745.png
04-23 20:47:44.472  1438  1963 I MediaProvider: Scanned internal due to REASON_DEMAND, found 0 items in 20ms, 0 inserts 0 updates 0 deletes
04-23 20:47:44.473  1438  1963 I MediaProvider: End Intent { act=android.intent.action.MEDIA_SCANNER_SCAN_FILE dat=file:///sdcard/screen_2026-04-23_204745.png flg=0x1400010 cmp=com.android.providers.media.module/com.android.providers.media.MediaService }
04-23 20:47:44.448  1438  1438 W com.android.providers.media.module: type=1400 audit(0.0:828): avc: denied { read } for comm=4173796E635461736B202331 name="primary" dev="tmpfs" ino=22223 scontext=u:r:mediaprovider_app:s0:c122,c256,c512,c768 tcontext=u:object_r:mnt_pass_through_file:s0 tclass=lnk_file permissive=0 app=com.android.providers.media.module
04-23 20:47:44.524  1438  1559 I MediaProvider: Deleted 1 items on external_primary due to com.android.shell
04-23 20:47:44.547  9150  9152 I cmd     : oneway function results will be dropped but finished with status OK and parcel size 4
04-23 20:47:44.659   159   159 I hwservicemanager: getTransport: Cannot find entry android.hardware.graphics.mapper@4.0::IMapper/default in either framework or device manifest.
04-23 20:47:44.660  9172  9172 I Gralloc4: mapper 4.x is not supported
04-23 20:47:44.697  9177  9179 I cmd     : oneway function results will be dropped but finished with status OK and parcel size 4
04-23 20:47:44.698  1438  1963 I MediaProvider: Begin Intent { act=android.intent.action.MEDIA_SCANNER_SCAN_FILE dat=file:///sdcard/screen_2026-04-23_204745.png flg=0x1400010 cmp=com.android.providers.media.module/com.android.providers.media.MediaService }
04-23 20:47:44.699  1438  1963 W ModernMediaScanner: Failed to visit /sdcard/screen_2026-04-23_204745.png: java.nio.file.AccessDeniedException: /sdcard/screen_2026-04-23_204745.png
04-23 20:47:44.699  1438  1963 I MediaProvider: Scanned internal due to REASON_DEMAND, found 0 items in 1ms, 0 inserts 0 updates 0 deletes
04-23 20:47:44.699  1438  1963 I MediaProvider: End Intent { act=android.intent.action.MEDIA_SCANNER_SCAN_FILE dat=file:///sdcard/screen_2026-04-23_204745.png flg=0x1400010 cmp=com.android.providers.media.module/com.android.providers.media.MediaService }
04-23 20:47:44.775  1438  2482 I MediaProvider: Deleted 1 items on external_primary due to com.android.shell
04-23 20:47:44.823   506   540 I DropBoxManagerService: add tag=system_server_strictmode isTagEnabled=true flags=0x2
04-23 20:47:44.984  8645  8645 I ProvidersCache: Updating roots due to change on user 0at content://com.android.externalstorage.documents
04-23 20:47:45.186   159   159 I hwservicemanager: getTransport: Cannot find entry android.hardware.graphics.mapper@4.0::IMapper/default in either framework or device manifest.
04-23 20:47:45.187  9212  9212 I Gralloc4: mapper 4.x is not supported
04-23 20:47:45.230  1438  1963 I MediaProvider: Begin Intent { act=android.intent.action.MEDIA_SCANNER_SCAN_FILE dat=file:///sdcard/screen_2026-04-23_204745.png flg=0x1400010 cmp=com.android.providers.media.module/com.android.providers.media.MediaService }
04-23 20:47:45.231  1438  1963 W ModernMediaScanner: Failed to visit /sdcard/screen_2026-04-23_204745.png: java.nio.file.AccessDeniedException: /sdcard/screen_2026-04-23_204745.png
04-23 20:47:45.231  1438  1963 I MediaProvider: Scanned internal due to REASON_DEMAND, found 0 items in 1ms, 0 inserts 0 updates 0 deletes
04-23 20:47:45.236  1438  1963 I MediaProvider: End Intent { act=android.intent.action.MEDIA_SCANNER_SCAN_FILE dat=file:///sdcard/screen_2026-04-23_204745.png flg=0x1400010 cmp=com.android.providers.media.module/com.android.providers.media.MediaService }
04-23 20:47:45.267  9066  9081 I ouchlab.kampki: Background young concurrent copying GC freed 87565(5755KB) AllocSpace objects, 14(548KB) LOS objects, 80% free, 5934KB/29MB, paused 17us total 151.978ms
04-23 20:47:45.307  1438  1561 I MediaProvider: Deleted 1 items on external_primary due to com.android.shell
04-23 20:47:45.578  8645  8645 I ProvidersCache: Updating roots due to change on user 0at content://com.android.providers.media.documents/root
04-23 20:47:45.611  9291  9294 I cmd     : oneway function results will be dropped but finished with status OK and parcel size 4
04-23 20:47:45.714  8645  8645 I ProvidersCache: Updating roots due to change on user 0at content://com.android.providers.media.documents/root
04-23 20:47:45.715  9306  9306 E libc    : Access denied finding property "persist.device_config.runtime_native_boot.profilebootclasspath"
04-23 20:47:45.715  9306  9306 E libc    : Access denied finding property "persist.device_config.runtime_native_boot.enable_apex_image"
04-23 20:47:45.715  9306  9306 I AndroidRuntime: Using default boot image
04-23 20:47:45.715  9306  9306 E libc    : Access denied finding property "persist.device_config.runtime_native_boot.disable_lock_profiling"
04-23 20:47:45.715  9306  9306 I AndroidRuntime: Leaving lock profiling enabled
04-23 20:47:45.715  9306  9306 E libc    : Access denied finding property "persist.device_config.runtime_native_boot.enable_generational_cc"
04-23 20:47:45.716  9306  9306 I app_process: Core platform API reporting enabled, enforcing=false
04-23 20:47:45.704  9306  9306 W app_process: type=1400 audit(0.0:845): avc: denied { read } for name="u:object_r:device_config_runtime_native_boot_prop:s0" dev="tmpfs" ino=263 scontext=u:r:shell:s0 tcontext=u:object_r:device_config_runtime_native_boot_prop:s0 tclass=file permissive=0
04-23 20:47:45.712  9306  9306 I chatty  : uid=2000(shell) main identical 2 lines
04-23 20:47:45.712  9306  9306 W app_process: type=1400 audit(0.0:848): avc: denied { read } for name="u:object_r:device_config_runtime_native_boot_prop:s0" dev="tmpfs" ino=263 scontext=u:r:shell:s0 tcontext=u:object_r:device_config_runtime_native_boot_prop:s0 tclass=file permissive=0
04-23 20:47:45.791  9306  9306 W app_process: Unexpected CPU variant for X86 using defaults: x86_64
04-23 20:47:45.791  9306  9306 I app_process: The ClassLoaderContext is a special shared library.
04-23 20:47:45.800  9306  9306 W app_process: JNI RegisterNativeMethods: attempt to register 0 native methods for android.media.AudioAttributes
04-23 20:47:45.903   385   385 I perfetto: probes_producer.cc:329  Producer stop (id=7)
04-23 20:47:45.904   391   391 I perfetto: ng_service_impl.cc:1948 Tracing session 7 ended, total sessions:1
04-23 20:47:46.008  9066  9066 I DatabaseHelper: Breed 1: Favorited true
04-23 20:47:44.828   506   540 I chatty  : uid=1000(system) android.io identical 5 lines
04-23 20:47:44.828   506   540 I DropBoxManagerService: add tag=system_server_strictmode isTagEnabled=true flags=0x2
04-23 20:47:46.116   506  1431 E TaskPersister: File error accessing recents directory (directory doesn't exist?).
04-23 20:47:46.129  2114  2114 E AccessibilityInteractionClient: 2 Disconnected nodes.
04-23 20:47:47.515   159   159 I hwservicemanager: getTransport: Cannot find entry android.hardware.graphics.mapper@4.0::IMapper/default in either framework or device manifest.
04-23 20:47:47.515  9352  9352 I Gralloc4: mapper 4.x is not supported
04-23 20:47:47.550  9356  9358 I cmd     : oneway function results will be dropped but finished with status OK and parcel size 4
04-23 20:47:47.551  1438  1963 I MediaProvider: Begin Intent { act=android.intent.action.MEDIA_SCANNER_SCAN_FILE dat=file:///sdcard/screen_2026-04-23_204748.png flg=0x1400010 cmp=com.android.providers.media.module/com.android.providers.media.MediaService }
04-23 20:47:47.556  1438  1963 W ModernMediaScanner: Failed to visit /sdcard/screen_2026-04-23_204748.png: java.nio.file.AccessDeniedException: /sdcard/screen_2026-04-23_204748.png
04-23 20:47:47.556  1438  1963 I MediaProvider: Scanned internal due to REASON_DEMAND, found 0 items in 1ms, 0 inserts 0 updates 0 deletes
04-23 20:47:47.557  1438  1963 I MediaProvider: End Intent { act=android.intent.action.MEDIA_SCANNER_SCAN_FILE dat=file:///sdcard/screen_2026-04-23_204748.png flg=0x1400010 cmp=com.android.providers.media.module/com.android.providers.media.MediaService }
04-23 20:47:47.548  1438  1438 W com.android.providers.media.module: type=1400 audit(0.0:849): avc: denied { read } for comm=4173796E635461736B202331 name="primary" dev="tmpfs" ino=22223 scontext=u:r:mediaprovider_app:s0:c122,c256,c512,c768 tcontext=u:object_r:mnt_pass_through_file:s0 tclass=lnk_file permissive=0 app=com.android.providers.media.module
04-23 20:47:47.552  1438  1438 I chatty  : uid=10122(com.android.providers.media.module) identical 4 lines
04-23 20:47:47.552  1438  1438 W com.android.providers.media.module: type=1400 audit(0.0:854): avc: denied { read } for comm=4173796E635461736B202331 name="primary" dev="tmpfs" ino=22223 scontext=u:r:mediaprovider_app:s0:c122,c256,c512,c768 tcontext=u:object_r:mnt_pass_through_file:s0 tclass=lnk_file permissive=0 app=com.android.providers.media.module
04-23 20:47:47.651  1438  1559 I MediaProvider: Deleted 1 items on external_primary due to com.android.shell
04-23 20:47:47.677  9369  9371 I cmd     : oneway function results will be dropped but finished with status OK and parcel size 4
04-23 20:47:47.803   159   159 I hwservicemanager: getTransport: Cannot find entry android.hardware.graphics.mapper@4.0::IMapper/default in either framework or device manifest.
04-23 20:47:47.803  9391  9391 I Gralloc4: mapper 4.x is not supported
04-23 20:47:47.838  1438  1963 I MediaProvider: Begin Intent { act=android.intent.action.MEDIA_SCANNER_SCAN_FILE dat=file:///sdcard/screen_2026-04-23_204748.png flg=0x1400010 cmp=com.android.providers.media.module/com.android.providers.media.MediaService }
04-23 20:47:48.050     0     0 W audit   : audit_lost=611 audit_rate_limit=5 audit_backlog_limit=64
04-23 20:47:48.052     0     0 E audit   : rate limit exceeded
04-23 20:47:47.842  1438  1963 W ModernMediaScanner: Failed to visit /sdcard/screen_2026-04-23_204748.png: java.nio.file.AccessDeniedException: /sdcard/screen_2026-04-23_204748.png
04-23 20:47:47.843  1438  1963 I MediaProvider: Scanned internal due to REASON_DEMAND, found 0 items in 0ms, 0 inserts 0 updates 0 deletes
04-23 20:47:47.844  1438  1963 I MediaProvider: End Intent { act=android.intent.action.MEDIA_SCANNER_SCAN_FILE dat=file:///sdcard/screen_2026-04-23_204748.png flg=0x1400010 cmp=com.android.providers.media.module/com.android.providers.media.MediaService }
04-23 20:47:47.861  1438  1559 I MediaProvider: Deleted 1 items on external_primary due to com.android.shell
04-23 20:47:47.886  9406  9408 I cmd     : oneway function results will be dropped but finished with status OK and parcel size 4
04-23 20:47:47.999   159   159 I hwservicemanager: getTransport: Cannot find entry android.hardware.graphics.mapper@4.0::IMapper/default in either framework or device manifest.
04-23 20:47:47.999  9428  9428 I Gralloc4: mapper 4.x is not supported
04-23 20:47:48.035  1438  1963 I MediaProvider: Begin Intent { act=android.intent.action.MEDIA_SCANNER_SCAN_FILE dat=file:///sdcard/screen_2026-04-23_204748.png flg=0x1400010 cmp=com.android.providers.media.module/com.android.providers.media.MediaService }
04-23 20:47:48.037  1438  1963 W ModernMediaScanner: Failed to visit /sdcard/screen_2026-04-23_204748.png: java.nio.file.AccessDeniedException: /sdcard/screen_2026-04-23_204748.png
04-23 20:47:48.038  1438  1963 I MediaProvider: Scanned internal due to REASON_DEMAND, found 0 items in 3ms, 0 inserts 0 updates 0 deletes
04-23 20:47:48.038  1438  1963 I MediaProvider: End Intent { act=android.intent.action.MEDIA_SCANNER_SCAN_FILE dat=file:///sdcard/screen_2026-04-23_204748.png flg=0x1400010 cmp=com.android.providers.media.module/com.android.providers.media.MediaService }
04-23 20:47:48.055  1438  2482 I MediaProvider: Deleted 1 items on external_primary due to com.android.shell
04-23 20:47:48.072   385   385 I perfetto: probes_producer.cc:329  Producer stop (id=8)
04-23 20:47:48.073   385   385 I perfetto: ftrace_procfs.cc:183    disabled ftrace
04-23 20:47:48.074   391   391 I perfetto: ng_service_impl.cc:1948 Tracing session 8 ended, total sessions:0
04-23 20:47:48.284     0     0 W perfetto: disabled ftrace
04-23 20:47:48.082  9443  9445 I cmd     : oneway function results will be dropped but finished with status OK and parcel size 4
04-23 20:47:48.127  9458  9460 I cmd     : oneway function results will be dropped but finished with status OK and parcel size 4
04-23 20:47:48.174  9473  9475 I cmd     : oneway function results will be dropped but finished with status OK and parcel size 4
04-23 20:47:48.290  9500  9500 E libc    : Access denied finding property "persist.device_config.runtime_native_boot.profilebootclasspath"
04-23 20:47:48.290  9500  9500 E libc    : Access denied finding property "persist.device_config.runtime_native_boot.enable_apex_image"
04-23 20:47:48.290  9500  9500 I AndroidRuntime: Using default boot image
04-23 20:47:48.290  9500  9500 E libc    : Access denied finding property "persist.device_config.runtime_native_boot.disable_lock_profiling"
04-23 20:47:48.290  9500  9500 I AndroidRuntime: Leaving lock profiling enabled
04-23 20:47:48.290  9500  9500 E libc    : Access denied finding property "persist.device_config.runtime_native_boot.enable_generational_cc"
04-23 20:47:48.291  9500  9500 I app_process: Core platform API reporting enabled, enforcing=false
04-23 20:47:48.325  9500  9500 W app_process: Unexpected CPU variant for X86 using defaults: x86_64
04-23 20:47:48.326  9500  9500 I app_process: The ClassLoaderContext is a special shared library.
04-23 20:47:48.332  9500  9500 W app_process: JNI RegisterNativeMethods: attempt to register 0 native methods for android.media.AudioAttributes
04-23 20:47:48.541  9066  9066 I DatabaseHelper: Breed 1: Favorited false
04-23 20:47:50.035   159   159 I hwservicemanager: getTransport: Cannot find entry android.hardware.graphics.mapper@4.0::IMapper/default in either framework or device manifest.
04-23 20:47:50.035  9534  9534 I Gralloc4: mapper 4.x is not supported
04-23 20:47:50.070  9538  9540 I cmd     : oneway function results will be dropped but finished with status OK and parcel size 4
04-23 20:47:50.068  1438  1438 W com.android.providers.media.module: type=1400 audit(0.0:871): avc: denied { read } for comm=4173796E635461736B202331 name="primary" dev="tmpfs" ino=22223 scontext=u:r:mediaprovider_app:s0:c122,c256,c512,c768 tcontext=u:object_r:mnt_pass_through_file:s0 tclass=lnk_file permissive=0 app=com.android.providers.media.module
04-23 20:47:50.071  1438  1963 I MediaProvider: Begin Intent { act=android.intent.action.MEDIA_SCANNER_SCAN_FILE dat=file:///sdcard/screen_2026-04-23_204750.png flg=0x1400010 cmp=com.android.providers.media.module/com.android.providers.media.MediaService }
04-23 20:47:50.068  1438  1438 W com.android.providers.media.module: type=1400 audit(0.0:872): avc: denied { read } for comm=4173796E635461736B202331 name="primary" dev="tmpfs" ino=22223 scontext=u:r:mediaprovider_app:s0:c122,c256,c512,c768 tcontext=u:object_r:mnt_pass_through_file:s0 tclass=lnk_file permissive=0 app=com.android.providers.media.module
04-23 20:47:50.282     0     0 W audit   : audit_lost=627 audit_rate_limit=5 audit_backlog_limit=64
04-23 20:47:50.292     0     0 E audit   : rate limit exceeded
04-23 20:47:50.090  1438  1963 W ModernMediaScanner: Failed to visit /sdcard/screen_2026-04-23_204750.png: java.nio.file.AccessDeniedException: /sdcard/screen_2026-04-23_204750.png
04-23 20:47:50.090  1438  1963 I MediaProvider: Scanned internal due to REASON_DEMAND, found 0 items in 19ms, 0 inserts 0 updates 0 deletes
04-23 20:47:50.091  1438  1963 I MediaProvider: End Intent { act=android.intent.action.MEDIA_SCANNER_SCAN_FILE dat=file:///sdcard/screen_2026-04-23_204750.png flg=0x1400010 cmp=com.android.providers.media.module/com.android.providers.media.MediaService }
04-23 20:47:50.068  1438  1438 W com.android.providers.media.module: type=1400 audit(0.0:873): avc: denied { read } for comm=4173796E635461736B202331 name="primary" dev="tmpfs" ino=22223 scontext=u:r:mediaprovider_app:s0:c122,c256,c512,c768 tcontext=u:object_r:mnt_pass_through_file:s0 tclass=lnk_file permissive=0 app=com.android.providers.media.module
04-23 20:47:50.126  1438  1561 I MediaProvider: Deleted 1 items on external_primary due to com.android.shell
04-23 20:47:50.152  9549  9551 I cmd     : oneway function results will be dropped but finished with status OK and parcel size 4
04-23 20:47:50.267   159   159 I hwservicemanager: getTransport: Cannot find entry android.hardware.graphics.mapper@4.0::IMapper/default in either framework or device manifest.
04-23 20:47:50.267  9571  9571 I Gralloc4: mapper 4.x is not supported
04-23 20:47:50.302  9575  9577 I cmd     : oneway function results will be dropped but finished with status OK and parcel size 4
04-23 20:47:50.302  1438  1963 I MediaProvider: Begin Intent { act=android.intent.action.MEDIA_SCANNER_SCAN_FILE dat=file:///sdcard/screen_2026-04-23_204750.png flg=0x1400010 cmp=com.android.providers.media.module/com.android.providers.media.MediaService }
04-23 20:47:50.303  1438  1963 W ModernMediaScanner: Failed to visit /sdcard/screen_2026-04-23_204750.png: java.nio.file.AccessDeniedException: /sdcard/screen_2026-04-23_204750.png
04-23 20:47:50.303  1438  1963 I MediaProvider: Scanned internal due to REASON_DEMAND, found 0 items in 0ms, 0 inserts 0 updates 0 deletes
04-23 20:47:50.304  1438  1963 I MediaProvider: End Intent { act=android.intent.action.MEDIA_SCANNER_SCAN_FILE dat=file:///sdcard/screen_2026-04-23_204750.png flg=0x1400010 cmp=com.android.providers.media.module/com.android.providers.media.MediaService }
04-23 20:47:50.325  1438  1559 I MediaProvider: Deleted 1 items on external_primary due to com.android.shell
04-23 20:47:50.350  9586  9588 I cmd     : oneway function results will be dropped but finished with status OK and parcel size 4
04-23 20:47:50.461   159   159 I hwservicemanager: getTransport: Cannot find entry android.hardware.graphics.mapper@4.0::IMapper/default in either framework or device manifest.
04-23 20:47:50.461  9608  9608 I Gralloc4: mapper 4.x is not supported
04-23 20:47:50.497  9612  9614 I cmd     : oneway function results will be dropped but finished with status OK and parcel size 4
04-23 20:47:50.497  1438  1963 I MediaProvider: Begin Intent { act=android.intent.action.MEDIA_SCANNER_SCAN_FILE dat=file:///sdcard/screen_2026-04-23_204751.png flg=0x1400010 cmp=com.android.providers.media.module/com.android.providers.media.MediaService }
04-23 20:47:50.497  1438  1963 W ModernMediaScanner: Failed to visit /sdcard/screen_2026-04-23_204751.png: java.nio.file.AccessDeniedException: /sdcard/screen_2026-04-23_204751.png
04-23 20:47:50.498  1438  1963 I MediaProvider: Scanned internal due to REASON_DEMAND, found 0 items in 1ms, 0 inserts 0 updates 0 deletes
04-23 20:47:50.499  1438  1963 I MediaProvider: End Intent { act=android.intent.action.MEDIA_SCANNER_SCAN_FILE dat=file:///sdcard/screen_2026-04-23_204751.png flg=0x1400010 cmp=com.android.providers.media.module/com.android.providers.media.MediaService }
04-23 20:47:50.518  1438  1561 I MediaProvider: Deleted 1 items on external_primary due to com.android.shell
04-23 20:47:50.588  9638  9640 I cmd     : oneway function results will be dropped but finished with status OK and parcel size 4
04-23 20:47:50.632  9653  9655 I cmd     : oneway function results will be dropped but finished with status OK and parcel size 4
04-23 20:47:50.767  9682  9682 E libc    : Access denied finding property "persist.device_config.runtime_native_boot.profilebootclasspath"
04-23 20:47:50.767  9682  9682 E libc    : Access denied finding property "persist.device_config.runtime_native_boot.enable_apex_image"
04-23 20:47:50.767  9682  9682 I AndroidRuntime: Using default boot image
04-23 20:47:50.767  9682  9682 E libc    : Access denied finding property "persist.device_config.runtime_native_boot.disable_lock_profiling"
04-23 20:47:50.767  9682  9682 I AndroidRuntime: Leaving lock profiling enabled
04-23 20:47:50.767  9682  9682 E libc    : Access denied finding property "persist.device_config.runtime_native_boot.enable_generational_cc"
04-23 20:47:50.769  9682  9682 I app_process: Core platform API reporting enabled, enforcing=false
04-23 20:47:50.783  8645  8645 I ProvidersCache: Updating roots due to change on user 0at content://com.android.providers.media.documents/root
04-23 20:47:50.803  9682  9682 W app_process: Unexpected CPU variant for X86 using defaults: x86_64
04-23 20:47:50.804  9682  9682 I app_process: The ClassLoaderContext is a special shared library.
04-23 20:47:50.810  9682  9682 W app_process: JNI RegisterNativeMethods: attempt to register 0 native methods for android.media.AudioAttributes
04-23 20:47:51.031  9066  9066 I DatabaseHelper: Breed 2: Favorited true
04-23 20:47:51.031  2114  2114 E AccessibilityInteractionClient: 3 Disconnected nodes.
04-23 20:47:51.383     0     0 W healthd : battery l=100 v=5000 t=25.0 h=2 st=2 c=900000 fc=300000 cc=10 chg=a
04-23 20:47:52.427   457   457 E wifi_forwarder: qemu_pipe_open_ns:62: Could not connect to the 'pipe:qemud:wififorward' service: Invalid argument
04-23 20:47:52.427   457   457 E wifi_forwarder: RemoteConnection failed to initialize: RemoteConnection failed to open pipe
04-23 20:47:52.467   452   452 E netmgr  : qemu_pipe_open_ns:62: Could not connect to the 'pipe:qemud:network' service: Invalid argument
04-23 20:47:52.467   452   452 E netmgr  : Failed to open QEMU pipe 'qemud:network': Invalid argument
04-23 20:47:52.530   159   159 I hwservicemanager: getTransport: Cannot find entry android.hardware.graphics.mapper@4.0::IMapper/default in either framework or device manifest.
04-23 20:47:52.530  9715  9715 I Gralloc4: mapper 4.x is not supported
04-23 20:47:52.565  1438  1963 I MediaProvider: Begin Intent { act=android.intent.action.MEDIA_SCANNER_SCAN_FILE dat=file:///sdcard/screen_2026-04-23_204753.png flg=0x1400010 cmp=com.android.providers.media.module/com.android.providers.media.MediaService }
04-23 20:47:52.575  8645  8645 I ProvidersCache: Updating roots due to change on user 0at content://com.android.providers.media.documents/root
04-23 20:47:52.776     0     0 W audit   : audit_lost=644 audit_rate_limit=5 audit_backlog_limit=64
04-23 20:47:52.778     0     0 E audit   : rate limit exceeded
04-23 20:47:52.560  1438  1438 W com.android.providers.media.module: type=1400 audit(0.0:893): avc: denied { read } for comm=4173796E635461736B202331 name="primary" dev="tmpfs" ino=22223 scontext=u:r:mediaprovider_app:s0:c122,c256,c512,c768 tcontext=u:object_r:mnt_pass_through_file:s0 tclass=lnk_file permissive=0 app=com.android.providers.media.module
04-23 20:47:52.579  1438  1963 W ModernMediaScanner: Failed to visit /sdcard/screen_2026-04-23_204753.png: java.nio.file.AccessDeniedException: /sdcard/screen_2026-04-23_204753.png
04-23 20:47:52.580  1438  1963 I MediaProvider: Scanned internal due to REASON_DEMAND, found 0 items in 14ms, 0 inserts 0 updates 0 deletes
04-23 20:47:52.580  1438  1963 I MediaProvider: End Intent { act=android.intent.action.MEDIA_SCANNER_SCAN_FILE dat=file:///sdcard/screen_2026-04-23_204753.png flg=0x1400010 cmp=com.android.providers.media.module/com.android.providers.media.MediaService }
04-23 20:47:52.560  1438  1438 W com.android.providers.media.module: type=1400 audit(0.0:894): avc: denied { read } for comm=4173796E635461736B202331 name="primary" dev="tmpfs" ino=22223 scontext=u:r:mediaprovider_app:s0:c122,c256,c512,c768 tcontext=u:object_r:mnt_pass_through_file:s0 tclass=lnk_file permissive=0 app=com.android.providers.media.module
04-23 20:47:52.623  1438  2482 I MediaProvider: Deleted 1 items on external_primary due to com.android.shell
04-23 20:47:52.650  9731  9733 I cmd     : oneway function results will be dropped but finished with status OK and parcel size 4
04-23 20:47:52.770   159   159 I hwservicemanager: getTransport: Cannot find entry android.hardware.graphics.mapper@4.0::IMapper/default in either framework or device manifest.
04-23 20:47:52.770  9755  9755 I Gralloc4: mapper 4.x is not supported
04-23 20:47:52.801  8645  8645 I ProvidersCache: Updating roots due to change on user 0at content://com.android.providers.media.documents/root
04-23 20:47:52.805  1438  1963 I MediaProvider: Begin Intent { act=android.intent.action.MEDIA_SCANNER_SCAN_FILE dat=file:///sdcard/screen_2026-04-23_204753.png flg=0x1400010 cmp=com.android.providers.media.module/com.android.providers.media.MediaService }
04-23 20:47:52.808  1438  1963 W ModernMediaScanner: Failed to visit /sdcard/screen_2026-04-23_204753.png: java.nio.file.AccessDeniedException: /sdcard/screen_2026-04-23_204753.png
04-23 20:47:52.809  1438  1963 I MediaProvider: Scanned internal due to REASON_DEMAND, found 0 items in 1ms, 0 inserts 0 updates 0 deletes
04-23 20:47:52.810  1438  1963 I MediaProvider: End Intent { act=android.intent.action.MEDIA_SCANNER_SCAN_FILE dat=file:///sdcard/screen_2026-04-23_204753.png flg=0x1400010 cmp=com.android.providers.media.module/com.android.providers.media.MediaService }
04-23 20:47:52.864  1438  1559 I MediaProvider: Deleted 1 items on external_primary due to com.android.shell
04-23 20:47:53.000   159   159 I hwservicemanager: getTransport: Cannot find entry android.hardware.graphics.mapper@4.0::IMapper/default in either framework or device manifest.
04-23 20:47:53.000  9792  9792 I Gralloc4: mapper 4.x is not supported
04-23 20:47:53.038  1438  1963 I MediaProvider: Begin Intent { act=android.intent.action.MEDIA_SCANNER_SCAN_FILE dat=file:///sdcard/screen_2026-04-23_204753.png flg=0x1400010 cmp=com.android.providers.media.module/com.android.providers.media.MediaService }
04-23 20:47:53.038  1438  1963 W ModernMediaScanner: Failed to visit /sdcard/screen_2026-04-23_204753.png: java.nio.file.AccessDeniedException: /sdcard/screen_2026-04-23_204753.png
04-23 20:47:53.040  1438  1963 I MediaProvider: Scanned internal due to REASON_DEMAND, found 0 items in 2ms, 0 inserts 0 updates 0 deletes
