04-23 20:49:02.184  1438  1438 W com.android.providers.media.module: type=1400 audit(0.0:1488): avc: denied { read } for comm=4173796E635461736B202331 name="primary" dev="tmpfs" ino=22223 scontext=u:r:mediaprovider_app:s0:c122,c256,c512,c768 tcontext=u:object_r:mnt_pass_through_file:s0 tclass=lnk_file permissive=0 app=com.android.providers.media.module
04-23 20:49:02.188  1438  1438 W com.android.providers.media.module: type=1400 audit(0.0:1489): avc: denied { read } for comm=4173796E635461736B202331 name="primary" dev="tmpfs" ino=22223 scontext=u:r:mediaprovider_app:s0:c122,c256,c512,c768 tcontext=u:object_r:mnt_pass_through_file:s0 tclass=lnk_file permissive=0 app=com.android.providers.media.module
04-23 20:49:02.227  8645  8645 I ProvidersCache: Updating roots due to change on user 0at content://com.android.providers.media.documents/root
04-23 20:49:02.188  1438  1438 W com.android.providers.media.module: type=1400 audit(0.0:1490): avc: denied { read } for comm=4173796E635461736B202331 name="primary" dev="tmpfs" ino=22223 scontext=u:r:mediaprovider_app:s0:c122,c256,c512,c768 tcontext=u:object_r:mnt_pass_through_file:s0 tclass=lnk_file permissive=0 app=com.android.providers.media.module
04-23 20:49:02.272  1438  1561 I MediaProvider: Deleted 1 items on external_primary due to com.android.shell
04-23 20:49:02.289  8645  8645 I ProvidersCache: Updating roots due to change on user 0at content://com.android.providers.media.documents/root
04-23 20:49:02.303 14619 14621 I cmd     : oneway function results will be dropped but finished with status OK and parcel size 4
04-23 20:49:02.417   159   159 I hwservicemanager: getTransport: Cannot find entry android.hardware.graphics.mapper@4.0::IMapper/default in either framework or device manifest.
04-23 20:49:02.418 14641 14641 I Gralloc4: mapper 4.x is not supported
04-23 20:49:02.453 14645 14647 I cmd     : oneway function results will be dropped but finished with status OK and parcel size 4
04-23 20:49:02.453  1438  1963 I MediaProvider: Begin Intent { act=android.intent.action.MEDIA_SCANNER_SCAN_FILE dat=file:///sdcard/screen_2026-04-23_204903.png flg=0x1400010 cmp=com.android.providers.media.module/com.android.providers.media.MediaService }
04-23 20:49:02.454  1438  1963 W ModernMediaScanner: Failed to visit /sdcard/screen_2026-04-23_204903.png: java.nio.file.AccessDeniedException: /sdcard/screen_2026-04-23_204903.png
04-23 20:49:02.454  1438  1963 I MediaProvider: Scanned internal due to REASON_DEMAND, found 0 items in 1ms, 0 inserts 0 updates 0 deletes
04-23 20:49:02.455  1438  1963 I MediaProvider: End Intent { act=android.intent.action.MEDIA_SCANNER_SCAN_FILE dat=file:///sdcard/screen_2026-04-23_204903.png flg=0x1400010 cmp=com.android.providers.media.module/com.android.providers.media.MediaService }
04-23 20:49:02.457  8645  8645 I ProvidersCache: Updating roots due to change on user 0at content://com.android.providers.media.documents/root
04-23 20:49:02.522  1438  1559 I MediaProvider: Deleted 1 items on external_primary due to com.android.shell
04-23 20:49:02.523  8645  8645 I ProvidersCache: Updating roots due to change on user 0at content://com.android.providers.media.documents/root
04-23 20:49:02.554 14658 14660 I cmd     : oneway function results will be dropped but finished with status OK and parcel size 4
04-23 20:49:02.664   159   159 I hwservicemanager: getTransport: Cannot find entry android.hardware.graphics.mapper@4.0::IMapper/default in either framework or device manifest.
04-23 20:49:02.664 14680 14680 I Gralloc4: mapper 4.x is not supported
04-23 20:49:02.700 14684 14686 I cmd     : oneway function results will be dropped but finished with status OK and parcel size 4
04-23 20:49:02.701  1438  1963 I MediaProvider: Begin Intent { act=android.intent.action.MEDIA_SCANNER_SCAN_FILE dat=file:///sdcard/screen_2026-04-23_204903.png flg=0x1400010 cmp=com.android.providers.media.module/com.android.providers.media.MediaService }
04-23 20:49:02.701  1438  1963 W ModernMediaScanner: Failed to visit /sdcard/screen_2026-04-23_204903.png: java.nio.file.AccessDeniedException: /sdcard/screen_2026-04-23_204903.png
04-23 20:49:02.701  1438  1963 I MediaProvider: Scanned internal due to REASON_DEMAND, found 0 items in 0ms, 0 inserts 0 updates 0 deletes
04-23 20:49:02.702  1438  1963 I MediaProvider: End Intent { act=android.intent.action.MEDIA_SCANNER_SCAN_FILE dat=file:///sdcard/screen_2026-04-23_204903.png flg=0x1400010 cmp=com.android.providers.media.module/com.android.providers.media.MediaService }
04-23 20:49:02.722  1438  2482 I MediaProvider: Deleted 1 items on external_primary due to com.android.shell
04-23 20:49:02.748 14695 14697 I cmd     : oneway function results will be dropped but finished with status OK and parcel size 4
04-23 20:49:02.794 14710 14712 I cmd     : oneway function results will be dropped but finished with status OK and parcel size 4
04-23 20:49:02.838 14725 14727 I cmd     : oneway function results will be dropped but finished with status OK and parcel size 4
04-23 20:49:02.883 14740 14742 I cmd     : oneway function results will be dropped but finished with status OK and parcel size 4
04-23 20:49:02.954 14752 14752 E libc    : Access denied finding property "persist.device_config.runtime_native_boot.profilebootclasspath"
04-23 20:49:02.954 14752 14752 E libc    : Access denied finding property "persist.device_config.runtime_native_boot.enable_apex_image"
04-23 20:49:02.954 14752 14752 I AndroidRuntime: Using default boot image
04-23 20:49:02.954 14752 14752 E libc    : Access denied finding property "persist.device_config.runtime_native_boot.disable_lock_profiling"
04-23 20:49:02.954 14752 14752 I AndroidRuntime: Leaving lock profiling enabled
04-23 20:49:02.955 14752 14752 E libc    : Access denied finding property "persist.device_config.runtime_native_boot.enable_generational_cc"
04-23 20:49:02.956 14752 14752 I app_process: Core platform API reporting enabled, enforcing=false
04-23 20:49:02.990 14752 14752 W app_process: Unexpected CPU variant for X86 using defaults: x86_64
04-23 20:49:02.991 14752 14752 I app_process: The ClassLoaderContext is a special shared library.
04-23 20:49:02.997 14752 14752 W app_process: JNI RegisterNativeMethods: attempt to register 0 native methods for android.media.AudioAttributes
04-23 20:49:03.208  9066  9066 I DatabaseHelper: Breed 10: Favorited false
04-23 20:49:04.606  8645  8645 I ProvidersCache: Updating roots due to change on user 0at content://com.android.providers.media.documents/root
04-23 20:49:04.708   159   159 I hwservicemanager: getTransport: Cannot find entry android.hardware.graphics.mapper@4.0::IMapper/default in either framework or device manifest.
04-23 20:49:04.708 14785 14785 I Gralloc4: mapper 4.x is not supported
04-23 20:49:04.745  1438  1963 I MediaProvider: Begin Intent { act=android.intent.action.MEDIA_SCANNER_SCAN_FILE dat=file:///sdcard/screen_2026-04-23_204905.png flg=0x1400010 cmp=com.android.providers.media.module/com.android.providers.media.MediaService }
04-23 20:49:04.746  8645  8645 I ProvidersCache: Updating roots due to change on user 0at content://com.android.providers.media.documents/root
04-23 20:49:04.956     0     0 W audit   : audit_lost=1120 audit_rate_limit=5 audit_backlog_limit=64
04-23 20:49:04.959     0     0 E audit   : rate limit exceeded
04-23 20:49:04.740  1438  1438 W com.android.providers.media.module: type=1400 audit(0.0:1509): avc: denied { read } for comm=4173796E635461736B202331 name="primary" dev="tmpfs" ino=22223 scontext=u:r:mediaprovider_app:s0:c122,c256,c512,c768 tcontext=u:object_r:mnt_pass_through_file:s0 tclass=lnk_file permissive=0 app=com.android.providers.media.module
04-23 20:49:04.762  1438  1963 W ModernMediaScanner: Failed to visit /sdcard/screen_2026-04-23_204905.png: java.nio.file.AccessDeniedException: /sdcard/screen_2026-04-23_204905.png
04-23 20:49:04.762  1438  1963 I MediaProvider: Scanned internal due to REASON_DEMAND, found 0 items in 17ms, 0 inserts 0 updates 0 deletes
04-23 20:49:04.763  1438  1963 I MediaProvider: End Intent { act=android.intent.action.MEDIA_SCANNER_SCAN_FILE dat=file:///sdcard/screen_2026-04-23_204905.png flg=0x1400010 cmp=com.android.providers.media.module/com.android.providers.media.MediaService }
04-23 20:49:04.740  1438  1438 W com.android.providers.media.module: type=1400 audit(0.0:1510): avc: denied { read } for comm=4173796E635461736B202331 name="primary" dev="tmpfs" ino=22223 scontext=u:r:mediaprovider_app:s0:c122,c256,c512,c768 tcontext=u:object_r:mnt_pass_through_file:s0 tclass=lnk_file permissive=0 app=com.android.providers.media.module
04-23 20:49:04.829  1438  1561 I MediaProvider: Deleted 1 items on external_primary due to com.android.shell
04-23 20:49:04.855  8645  8645 I ProvidersCache: Updating roots due to change on user 0at content://com.android.providers.media.documents/root
04-23 20:49:04.982   159   159 I hwservicemanager: getTransport: Cannot find entry android.hardware.graphics.mapper@4.0::IMapper/default in either framework or device manifest.
04-23 20:49:04.982 14822 14822 I Gralloc4: mapper 4.x is not supported
04-23 20:49:05.020 14826 14828 I cmd     : oneway function results will be dropped but finished with status OK and parcel size 4
04-23 20:49:05.020  1438  1963 I MediaProvider: Begin Intent { act=android.intent.action.MEDIA_SCANNER_SCAN_FILE dat=file:///sdcard/screen_2026-04-23_204905.png flg=0x1400010 cmp=com.android.providers.media.module/com.android.providers.media.MediaService }
04-23 20:49:05.021  1438  1963 W ModernMediaScanner: Failed to visit /sdcard/screen_2026-04-23_204905.png: java.nio.file.AccessDeniedException: /sdcard/screen_2026-04-23_204905.png
04-23 20:49:05.021  1438  1963 I MediaProvider: Scanned internal due to REASON_DEMAND, found 0 items in 1ms, 0 inserts 0 updates 0 deletes
04-23 20:49:05.022  1438  1963 I MediaProvider: End Intent { act=android.intent.action.MEDIA_SCANNER_SCAN_FILE dat=file:///sdcard/screen_2026-04-23_204905.png flg=0x1400010 cmp=com.android.providers.media.module/com.android.providers.media.MediaService }
04-23 20:49:05.023  8645  8645 I ProvidersCache: Updating roots due to change on user 0at content://com.android.providers.media.documents/root
04-23 20:49:05.043  1438  1559 I MediaProvider: Deleted 1 items on external_primary due to com.android.shell
04-23 20:49:05.077  8645  8645 I ProvidersCache: Updating roots due to change on user 0at content://com.android.providers.media.documents/root
04-23 20:49:05.091 14837 14839 I cmd     : oneway function results will be dropped but finished with status OK and parcel size 4
04-23 20:49:05.200   159   159 I hwservicemanager: getTransport: Cannot find entry android.hardware.graphics.mapper@4.0::IMapper/default in either framework or device manifest.
04-23 20:49:05.201 14859 14859 I Gralloc4: mapper 4.x is not supported
04-23 20:49:05.238 14863 14865 I cmd     : oneway function results will be dropped but finished with status OK and parcel size 4
04-23 20:49:05.238  1438  1963 I MediaProvider: Begin Intent { act=android.intent.action.MEDIA_SCANNER_SCAN_FILE dat=file:///sdcard/screen_2026-04-23_204905.png flg=0x1400010 cmp=com.android.providers.media.module/com.android.providers.media.MediaService }
04-23 20:49:05.239  1438  1963 W ModernMediaScanner: Failed to visit /sdcard/screen_2026-04-23_204905.png: java.nio.file.AccessDeniedException: /sdcard/screen_2026-04-23_204905.png
04-23 20:49:05.240  1438  1963 I MediaProvider: Scanned internal due to REASON_DEMAND, found 0 items in 0ms, 0 inserts 0 updates 0 deletes
04-23 20:49:05.240  1438  1963 I MediaProvider: End Intent { act=android.intent.action.MEDIA_SCANNER_SCAN_FILE dat=file:///sdcard/screen_2026-04-23_204905.png flg=0x1400010 cmp=com.android.providers.media.module/com.android.providers.media.MediaService }
04-23 20:49:05.262  1438  2482 I MediaProvider: Deleted 1 items on external_primary due to com.android.shell
04-23 20:49:05.290 14874 14876 I cmd     : oneway function results will be dropped but finished with status OK and parcel size 4
04-23 20:49:05.382 14904 14906 I cmd     : oneway function results will be dropped but finished with status OK and parcel size 4
04-23 20:49:05.429 14919 14921 I cmd     : oneway function results will be dropped but finished with status OK and parcel size 4
04-23 20:49:05.499 14931 14931 E libc    : Access denied finding property "persist.device_config.runtime_native_boot.profilebootclasspath"
04-23 20:49:05.499 14931 14931 E libc    : Access denied finding property "persist.device_config.runtime_native_boot.enable_apex_image"
04-23 20:49:05.499 14931 14931 I AndroidRuntime: Using default boot image
04-23 20:49:05.500 14931 14931 E libc    : Access denied finding property "persist.device_config.runtime_native_boot.disable_lock_profiling"
04-23 20:49:05.500 14931 14931 I AndroidRuntime: Leaving lock profiling enabled
04-23 20:49:05.500 14931 14931 E libc    : Access denied finding property "persist.device_config.runtime_native_boot.enable_generational_cc"
04-23 20:49:05.501 14931 14931 I app_process: Core platform API reporting enabled, enforcing=false
04-23 20:49:05.535 14931 14931 W app_process: Unexpected CPU variant for X86 using defaults: x86_64
04-23 20:49:05.536 14931 14931 I app_process: The ClassLoaderContext is a special shared library.
04-23 20:49:05.542 14931 14931 W app_process: JNI RegisterNativeMethods: attempt to register 0 native methods for android.media.AudioAttributes
04-23 20:49:05.757  9066  9066 I DatabaseHelper: Breed 11: Favorited false
04-23 20:49:07.027  8645  8645 I ProvidersCache: Updating roots due to change on user 0at content://com.android.providers.media.documents/root
