04-23 20:48:26.332 12151 12151 I Gralloc4: mapper 4.x is not supported
04-23 20:48:26.367 12155 12157 I cmd     : oneway function results will be dropped but finished with status OK and parcel size 4
04-23 20:48:26.368  1438  1963 I MediaProvider: Begin Intent { act=android.intent.action.MEDIA_SCANNER_SCAN_FILE dat=file:///sdcard/screen_2026-04-23_204826.png flg=0x1400010 cmp=com.android.providers.media.module/com.android.providers.media.MediaService }
04-23 20:48:26.368  1438  1963 W ModernMediaScanner: Failed to visit /sdcard/screen_2026-04-23_204826.png: java.nio.file.AccessDeniedException: /sdcard/screen_2026-04-23_204826.png
04-23 20:48:26.369  1438  1963 I MediaProvider: Scanned internal due to REASON_DEMAND, found 0 items in 0ms, 0 inserts 0 updates 0 deletes
04-23 20:48:26.369  1438  1963 I MediaProvider: End Intent { act=android.intent.action.MEDIA_SCANNER_SCAN_FILE dat=file:///sdcard/screen_2026-04-23_204826.png flg=0x1400010 cmp=com.android.providers.media.module/com.android.providers.media.MediaService }
04-23 20:48:26.387  1438  1559 I MediaProvider: Deleted 1 items on external_primary due to com.android.shell
04-23 20:48:26.414 12166 12168 I cmd     : oneway function results will be dropped but finished with status OK and parcel size 4
04-23 20:48:26.462 12181 12183 I cmd     : oneway function results will be dropped but finished with status OK and parcel size 4
04-23 20:48:26.507 12196 12198 I cmd     : oneway function results will be dropped but finished with status OK and parcel size 4
04-23 20:48:26.634 12225 12225 E libc    : Access denied finding property "persist.device_config.runtime_native_boot.profilebootclasspath"
04-23 20:48:26.634 12225 12225 E libc    : Access denied finding property "persist.device_config.runtime_native_boot.enable_apex_image"
04-23 20:48:26.634 12225 12225 I AndroidRuntime: Using default boot image
04-23 20:48:26.634 12225 12225 E libc    : Access denied finding property "persist.device_config.runtime_native_boot.disable_lock_profiling"
04-23 20:48:26.634 12225 12225 I AndroidRuntime: Leaving lock profiling enabled
04-23 20:48:26.634 12225 12225 E libc    : Access denied finding property "persist.device_config.runtime_native_boot.enable_generational_cc"
04-23 20:48:26.636 12225 12225 I app_process: Core platform API reporting enabled, enforcing=false
04-23 20:48:26.671 12225 12225 W app_process: Unexpected CPU variant for X86 using defaults: x86_64
04-23 20:48:26.671 12225 12225 I app_process: The ClassLoaderContext is a special shared library.
04-23 20:48:26.678 12225 12225 W app_process: JNI RegisterNativeMethods: attempt to register 0 native methods for android.media.AudioAttributes
04-23 20:48:27.191  9066  9066 I DatabaseHelper: Breed 7: Favorited true
04-23 20:48:27.962  8645  8645 I ProvidersCache: Updating roots due to change on user 0at content://com.android.providers.media.documents/root
04-23 20:48:28.464  8645  8645 I chatty  : uid=10076(com.android.documentsui) identical 4 lines
04-23 20:48:28.505  8645  8645 I ProvidersCache: Updating roots due to change on user 0at content://com.android.providers.media.documents/root
04-23 20:48:28.700   159   159 I hwservicemanager: getTransport: Cannot find entry android.hardware.graphics.mapper@4.0::IMapper/default in either framework or device manifest.
04-23 20:48:28.700 12258 12258 I Gralloc4: mapper 4.x is not supported
04-23 20:48:28.739  1438  1963 I MediaProvider: Begin Intent { act=android.intent.action.MEDIA_SCANNER_SCAN_FILE dat=file:///sdcard/screen_2026-04-23_204829.png flg=0x1400010 cmp=com.android.providers.media.module/com.android.providers.media.MediaService }
04-23 20:48:28.736  1438  1438 W com.android.providers.media.module: type=1400 audit(0.0:1201): avc: denied { read } for comm=4173796E635461736B202331 name="primary" dev="tmpfs" ino=22223 scontext=u:r:mediaprovider_app:s0:c122,c256,c512,c768 tcontext=u:object_r:mnt_pass_through_file:s0 tclass=lnk_file permissive=0 app=com.android.providers.media.module
04-23 20:48:28.951     0     0 W audit   : audit_lost=882 audit_rate_limit=5 audit_backlog_limit=64
04-23 20:48:28.953     0     0 E audit   : rate limit exceeded
04-23 20:48:28.757  1438  1963 W ModernMediaScanner: Failed to visit /sdcard/screen_2026-04-23_204829.png: java.nio.file.AccessDeniedException: /sdcard/screen_2026-04-23_204829.png
04-23 20:48:28.757  1438  1963 I MediaProvider: Scanned internal due to REASON_DEMAND, found 0 items in 18ms, 0 inserts 0 updates 0 deletes
04-23 20:48:28.757  1438  1963 I MediaProvider: End Intent { act=android.intent.action.MEDIA_SCANNER_SCAN_FILE dat=file:///sdcard/screen_2026-04-23_204829.png flg=0x1400010 cmp=com.android.providers.media.module/com.android.providers.media.MediaService }
04-23 20:48:28.736  1438  1438 W com.android.providers.media.module: type=1400 audit(0.0:1202): avc: denied { read } for comm=4173796E635461736B202331 name="primary" dev="tmpfs" ino=22223 scontext=u:r:mediaprovider_app:s0:c122,c256,c512,c768 tcontext=u:object_r:mnt_pass_through_file:s0 tclass=lnk_file permissive=0 app=com.android.providers.media.module
04-23 20:48:28.819  1438  2482 I MediaProvider: Deleted 1 items on external_primary due to com.android.shell
04-23 20:48:28.845 12273 12275 I cmd     : oneway function results will be dropped but finished with status OK and parcel size 4
04-23 20:48:28.954   159   159 I hwservicemanager: getTransport: Cannot find entry android.hardware.graphics.mapper@4.0::IMapper/default in either framework or device manifest.
04-23 20:48:28.954 12295 12295 I Gralloc4: mapper 4.x is not supported
04-23 20:48:28.991  1438  1963 I MediaProvider: Begin Intent { act=android.intent.action.MEDIA_SCANNER_SCAN_FILE dat=file:///sdcard/screen_2026-04-23_204829.png flg=0x1400010 cmp=com.android.providers.media.module/com.android.providers.media.MediaService }
04-23 20:48:28.991  1438  1963 W ModernMediaScanner: Failed to visit /sdcard/screen_2026-04-23_204829.png: java.nio.file.AccessDeniedException: /sdcard/screen_2026-04-23_204829.png
04-23 20:48:28.992  1438  1963 I MediaProvider: Scanned internal due to REASON_DEMAND, found 0 items in 1ms, 0 inserts 0 updates 0 deletes
04-23 20:48:28.992  1438  1963 I MediaProvider: End Intent { act=android.intent.action.MEDIA_SCANNER_SCAN_FILE dat=file:///sdcard/screen_2026-04-23_204829.png flg=0x1400010 cmp=com.android.providers.media.module/com.android.providers.media.MediaService }
04-23 20:48:29.012  1438  1561 I MediaProvider: Deleted 1 items on external_primary due to com.android.shell
04-23 20:48:29.037 12310 12312 I cmd     : oneway function results will be dropped but finished with status OK and parcel size 4
04-23 20:48:29.146   159   159 I hwservicemanager: getTransport: Cannot find entry android.hardware.graphics.mapper@4.0::IMapper/default in either framework or device manifest.
04-23 20:48:29.146 12332 12332 I Gralloc4: mapper 4.x is not supported
04-23 20:48:29.181 12336 12338 I cmd     : oneway function results will be dropped but finished with status OK and parcel size 4
04-23 20:48:29.181  1438  1963 I MediaProvider: Begin Intent { act=android.intent.action.MEDIA_SCANNER_SCAN_FILE dat=file:///sdcard/screen_2026-04-23_204829.png flg=0x1400010 cmp=com.android.providers.media.module/com.android.providers.media.MediaService }
04-23 20:48:29.182  1438  1963 W ModernMediaScanner: Failed to visit /sdcard/screen_2026-04-23_204829.png: java.nio.file.AccessDeniedException: /sdcard/screen_2026-04-23_204829.png
04-23 20:48:29.183  1438  1963 I MediaProvider: Scanned internal due to REASON_DEMAND, found 0 items in 1ms, 0 inserts 0 updates 0 deletes
04-23 20:48:29.183  1438  1963 I MediaProvider: End Intent { act=android.intent.action.MEDIA_SCANNER_SCAN_FILE dat=file:///sdcard/screen_2026-04-23_204829.png flg=0x1400010 cmp=com.android.providers.media.module/com.android.providers.media.MediaService }
04-23 20:48:29.202  1438  1559 I MediaProvider: Deleted 1 items on external_primary due to com.android.shell
04-23 20:48:29.228 12347 12349 I cmd     : oneway function results will be dropped but finished with status OK and parcel size 4
04-23 20:48:29.273 12362 12364 I cmd     : oneway function results will be dropped but finished with status OK and parcel size 4
04-23 20:48:29.365 12392 12394 I cmd     : oneway function results will be dropped but finished with status OK and parcel size 4
04-23 20:48:29.441 12404 12404 E libc    : Access denied finding property "persist.device_config.runtime_native_boot.profilebootclasspath"
04-23 20:48:29.441 12404 12404 E libc    : Access denied finding property "persist.device_config.runtime_native_boot.enable_apex_image"
04-23 20:48:29.441 12404 12404 I AndroidRuntime: Using default boot image
04-23 20:48:29.441 12404 12404 E libc    : Access denied finding property "persist.device_config.runtime_native_boot.disable_lock_profiling"
04-23 20:48:29.441 12404 12404 I AndroidRuntime: Leaving lock profiling enabled
04-23 20:48:29.441 12404 12404 E libc    : Access denied finding property "persist.device_config.runtime_native_boot.enable_generational_cc"
04-23 20:48:29.442 12404 12404 I app_process: Core platform API reporting enabled, enforcing=false
04-23 20:48:29.477 12404 12404 W app_process: Unexpected CPU variant for X86 using defaults: x86_64
04-23 20:48:29.478 12404 12404 I app_process: The ClassLoaderContext is a special shared library.
04-23 20:48:29.483 12404 12404 W app_process: JNI RegisterNativeMethods: attempt to register 0 native methods for android.media.AudioAttributes
04-23 20:48:29.991  9066  9066 I DatabaseHelper: Breed 7: Favorited false
04-23 20:48:30.505  8645  8645 I ProvidersCache: Updating roots due to change on user 0at content://com.android.providers.media.documents/root
04-23 20:48:31.026  8645  8645 I chatty  : uid=10076(com.android.documentsui) identical 4 lines
04-23 20:48:31.089  8645  8645 I ProvidersCache: Updating roots due to change on user 0at content://com.android.providers.media.documents/root
04-23 20:48:31.497   159   159 I hwservicemanager: getTransport: Cannot find entry android.hardware.graphics.mapper@4.0::IMapper/default in either framework or device manifest.
04-23 20:48:31.498 12437 12437 I Gralloc4: mapper 4.x is not supported
04-23 20:48:31.534  1438  1963 I MediaProvider: Begin Intent { act=android.intent.action.MEDIA_SCANNER_SCAN_FILE dat=file:///sdcard/screen_2026-04-23_204832.png flg=0x1400010 cmp=com.android.providers.media.module/com.android.providers.media.MediaService }
04-23 20:48:31.528  1438  1438 W com.android.providers.media.module: type=1400 audit(0.0:1223): avc: denied { read } for comm=4173796E635461736B202331 name="primary" dev="tmpfs" ino=22223 scontext=u:r:mediaprovider_app:s0:c122,c256,c512,c768 tcontext=u:object_r:mnt_pass_through_file:s0 tclass=lnk_file permissive=0 app=com.android.providers.media.module
04-23 20:48:31.750     0     0 W audit   : audit_lost=899 audit_rate_limit=5 audit_backlog_limit=64
04-23 20:48:31.755     0     0 E audit   : rate limit exceeded
04-23 20:48:31.553  1438  1963 W ModernMediaScanner: Failed to visit /sdcard/screen_2026-04-23_204832.png: java.nio.file.AccessDeniedException: /sdcard/screen_2026-04-23_204832.png
04-23 20:48:31.554  1438  1963 I MediaProvider: Scanned internal due to REASON_DEMAND, found 0 items in 15ms, 0 inserts 0 updates 0 deletes
04-23 20:48:31.554  1438  1963 I MediaProvider: End Intent { act=android.intent.action.MEDIA_SCANNER_SCAN_FILE dat=file:///sdcard/screen_2026-04-23_204832.png flg=0x1400010 cmp=com.android.providers.media.module/com.android.providers.media.MediaService }
04-23 20:48:31.528  1438  1438 W com.android.providers.media.module: type=1400 audit(0.0:1224): avc: denied { read } for comm=4173796E635461736B202331 name="primary" dev="tmpfs" ino=22223 scontext=u:r:mediaprovider_app:s0:c122,c256,c512,c768 tcontext=u:object_r:mnt_pass_through_file:s0 tclass=lnk_file permissive=0 app=com.android.providers.media.module
04-23 20:48:31.536  1438  1438 I chatty  : uid=10122(com.android.providers.media.module) identical 2 lines
04-23 20:48:31.536  1438  1438 W com.android.providers.media.module: type=1400 audit(0.0:1227): avc: denied { read } for comm=4173796E635461736B202331 name="primary" dev="tmpfs" ino=22223 scontext=u:r:mediaprovider_app:s0:c122,c256,c512,c768 tcontext=u:object_r:mnt_pass_through_file:s0 tclass=lnk_file permissive=0 app=com.android.providers.media.module
04-23 20:48:31.612  1438  2482 I MediaProvider: Deleted 1 items on external_primary due to com.android.shell
04-23 20:48:31.639 12452 12454 I cmd     : oneway function results will be dropped but finished with status OK and parcel size 4
04-23 20:48:31.764   159   159 I hwservicemanager: getTransport: Cannot find entry android.hardware.graphics.mapper@4.0::IMapper/default in either framework or device manifest.
04-23 20:48:31.764 12476 12476 I Gralloc4: mapper 4.x is not supported
04-23 20:48:31.801 12480 12482 I cmd     : oneway function results will be dropped but finished with status OK and parcel size 4
04-23 20:48:31.802  1438  1963 I MediaProvider: Begin Intent { act=android.intent.action.MEDIA_SCANNER_SCAN_FILE dat=file:///sdcard/screen_2026-04-23_204832.png flg=0x1400010 cmp=com.android.providers.media.module/com.android.providers.media.MediaService }
04-23 20:48:31.803  1438  1963 W ModernMediaScanner: Failed to visit /sdcard/screen_2026-04-23_204832.png: java.nio.file.AccessDeniedException: /sdcard/screen_2026-04-23_204832.png
04-23 20:48:31.803  1438  1963 I MediaProvider: Scanned internal due to REASON_DEMAND, found 0 items in 1ms, 0 inserts 0 updates 0 deletes
04-23 20:48:31.803  1438  1963 I MediaProvider: End Intent { act=android.intent.action.MEDIA_SCANNER_SCAN_FILE dat=file:///sdcard/screen_2026-04-23_204832.png flg=0x1400010 cmp=com.android.providers.media.module/com.android.providers.media.MediaService }
04-23 20:48:31.823  1438  1561 I MediaProvider: Deleted 1 items on external_primary due to com.android.shell
04-23 20:48:31.849 12491 12493 I cmd     : oneway function results will be dropped but finished with status OK and parcel size 4
04-23 20:48:31.960   159   159 I hwservicemanager: getTransport: Cannot find entry android.hardware.graphics.mapper@4.0::IMapper/default in either framework or device manifest.
04-23 20:48:31.960 12513 12513 I Gralloc4: mapper 4.x is not supported
04-23 20:48:31.996  1438  1963 I MediaProvider: Begin Intent { act=android.intent.action.MEDIA_SCANNER_SCAN_FILE dat=file:///sdcard/screen_2026-04-23_204832.png flg=0x1400010 cmp=com.android.providers.media.module/com.android.providers.media.MediaService }
04-23 20:48:31.997  1438  1963 W ModernMediaScanner: Failed to visit /sdcard/screen_2026-04-23_204832.png: java.nio.file.AccessDeniedException: /sdcard/screen_2026-04-23_204832.png
04-23 20:48:31.997  1438  1963 I MediaProvider: Scanned internal due to REASON_DEMAND, found 0 items in 0ms, 0 inserts 0 updates 0 deletes
04-23 20:48:31.998  1438  1963 I MediaProvider: End Intent { act=android.intent.action.MEDIA_SCANNER_SCAN_FILE dat=file:///sdcard/screen_2026-04-23_204832.png flg=0x1400010 cmp=com.android.providers.media.module/com.android.providers.media.MediaService }
04-23 20:48:32.017  1438  1559 I MediaProvider: Deleted 1 items on external_primary due to com.android.shell
04-23 20:48:32.088 12543 12545 I cmd     : oneway function results will be dropped but finished with status OK and parcel size 4
04-23 20:48:32.133 12558 12560 I cmd     : oneway function results will be dropped but finished with status OK and parcel size 4
04-23 20:48:32.178 12573 12575 I cmd     : oneway function results will be dropped but finished with status OK and parcel size 4
04-23 20:48:32.250 12585 12585 E libc    : Access denied finding property "persist.device_config.runtime_native_boot.profilebootclasspath"
04-23 20:48:32.250 12585 12585 E libc    : Access denied finding property "persist.device_config.runtime_native_boot.enable_apex_image"
04-23 20:48:32.250 12585 12585 I AndroidRuntime: Using default boot image
04-23 20:48:32.250 12585 12585 E libc    : Access denied finding property "persist.device_config.runtime_native_boot.disable_lock_profiling"
04-23 20:48:32.250 12585 12585 I AndroidRuntime: Leaving lock profiling enabled
04-23 20:48:32.250 12585 12585 E libc    : Access denied finding property "persist.device_config.runtime_native_boot.enable_generational_cc"
04-23 20:48:32.251 12585 12585 I app_process: Core platform API reporting enabled, enforcing=false
04-23 20:48:32.285 12585 12585 W app_process: Unexpected CPU variant for X86 using defaults: x86_64
04-23 20:48:32.286 12585 12585 I app_process: The ClassLoaderContext is a special shared library.
04-23 20:48:32.292 12585 12585 W app_process: JNI RegisterNativeMethods: attempt to register 0 native methods for android.media.AudioAttributes
04-23 20:48:32.808  9066  9066 I DatabaseHelper: Breed 7: Favorited true
04-23 20:48:33.055  8645  8645 I ProvidersCache: Updating roots due to change on user 0at content://com.android.providers.media.documents/root
04-23 20:48:33.590  8645  8645 I chatty  : uid=10076(com.android.documentsui) identical 4 lines
04-23 20:48:33.647  8645  8645 I ProvidersCache: Updating roots due to change on user 0at content://com.android.providers.media.documents/root
04-23 20:48:34.303   159   159 I hwservicemanager: getTransport: Cannot find entry android.hardware.graphics.mapper@4.0::IMapper/default in either framework or device manifest.
04-23 20:48:34.303 12618 12618 I Gralloc4: mapper 4.x is not supported
04-23 20:48:34.339  1438  1963 I MediaProvider: Begin Intent { act=android.intent.action.MEDIA_SCANNER_SCAN_FILE dat=file:///sdcard/screen_2026-04-23_204834.png flg=0x1400010 cmp=com.android.providers.media.module/com.android.providers.media.MediaService }
04-23 20:48:34.336  1438  1438 W com.android.providers.media.module: type=1400 audit(0.0:1245): avc: denied { read } for comm=4173796E635461736B202331 name="primary" dev="tmpfs" ino=22223 scontext=u:r:mediaprovider_app:s0:c122,c256,c512,c768 tcontext=u:object_r:mnt_pass_through_file:s0 tclass=lnk_file permissive=0 app=com.android.providers.media.module
04-23 20:48:34.562     0     0 W audit   : audit_lost=916 audit_rate_limit=5 audit_backlog_limit=64
04-23 20:48:34.568     0     0 E audit   : rate limit exceeded
04-23 20:48:34.336  1438  1438 I chatty  : uid=10122(com.android.providers.media.module) identical 1 line
04-23 20:48:34.348  1438  1438 W com.android.providers.media.module: type=1400 audit(0.0:1247): avc: denied { read } for comm=4173796E635461736B202331 name="primary" dev="tmpfs" ino=22223 scontext=u:r:mediaprovider_app:s0:c122,c256,c512,c768 tcontext=u:object_r:mnt_pass_through_file:s0 tclass=lnk_file permissive=0 app=com.android.providers.media.module
04-23 20:48:34.366  1438  1963 W ModernMediaScanner: Failed to visit /sdcard/screen_2026-04-23_204834.png: java.nio.file.AccessDeniedException: /sdcard/screen_2026-04-23_204834.png
04-23 20:48:34.368  1438  1963 I MediaProvider: Scanned internal due to REASON_DEMAND, found 0 items in 17ms, 0 inserts 0 updates 0 deletes
04-23 20:48:34.368  1438  1963 I MediaProvider: End Intent { act=android.intent.action.MEDIA_SCANNER_SCAN_FILE dat=file:///sdcard/screen_2026-04-23_204834.png flg=0x1400010 cmp=com.android.providers.media.module/com.android.providers.media.MediaService }
04-23 20:48:34.348  1438  1438 W com.android.providers.media.module: type=1400 audit(0.0:1248): avc: denied { read } for comm=4173796E635461736B202331 name="primary" dev="tmpfs" ino=22223 scontext=u:r:mediaprovider_app:s0:c122,c256,c512,c768 tcontext=u:object_r:mnt_pass_through_file:s0 tclass=lnk_file permissive=0 app=com.android.providers.media.module
04-23 20:48:34.395  1438  2482 I MediaProvider: Deleted 1 items on external_primary due to com.android.shell
04-23 20:48:34.422 12633 12635 I cmd     : oneway function results will be dropped but finished with status OK and parcel size 4
04-23 20:48:34.537   159   159 I hwservicemanager: getTransport: Cannot find entry android.hardware.graphics.mapper@4.0::IMapper/default in either framework or device manifest.
04-23 20:48:34.537 12655 12655 I Gralloc4: mapper 4.x is not supported
04-23 20:48:34.572 12659 12661 I cmd     : oneway function results will be dropped but finished with status OK and parcel size 4
04-23 20:48:34.573  1438  1963 I MediaProvider: Begin Intent { act=android.intent.action.MEDIA_SCANNER_SCAN_FILE dat=file:///sdcard/screen_2026-04-23_204835.png flg=0x1400010 cmp=com.android.providers.media.module/com.android.providers.media.MediaService }
04-23 20:48:34.574  1438  1963 W ModernMediaScanner: Failed to visit /sdcard/screen_2026-04-23_204835.png: java.nio.file.AccessDeniedException: /sdcard/screen_2026-04-23_204835.png
04-23 20:48:34.576  1438  1963 I MediaProvider: Scanned internal due to REASON_DEMAND, found 0 items in 3ms, 0 inserts 0 updates 0 deletes
04-23 20:48:34.577  1438  1963 I MediaProvider: End Intent { act=android.intent.action.MEDIA_SCANNER_SCAN_FILE dat=file:///sdcard/screen_2026-04-23_204835.png flg=0x1400010 cmp=com.android.providers.media.module/com.android.providers.media.MediaService }
04-23 20:48:34.593  1438  1561 I MediaProvider: Deleted 1 items on external_primary due to com.android.shell
04-23 20:48:34.619 12670 12672 I cmd     : oneway function results will be dropped but finished with status OK and parcel size 4
04-23 20:48:34.727   159   159 I hwservicemanager: getTransport: Cannot find entry android.hardware.graphics.mapper@4.0::IMapper/default in either framework or device manifest.
04-23 20:48:34.727 12692 12692 I Gralloc4: mapper 4.x is not supported
04-23 20:48:34.773  1438  1963 I MediaProvider: Begin Intent { act=android.intent.action.MEDIA_SCANNER_SCAN_FILE dat=file:///sdcard/screen_2026-04-23_204835.png flg=0x1400010 cmp=com.android.providers.media.module/com.android.providers.media.MediaService }
04-23 20:48:34.773 12698 12700 I cmd     : oneway function results will be dropped but finished with status OK and parcel size 4
04-23 20:48:34.774  1438  1963 W ModernMediaScanner: Failed to visit /sdcard/screen_2026-04-23_204835.png: java.nio.file.AccessDeniedException: /sdcard/screen_2026-04-23_204835.png
04-23 20:48:34.774  1438  1963 I MediaProvider: Scanned internal due to REASON_DEMAND, found 0 items in 1ms, 0 inserts 0 updates 0 deletes
04-23 20:48:34.778  1438  1963 I MediaProvider: End Intent { act=android.intent.action.MEDIA_SCANNER_SCAN_FILE dat=file:///sdcard/screen_2026-04-23_204835.png flg=0x1400010 cmp=com.android.providers.media.module/com.android.providers.media.MediaService }
04-23 20:48:34.795  1438  1559 I MediaProvider: Deleted 1 items on external_primary due to com.android.shell
04-23 20:48:34.821 12709 12711 I cmd     : oneway function results will be dropped but finished with status OK and parcel size 4
04-23 20:48:34.911 12739 12741 I cmd     : oneway function results will be dropped but finished with status OK and parcel size 4
04-23 20:48:34.957 12754 12756 I cmd     : oneway function results will be dropped but finished with status OK and parcel size 4
04-23 20:48:35.028 12766 12766 E libc    : Access denied finding property "persist.device_config.runtime_native_boot.profilebootclasspath"
04-23 20:48:35.028 12766 12766 E libc    : Access denied finding property "persist.device_config.runtime_native_boot.enable_apex_image"
04-23 20:48:35.028 12766 12766 I AndroidRuntime: Using default boot image
04-23 20:48:35.028 12766 12766 E libc    : Access denied finding property "persist.device_config.runtime_native_boot.disable_lock_profiling"
04-23 20:48:35.028 12766 12766 I AndroidRuntime: Leaving lock profiling enabled
04-23 20:48:35.028 12766 12766 E libc    : Access denied finding property "persist.device_config.runtime_native_boot.enable_generational_cc"
04-23 20:48:35.030 12766 12766 I app_process: Core platform API reporting enabled, enforcing=false
04-23 20:48:35.064 12766 12766 W app_process: Unexpected CPU variant for X86 using defaults: x86_64
04-23 20:48:35.065 12766 12766 I app_process: The ClassLoaderContext is a special shared library.
04-23 20:48:35.071 12766 12766 W app_process: JNI RegisterNativeMethods: attempt to register 0 native methods for android.media.AudioAttributes
04-23 20:48:35.275  9066  9066 I DatabaseHelper: Breed 1: Favorited true
04-23 20:48:35.928  8645  8645 I ProvidersCache: Updating roots due to change on user 0at content://com.android.providers.media.documents/root
04-23 20:48:36.239  8645  8645 I chatty  : uid=10076(com.android.documentsui) identical 3 lines
04-23 20:48:36.431  8645  8645 I ProvidersCache: Updating roots due to change on user 0at content://com.android.providers.media.documents/root
04-23 20:48:36.777   159   159 I hwservicemanager: getTransport: Cannot find entry android.hardware.graphics.mapper@4.0::IMapper/default in either framework or device manifest.
04-23 20:48:36.778 12797 12797 I Gralloc4: mapper 4.x is not supported
04-23 20:48:36.828  1438  1963 I MediaProvider: Begin Intent { act=android.intent.action.MEDIA_SCANNER_SCAN_FILE dat=file:///sdcard/screen_2026-04-23_204837.png flg=0x1400010 cmp=com.android.providers.media.module/com.android.providers.media.MediaService }
04-23 20:48:36.824  1438  1438 W com.android.providers.media.module: type=1400 audit(0.0:1267): avc: denied { read } for comm=4173796E635461736B202331 name="primary" dev="tmpfs" ino=22223 scontext=u:r:mediaprovider_app:s0:c122,c256,c512,c768 tcontext=u:object_r:mnt_pass_through_file:s0 tclass=lnk_file permissive=0 app=com.android.providers.media.module
04-23 20:48:37.040     0     0 W audit   : audit_lost=933 audit_rate_limit=5 audit_backlog_limit=64
04-23 20:48:37.048     0     0 E audit   : rate limit exceeded
04-23 20:48:36.842  1438  1963 W ModernMediaScanner: Failed to visit /sdcard/screen_2026-04-23_204837.png: java.nio.file.AccessDeniedException: /sdcard/screen_2026-04-23_204837.png
04-23 20:48:36.843  1438  1963 I MediaProvider: Scanned internal due to REASON_DEMAND, found 0 items in 14ms, 0 inserts 0 updates 0 deletes
04-23 20:48:36.843  1438  1963 I MediaProvider: End Intent { act=android.intent.action.MEDIA_SCANNER_SCAN_FILE dat=file:///sdcard/screen_2026-04-23_204837.png flg=0x1400010 cmp=com.android.providers.media.module/com.android.providers.media.MediaService }
04-23 20:48:36.824  1438  1438 W com.android.providers.media.module: type=1400 audit(0.0:1268): avc: denied { read } for comm=4173796E635461736B202331 name="primary" dev="tmpfs" ino=22223 scontext=u:r:mediaprovider_app:s0:c122,c256,c512,c768 tcontext=u:object_r:mnt_pass_through_file:s0 tclass=lnk_file permissive=0 app=com.android.providers.media.module
04-23 20:48:36.901  1438  2482 I MediaProvider: Deleted 1 items on external_primary due to com.android.shell
04-23 20:48:36.927 12814 12816 I cmd     : oneway function results will be dropped but finished with status OK and parcel size 4
04-23 20:48:37.039   159   159 I hwservicemanager: getTransport: Cannot find entry android.hardware.graphics.mapper@4.0::IMapper/default in either framework or device manifest.
04-23 20:48:37.039 12836 12836 I Gralloc4: mapper 4.x is not supported
04-23 20:48:37.074 12840 12842 I cmd     : oneway function results will be dropped but finished with status OK and parcel size 4
04-23 20:48:37.075  1438  1963 I MediaProvider: Begin Intent { act=android.intent.action.MEDIA_SCANNER_SCAN_FILE dat=file:///sdcard/screen_2026-04-23_204837.png flg=0x1400010 cmp=com.android.providers.media.module/com.android.providers.media.MediaService }
04-23 20:48:37.075  1438  1963 W ModernMediaScanner: Failed to visit /sdcard/screen_2026-04-23_204837.png: java.nio.file.AccessDeniedException: /sdcard/screen_2026-04-23_204837.png
04-23 20:48:37.075  1438  1963 I MediaProvider: Scanned internal due to REASON_DEMAND, found 0 items in 0ms, 0 inserts 0 updates 0 deletes
04-23 20:48:37.076  1438  1963 I MediaProvider: End Intent { act=android.intent.action.MEDIA_SCANNER_SCAN_FILE dat=file:///sdcard/screen_2026-04-23_204837.png flg=0x1400010 cmp=com.android.providers.media.module/com.android.providers.media.MediaService }
04-23 20:48:37.095  1438  1561 I MediaProvider: Deleted 1 items on external_primary due to com.android.shell
04-23 20:48:37.120 12851 12853 I cmd     : oneway function results will be dropped but finished with status OK and parcel size 4
04-23 20:48:37.233   159   159 I hwservicemanager: getTransport: Cannot find entry android.hardware.graphics.mapper@4.0::IMapper/default in either framework or device manifest.
04-23 20:48:37.234 12873 12873 I Gralloc4: mapper 4.x is not supported
04-23 20:48:37.270 12877 12879 I cmd     : oneway function results will be dropped but finished with status OK and parcel size 4
04-23 20:48:37.271  1438  1963 I MediaProvider: Begin Intent { act=android.intent.action.MEDIA_SCANNER_SCAN_FILE dat=file:///sdcard/screen_2026-04-23_204837.png flg=0x1400010 cmp=com.android.providers.media.module/com.android.providers.media.MediaService }
04-23 20:48:37.272  1438  1963 W ModernMediaScanner: Failed to visit /sdcard/screen_2026-04-23_204837.png: java.nio.file.AccessDeniedException: /sdcard/screen_2026-04-23_204837.png
04-23 20:48:37.273  1438  1963 I MediaProvider: Scanned internal due to REASON_DEMAND, found 0 items in 2ms, 0 inserts 0 updates 0 deletes
04-23 20:48:37.274  1438  1963 I MediaProvider: End Intent { act=android.intent.action.MEDIA_SCANNER_SCAN_FILE dat=file:///sdcard/screen_2026-04-23_204837.png flg=0x1400010 cmp=com.android.providers.media.module/com.android.providers.media.MediaService }
04-23 20:48:37.292  1438  1559 I MediaProvider: Deleted 1 items on external_primary due to com.android.shell
04-23 20:48:37.319 12888 12890 I cmd     : oneway function results will be dropped but finished with status OK and parcel size 4
04-23 20:48:37.365 12903 12905 I cmd     : oneway function results will be dropped but finished with status OK and parcel size 4
04-23 20:48:37.412 12918 12920 I cmd     : oneway function results will be dropped but finished with status OK and parcel size 4
04-23 20:48:37.456 12933 12935 I cmd     : oneway function results will be dropped but finished with status OK and parcel size 4
04-23 20:48:37.528 12945 12945 E libc    : Access denied finding property "persist.device_config.runtime_native_boot.profilebootclasspath"
04-23 20:48:37.528 12945 12945 E libc    : Access denied finding property "persist.device_config.runtime_native_boot.enable_apex_image"
04-23 20:48:37.528 12945 12945 I AndroidRuntime: Using default boot image
04-23 20:48:37.528 12945 12945 E libc    : Access denied finding property "persist.device_config.runtime_native_boot.disable_lock_profiling"
04-23 20:48:37.528 12945 12945 I AndroidRuntime: Leaving lock profiling enabled
04-23 20:48:37.528 12945 12945 E libc    : Access denied finding property "persist.device_config.runtime_native_boot.enable_generational_cc"
04-23 20:48:37.529 12945 12945 I app_process: Core platform API reporting enabled, enforcing=false
04-23 20:48:37.564 12945 12945 W app_process: Unexpected CPU variant for X86 using defaults: x86_64
04-23 20:48:37.565 12945 12945 I app_process: The ClassLoaderContext is a special shared library.
04-23 20:48:37.571 12945 12945 W app_process: JNI RegisterNativeMethods: attempt to register 0 native methods for android.media.AudioAttributes
04-23 20:48:37.775  9066  9066 I DatabaseHelper: Breed 1: Favorited false
04-23 20:48:38.739  8645  8645 I ProvidersCache: Updating roots due to change on user 0at content://com.android.providers.media.documents/root
04-23 20:48:39.039  8645  8645 I chatty  : uid=10076(com.android.documentsui) identical 2 lines
04-23 20:48:39.227  8645  8645 I ProvidersCache: Updating roots due to change on user 0at content://com.android.providers.media.documents/root
04-23 20:48:39.276   159   159 I hwservicemanager: getTransport: Cannot find entry android.hardware.graphics.mapper@4.0::IMapper/default in either framework or device manifest.
04-23 20:48:39.276 12978 12978 I Gralloc4: mapper 4.x is not supported
04-23 20:48:39.312 12982 12984 I cmd     : oneway function results will be dropped but finished with status OK and parcel size 4
04-23 20:48:39.312  1438  1963 I MediaProvider: Begin Intent { act=android.intent.action.MEDIA_SCANNER_SCAN_FILE dat=file:///sdcard/screen_2026-04-23_204839.png flg=0x1400010 cmp=com.android.providers.media.module/com.android.providers.media.MediaService }
04-23 20:48:39.308  1438  1438 W com.android.providers.media.module: type=1400 audit(0.0:1289): avc: denied { read } for comm=4173796E635461736B202331 name="primary" dev="tmpfs" ino=22223 scontext=u:r:mediaprovider_app:s0:c122,c256,c512,c768 tcontext=u:object_r:mnt_pass_through_file:s0 tclass=lnk_file permissive=0 app=com.android.providers.media.module
04-23 20:48:39.329  1438  1963 W ModernMediaScanner: Failed to visit /sdcard/screen_2026-04-23_204839.png: java.nio.file.AccessDeniedException: /sdcard/screen_2026-04-23_204839.png
04-23 20:48:39.329  1438  1963 I MediaProvider: Scanned internal due to REASON_DEMAND, found 0 items in 16ms, 0 inserts 0 updates 0 deletes
04-23 20:48:39.329  1438  1963 I MediaProvider: End Intent { act=android.intent.action.MEDIA_SCANNER_SCAN_FILE dat=file:///sdcard/screen_2026-04-23_204839.png flg=0x1400010 cmp=com.android.providers.media.module/com.android.providers.media.MediaService }
04-23 20:48:39.308  1438  1438 W com.android.providers.media.module: type=1400 audit(0.0:1291): avc: denied { read } for comm=4173796E635461736B202331 name="primary" dev="tmpfs" ino=22223 scontext=u:r:mediaprovider_app:s0:c122,c256,c512,c768 tcontext=u:object_r:mnt_pass_through_file:s0 tclass=lnk_file permissive=0 app=com.android.providers.media.module
04-23 20:48:39.390  1438  2482 I MediaProvider: Deleted 1 items on external_primary due to com.android.shell
04-23 20:48:39.416 12993 12995 I cmd     : oneway function results will be dropped but finished with status OK and parcel size 4
04-23 20:48:39.528   159   159 I hwservicemanager: getTransport: Cannot find entry android.hardware.graphics.mapper@4.0::IMapper/default in either framework or device manifest.
04-23 20:48:39.528 13015 13015 I Gralloc4: mapper 4.x is not supported
04-23 20:48:39.563  1438  1963 I MediaProvider: Begin Intent { act=android.intent.action.MEDIA_SCANNER_SCAN_FILE dat=file:///sdcard/screen_2026-04-23_204840.png flg=0x1400010 cmp=com.android.providers.media.module/com.android.providers.media.MediaService }
04-23 20:48:39.564  1438  1963 W ModernMediaScanner: Failed to visit /sdcard/screen_2026-04-23_204840.png: java.nio.file.AccessDeniedException: /sdcard/screen_2026-04-23_204840.png
04-23 20:48:39.564  1438  1963 I MediaProvider: Scanned internal due to REASON_DEMAND, found 0 items in 1ms, 0 inserts 0 updates 0 deletes
04-23 20:48:39.564  1438  1963 I MediaProvider: End Intent { act=android.intent.action.MEDIA_SCANNER_SCAN_FILE dat=file:///sdcard/screen_2026-04-23_204840.png flg=0x1400010 cmp=com.android.providers.media.module/com.android.providers.media.MediaService }
04-23 20:48:39.627  1438  1561 I MediaProvider: Deleted 1 items on external_primary due to com.android.shell
04-23 20:48:39.764   159   159 I hwservicemanager: getTransport: Cannot find entry android.hardware.graphics.mapper@4.0::IMapper/default in either framework or device manifest.
04-23 20:48:39.764 13052 13052 I Gralloc4: mapper 4.x is not supported
04-23 20:48:39.800 13056 13058 I cmd     : oneway function results will be dropped but finished with status OK and parcel size 4
04-23 20:48:39.800  1438  1963 I MediaProvider: Begin Intent { act=android.intent.action.MEDIA_SCANNER_SCAN_FILE dat=file:///sdcard/screen_2026-04-23_204840.png flg=0x1400010 cmp=com.android.providers.media.module/com.android.providers.media.MediaService }
04-23 20:48:39.801  1438  1963 W ModernMediaScanner: Failed to visit /sdcard/screen_2026-04-23_204840.png: java.nio.file.AccessDeniedException: /sdcard/screen_2026-04-23_204840.png
04-23 20:48:39.803  1438  1963 I MediaProvider: Scanned internal due to REASON_DEMAND, found 0 items in 1ms, 0 inserts 0 updates 0 deletes
04-23 20:48:39.803  1438  1963 I MediaProvider: End Intent { act=android.intent.action.MEDIA_SCANNER_SCAN_FILE dat=file:///sdcard/screen_2026-04-23_204840.png flg=0x1400010 cmp=com.android.providers.media.module/com.android.providers.media.MediaService }
04-23 20:48:39.821  1438  1559 I MediaProvider: Deleted 1 items on external_primary due to com.android.shell
04-23 20:48:39.847 13067 13069 I cmd     : oneway function results will be dropped but finished with status OK and parcel size 4
04-23 20:48:39.894 13082 13084 I cmd     : oneway function results will be dropped but finished with status OK and parcel size 4
04-23 20:48:39.957 13099 13101 I cmd     : oneway function results will be dropped but finished with status OK and parcel size 4
04-23 20:48:40.072 13126 13126 E libc    : Access denied finding property "persist.device_config.runtime_native_boot.profilebootclasspath"
04-23 20:48:40.072 13126 13126 E libc    : Access denied finding property "persist.device_config.runtime_native_boot.enable_apex_image"
04-23 20:48:40.072 13126 13126 I AndroidRuntime: Using default boot image
04-23 20:48:40.072 13126 13126 E libc    : Access denied finding property "persist.device_config.runtime_native_boot.disable_lock_profiling"
04-23 20:48:40.072 13126 13126 I AndroidRuntime: Leaving lock profiling enabled
04-23 20:48:40.072 13126 13126 E libc    : Access denied finding property "persist.device_config.runtime_native_boot.enable_generational_cc"
04-23 20:48:40.073 13126 13126 I app_process: Core platform API reporting enabled, enforcing=false
04-23 20:48:40.108 13126 13126 W app_process: Unexpected CPU variant for X86 using defaults: x86_64
04-23 20:48:40.109 13126 13126 I app_process: The ClassLoaderContext is a special shared library.
04-23 20:48:40.115 13126 13126 W app_process: JNI RegisterNativeMethods: attempt to register 0 native methods for android.media.AudioAttributes
04-23 20:48:40.324  9066  9066 I DatabaseHelper: Breed 1: Favorited true
04-23 20:48:41.497  8645  8645 I ProvidersCache: Updating roots due to change on user 0at content://com.android.providers.media.documents/root
04-23 20:48:41.656  8645  8645 I ProvidersCache: Updating roots due to change on user 0at content://com.android.providers.media.documents/root
04-23 20:48:41.827   159   159 I hwservicemanager: getTransport: Cannot find entry android.hardware.graphics.mapper@4.0::IMapper/default in either framework or device manifest.
04-23 20:48:41.827 13157 13157 I Gralloc4: mapper 4.x is not supported
04-23 20:48:41.862  8645  8645 I ProvidersCache: Updating roots due to change on user 0at content://com.android.providers.media.documents/root
04-23 20:48:41.864  1438  1963 I MediaProvider: Begin Intent { act=android.intent.action.MEDIA_SCANNER_SCAN_FILE dat=file:///sdcard/screen_2026-04-23_204842.png flg=0x1400010 cmp=com.android.providers.media.module/com.android.providers.media.MediaService }
04-23 20:48:41.867  1438  1963 W ModernMediaScanner: Failed to visit /sdcard/screen_2026-04-23_204842.png: java.nio.file.AccessDeniedException: /sdcard/screen_2026-04-23_204842.png
04-23 20:48:41.868  1438  1963 I MediaProvider: Scanned internal due to REASON_DEMAND, found 0 items in 4ms, 0 inserts 0 updates 0 deletes
04-23 20:48:41.868  1438  1963 I MediaProvider: End Intent { act=android.intent.action.MEDIA_SCANNER_SCAN_FILE dat=file:///sdcard/screen_2026-04-23_204842.png flg=0x1400010 cmp=com.android.providers.media.module/com.android.providers.media.MediaService }
04-23 20:48:42.076     0     0 W audit   : audit_lost=967 audit_rate_limit=5 audit_backlog_limit=64
04-23 20:48:42.077     0     0 E audit   : rate limit exceeded
04-23 20:48:41.860  1438  1438 W com.android.providers.media.module: type=1400 audit(0.0:1311): avc: denied { read } for comm=4173796E635461736B202331 name="primary" dev="tmpfs" ino=22223 scontext=u:r:mediaprovider_app:s0:c122,c256,c512,c768 tcontext=u:object_r:mnt_pass_through_file:s0 tclass=lnk_file permissive=0 app=com.android.providers.media.module
04-23 20:48:41.947  1438  2482 I MediaProvider: Deleted 1 items on external_primary due to com.android.shell
04-23 20:48:42.057  8645  8645 I ProvidersCache: Updating roots due to change on user 0at content://com.android.providers.media.documents/root
04-23 20:48:42.108   159   159 I hwservicemanager: getTransport: Cannot find entry android.hardware.graphics.mapper@4.0::IMapper/default in either framework or device manifest.
04-23 20:48:42.108 13196 13196 I Gralloc4: mapper 4.x is not supported
04-23 20:48:42.146  1438  1963 I MediaProvider: Begin Intent { act=android.intent.action.MEDIA_SCANNER_SCAN_FILE dat=file:///sdcard/screen_2026-04-23_204842.png flg=0x1400010 cmp=com.android.providers.media.module/com.android.providers.media.MediaService }
04-23 20:48:42.147  1438  1963 W ModernMediaScanner: Failed to visit /sdcard/screen_2026-04-23_204842.png: java.nio.file.AccessDeniedException: /sdcard/screen_2026-04-23_204842.png
04-23 20:48:42.148  1438  1963 I MediaProvider: Scanned internal due to REASON_DEMAND, found 0 items in 1ms, 0 inserts 0 updates 0 deletes
04-23 20:48:42.148  1438  1963 I MediaProvider: End Intent { act=android.intent.action.MEDIA_SCANNER_SCAN_FILE dat=file:///sdcard/screen_2026-04-23_204842.png flg=0x1400010 cmp=com.android.providers.media.module/com.android.providers.media.MediaService }
04-23 20:48:42.167  1438  1561 I MediaProvider: Deleted 1 items on external_primary due to com.android.shell
04-23 20:48:42.193 13211 13213 I cmd     : oneway function results will be dropped but finished with status OK and parcel size 4
04-23 20:48:42.300   159   159 I hwservicemanager: getTransport: Cannot find entry android.hardware.graphics.mapper@4.0::IMapper/default in either framework or device manifest.
04-23 20:48:42.301 13233 13233 I Gralloc4: mapper 4.x is not supported
04-23 20:48:42.336 13237 13239 I cmd     : oneway function results will be dropped but finished with status OK and parcel size 4
04-23 20:48:42.336  1438  1963 I MediaProvider: Begin Intent { act=android.intent.action.MEDIA_SCANNER_SCAN_FILE dat=file:///sdcard/screen_2026-04-23_204842.png flg=0x1400010 cmp=com.android.providers.media.module/com.android.providers.media.MediaService }
04-23 20:48:42.337  1438  1963 W ModernMediaScanner: Failed to visit /sdcard/screen_2026-04-23_204842.png: java.nio.file.AccessDeniedException: /sdcard/screen_2026-04-23_204842.png
04-23 20:48:42.340  1438  1963 I MediaProvider: Scanned internal due to REASON_DEMAND, found 0 items in 3ms, 0 inserts 0 updates 0 deletes
04-23 20:48:42.340  1438  1963 I MediaProvider: End Intent { act=android.intent.action.MEDIA_SCANNER_SCAN_FILE dat=file:///sdcard/screen_2026-04-23_204842.png flg=0x1400010 cmp=com.android.providers.media.module/com.android.providers.media.MediaService }
04-23 20:48:42.358  1438  1561 I MediaProvider: Deleted 1 items on external_primary due to com.android.shell
04-23 20:48:42.384 13248 13250 I cmd     : oneway function results will be dropped but finished with status OK and parcel size 4
04-23 20:48:42.430 13263 13265 I cmd     : oneway function results will be dropped but finished with status OK and parcel size 4
04-23 20:48:42.474 13278 13280 I cmd     : oneway function results will be dropped but finished with status OK and parcel size 4
04-23 20:48:42.519 13293 13295 I cmd     : oneway function results will be dropped but finished with status OK and parcel size 4
04-23 20:48:42.590 13305 13305 E libc    : Access denied finding property "persist.device_config.runtime_native_boot.profilebootclasspath"
04-23 20:48:42.590 13305 13305 E libc    : Access denied finding property "persist.device_config.runtime_native_boot.enable_apex_image"
04-23 20:48:42.590 13305 13305 I AndroidRuntime: Using default boot image
04-23 20:48:42.590 13305 13305 E libc    : Access denied finding property "persist.device_config.runtime_native_boot.disable_lock_profiling"
04-23 20:48:42.590 13305 13305 I AndroidRuntime: Leaving lock profiling enabled
04-23 20:48:42.590 13305 13305 E libc    : Access denied finding property "persist.device_config.runtime_native_boot.enable_generational_cc"
04-23 20:48:42.591 13305 13305 I app_process: Core platform API reporting enabled, enforcing=false
04-23 20:48:42.627 13305 13305 W app_process: Unexpected CPU variant for X86 using defaults: x86_64
04-23 20:48:42.628 13305 13305 I app_process: The ClassLoaderContext is a special shared library.
04-23 20:48:42.634 13305 13305 W app_process: JNI RegisterNativeMethods: attempt to register 0 native methods for android.media.AudioAttributes
04-23 20:48:42.841  9066  9066 I DatabaseHelper: Breed 2: Favorited false
04-23 20:48:44.342  8645  8645 I ProvidersCache: Updating roots due to change on user 0at content://com.android.providers.media.documents/root
04-23 20:48:44.345   159   159 I hwservicemanager: getTransport: Cannot find entry android.hardware.graphics.mapper@4.0::IMapper/default in either framework or device manifest.
04-23 20:48:44.345 13338 13338 I Gralloc4: mapper 4.x is not supported
04-23 20:48:44.387 13342 13344 I cmd     : oneway function results will be dropped but finished with status OK and parcel size 4
04-23 20:48:44.388  1438  1963 I MediaProvider: Begin Intent { act=android.intent.action.MEDIA_SCANNER_SCAN_FILE dat=file:///sdcard/screen_2026-04-23_204844.png flg=0x1400010 cmp=com.android.providers.media.module/com.android.providers.media.MediaService }
04-23 20:48:44.384  1438  1438 W com.android.providers.media.module: type=1400 audit(0.0:1333): avc: denied { read } for comm=4173796E635461736B202331 name="primary" dev="tmpfs" ino=22223 scontext=u:r:mediaprovider_app:s0:c122,c256,c512,c768 tcontext=u:object_r:mnt_pass_through_file:s0 tclass=lnk_file permissive=0 app=com.android.providers.media.module
04-23 20:48:44.600     0     0 W audit   : audit_lost=984 audit_rate_limit=5 audit_backlog_limit=64
04-23 20:48:44.603     0     0 E audit   : rate limit exceeded
04-23 20:48:44.403  1438  1963 W ModernMediaScanner: Failed to visit /sdcard/screen_2026-04-23_204844.png: java.nio.file.AccessDeniedException: /sdcard/screen_2026-04-23_204844.png
04-23 20:48:44.403  1438  1963 I MediaProvider: Scanned internal due to REASON_DEMAND, found 0 items in 15ms, 0 inserts 0 updates 0 deletes
04-23 20:48:44.404  1438  1963 I MediaProvider: End Intent { act=android.intent.action.MEDIA_SCANNER_SCAN_FILE dat=file:///sdcard/screen_2026-04-23_204844.png flg=0x1400010 cmp=com.android.providers.media.module/com.android.providers.media.MediaService }
04-23 20:48:44.384  1438  1438 W com.android.providers.media.module: type=1400 audit(0.0:1334): avc: denied { read } for comm=4173796E635461736B202331 name="primary" dev="tmpfs" ino=22223 scontext=u:r:mediaprovider_app:s0:c122,c256,c512,c768 tcontext=u:object_r:mnt_pass_through_file:s0 tclass=lnk_file permissive=0 app=com.android.providers.media.module
04-23 20:48:44.437  8645  8645 I ProvidersCache: Updating roots due to change on user 0at content://com.android.providers.media.documents/root
04-23 20:48:44.489  1438  2482 I MediaProvider: Deleted 1 items on external_primary due to com.android.shell
04-23 20:48:44.515 13354 13356 I cmd     : oneway function results will be dropped but finished with status OK and parcel size 4
04-23 20:48:44.632   159   159 I hwservicemanager: getTransport: Cannot find entry android.hardware.graphics.mapper@4.0::IMapper/default in either framework or device manifest.
04-23 20:48:44.632 13376 13376 I Gralloc4: mapper 4.x is not supported
04-23 20:48:44.634  8645  8645 I ProvidersCache: Updating roots due to change on user 0at content://com.android.providers.media.documents/root
04-23 20:48:44.665 13380 13382 I cmd     : oneway function results will be dropped but finished with status OK and parcel size 4
04-23 20:48:44.666  1438  1963 I MediaProvider: Begin Intent { act=android.intent.action.MEDIA_SCANNER_SCAN_FILE dat=file:///sdcard/screen_2026-04-23_204845.png flg=0x1400010 cmp=com.android.providers.media.module/com.android.providers.media.MediaService }
04-23 20:48:44.666  1438  1963 W ModernMediaScanner: Failed to visit /sdcard/screen_2026-04-23_204845.png: java.nio.file.AccessDeniedException: /sdcard/screen_2026-04-23_204845.png
04-23 20:48:44.667  1438  1963 I MediaProvider: Scanned internal due to REASON_DEMAND, found 0 items in 0ms, 0 inserts 0 updates 0 deletes
04-23 20:48:44.669  1438  1963 I MediaProvider: End Intent { act=android.intent.action.MEDIA_SCANNER_SCAN_FILE dat=file:///sdcard/screen_2026-04-23_204845.png flg=0x1400010 cmp=com.android.providers.media.module/com.android.providers.media.MediaService }
04-23 20:48:44.686  1438  2482 I MediaProvider: Deleted 1 items on external_primary due to com.android.shell
04-23 20:48:44.712 13391 13393 I cmd     : oneway function results will be dropped but finished with status OK and parcel size 4
04-23 20:48:44.821   159   159 I hwservicemanager: getTransport: Cannot find entry android.hardware.graphics.mapper@4.0::IMapper/default in either framework or device manifest.
04-23 20:48:44.821 13413 13413 I Gralloc4: mapper 4.x is not supported
04-23 20:48:44.836  8645  8645 I ProvidersCache: Updating roots due to change on user 0at content://com.android.providers.media.documents/root
04-23 20:48:44.858 13417 13419 I cmd     : oneway function results will be dropped but finished with status OK and parcel size 4
04-23 20:48:44.859  1438  1963 I MediaProvider: Begin Intent { act=android.intent.action.MEDIA_SCANNER_SCAN_FILE dat=file:///sdcard/screen_2026-04-23_204845.png flg=0x1400010 cmp=com.android.providers.media.module/com.android.providers.media.MediaService }
04-23 20:48:44.859  1438  1963 W ModernMediaScanner: Failed to visit /sdcard/screen_2026-04-23_204845.png: java.nio.file.AccessDeniedException: /sdcard/screen_2026-04-23_204845.png
04-23 20:48:44.860  1438  1963 I MediaProvider: Scanned internal due to REASON_DEMAND, found 0 items in 1ms, 0 inserts 0 updates 0 deletes
