--------- beginning of main
04-23 20:47:34.662  8598  8601 I cmd     : oneway function results will be dropped but finished with status OK and parcel size 4
04-23 20:47:34.667  1342  1342 I LatinIME: Hardware accelerated drawing: true
04-23 20:47:34.670  1342  1342 W InputAttributes: No editor info for this field. Bug?
04-23 20:47:34.670   318   318 I android.hardware.vibrator-service.example: Vibrator reporting capabilities
04-23 20:47:34.672  1342  1383 I LatinIME:LogUtils: Dictionary info: dictionary = UserHistoryDictionary.en_US ; version = 1776977161 ; date = 1776977165
04-23 20:47:34.677  1342  1383 I LatinIME:LogUtils: Dictionary info: dictionary = userunigram.en_US ; version = 1776977254 ; date = ?
--------- beginning of system
04-23 20:47:34.687   506   689 W ActivityTaskManager: Current config: {1.0 310mcc260mnc [en_US] ldltr sw320dp w320dp h616dp 160dpi nrml long port finger qwerty/v/v -nav/h winConfig={ mBounds=Rect(0, 0 - 320, 640) mAppBounds=Rect(0, 0 - 320, 640) mWindowingMode=fullscreen mDisplayWindowingMode=fullscreen mActivityType=undefined mAlwaysOnTop=undefined mRotation=ROTATION_0} s.8} unchanged for IME proc com.android.inputmethod.latin
04-23 20:47:34.696  1342  1383 I LatinIME:LogUtils: Dictionary info: dictionary = main:en ; version = 54 ; date = 1414726273
04-23 20:47:34.700  8605  8608 I cmd     : oneway function results will be dropped but finished with status OK and parcel size 4
04-23 20:47:34.717  8614  8618 I cmd     : oneway function results will be dropped but finished with status OK and parcel size 4
04-23 20:47:34.687   506   689 I chatty  : uid=1000(system) Binder:506_6 identical 1 line
04-23 20:47:34.687   506   689 W ActivityTaskManager: Current config: {1.0 310mcc260mnc [en_US] ldltr sw320dp w320dp h616dp 160dpi nrml long port finger qwerty/v/v -nav/h winConfig={ mBounds=Rect(0, 0 - 320, 640) mAppBounds=Rect(0, 0 - 320, 640) mWindowingMode=fullscreen mDisplayWindowingMode=fullscreen mActivityType=undefined mAlwaysOnTop=undefined mRotation=ROTATION_0} s.8} unchanged for IME proc com.android.inputmethod.latin
04-23 20:47:34.718   506   547 I ActivityManager: Force stopping co.touchlab.kampkit appid=10131 user=-1: deletePackageX
04-23 20:47:34.719   506   547 I ActivityManager: Killing 2653:co.touchlab.kampkit/u0a131 (adj 0): stop co.touchlab.kampkit due to deletePackageX
04-23 20:47:34.721   506   547 W ActivityTaskManager: Force removing ActivityRecord{819650b u0 co.touchlab.kampkit/.android.MainActivity t9 f}}: app died, no saved state
04-23 20:47:34.725   506   547 W InputReader: Device virtio_input_multi_touch_10 is associated with display ADISPLAY_ID_NONE.
04-23 20:47:34.725   506   547 W InputReader: Device virtio_input_multi_touch_7 is associated with display ADISPLAY_ID_NONE.
04-23 20:47:34.725   506   547 W InputReader: Device virtio_input_multi_touch_11 is associated with display ADISPLAY_ID_NONE.
04-23 20:47:34.725   506   547 W InputReader: Device virtio_input_multi_touch_5 is associated with display ADISPLAY_ID_NONE.
04-23 20:47:34.725   506   547 W InputReader: Device virtio_input_multi_touch_2 is associated with display ADISPLAY_ID_NONE.
04-23 20:47:34.725   506   547 W InputReader: Device virtio_input_multi_touch_6 is associated with display ADISPLAY_ID_NONE.
04-23 20:47:34.725   506   547 W InputReader: Device virtio_input_multi_touch_3 is associated with display ADISPLAY_ID_NONE.
04-23 20:47:34.725   506   547 W InputReader: Device virtio_input_multi_touch_8 is associated with display ADISPLAY_ID_NONE.
04-23 20:47:34.725   506   547 W InputReader: Device virtio_input_multi_touch_9 is associated with display ADISPLAY_ID_NONE.
04-23 20:47:34.725   506   547 W InputReader: Device virtio_input_multi_touch_4 is associated with display ADISPLAY_ID_NONE.
04-23 20:47:34.725   506   547 W InputReader: Device virtio_input_multi_touch_10 is associated with display ADISPLAY_ID_NONE.
04-23 20:47:34.725   506   547 W InputReader: Device virtio_input_multi_touch_7 is associated with display ADISPLAY_ID_NONE.
04-23 20:47:34.725   506   547 W InputReader: Device virtio_input_multi_touch_11 is associated with display ADISPLAY_ID_NONE.
04-23 20:47:34.725   506   547 W InputReader: Device virtio_input_multi_touch_5 is associated with display ADISPLAY_ID_NONE.
04-23 20:47:34.725   506   547 W InputReader: Device virtio_input_multi_touch_2 is associated with display ADISPLAY_ID_NONE.
04-23 20:47:34.725   506   547 W InputReader: Device virtio_input_multi_touch_6 is associated with display ADISPLAY_ID_NONE.
04-23 20:47:34.725   506   547 W InputReader: Device virtio_input_multi_touch_3 is associated with display ADISPLAY_ID_NONE.
04-23 20:47:34.725   506   547 W InputReader: Device virtio_input_multi_touch_8 is associated with display ADISPLAY_ID_NONE.
04-23 20:47:34.725   506   547 W InputReader: Device virtio_input_multi_touch_9 is associated with display ADISPLAY_ID_NONE.
04-23 20:47:34.725   506   547 W InputReader: Device virtio_input_multi_touch_4 is associated with display ADISPLAY_ID_NONE.
04-23 20:47:34.733   506  1684 W WindowManager: Cannot find window which accessibility connection is added to
04-23 20:47:34.734   283   283 I Zygote  : Process 2653 exited due to signal 9 (Killed)
--------- beginning of kernel
04-23 20:47:34.943     0     0 I binder  : undelivered transaction 94105, process died.
04-23 20:47:34.734   506   565 I PackageManager: Removing permission co.touchlab.kampkit.DYNAMIC_RECEIVER_NOT_EXPORTED_PERMISSION that used to be declared by co.touchlab.kampkit
04-23 20:47:34.734   506   565 W PackageManager: Removing dangling permission: co.touchlab.kampkit.DYNAMIC_RECEIVER_NOT_EXPORTED_PERMISSION from package co.touchlab.kampkit
04-23 20:47:34.734   506   565 I PackageManager: Permission ownership changed. Updating all permissions.
04-23 20:47:34.764   506   541 W ActivityManager: setHasOverlayUi called on unknown pid: 2653
04-23 20:47:34.766   419   419 I keystore: clear_uid 10131
04-23 20:47:34.767   506   565 E PermissionMonitor: unknown permission type: -1for uid: 10131
04-23 20:47:34.767   506   549 I libprocessgroup: Successfully killed process cgroup uid 10131 pid 2653 in 45ms
04-23 20:47:34.779   506  1431 E TaskPersister: File error accessing recents directory (directory doesn't exist?).
04-23 20:47:34.808   506   565 I system_server: Explicit concurrent copying GC freed 96188(4493KB) AllocSpace objects, 52(1580KB) LOS objects, 49% free, 9361KB/18MB, paused 16us total 40.794ms
04-23 20:47:34.813  8613  8617 I cmd     : oneway function results will be dropped but finished with status OK and parcel size 4
04-23 20:47:34.813   506   565 I ActivityManager: Force stopping co.touchlab.kampkit appid=10131 user=0: pkg removed
04-23 20:47:34.820   506  1431 E TaskPersister: File error accessing recents directory (directory doesn't exist?).
04-23 20:47:34.821   506   547 W BroadcastQueue: Background execution not allowed: receiving Intent { act=android.intent.action.PACKAGE_REMOVED dat=package:co.touchlab.kampkit flg=0x4000010 (has extras) } to com.android.gallery3d/.app.PackagesMonitor
04-23 20:47:34.821   506   547 W BroadcastQueue: Background execution not allowed: receiving Intent { act=android.intent.action.PACKAGE_REMOVED dat=package:co.touchlab.kampkit flg=0x4000010 (has extras) } to com.android.musicfx/.Compatibility$Receiver
04-23 20:47:34.822  1438  1438 I MediaProvider: Invalidating LocalCallingIdentity cache for package co.touchlab.kampkit. Reason: package android.intent.action.PACKAGE_REMOVED
04-23 20:47:34.822   506   598 I InputReader: Reconfiguring input devices, changes=KEYBOARD_LAYOUTS | 
04-23 20:47:34.825   506   538 I RoleManagerService: Granting default roles...
04-23 20:47:34.830   506   506 W WifiService: Couldn't get PackageInfo for package:co.touchlab.kampkit
04-23 20:47:34.834   506   506 I ConditionProviders: Disallowing condition provider co.touchlab.kampkit
04-23 20:47:34.835  1342  1383 I LatinIME:LogUtils: Dictionary info: dictionary = main:en ; version = 54 ; date = 1414726273
04-23 20:47:34.836   506   650 I PasspointManager: No app ops listener found for co.touchlab.kampkit
04-23 20:47:34.837   506   592 I RollbackManager: broadcast=ACTION_PACKAGE_FULLY_REMOVED pkg=co.touchlab.kampkit
04-23 20:47:34.852  8625  8625 W ndroid.keychai: Unexpected CPU variant for X86 using defaults: x86_64
04-23 20:47:34.853   506   548 I ActivityManager: Start proc 8625:com.android.keychain/1000 for service {com.android.keychain/com.android.keychain.KeyChainService}
04-23 20:47:34.854   506   506 W WifiService: Couldn't get PackageInfo for package:co.touchlab.kampkit
04-23 20:47:34.862   506   650 I PasspointManager: No app ops listener found for co.touchlab.kampkit
04-23 20:47:34.862   381   405 I adbd    : jdwp connection from 8625
04-23 20:47:34.863   506   548 I ActivityManager: Start proc 8645:com.android.documentsui/u0a76 for broadcast {com.android.documentsui/com.android.documentsui.PackageReceiver}
04-23 20:47:34.866  8645  8645 W oid.documentsu: Unexpected CPU variant for X86 using defaults: x86_64
04-23 20:47:34.866  8625  8625 I ndroid.keychai: The ClassLoaderContext is a special shared library.
04-23 20:47:34.875   381   405 I adbd    : jdwp connection from 8645
04-23 20:47:34.875  8645  8645 I oid.documentsu: The ClassLoaderContext is a special shared library.
04-23 20:47:34.885  8625  8664 W KeyChain: Creating new DB.
04-23 20:47:34.886  8645  8645 E ContextImpl: Tried to access visual service LayoutInflater from a non-visual Context:com.android.documentsui.DocumentsApplication@7250d34 Visual services, such as WindowManager, WallpaperService or LayoutInflater should be accessed from Activity or other visual Context. Use an Activity or a Context created with Context#createWindowContext(int, Bundle), which are adjusted to the configuration and visual bounds of an area on screen.
04-23 20:47:34.886  8645  8645 E ContextImpl: java.lang.IllegalAccessException: Tried to access visual service LayoutInflater from a non-visual Context:com.android.documentsui.DocumentsApplication@7250d34
04-23 20:47:34.886  8645  8645 E ContextImpl: 	at android.app.ContextImpl.getSystemService(ContextImpl.java:1914)
04-23 20:47:34.886  8645  8645 E ContextImpl: 	at android.content.ContextWrapper.getSystemService(ContextWrapper.java:803)
04-23 20:47:34.886  8645  8645 E ContextImpl: 	at android.view.LayoutInflater.from(LayoutInflater.java:282)
04-23 20:47:34.886  8645  8645 E ContextImpl: 	at com.android.documentsui.DragShadowBuilder.<init>(DragShadowBuilder.java:49)
04-23 20:47:34.886  8645  8645 E ContextImpl: 	at com.android.documentsui.DragAndDropManager$RuntimeDragAndDropManager.<init>(DragAndDropManager.java:195)
04-23 20:47:34.886  8645  8645 E ContextImpl: 	at com.android.documentsui.DragAndDropManager$RuntimeDragAndDropManager.<init>(DragAndDropManager.java:166)
04-23 20:47:34.886  8645  8645 E ContextImpl: 	at com.android.documentsui.DragAndDropManager.create(DragAndDropManager.java:163)
04-23 20:47:34.886  8645  8645 E ContextImpl: 	at com.android.documentsui.DocumentsApplication.onCreate(DocumentsApplication.java:145)
04-23 20:47:34.886  8645  8645 E ContextImpl: 	at android.app.Instrumentation.callApplicationOnCreate(Instrumentation.java:1192)
04-23 20:47:34.886  8645  8645 E ContextImpl: 	at android.app.ActivityThread.handleBindApplication(ActivityThread.java:6712)
04-23 20:47:34.886  8645  8645 E ContextImpl: 	at android.app.ActivityThread.access$1300(ActivityThread.java:237)
04-23 20:47:34.886  8645  8645 E ContextImpl: 	at android.app.ActivityThread$H.handleMessage(ActivityThread.java:1913)
04-23 20:47:34.886  8645  8645 E ContextImpl: 	at android.os.Handler.dispatchMessage(Handler.java:106)
04-23 20:47:34.886  8645  8645 E ContextImpl: 	at android.os.Looper.loop(Looper.java:223)
04-23 20:47:34.886  8645  8645 E ContextImpl: 	at android.app.ActivityThread.main(ActivityThread.java:7656)
04-23 20:47:34.886  8645  8645 E ContextImpl: 	at java.lang.reflect.Method.invoke(Native Method)
04-23 20:47:34.886  8645  8645 E ContextImpl: 	at com.android.internal.os.RuntimeInit$MethodAndArgsCaller.run(RuntimeInit.java:592)
04-23 20:47:34.886  8645  8645 E ContextImpl: 	at com.android.internal.os.ZygoteInit.main(ZygoteInit.java:947)
04-23 20:47:34.888  8645  8645 E ViewConfiguration: Tried to access UI constants from a non-visual Context:com.android.documentsui.DocumentsApplication@7250d34UI constants, such as display metrics or window metrics, must be accessed from Activity or other visual Context. Use an Activity or a Context created with Context#createWindowContext(int, Bundle), which are adjusted to the configuration and visual bounds of an area on screen
04-23 20:47:34.888  8645  8645 E ViewConfiguration: java.lang.IllegalArgumentException: Tried to access UI constants from a non-visual Context:com.android.documentsui.DocumentsApplication@7250d34
04-23 20:47:34.888  8645  8645 E ViewConfiguration: 	at android.view.ViewConfiguration.get(ViewConfiguration.java:510)
04-23 20:47:34.888  8645  8645 E ViewConfiguration: 	at android.view.View.<init>(View.java:5317)
04-23 20:47:34.888  8645  8645 E ViewConfiguration: 	at android.view.View.<init>(View.java:5467)
04-23 20:47:34.888  8645  8645 E ViewConfiguration: 	at android.view.ViewGroup.<init>(ViewGroup.java:697)
04-23 20:47:34.888  8645  8645 E ViewConfiguration: 	at android.widget.LinearLayout.<init>(LinearLayout.java:254)
04-23 20:47:34.888  8645  8645 E ViewConfiguration: 	at android.widget.LinearLayout.<init>(LinearLayout.java:250)
04-23 20:47:34.888  8645  8645 E ViewConfiguration: 	at android.widget.LinearLayout.<init>(LinearLayout.java:246)
04-23 20:47:34.888  8645  8645 E ViewConfiguration: 	at java.lang.reflect.Constructor.newInstance0(Native Method)
04-23 20:47:34.888  8645  8645 E ViewConfiguration: 	at java.lang.reflect.Constructor.newInstance(Constructor.java:343)
04-23 20:47:34.888  8645  8645 E ViewConfiguration: 	at android.view.LayoutInflater.createView(LayoutInflater.java:852)
04-23 20:47:34.888  8645  8645 E ViewConfiguration: 	at android.view.LayoutInflater.createView(LayoutInflater.java:774)
04-23 20:47:34.888  8645  8645 E ViewConfiguration: 	at com.android.internal.policy.PhoneLayoutInflater.onCreateView(PhoneLayoutInflater.java:58)
04-23 20:47:34.888  8645  8645 E ViewConfiguration: 	at android.view.LayoutInflater.onCreateView(LayoutInflater.java:928)
04-23 20:47:34.888  8645  8645 E ViewConfiguration: 	at android.view.LayoutInflater.onCreateView(LayoutInflater.java:948)
04-23 20:47:34.888  8645  8645 E ViewConfiguration: 	at android.view.LayoutInflater.createViewFromTag(LayoutInflater.java:1002)
04-23 20:47:34.888  8645  8645 E ViewConfiguration: 	at android.view.LayoutInflater.createViewFromTag(LayoutInflater.java:959)
04-23 20:47:34.888  8645  8645 E ViewConfiguration: 	at android.view.LayoutInflater.inflate(LayoutInflater.java:657)
04-23 20:47:34.888  8645  8645 E ViewConfiguration: 	at android.view.LayoutInflater.inflate(LayoutInflater.java:532)
04-23 20:47:34.888  8645  8645 E ViewConfiguration: 	at android.view.LayoutInflater.inflate(LayoutInflater.java:479)
04-23 20:47:34.888  8645  8645 E ViewConfiguration: 	at com.android.documentsui.DragShadowBuilder.<init>(DragShadowBuilder.java:49)
04-23 20:47:34.888  8645  8645 E ViewConfiguration: 	at com.android.documentsui.DragAndDropManager$RuntimeDragAndDropManager.<init>(DragAndDropManager.java:195)
04-23 20:47:34.888  8645  8645 E ViewConfiguration: 	at com.android.documentsui.DragAndDropManager$RuntimeDragAndDropManager.<init>(DragAndDropManager.java:166)
04-23 20:47:34.888  8645  8645 E ViewConfiguration: 	at com.android.documentsui.DragAndDropManager.create(DragAndDropManager.java:163)
04-23 20:47:34.888  8645  8645 E ViewConfiguration: 	at com.android.documentsui.DocumentsApplication.onCreate(DocumentsApplication.java:145)
04-23 20:47:34.888  8645  8645 E ViewConfiguration: 	at android.app.Instrumentation.callApplicationOnCreate(Instrumentation.java:1192)
04-23 20:47:34.888  8645  8645 E ViewConfiguration: 	at android.app.ActivityThread.handleBindApplication(ActivityThread.java:6712)
04-23 20:47:34.888  8645  8645 E ViewConfiguration: 	at android.app.ActivityThread.access$1300(ActivityThread.java:237)
04-23 20:47:34.888  8645  8645 E ViewConfiguration: 	at android.app.ActivityThread$H.handleMessage(ActivityThread.java:1913)
04-23 20:47:34.888  8645  8645 E ViewConfiguration: 	at android.os.Handler.dispatchMessage(Handler.java:106)
04-23 20:47:34.888  8645  8645 E ViewConfiguration: 	at android.os.Looper.loop(Looper.java:223)
04-23 20:47:34.888  8645  8645 E ViewConfiguration: 	at android.app.ActivityThread.main(ActivityThread.java:7656)
04-23 20:47:34.888  8645  8645 E ViewConfiguration: 	at java.lang.reflect.Method.invoke(Native Method)
04-23 20:47:34.888  8645  8645 E ViewConfiguration: 	at com.android.internal.os.RuntimeInit$MethodAndArgsCaller.run(RuntimeInit.java:592)
04-23 20:47:34.888  8645  8645 E ViewConfiguration: 	at com.android.internal.os.ZygoteInit.main(ZygoteInit.java:947)
04-23 20:47:34.888  8645  8645 E ContextImpl: Tried to access visual service WindowManager from a non-visual Context:com.android.documentsui.DocumentsApplication@7250d34 Visual services, such as WindowManager, WallpaperService or LayoutInflater should be accessed from Activity or other visual Context. Use an Activity or a Context created with Context#createWindowContext(int, Bundle), which are adjusted to the configuration and visual bounds of an area on screen.
04-23 20:47:34.888  8645  8645 E ContextImpl: java.lang.IllegalAccessException: Tried to access visual service WindowManager from a non-visual Context:com.android.documentsui.DocumentsApplication@7250d34
04-23 20:47:34.888  8645  8645 E ContextImpl: 	at android.app.ContextImpl.getSystemService(ContextImpl.java:1914)
04-23 20:47:34.888  8645  8645 E ContextImpl: 	at android.content.ContextWrapper.getSystemService(ContextWrapper.java:803)
04-23 20:47:34.888  8645  8645 E ContextImpl: 	at android.content.Context.getSystemService(Context.java:3705)
04-23 20:47:34.888  8645  8645 E ContextImpl: 	at android.view.ViewConfiguration.<init>(ViewConfiguration.java:422)
04-23 20:47:34.888  8645  8645 E ContextImpl: 	at android.view.ViewConfiguration.get(ViewConfiguration.java:520)
04-23 20:47:34.888  8645  8645 E ContextImpl: 	at android.view.View.<init>(View.java:5317)
04-23 20:47:34.888  8645  8645 E ContextImpl: 	at android.view.View.<init>(View.java:5467)
04-23 20:47:34.888  8645  8645 E ContextImpl: 	at android.view.ViewGroup.<init>(ViewGroup.java:697)
04-23 20:47:34.888  8645  8645 E ContextImpl: 	at android.widget.LinearLayout.<init>(LinearLayout.java:254)
04-23 20:47:34.888  8645  8645 E ContextImpl: 	at android.widget.LinearLayout.<init>(LinearLayout.java:250)
04-23 20:47:34.888  8645  8645 E ContextImpl: 	at android.widget.LinearLayout.<init>(LinearLayout.java:246)
04-23 20:47:34.888  8645  8645 E ContextImpl: 	at java.lang.reflect.Constructor.newInstance0(Native Method)
04-23 20:47:34.888  8645  8645 E ContextImpl: 	at java.lang.reflect.Constructor.newInstance(Constructor.java:343)
04-23 20:47:34.888  8645  8645 E ContextImpl: 	at android.view.LayoutInflater.createView(LayoutInflater.java:852)
04-23 20:47:34.888  8645  8645 E ContextImpl: 	at android.view.LayoutInflater.createView(LayoutInflater.java:774)
04-23 20:47:34.888  8645  8645 E ContextImpl: 	at com.android.internal.policy.PhoneLayoutInflater.onCreateView(PhoneLayoutInflater.java:58)
04-23 20:47:34.888  8645  8645 E ContextImpl: 	at android.view.LayoutInflater.onCreateView(LayoutInflater.java:928)
04-23 20:47:34.888  8645  8645 E ContextImpl: 	at android.view.LayoutInflater.onCreateView(LayoutInflater.java:948)
04-23 20:47:34.888  8645  8645 E ContextImpl: 	at android.view.LayoutInflater.createViewFromTag(LayoutInflater.java:1002)
04-23 20:47:34.888  8645  8645 E ContextImpl: 	at android.view.LayoutInflater.createViewFromTag(LayoutInflater.java:959)
04-23 20:47:34.888  8645  8645 E ContextImpl: 	at android.view.LayoutInflater.inflate(LayoutInflater.java:657)
04-23 20:47:34.888  8645  8645 E ContextImpl: 	at android.view.LayoutInflater.inflate(LayoutInflater.java:532)
04-23 20:47:34.888  8645  8645 E ContextImpl: 	at android.view.LayoutInflater.inflate(LayoutInflater.java:479)
04-23 20:47:34.888  8645  8645 E ContextImpl: 	at com.android.documentsui.DragShadowBuilder.<init>(DragShadowBuilder.java:49)
04-23 20:47:34.888  8645  8645 E ContextImpl: 	at com.android.documentsui.DragAndDropManager$RuntimeDragAndDropManager.<init>(DragAndDropManager.java:195)
04-23 20:47:34.888  8645  8645 E ContextImpl: 	at com.android.documentsui.DragAndDropManager$RuntimeDragAndDropManager.<init>(DragAndDropManager.java:166)
04-23 20:47:34.888  8645  8645 E ContextImpl: 	at com.android.documentsui.DragAndDropManager.create(DragAndDropManager.java:163)
04-23 20:47:34.888  8645  8645 E ContextImpl: 	at com.android.documentsui.DocumentsApplication.onCreate(DocumentsApplication.java:145)
04-23 20:47:34.888  8645  8645 E ContextImpl: 	at android.app.Instrumentation.callApplicationOnCreate(Instrumentation.java:1192)
04-23 20:47:34.888  8645  8645 E ContextImpl: 	at android.app.ActivityThread.handleBindApplication(ActivityThread.java:6712)
04-23 20:47:34.888  8645  8645 E ContextImpl: 	at android.app.ActivityThread.access$1300(ActivityThread.java:237)
04-23 20:47:34.888  8645  8645 E ContextImpl: 	at android.app.ActivityThread$H.handleMessage(ActivityThread.java:1913)
04-23 20:47:34.888  8645  8645 E ContextImpl: 	at android.os.Handler.dispatchMessage(Handler.java:106)
04-23 20:47:34.888  8645  8645 E ContextImpl: 	at android.os.Looper.loop(Looper.java:223)
04-23 20:47:34.888  8645  8645 E ContextImpl: 	at android.app.ActivityThread.main(ActivityThread.java:7656)
04-23 20:47:34.888  8645  8645 E ContextImpl: 	at java.lang.reflect.Method.invoke(Native Method)
04-23 20:47:34.888  8645  8645 E ContextImpl: 	at com.android.internal.os.RuntimeInit$MethodAndArgsCaller.run(RuntimeInit.java:592)
04-23 20:47:34.888  8645  8645 E ContextImpl: 	at com.android.internal.os.ZygoteInit.main(ZygoteInit.java:947)
04-23 20:47:34.895  8645  8645 E ViewConfiguration: Tried to access UI constants from a non-visual Context:com.android.documentsui.DocumentsApplication@7250d34UI constants, such as display metrics or window metrics, must be accessed from Activity or other visual Context. Use an Activity or a Context created with Context#createWindowContext(int, Bundle), which are adjusted to the configuration and visual bounds of an area on screen
04-23 20:47:34.895  8645  8645 E ViewConfiguration: java.lang.IllegalArgumentException: Tried to access UI constants from a non-visual Context:com.android.documentsui.DocumentsApplication@7250d34
04-23 20:47:34.895  8645  8645 E ViewConfiguration: 	at android.view.ViewConfiguration.get(ViewConfiguration.java:510)
04-23 20:47:34.895  8645  8645 E ViewConfiguration: 	at android.view.View.<init>(View.java:5317)
04-23 20:47:34.895  8645  8645 E ViewConfiguration: 	at android.view.View.<init>(View.java:5467)
04-23 20:47:34.895  8645  8645 E ViewConfiguration: 	at android.view.ViewGroup.<init>(ViewGroup.java:697)
04-23 20:47:34.895  8645  8645 E ViewConfiguration: 	at android.widget.LinearLayout.<init>(LinearLayout.java:254)
04-23 20:47:34.895  8645  8645 E ViewConfiguration: 	at android.widget.LinearLayout.<init>(LinearLayout.java:250)
04-23 20:47:34.895  8645  8645 E ViewConfiguration: 	at android.widget.LinearLayout.<init>(LinearLayout.java:246)
04-23 20:47:34.895  8645  8645 E ViewConfiguration: 	at java.lang.reflect.Constructor.newInstance0(Native Method)
04-23 20:47:34.895  8645  8645 E ViewConfiguration: 	at java.lang.reflect.Constructor.newInstance(Constructor.java:343)
04-23 20:47:34.895  8645  8645 E ViewConfiguration: 	at android.view.LayoutInflater.createView(LayoutInflater.java:852)
04-23 20:47:34.895  8645  8645 E ViewConfiguration: 	at android.view.LayoutInflater.createView(LayoutInflater.java:774)
04-23 20:47:34.895  8645  8645 E ViewConfiguration: 	at com.android.internal.policy.PhoneLayoutInflater.onCreateView(PhoneLayoutInflater.java:58)
04-23 20:47:34.895  8645  8645 E ViewConfiguration: 	at android.view.LayoutInflater.onCreateView(LayoutInflater.java:928)
04-23 20:47:34.895  8645  8645 E ViewConfiguration: 	at android.view.LayoutInflater.onCreateView(LayoutInflater.java:948)
04-23 20:47:34.895  8645  8645 E ViewConfiguration: 	at android.view.LayoutInflater.createViewFromTag(LayoutInflater.java:1002)
04-23 20:47:34.895  8645  8645 E ViewConfiguration: 	at android.view.LayoutInflater.createViewFromTag(LayoutInflater.java:959)
04-23 20:47:34.895  8645  8645 E ViewConfiguration: 	at android.view.LayoutInflater.rInflate(LayoutInflater.java:1121)
04-23 20:47:34.895  8645  8645 E ViewConfiguration: 	at android.view.LayoutInflater.rInflateChildren(LayoutInflater.java:1082)
04-23 20:47:34.895  8645  8645 E ViewConfiguration: 	at android.view.LayoutInflater.inflate(LayoutInflater.java:680)
04-23 20:47:34.895  8645  8645 E ViewConfiguration: 	at android.view.LayoutInflater.inflate(LayoutInflater.java:532)
04-23 20:47:34.895  8645  8645 E ViewConfiguration: 	at android.view.LayoutInflater.inflate(LayoutInflater.java:479)
04-23 20:47:34.895  8645  8645 E ViewConfiguration: 	at com.android.documentsui.DragShadowBuilder.<init>(DragShadowBuilder.java:49)
04-23 20:47:34.895  8645  8645 E ViewConfiguration: 	at com.android.documentsui.DragAndDropManager$RuntimeDragAndDropManager.<init>(DragAndDropManager.java:195)
04-23 20:47:34.895  8645  8645 E ViewConfiguration: 	at com.android.documentsui.DragAndDropManager$RuntimeDragAndDropManager.<init>(DragAndDropManager.java:166)
04-23 20:47:34.895  8645  8645 E ViewConfiguration: 	at com.android.documentsui.DragAndDropManager.create(DragAndDropManager.java:163)
04-23 20:47:34.895  8645  8645 E ViewConfiguration: 	at com.android.documentsui.DocumentsApplication.onCreate(DocumentsApplication.java:145)
04-23 20:47:34.895  8645  8645 E ViewConfiguration: 	at android.app.Instrumentation.callApplicationOnCreate(Instrumentation.java:1192)
04-23 20:47:34.895  8645  8645 E ViewConfiguration: 	at android.app.ActivityThread.handleBindApplication(ActivityThread.java:6712)
04-23 20:47:34.895  8645  8645 E ViewConfiguration: 	at android.app.ActivityThread.access$1300(ActivityThread.java:237)
04-23 20:47:34.895  8645  8645 E ViewConfiguration: 	at android.app.ActivityThread$H.handleMessage(ActivityThread.java:1913)
04-23 20:47:34.895  8645  8645 E ViewConfiguration: 	at android.os.Handler.dispatchMessage(Handler.java:106)
04-23 20:47:34.895  8645  8645 E ViewConfiguration: 	at android.os.Looper.loop(Looper.java:223)
04-23 20:47:34.895  8645  8645 E ViewConfiguration: 	at android.app.ActivityThread.main(ActivityThread.java:7656)
04-23 20:47:34.895  8645  8645 E ViewConfiguration: 	at java.lang.reflect.Method.invoke(Native Method)
04-23 20:47:34.895  8645  8645 E ViewConfiguration: 	at com.android.internal.os.RuntimeInit$MethodAndArgsCaller.run(RuntimeInit.java:592)
04-23 20:47:34.895  8645  8645 E ViewConfiguration: 	at com.android.internal.os.ZygoteInit.main(ZygoteInit.java:947)
04-23 20:47:34.896  8645  8645 E ViewConfiguration: Tried to access UI constants from a non-visual Context:com.android.documentsui.DocumentsApplication@7250d34UI constants, such as display metrics or window metrics, must be accessed from Activity or other visual Context. Use an Activity or a Context created with Context#createWindowContext(int, Bundle), which are adjusted to the configuration and visual bounds of an area on screen
04-23 20:47:34.896  8645  8645 E ViewConfiguration: java.lang.IllegalArgumentException: Tried to access UI constants from a non-visual Context:com.android.documentsui.DocumentsApplication@7250d34
04-23 20:47:34.896  8645  8645 E ViewConfiguration: 	at android.view.ViewConfiguration.get(ViewConfiguration.java:510)
04-23 20:47:34.896  8645  8645 E ViewConfiguration: 	at android.view.View.<init>(View.java:5317)
04-23 20:47:34.896  8645  8645 E ViewConfiguration: 	at android.view.View.<init>(View.java:5467)
04-23 20:47:34.896  8645  8645 E ViewConfiguration: 	at android.widget.ImageView.<init>(ImageView.java:195)
04-23 20:47:34.896  8645  8645 E ViewConfiguration: 	at android.widget.ImageView.<init>(ImageView.java:190)
04-23 20:47:34.896  8645  8645 E ViewConfiguration: 	at android.widget.ImageView.<init>(ImageView.java:186)
04-23 20:47:34.896  8645  8645 E ViewConfiguration: 	at com.android.documentsui.DropBadgeView.<init>(DropBadgeView.java:40)
04-23 20:47:34.896  8645  8645 E ViewConfiguration: 	at java.lang.reflect.Constructor.newInstance0(Native Method)
04-23 20:47:34.896  8645  8645 E ViewConfiguration: 	at java.lang.reflect.Constructor.newInstance(Constructor.java:343)
04-23 20:47:34.896  8645  8645 E ViewConfiguration: 	at android.view.LayoutInflater.createView(LayoutInflater.java:852)
04-23 20:47:34.896  8645  8645 E ViewConfiguration: 	at android.view.LayoutInflater.createViewFromTag(LayoutInflater.java:1004)
04-23 20:47:34.896  8645  8645 E ViewConfiguration: 	at android.view.LayoutInflater.parseInclude(LayoutInflater.java:1231)
04-23 20:47:34.896  8645  8645 E ViewConfiguration: 	at android.view.LayoutInflater.rInflate(LayoutInflater.java:1117)
04-23 20:47:34.896  8645  8645 E ViewConfiguration: 	at android.view.LayoutInflater.rInflateChildren(LayoutInflater.java:1082)
04-23 20:47:34.896  8645  8645 E ViewConfiguration: 	at android.view.LayoutInflater.rInflate(LayoutInflater.java:1124)
04-23 20:47:34.896  8645  8645 E ViewConfiguration: 	at android.view.LayoutInflater.rInflateChildren(LayoutInflater.java:1082)
04-23 20:47:34.896  8645  8645 E ViewConfiguration: 	at android.view.LayoutInflater.inflate(LayoutInflater.java:680)
04-23 20:47:34.896  8645  8645 E ViewConfiguration: 	at android.view.LayoutInflater.inflate(LayoutInflater.java:532)
04-23 20:47:34.896  8645  8645 E ViewConfiguration: 	at android.view.LayoutInflater.inflate(LayoutInflater.java:479)
04-23 20:47:34.896  8645  8645 E ViewConfiguration: 	at com.android.documentsui.DragShadowBuilder.<init>(DragShadowBuilder.java:49)
04-23 20:47:34.896  8645  8645 E ViewConfiguration: 	at com.android.documentsui.DragAndDropManager$RuntimeDragAndDropManager.<init>(DragAndDropManager.java:195)
04-23 20:47:34.896  8645  8645 E ViewConfiguration: 	at com.android.documentsui.DragAndDropManager$RuntimeDragAndDropManager.<init>(DragAndDropManager.java:166)
04-23 20:47:34.896  8645  8645 E ViewConfiguration: 	at com.android.documentsui.DragAndDropManager.create(DragAndDropManager.java:163)
04-23 20:47:34.896  8645  8645 E ViewConfiguration: 	at com.android.documentsui.DocumentsApplication.onCreate(DocumentsApplication.java:145)
04-23 20:47:34.896  8645  8645 E ViewConfiguration: 	at android.app.Instrumentation.callApplicationOnCreate(Instrumentation.java:1192)
04-23 20:47:34.896  8645  8645 E ViewConfiguration: 	at android.app.ActivityThread.handleBindApplication(ActivityThread.java:6712)
04-23 20:47:34.896  8645  8645 E ViewConfiguration: 	at android.app.ActivityThread.access$1300(ActivityThread.java:237)
04-23 20:47:34.896  8645  8645 E ViewConfiguration: 	at android.app.ActivityThread$H.handleMessage(ActivityThread.java:1913)
04-23 20:47:34.896  8645  8645 E ViewConfiguration: 	at android.os.Handler.dispatchMessage(Handler.java:106)
04-23 20:47:34.896  8645  8645 E ViewConfiguration: 	at android.os.Looper.loop(Looper.java:223)
04-23 20:47:34.896  8645  8645 E ViewConfiguration: 	at android.app.ActivityThread.main(ActivityThread.java:7656)
04-23 20:47:34.896  8645  8645 E ViewConfiguration: 	at java.lang.reflect.Method.invoke(Native Method)
04-23 20:47:34.896  8645  8645 E ViewConfiguration: 	at com.android.internal.os.RuntimeInit$MethodAndArgsCaller.run(RuntimeInit.java:592)
04-23 20:47:34.896  8645  8645 E ViewConfiguration: 	at com.android.internal.os.ZygoteInit.main(ZygoteInit.java:947)
04-23 20:47:34.900  8645  8645 E ViewConfiguration: Tried to access UI constants from a non-visual Context:com.android.documentsui.DocumentsApplication@7250d34UI constants, such as display metrics or window metrics, must be accessed from Activity or other visual Context. Use an Activity or a Context created with Context#createWindowContext(int, Bundle), which are adjusted to the configuration and visual bounds of an area on screen
04-23 20:47:34.900  8645  8645 E ViewConfiguration: java.lang.IllegalArgumentException: Tried to access UI constants from a non-visual Context:com.android.documentsui.DocumentsApplication@7250d34
04-23 20:47:34.900  8645  8645 E ViewConfiguration: 	at android.view.ViewConfiguration.get(ViewConfiguration.java:510)
04-23 20:47:34.900  8645  8645 E ViewConfiguration: 	at android.view.View.<init>(View.java:5317)
04-23 20:47:34.900  8645  8645 E ViewConfiguration: 	at android.view.View.<init>(View.java:5467)
04-23 20:47:34.900  8645  8645 E ViewConfiguration: 	at android.widget.TextView.<init>(TextView.java:996)
04-23 20:47:34.900  8645  8645 E ViewConfiguration: 	at android.widget.TextView.<init>(TextView.java:990)
04-23 20:47:34.900  8645  8645 E ViewConfiguration: 	at android.widget.TextView.<init>(TextView.java:986)
04-23 20:47:34.900  8645  8645 E ViewConfiguration: 	at java.lang.reflect.Constructor.newInstance0(Native Method)
04-23 20:47:34.900  8645  8645 E ViewConfiguration: 	at java.lang.reflect.Constructor.newInstance(Constructor.java:343)
04-23 20:47:34.900  8645  8645 E ViewConfiguration: 	at android.view.LayoutInflater.createView(LayoutInflater.java:852)
04-23 20:47:34.900  8645  8645 E ViewConfiguration: 	at android.view.LayoutInflater.createView(LayoutInflater.java:774)
04-23 20:47:34.900  8645  8645 E ViewConfiguration: 	at com.android.internal.policy.PhoneLayoutInflater.onCreateView(PhoneLayoutInflater.java:58)
04-23 20:47:34.900  8645  8645 E ViewConfiguration: 	at android.view.LayoutInflater.onCreateView(LayoutInflater.java:928)
04-23 20:47:34.900  8645  8645 E ViewConfiguration: 	at android.view.LayoutInflater.onCreateView(LayoutInflater.java:948)
04-23 20:47:34.900  8645  8645 E ViewConfiguration: 	at android.view.LayoutInflater.createViewFromTag(LayoutInflater.java:1002)
04-23 20:47:34.900  8645  8645 E ViewConfiguration: 	at android.view.LayoutInflater.createViewFromTag(LayoutInflater.java:959)
04-23 20:47:34.900  8645  8645 E ViewConfiguration: 	at android.view.LayoutInflater.rInflate(LayoutInflater.java:1121)
04-23 20:47:34.900  8645  8645 E ViewConfiguration: 	at android.view.LayoutInflater.rInflateChildren(LayoutInflater.java:1082)
04-23 20:47:34.900  8645  8645 E ViewConfiguration: 	at android.view.LayoutInflater.rInflate(LayoutInflater.java:1124)
04-23 20:47:34.900  8645  8645 E ViewConfiguration: 	at android.view.LayoutInflater.rInflateChildren(LayoutInflater.java:1082)
04-23 20:47:34.900  8645  8645 E ViewConfiguration: 	at android.view.LayoutInflater.inflate(LayoutInflater.java:680)
04-23 20:47:34.900  8645  8645 E ViewConfiguration: 	at android.view.LayoutInflater.inflate(LayoutInflater.java:532)
04-23 20:47:34.900  8645  8645 E ViewConfiguration: 	at android.view.LayoutInflater.inflate(LayoutInflater.java:479)
04-23 20:47:34.900  8645  8645 E ViewConfiguration: 	at com.android.documentsui.DragShadowBuilder.<init>(DragShadowBuilder.java:49)
04-23 20:47:34.900  8645  8645 E ViewConfiguration: 	at com.android.documentsui.DragAndDropManager$RuntimeDragAndDropManager.<init>(DragAndDropManager.java:195)
04-23 20:47:34.900  8645  8645 E ViewConfiguration: 	at com.android.documentsui.DragAndDropManager$RuntimeDragAndDropManager.<init>(DragAndDropManager.java:166)
04-23 20:47:34.900  8645  8645 E ViewConfiguration: 	at com.android.documentsui.DragAndDropManager.create(DragAndDropManager.java:163)
04-23 20:47:34.900  8645  8645 E ViewConfiguration: 	at com.android.documentsui.DocumentsApplication.onCreate(DocumentsApplication.java:145)
04-23 20:47:34.900  8645  8645 E ViewConfiguration: 	at android.app.Instrumentation.callApplicationOnCreate(Instrumentation.java:1192)
04-23 20:47:34.900  8645  8645 E ViewConfiguration: 	at android.app.ActivityThread.handleBindApplication(ActivityThread.java:6712)
04-23 20:47:34.900  8645  8645 E ViewConfiguration: 	at android.app.ActivityThread.access$1300(ActivityThread.java:237)
04-23 20:47:34.900  8645  8645 E ViewConfiguration: 	at android.app.ActivityThread$H.handleMessage(ActivityThread.java:1913)
04-23 20:47:34.900  8645  8645 E ViewConfiguration: 	at android.os.Handler.dispatchMessage(Handler.java:106)
04-23 20:47:34.900  8645  8645 E ViewConfiguration: 	at android.os.Looper.loop(Looper.java:223)
04-23 20:47:34.900  8645  8645 E ViewConfiguration: 	at android.app.ActivityThread.main(ActivityThread.java:7656)
04-23 20:47:34.900  8645  8645 E ViewConfiguration: 	at java.lang.reflect.Method.invoke(Native Method)
04-23 20:47:34.900  8645  8645 E ViewConfiguration: 	at com.android.internal.os.RuntimeInit$MethodAndArgsCaller.run(RuntimeInit.java:592)
04-23 20:47:34.900  8645  8645 E ViewConfiguration: 	at com.android.internal.os.ZygoteInit.main(ZygoteInit.java:947)
04-23 20:47:34.902   506   548 I ActivityManager: Start proc 8673:com.android.externalstorage/u0a68 for content provider {com.android.externalstorage/com.android.externalstorage.ExternalStorageProvider}
04-23 20:47:34.909  8673  8673 W externalstorag: Unexpected CPU variant for X86 using defaults: x86_64
04-23 20:47:34.916   381   405 I adbd    : jdwp connection from 8673
04-23 20:47:34.931   506   552 E libprocessgroup: AddTidToCgroup failed to write '8690'; fd=63: Invalid argument
04-23 20:47:34.931   506   552 E libprocessgroup: Failed to add task into cgroup
04-23 20:47:34.931   506   552 W libprocessgroup: ExecuteForTask failed for aggregate profile: Invalid argument
04-23 20:47:34.935  1438  1963 I MediaProvider: Begin Intent { act=android.intent.action.PACKAGE_FULLY_REMOVED dat=package:co.touchlab.kampkit flg=0x5000010 cmp=com.android.providers.media.module/com.android.providers.media.MediaService (has extras) }
04-23 20:47:34.936  1438  1963 I MediaProvider: End Intent { act=android.intent.action.PACKAGE_FULLY_REMOVED dat=package:co.touchlab.kampkit flg=0x5000010 cmp=com.android.providers.media.module/com.android.providers.media.MediaService (has extras) }
04-23 20:47:34.940  8673  8673 I externalstorag: The ClassLoaderContext is a special shared library.
04-23 20:47:35.544   159   159 I hwservicemanager: getTransport: Cannot find entry android.hardware.graphics.mapper@4.0::IMapper/default in either framework or device manifest.
04-23 20:47:35.544  8707  8707 I Gralloc4: mapper 4.x is not supported
04-23 20:47:35.614  1438  1963 I MediaProvider: Begin Intent { act=android.intent.action.MEDIA_SCANNER_SCAN_FILE dat=file:///sdcard/screen_2026-04-23_204736.png flg=0x1400010 cmp=com.android.providers.media.module/com.android.providers.media.MediaService }
04-23 20:47:35.608  1438  1438 W com.android.providers.media.module: type=1400 audit(0.0:778): avc: denied { read } for comm=4173796E635461736B202331 name="primary" dev="tmpfs" ino=22223 scontext=u:r:mediaprovider_app:s0:c122,c256,c512,c768 tcontext=u:object_r:mnt_pass_through_file:s0 tclass=lnk_file permissive=0 app=com.android.providers.media.module
04-23 20:47:35.826     0     0 W audit   : audit_lost=574 audit_rate_limit=5 audit_backlog_limit=64
04-23 20:47:35.835     0     0 E audit   : rate limit exceeded
04-23 20:47:35.608  1438  1438 W com.android.providers.media.module: type=1400 audit(0.0:779): avc: denied { read } for comm=4173796E635461736B202331 name="primary" dev="tmpfs" ino=22223 scontext=u:r:mediaprovider_app:s0:c122,c256,c512,c768 tcontext=u:object_r:mnt_pass_through_file:s0 tclass=lnk_file permissive=0 app=com.android.providers.media.module
04-23 20:47:35.632  1438  1963 W ModernMediaScanner: Failed to visit /sdcard/screen_2026-04-23_204736.png: java.nio.file.AccessDeniedException: /sdcard/screen_2026-04-23_204736.png
04-23 20:47:35.639  1438  1963 I MediaProvider: Scanned internal due to REASON_DEMAND, found 0 items in 25ms, 0 inserts 0 updates 0 deletes
04-23 20:47:35.639  1438  1963 I MediaProvider: End Intent { act=android.intent.action.MEDIA_SCANNER_SCAN_FILE dat=file:///sdcard/screen_2026-04-23_204736.png flg=0x1400010 cmp=com.android.providers.media.module/com.android.providers.media.MediaService }
04-23 20:47:35.612  1438  1438 W com.android.providers.media.module: type=1400 audit(0.0:780): avc: denied { read } for comm=4173796E635461736B202331 name="primary" dev="tmpfs" ino=22223 scontext=u:r:mediaprovider_app:s0:c122,c256,c512,c768 tcontext=u:object_r:mnt_pass_through_file:s0 tclass=lnk_file permissive=0 app=com.android.providers.media.module
04-23 20:47:35.661   506   540 I DropBoxManagerService: add tag=system_app_strictmode isTagEnabled=true flags=0x2
04-23 20:47:35.612  1438  1438 I chatty  : uid=10122(com.android.providers.media.module) identical 1 line
04-23 20:47:35.612  1438  1438 W com.android.providers.media.module: type=1400 audit(0.0:782): avc: denied { read } for comm=4173796E635461736B202331 name="primary" dev="tmpfs" ino=22223 scontext=u:r:mediaprovider_app:s0:c122,c256,c512,c768 tcontext=u:object_r:mnt_pass_through_file:s0 tclass=lnk_file permissive=0 app=com.android.providers.media.module
04-23 20:47:35.669  1438  2482 I MediaProvider: Deleted 1 items on external_primary due to com.android.shell
04-23 20:47:35.695  8723  8725 I cmd     : oneway function results will be dropped but finished with status OK and parcel size 4
04-23 20:47:35.733  8733  8736 I cmd     : oneway function results will be dropped but finished with status OK and parcel size 4
04-23 20:47:35.748  8739  8741 I cmd     : oneway function results will be dropped but finished with status OK and parcel size 4
04-23 20:47:35.978   381   381 W adbd    : timeout expired while flushing socket, closing
04-23 20:47:36.733  8744  8746 I cmd     : oneway function results will be dropped but finished with status OK and parcel size 4
04-23 20:47:37.153  8751  8753 I cmd     : oneway function results will be dropped but finished with status OK and parcel size 4
04-23 20:47:37.165  8756  8758 I cmd     : oneway function results will be dropped but finished with status OK and parcel size 4
04-23 20:47:37.176  8761  8763 I cmd     : oneway function results will be dropped but finished with status OK and parcel size 4
04-23 20:47:37.209  8772  8774 I cmd     : oneway function results will be dropped but finished with status OK and parcel size 4
04-23 20:47:37.263  8788  8791 I cmd     : oneway function results will be dropped but finished with status OK and parcel size 4
04-23 20:47:37.270   506  8715 I ActivityManager: Killing 2101:com.android.dynsystem/1000 (adj 975): empty #17
04-23 20:47:37.278   283   283 I Zygote  : Process 2101 exited due to signal 9 (Killed)
04-23 20:47:37.285   506  8715 W ActivityTaskManager: Current config: {1.0 310mcc260mnc [en_US] ldltr sw320dp w320dp h616dp 160dpi nrml long port finger qwerty/v/v -nav/h winConfig={ mBounds=Rect(0, 0 - 320, 640) mAppBounds=Rect(0, 0 - 320, 640) mWindowingMode=fullscreen mDisplayWindowingMode=fullscreen mActivityType=undefined mAlwaysOnTop=undefined mRotation=ROTATION_0} s.8} unchanged for IME proc io.github.ylimit.droidbotapp
04-23 20:47:37.317   506   549 I libprocessgroup: Successfully killed process cgroup uid 1000 pid 2101 in 45ms
04-23 20:47:37.334  8803  8805 I cmd     : oneway function results will be dropped but finished with status OK and parcel size 4
04-23 20:47:37.402  8813  8813 E libc    : Access denied finding property "persist.device_config.runtime_native_boot.profilebootclasspath"
04-23 20:47:37.402  8813  8813 E libc    : Access denied finding property "persist.device_config.runtime_native_boot.enable_apex_image"
04-23 20:47:37.402  8813  8813 I AndroidRuntime: Using default boot image
04-23 20:47:37.402  8813  8813 E libc    : Access denied finding property "persist.device_config.runtime_native_boot.disable_lock_profiling"
04-23 20:47:37.402  8813  8813 I AndroidRuntime: Leaving lock profiling enabled
04-23 20:47:37.403  8813  8813 E libc    : Access denied finding property "persist.device_config.runtime_native_boot.enable_generational_cc"
04-23 20:47:37.404  8813  8813 I app_process: Core platform API reporting enabled, enforcing=false
04-23 20:47:37.396  8813  8813 W app_process: type=1400 audit(0.0:784): avc: denied { read } for name="u:object_r:device_config_runtime_native_boot_prop:s0" dev="tmpfs" ino=263 scontext=u:r:shell:s0 tcontext=u:object_r:device_config_runtime_native_boot_prop:s0 tclass=file permissive=0
04-23 20:47:37.400  8813  8813 W app_process: type=1400 audit(0.0:787): avc: denied { read } for name="u:object_r:device_config_runtime_native_boot_prop:s0" dev="tmpfs" ino=263 scontext=u:r:shell:s0 tcontext=u:object_r:device_config_runtime_native_boot_prop:s0 tclass=file permissive=0
04-23 20:47:37.443  8813  8813 W app_process: Unexpected CPU variant for X86 using defaults: x86_64
04-23 20:47:37.444  8813  8813 I app_process: The ClassLoaderContext is a special shared library.
04-23 20:47:37.450  8813  8813 W app_process: JNI RegisterNativeMethods: attempt to register 0 native methods for android.media.AudioAttributes
04-23 20:47:37.285   506  8715 I chatty  : uid=1000(system) Binder:506_12 identical 1 line
04-23 20:47:37.285   506  8715 W ActivityTaskManager: Current config: {1.0 310mcc260mnc [en_US] ldltr sw320dp w320dp h616dp 160dpi nrml long port finger qwerty/v/v -nav/h winConfig={ mBounds=Rect(0, 0 - 320, 640) mAppBounds=Rect(0, 0 - 320, 640) mWindowingMode=fullscreen mDisplayWindowingMode=fullscreen mActivityType=undefined mAlwaysOnTop=undefined mRotation=ROTATION_0} s.8} unchanged for IME proc io.github.ylimit.droidbotapp
04-23 20:47:37.477  2114  8826 W System.err: java.net.SocketException: Broken pipe
04-23 20:47:37.477  2114  8826 W System.err: 	at java.net.SocketOutputStream.socketWrite0(Native Method)
04-23 20:47:37.477  2114  8826 W System.err: 	at java.net.SocketOutputStream.socketWrite(SocketOutputStream.java:117)
04-23 20:47:37.478  2114  8826 W System.err: 	at java.net.SocketOutputStream.write(SocketOutputStream.java:149)
04-23 20:47:37.478  2114  8826 W System.err: 	at io.github.privacystreams.utils.PSDebugSocketServer$SocketSendThread.run(PSDebugSocketServer.java:119)
04-23 20:47:37.909  8831  8831 E libc    : Access denied finding property "persist.device_config.runtime_native_boot.profilebootclasspath"
04-23 20:47:37.904  8831  8831 W app_process: type=1400 audit(0.0:788): avc: denied { read } for name="u:object_r:device_config_runtime_native_boot_prop:s0" dev="tmpfs" ino=263 scontext=u:r:shell:s0 tcontext=u:object_r:device_config_runtime_native_boot_prop:s0 tclass=file permissive=0
04-23 20:47:38.120     0     0 W audit   : audit_lost=575 audit_rate_limit=5 audit_backlog_limit=64
04-23 20:47:38.122     0     0 E audit   : rate limit exceeded
04-23 20:47:37.919  8831  8831 E libc    : Access denied finding property "persist.device_config.runtime_native_boot.enable_apex_image"
04-23 20:47:37.919  8831  8831 I AndroidRuntime: Using default boot image
04-23 20:47:37.919  8831  8831 E libc    : Access denied finding property "persist.device_config.runtime_native_boot.disable_lock_profiling"
04-23 20:47:37.919  8831  8831 I AndroidRuntime: Leaving lock profiling enabled
04-23 20:47:37.919  8831  8831 E libc    : Access denied finding property "persist.device_config.runtime_native_boot.enable_generational_cc"
04-23 20:47:37.920  8831  8831 I app_process: Core platform API reporting enabled, enforcing=false
04-23 20:47:37.956  8831  8831 W app_process: Unexpected CPU variant for X86 using defaults: x86_64
04-23 20:47:37.957  8831  8831 I app_process: The ClassLoaderContext is a special shared library.
04-23 20:47:37.962  8831  8831 W app_process: JNI RegisterNativeMethods: attempt to register 0 native methods for android.media.AudioAttributes
04-23 20:47:38.393  8850  8852 I cmd     : oneway function results will be dropped but finished with status OK and parcel size 4
04-23 20:47:38.397  1977  1977 I abb     : StartCommandInProcess(73657474696e67730067657400676c6f settings.get.glo [truncated])
04-23 20:47:38.398  1977  2441 I abb     : oneway function results will be dropped but finished with status OK and parcel size 4
04-23 20:47:38.399  1977  1977 I abb     : StartCommandInProcess(7061636b61676500696e7374616c6c00 package.install. [truncated])
04-23 20:47:38.440   506   506 W Binder:506_2: type=1400 audit(0.0:795): avc: denied { getopt } for scontext=u:r:system_server:s0 tcontext=u:r:shell:s0 tclass=unix_stream_socket permissive=0
04-23 20:47:38.489   506   603 W RuleEvaluation: Integrity rule files are not available.
04-23 20:47:38.489   506   565 I PackageManager: Integrity check passed for file:///data/app/vmdl553656901.tmp
04-23 20:47:38.493   506   565 I PackageManager: Permission ownership changed. Updating all permissions.
04-23 20:47:38.509   506   565 I AppsFilter: interaction: PackageSetting{e8f5429 io.github.ylimit.droidbotapp/10130} -> PackageSetting{665c487 co.touchlab.kampkit/10132} BLOCKED
04-23 20:47:38.514   416   521 E installd: Couldn't opendir /data/app/vmdl553656901.tmp: No such file or directory
04-23 20:47:38.514   416   521 E installd: Failed to delete /data/app/vmdl553656901.tmp: No such file or directory
04-23 20:47:38.515  1977  2441 I abb     : oneway function results will be dropped but finished with status OK and parcel size 4
04-23 20:47:38.522  1438  1438 I MediaProvider: Invalidating LocalCallingIdentity cache for package co.touchlab.kampkit. Reason: package android.intent.action.PACKAGE_ADDED
04-23 20:47:38.524   506   538 I RoleManagerService: Granting default roles...
04-23 20:47:38.524   506   506 I Telecom : DefaultDialerCache: Refreshing default dialer for user 0: now com.android.dialer: DDC.oR@AIw
04-23 20:47:38.532   506   598 I InputReader: Reconfiguring input devices, changes=KEYBOARD_LAYOUTS | 
