04-23 20:47:03.269  2420  2420 E libc    : Access denied finding property "persist.device_config.runtime_native_boot.disable_lock_profiling"
04-23 20:47:03.269  2420  2420 I AndroidRuntime: Leaving lock profiling enabled
04-23 20:47:03.269  2420  2420 E libc    : Access denied finding property "persist.device_config.runtime_native_boot.enable_generational_cc"
04-23 20:47:03.271  2420  2420 I app_process: Core platform API reporting enabled, enforcing=false
04-23 20:47:03.264  2420  2420 W app_process: type=1400 audit(0.0:37): avc: denied { read } for name="u:object_r:device_config_runtime_native_boot_prop:s0" dev="tmpfs" ino=8290 scontext=u:r:shell:s0 tcontext=u:object_r:device_config_runtime_native_boot_prop:s0 tclass=file permissive=0
04-23 20:47:03.330  2420  2420 W app_process: Unexpected CPU variant for X86 using defaults: x86_64
04-23 20:47:03.330  2420  2420 I app_process: The ClassLoaderContext is a special shared library.
04-23 20:47:03.337  2420  2420 W app_process: JNI RegisterNativeMethods: attempt to register 0 native methods for android.media.AudioAttributes
04-23 20:47:03.264  2420  2420 W app_process: type=1400 audit(0.0:40): avc: denied { read } for name="u:object_r:device_config_runtime_native_boot_prop:s0" dev="tmpfs" ino=8290 scontext=u:r:shell:s0 tcontext=u:object_r:device_config_runtime_native_boot_prop:s0 tclass=file permissive=0
04-23 20:47:03.363   423   423 I perfetto: probes_producer.cc:329  Producer stop (id=4)
04-23 20:47:03.367   424   424 I perfetto: ng_service_impl.cc:1948 Tracing session 4 ended, total sessions:0
04-23 20:47:03.368   423   423 I perfetto: ftrace_procfs.cc:183    disabled ftrace
04-23 20:47:03.920     0     0 W perfetto: disabled ftrace
04-23 20:47:03.707   504   563 I AppsFilter: interaction: PackageSetting{38f3b6b io.github.ylimit.droidbotapp/10130} -> PackageSetting{7d916c8 com.android.camera2/10109} BLOCKED
04-23 20:47:03.707   504   563 I AppsFilter: interaction: PackageSetting{38f3b6b io.github.ylimit.droidbotapp/10130} -> PackageSetting{30fd361 com.android.calendar/10110} BLOCKED
04-23 20:47:03.707   504   563 I AppsFilter: interaction: PackageSetting{38f3b6b io.github.ylimit.droidbotapp/10130} -> PackageSetting{e2abe86 com.android.gallery3d/10112} BLOCKED
04-23 20:47:03.708   504   563 I AppsFilter: interaction: PackageSetting{38f3b6b io.github.ylimit.droidbotapp/10130} -> PackageSetting{fe42347 com.android.inputmethod.latin/10104} BLOCKED
04-23 20:47:03.708   504   563 I AppsFilter: interaction: PackageSetting{38f3b6b io.github.ylimit.droidbotapp/10130} -> PackageSetting{6ccd774 com.android.cellbroadcastreceiver.module/10127} BLOCKED
04-23 20:47:03.711   504   601 I InputReader: Reconfiguring input devices, changes=KEYBOARD_LAYOUTS | 
04-23 20:47:03.712   504   601 I InputReader: Reconfiguring input devices, changes=KEYBOARD_LAYOUTS | 
04-23 20:47:03.713   504   537 I RoleManagerService: Granting default roles...
04-23 20:47:03.715   504   504 I Telecom : DefaultDialerCache: Refreshing default dialer for user 0: now com.android.dialer: DDC.oR@AGo
04-23 20:47:03.716   741  2339 I PermissionControllerServiceImpl: Updating user sensitive for uid 10103
04-23 20:47:03.724   504   504 I Telecom : DefaultDialerCache: Refreshing default dialer for user 0: now com.android.dialer: DDC.oR@AGs
04-23 20:47:03.726   504   504 I Telecom : DefaultDialerCache: Refreshing default dialer for user 0: now com.android.dialer: DDC.oR@AGw
04-23 20:47:03.738   504   504 I Telecom : DefaultDialerCache: Refreshing default dialer for user 0: now com.android.dialer: DDC.oR@AG0
04-23 20:47:03.752   504   601 I InputReader: Reconfiguring input devices, changes=KEYBOARD_LAYOUTS | 
04-23 20:47:03.755   504   601 I InputReader: Reconfiguring input devices, changes=KEYBOARD_LAYOUTS | 
04-23 20:47:03.755   504   601 I chatty  : uid=1000(system) InputReader identical 1 line
04-23 20:47:03.755   504   601 I InputReader: Reconfiguring input devices, changes=KEYBOARD_LAYOUTS | 
04-23 20:47:03.758   504   504 I Telecom : DefaultDialerCache: Refreshing default dialer for user 0: now com.android.dialer: DDC.oR@AG4
04-23 20:47:03.759   504   601 I InputReader: Reconfiguring input devices, changes=KEYBOARD_LAYOUTS | 
04-23 20:47:03.762   504   504 I Telecom : DefaultDialerCache: Refreshing default dialer for user 0: now com.android.dialer: DDC.oR@AG8
04-23 20:47:03.762   504   504 I Telecom : DefaultDialerCache: Refreshing default dialer for user 0: now com.android.dialer: DDC.oR@AHA
04-23 20:47:03.763   504   601 I InputReader: Reconfiguring input devices, changes=KEYBOARD_LAYOUTS | 
04-23 20:47:03.767   504   601 I InputReader: Reconfiguring input devices, changes=KEYBOARD_LAYOUTS | 
04-23 20:47:03.767   504   504 I Telecom : DefaultDialerCache: Refreshing default dialer for user 0: now com.android.dialer: DDC.oR@AHE
04-23 20:47:03.769   504   504 I Telecom : DefaultDialerCache: Refreshing default dialer for user 0: now com.android.dialer: DDC.oR@AHI
04-23 20:47:03.782   504   601 I InputReader: Reconfiguring input devices, changes=KEYBOARD_LAYOUTS | 
04-23 20:47:03.782   504   601 I chatty  : uid=1000(system) InputReader identical 1 line
04-23 20:47:03.785   504   601 I InputReader: Reconfiguring input devices, changes=KEYBOARD_LAYOUTS | 
04-23 20:47:03.786   504   504 I Telecom : DefaultDialerCache: Refreshing default dialer for user 0: now com.android.dialer: DDC.oR@AHM
04-23 20:47:03.787   504   504 I Telecom : DefaultDialerCache: Refreshing default dialer for user 0: now com.android.dialer: DDC.oR@AHQ
04-23 20:47:03.788   504   504 I Telecom : DefaultDialerCache: Refreshing default dialer for user 0: now com.android.dialer: DDC.oR@AHU
04-23 20:47:03.823  2055  2055 I abb     : StartCommandInProcess(73657474696e67730067657400676c6f settings.get.glo [truncated])
04-23 20:47:03.826   741  2339 I PermissionControllerServiceImpl: Updating user sensitive for uid 10109
04-23 20:47:03.826   741  2339 I PermissionControllerServiceImpl: Updating user sensitive for uid 1001
04-23 20:47:03.827   504   545 W VoiceInteractionManager: no available voice interaction services found for user 0
04-23 20:47:03.835   741  2339 I PermissionControllerServiceImpl: Updating user sensitive for uid 10116
04-23 20:47:03.835   741  2339 I PermissionControllerServiceImpl: Updating user sensitive for uid 10110
04-23 20:47:03.835   741  2339 I PermissionControllerServiceImpl: Updating user sensitive for uid 10112
04-23 20:47:03.835   741  2339 I PermissionControllerServiceImpl: Updating user sensitive for uid 10104
04-23 20:47:03.836   741  2339 I PermissionControllerServiceImpl: Updating user sensitive for uid 10127
04-23 20:47:03.836  2055  2092 I abb     : oneway function results will be dropped but finished with status OK and parcel size 4
04-23 20:47:04.392     0     0 W audit   : audit_lost=8 audit_rate_limit=5 audit_backlog_limit=64
04-23 20:47:04.412     0     0 E audit   : rate limit exceeded
04-23 20:47:03.862  2055  2055 I abb     : StartCommandInProcess(7061636b61676500696e7374616c6c00 package.install. [truncated])
04-23 20:47:03.897  1045  1045 I chatty  : uid=1001(radio) com.android.phone identical 1 line
04-23 20:47:03.832   504   504 W Binder:504_8: type=1400 audit(0.0:41): avc: denied { getopt } for scontext=u:r:system_server:s0 tcontext=u:r:shell:s0 tclass=unix_stream_socket permissive=0
04-23 20:47:03.931   741  2446 I PermissionControllerServiceImpl: Updating user sensitive for uid 1000
04-23 20:47:03.936  2450  2452 I cmd     : oneway function results will be dropped but finished with status OK and parcel size 4
04-23 20:47:03.940   741  2446 I PermissionControllerServiceImpl: Updating user sensitive for uid 10121
04-23 20:47:03.941   741  2446 I PermissionControllerServiceImpl: Updating user sensitive for uid 10126
04-23 20:47:03.943   741  2446 I PermissionControllerServiceImpl: Updating user sensitive for uid 10090
04-23 20:47:03.981  1045  1045 I chatty  : uid=1001(radio) com.android.phone identical 1 line
04-23 20:47:04.009   741  2446 I PermissionControllerServiceImpl: Updating user sensitive for user 0
04-23 20:47:04.016   741   788 I UserPackageInfos: updating UserPackageInfosLiveData for user 0
04-23 20:47:04.016   741   786 I LancherPackagesLiveData: updating LauncherPackageLiveData
04-23 20:47:03.997   504   545 I chatty  : uid=1000(system) android.bg identical 4 lines
04-23 20:47:04.013   504   545 W VoiceInteractionManager: no available voice interaction services found for user 0
04-23 20:47:04.086   504   606 W RuleEvaluation: Integrity rule files are not available.
04-23 20:47:04.093   504   545 W VoiceInteractionManager: no available voice interaction services found for user 0
04-23 20:47:04.097   504   563 I PackageManager: Integrity check passed for file:///data/app/vmdl521296774.tmp
04-23 20:47:04.099   504   545 W VoiceInteractionManager: no available voice interaction services found for user 0
04-23 20:47:04.100   504   545 E system_server: No package ID 7f found for ID 0x7f080271.
04-23 20:47:04.100   504   545 E system_server: No package ID 7f found for ID 0x7f1212ec.
04-23 20:47:04.100   504   545 E system_server: No package ID 7f found for ID 0x7f080270.
04-23 20:47:04.100   504   545 E system_server: No package ID 7f found for ID 0x7f120592.
04-23 20:47:04.100   504   545 E system_server: No package ID 7f found for ID 0x7f08026f.
04-23 20:47:04.101   504   545 E system_server: No package ID 7f found for ID 0x7f120c2b.
04-23 20:47:04.105   504   545 I chatty  : uid=1000(system) android.bg identical 1 line
04-23 20:47:04.113   504   545 W VoiceInteractionManager: no available voice interaction services found for user 0
04-23 20:47:04.115   504   563 I PackageManager: Permission ownership changed. Updating all permissions.
04-23 20:47:04.135   504   545 W VoiceInteractionManager: no available voice interaction services found for user 0
04-23 20:47:04.137   504   545 W VoiceInteractionManager: no available voice interaction services found for user 0
04-23 20:47:04.145   504   563 I AppsFilter: interaction: PackageSetting{38f3b6b io.github.ylimit.droidbotapp/10130} -> PackageSetting{c584150 co.touchlab.kampkit/10131} BLOCKED
04-23 20:47:04.162   436   576 E installd: Couldn't opendir /data/app/vmdl521296774.tmp: No such file or directory
04-23 20:47:04.162   436   576 E installd: Failed to delete /data/app/vmdl521296774.tmp: No such file or directory
04-23 20:47:04.163  2055  2060 I abb     : oneway function results will be dropped but finished with status OK and parcel size 4
04-23 20:47:04.170  1599  1599 I MediaProvider: Invalidating LocalCallingIdentity cache for package co.touchlab.kampkit. Reason: package android.intent.action.PACKAGE_ADDED
04-23 20:47:04.173   504   601 I InputReader: Reconfiguring input devices, changes=KEYBOARD_LAYOUTS | 
04-23 20:47:04.179   741  2455 I PermissionControllerServiceImpl: Updating user sensitive for uid 10131
04-23 20:47:04.180   504  1000 W BroadcastQueue: Background execution not allowed: receiving Intent { act=android.intent.action.PACKAGE_ADDED dat=package:co.touchlab.kampkit flg=0x4000010 (has extras) } to com.android.packageinstaller/.PackageInstalledReceiver
04-23 20:47:04.180   504   546 W BroadcastQueue: Background execution not allowed: receiving Intent { act=android.intent.action.PACKAGE_ADDED dat=package:co.touchlab.kampkit flg=0x4000010 (has extras) } to com.android.gallery3d/.app.PackagesMonitor
04-23 20:47:04.183   504   504 I Telecom : DefaultDialerCache: Refreshing default dialer for user 0: now com.android.dialer: DDC.oR@AHY
04-23 20:47:04.244   504   545 W VoiceInteractionManager: no available voice recognition services found for user 0
04-23 20:47:04.281  1318  1318 I LatinIME: Timeout waiting for dictionary load
04-23 20:47:04.712   504   537 I RoleManagerService: Granting default roles...
04-23 20:47:04.816  1599  1972 W MediaProvider: Failed operation Intent { act=android.intent.action.MEDIA_MOUNTED dat=file:///storage/emulated/0 flg=0x5000010 cmp=com.android.providers.media.module/com.android.providers.media.MediaService (has extras) }
04-23 20:47:04.816  1599  1972 W MediaProvider: android.database.sqlite.SQLiteDatabaseLockedException: database is locked (code 5 SQLITE_BUSY)
04-23 20:47:04.816  1599  1972 W MediaProvider: 	at android.database.sqlite.SQLiteConnection.nativeExecute(Native Method)
04-23 20:47:04.816  1599  1972 W MediaProvider: 	at android.database.sqlite.SQLiteConnection.execute(SQLiteConnection.java:707)
04-23 20:47:04.816  1599  1972 W MediaProvider: 	at android.database.sqlite.SQLiteConnection.setLocaleFromConfiguration(SQLiteConnection.java:473)
04-23 20:47:04.816  1599  1972 W MediaProvider: 	at android.database.sqlite.SQLiteConnection.open(SQLiteConnection.java:261)
04-23 20:47:04.816  1599  1972 W MediaProvider: 	at android.database.sqlite.SQLiteConnection.open(SQLiteConnection.java:205)
04-23 20:47:04.816  1599  1972 W MediaProvider: 	at android.database.sqlite.SQLiteConnectionPool.openConnectionLocked(SQLiteConnectionPool.java:505)
04-23 20:47:04.816  1599  1972 W MediaProvider: 	at android.database.sqlite.SQLiteConnectionPool.tryAcquireNonPrimaryConnectionLocked(SQLiteConnectionPool.java:989)
04-23 20:47:04.816  1599  1972 W MediaProvider: 	at android.database.sqlite.SQLiteConnectionPool.waitForConnection(SQLiteConnectionPool.java:695)
04-23 20:47:04.816  1599  1972 W MediaProvider: 	at android.database.sqlite.SQLiteConnectionPool.acquireConnection(SQLiteConnectionPool.java:380)
04-23 20:47:04.816  1599  1972 W MediaProvider: 	at android.database.sqlite.SQLiteSession.acquireConnection(SQLiteSession.java:896)
04-23 20:47:04.816  1599  1972 W MediaProvider: 	at android.database.sqlite.SQLiteSession.prepare(SQLiteSession.java:588)
04-23 20:47:04.816  1599  1972 W MediaProvider: 	at android.database.sqlite.SQLiteProgram.<init>(SQLiteProgram.java:61)
04-23 20:47:04.816  1599  1972 W MediaProvider: 	at android.database.sqlite.SQLiteQuery.<init>(SQLiteQuery.java:37)
04-23 20:47:04.816  1599  1972 W MediaProvider: 	at android.database.sqlite.SQLiteDirectCursorDriver.query(SQLiteDirectCursorDriver.java:46)
04-23 20:47:04.816  1599  1972 W MediaProvider: 	at android.database.sqlite.SQLiteDatabase.rawQueryWithFactory(SQLiteDatabase.java:1545)
04-23 20:47:04.816  1599  1972 W MediaProvider: 	at android.database.sqlite.SQLiteDatabase.queryWithFactory(SQLiteDatabase.java:1392)
04-23 20:47:04.816  1599  1972 W MediaProvider: 	at android.database.sqlite.SQLiteDatabase.query(SQLiteDatabase.java:1263)
04-23 20:47:04.816  1599  1972 W MediaProvider: 	at android.database.sqlite.SQLiteDatabase.query(SQLiteDatabase.java:1431)
04-23 20:47:04.816  1599  1972 W MediaProvider: 	at com.android.providers.media.DatabaseHelper.makePristineIndexes(DatabaseHelper.java:1075)
04-23 20:47:04.816  1599  1972 W MediaProvider: 	at com.android.providers.media.DatabaseHelper.onOpen(DatabaseHelper.java:374)
04-23 20:47:04.816  1599  1972 W MediaProvider: 	at android.database.sqlite.SQLiteOpenHelper.getDatabaseLocked(SQLiteOpenHelper.java:427)
04-23 20:47:04.816  1599  1972 W MediaProvider: 	at android.database.sqlite.SQLiteOpenHelper.getWritableDatabase(SQLiteOpenHelper.java:316)
04-23 20:47:04.816  1599  1972 W MediaProvider: 	at com.android.providers.media.DatabaseHelper.runWithoutTransaction(DatabaseHelper.java:576)
04-23 20:47:04.816  1599  1972 W MediaProvider: 	at com.android.providers.media.MediaProvider.callInternal(MediaProvider.java:4526)
04-23 20:47:04.816  1599  1972 W MediaProvider: 	at com.android.providers.media.MediaProvider.call(MediaProvider.java:4432)
04-23 20:47:04.816  1599  1972 W MediaProvider: 	at android.content.ContentProvider.call(ContentProvider.java:2448)
04-23 20:47:04.816  1599  1972 W MediaProvider: 	at android.content.ContentResolver.call(ContentResolver.java:2395)
04-23 20:47:04.816  1599  1972 W MediaProvider: 	at android.provider.MediaStore.getGeneration(MediaStore.java:3860)
04-23 20:47:04.816  1599  1972 W MediaProvider: 	at com.android.providers.media.scan.ModernMediaScanner$Scan.<init>(ModernMediaScanner.java:316)
04-23 20:47:04.816  1599  1972 W MediaProvider: 	at com.android.providers.media.scan.ModernMediaScanner.scanDirectory(ModernMediaScanner.java:225)
04-23 20:47:04.816  1599  1972 W MediaProvider: 	at com.android.providers.media.MediaProvider.scanDirectory(MediaProvider.java:1111)
04-23 20:47:04.816  1599  1972 W MediaProvider: 	at com.android.providers.media.MediaService.onScanVolume(MediaService.java:148)
04-23 20:47:04.816  1599  1972 W MediaProvider: 	at com.android.providers.media.MediaService.onScanVolume(MediaService.java:117)
04-23 20:47:04.816  1599  1972 W MediaProvider: 	at com.android.providers.media.MediaService.onScanVolume(MediaService.java:108)
04-23 20:47:04.816  1599  1972 W MediaProvider: 	at com.android.providers.media.MediaService.onHandleWork(MediaService.java:71)
04-23 20:47:04.816  1599  1972 W MediaProvider: 	at androidx.core.app.JobIntentService$CommandProcessor.doInBackground(JobIntentService.java:391)
04-23 20:47:04.816  1599  1972 W MediaProvider: 	at androidx.core.app.JobIntentService$CommandProcessor.doInBackground(JobIntentService.java:382)
04-23 20:47:04.816  1599  1972 W MediaProvider: 	at android.os.AsyncTask$3.call(AsyncTask.java:394)
04-23 20:47:04.816  1599  1972 W MediaProvider: 	at java.util.concurrent.FutureTask.run(FutureTask.java:266)
04-23 20:47:04.816  1599  1972 W MediaProvider: 	at java.util.concurrent.ThreadPoolExecutor.runWorker(ThreadPoolExecutor.java:1167)
04-23 20:47:04.816  1599  1972 W MediaProvider: 	at java.util.concurrent.ThreadPoolExecutor$Worker.run(ThreadPoolExecutor.java:641)
04-23 20:47:04.816  1599  1972 W MediaProvider: 	at java.lang.Thread.run(Thread.java:923)
04-23 20:47:04.816  1599  1972 I MediaProvider: End Intent { act=android.intent.action.MEDIA_MOUNTED dat=file:///storage/emulated/0 flg=0x5000010 cmp=com.android.providers.media.module/com.android.providers.media.MediaService (has extras) }
04-23 20:47:04.816  1599  1972 I MediaProvider: Begin Intent { act=android.intent.action.MEDIA_MOUNTED dat=file:///storage/emulated/0 flg=0x5000010 cmp=com.android.providers.media.module/com.android.providers.media.MediaService (has extras) }
04-23 20:47:04.822  1599  1972 W ModernMediaScanner: Failed to visit /system/media: java.nio.file.NoSuchFileException: /system/media
04-23 20:47:04.824  1599  1972 I MediaProvider: Scanned internal due to REASON_MOUNTED, found 0 items in 4ms, 0 inserts 0 updates 0 deletes
04-23 20:47:04.826  1599  1972 W ModernMediaScanner: Failed to visit /oem/media: java.nio.file.NoSuchFileException: /oem/media
04-23 20:47:04.826  1599  1972 I MediaProvider: Scanned internal due to REASON_MOUNTED, found 0 items in 1ms, 0 inserts 0 updates 0 deletes
04-23 20:47:05.959  2469  2471 I cmd     : oneway function results will be dropped but finished with status OK and parcel size 4
04-23 20:47:06.281   158   158 I hwservicemanager: getTransport: Cannot find entry android.hardware.graphics.mapper@4.0::IMapper/default in either framework or device manifest.
04-23 20:47:06.281  2487  2487 I Gralloc4: mapper 4.x is not supported
04-23 20:47:06.364  2492  2494 I cmd     : oneway function results will be dropped but finished with status OK and parcel size 4
04-23 20:47:06.396  1599  1799 I MediaProvider: Deleted 1 items on external_primary due to com.android.shell
04-23 20:47:06.430  2504  2506 I cmd     : oneway function results will be dropped but finished with status OK and parcel size 4
04-23 20:47:06.510   504   820 I ActivityManager: Force stopping co.touchlab.kampkit appid=10131 user=0: from pid 2518
04-23 20:47:06.511  2518  2520 I cmd     : oneway function results will be dropped but finished with status OK and parcel size 4
04-23 20:47:06.572  2521  2521 E libc    : Access denied finding property "persist.device_config.runtime_native_boot.profilebootclasspath"
04-23 20:47:06.572  2521  2521 E libc    : Access denied finding property "persist.device_config.runtime_native_boot.enable_apex_image"
04-23 20:47:06.572  2521  2521 I AndroidRuntime: Using default boot image
04-23 20:47:06.572  2521  2521 E libc    : Access denied finding property "persist.device_config.runtime_native_boot.disable_lock_profiling"
04-23 20:47:06.572  2521  2521 I AndroidRuntime: Leaving lock profiling enabled
04-23 20:47:06.572  2521  2521 E libc    : Access denied finding property "persist.device_config.runtime_native_boot.enable_generational_cc"
04-23 20:47:06.573  2521  2521 I app_process: Core platform API reporting enabled, enforcing=false
04-23 20:47:06.568  2521  2521 W app_process: type=1400 audit(0.0:48): avc: denied { read } for name="u:object_r:device_config_runtime_native_boot_prop:s0" dev="tmpfs" ino=8290 scontext=u:r:shell:s0 tcontext=u:object_r:device_config_runtime_native_boot_prop:s0 tclass=file permissive=0
04-23 20:47:06.636  2521  2521 W app_process: Unexpected CPU variant for X86 using defaults: x86_64
04-23 20:47:06.636  2521  2521 I app_process: The ClassLoaderContext is a special shared library.
04-23 20:47:06.568  2521  2521 W app_process: type=1400 audit(0.0:51): avc: denied { read } for name="u:object_r:device_config_runtime_native_boot_prop:s0" dev="tmpfs" ino=8290 scontext=u:r:shell:s0 tcontext=u:object_r:device_config_runtime_native_boot_prop:s0 tclass=file permissive=0
04-23 20:47:06.644  2521  2521 W app_process: JNI RegisterNativeMethods: attempt to register 0 native methods for android.media.AudioAttributes
04-23 20:47:06.651   504   538 I ActivityTaskManager: START u0 {act=android.intent.action.MAIN cat=[android.intent.category.HOME] flg=0x10000100 cmp=com.android.launcher3/.uioverrides.QuickstepLauncher (has extras)} from uid 0
04-23 20:47:06.653   424   424 I perfetto: ing_service_impl.cc:758 Configured tracing session 5, #sources:1, duration:5000 ms, #buffers:1, total buffer size:4096 KB, total sessions:1, uid:1071 session name: ""
04-23 20:47:06.653   423   423 I perfetto: probes_producer.cc:230  Ftrace setup (target_buf=5)
04-23 20:47:06.670   423   423 I perfetto: ftrace_procfs.cc:176    enabled ftrace
04-23 20:47:07.223     0     0 W perfetto: enabled ftrace
04-23 20:47:07.068   702   702 I AvrcpBrowsablePlayerConnector: Successfully connected to 0 browsable players.
04-23 20:47:07.068   702   702 I AvrcpMediaPlayerList: init: Browsable Player list size is 0
04-23 20:47:08.198   158   158 I hwservicemanager: getTransport: Cannot find entry android.hardware.graphics.mapper@4.0::IMapper/default in either framework or device manifest.
04-23 20:47:08.199  2558  2558 I Gralloc4: mapper 4.x is not supported
04-23 20:47:08.281  2562  2564 I cmd     : oneway function results will be dropped but finished with status OK and parcel size 4
04-23 20:47:08.310  1599  2495 I MediaProvider: Deleted 1 items on external_primary due to com.android.shell
04-23 20:47:08.345  2573  2575 I cmd     : oneway function results will be dropped but finished with status OK and parcel size 4
04-23 20:47:08.503   158   158 I hwservicemanager: getTransport: Cannot find entry android.hardware.graphics.mapper@4.0::IMapper/default in either framework or device manifest.
04-23 20:47:08.504  2595  2595 I Gralloc4: mapper 4.x is not supported
04-23 20:47:08.619  2601  2603 I cmd     : oneway function results will be dropped but finished with status OK and parcel size 4
04-23 20:47:08.648  1599  2495 I MediaProvider: Deleted 1 items on external_primary due to com.android.shell
04-23 20:47:08.828  1599  1972 W MediaProvider: Failed operation Intent { act=android.intent.action.MEDIA_MOUNTED dat=file:///storage/emulated/0 flg=0x5000010 cmp=com.android.providers.media.module/com.android.providers.media.MediaService (has extras) }
04-23 20:47:08.828  1599  1972 W MediaProvider: android.database.sqlite.SQLiteDatabaseLockedException: database is locked (code 5 SQLITE_BUSY)
04-23 20:47:08.828  1599  1972 W MediaProvider: 	at android.database.sqlite.SQLiteConnection.nativeExecute(Native Method)
04-23 20:47:08.828  1599  1972 W MediaProvider: 	at android.database.sqlite.SQLiteConnection.execute(SQLiteConnection.java:707)
04-23 20:47:08.828  1599  1972 W MediaProvider: 	at android.database.sqlite.SQLiteSession.beginTransactionUnchecked(SQLiteSession.java:325)
04-23 20:47:08.828  1599  1972 W MediaProvider: 	at android.database.sqlite.SQLiteSession.beginTransaction(SQLiteSession.java:300)
04-23 20:47:08.828  1599  1972 W MediaProvider: 	at android.database.sqlite.SQLiteDatabase.beginTransaction(SQLiteDatabase.java:571)
04-23 20:47:08.828  1599  1972 W MediaProvider: 	at android.database.sqlite.SQLiteDatabase.beginTransaction(SQLiteDatabase.java:481)
04-23 20:47:08.828  1599  1972 W MediaProvider: 	at com.android.providers.media.DatabaseHelper.beginTransactionInternal(DatabaseHelper.java:483)
04-23 20:47:08.828  1599  1972 W MediaProvider: 	at com.android.providers.media.DatabaseHelper.beginTransaction(DatabaseHelper.java:469)
04-23 20:47:08.828  1599  1972 W MediaProvider: 	at com.android.providers.media.MediaProvider.applyBatch(MediaProvider.java:3508)
04-23 20:47:08.828  1599  1972 W MediaProvider: 	at android.content.ContentProvider.applyBatch(ContentProvider.java:2413)
04-23 20:47:08.828  1599  1972 W MediaProvider: 	at android.content.ContentResolver.applyBatch(ContentResolver.java:2186)
04-23 20:47:08.828  1599  1972 W MediaProvider: 	at com.android.providers.media.scan.ModernMediaScanner$Scan.applyPending(ModernMediaScanner.java:699)
04-23 20:47:08.828  1599  1972 W MediaProvider: 	at com.android.providers.media.scan.ModernMediaScanner$Scan.maybeApplyPending(ModernMediaScanner.java:689)
04-23 20:47:08.828  1599  1972 W MediaProvider: 	at com.android.providers.media.scan.ModernMediaScanner$Scan.visitFile(ModernMediaScanner.java:649)
04-23 20:47:08.828  1599  1972 W MediaProvider: 	at com.android.providers.media.scan.ModernMediaScanner$Scan.visitFile(ModernMediaScanner.java:272)
04-23 20:47:08.828  1599  1972 W MediaProvider: 	at java.nio.file.Files.walkFileTree(Files.java:2670)
04-23 20:47:08.828  1599  1972 W MediaProvider: 	at java.nio.file.Files.walkFileTree(Files.java:2742)
04-23 20:47:08.828  1599  1972 W MediaProvider: 	at com.android.providers.media.scan.ModernMediaScanner$Scan.walkFileTree(ModernMediaScanner.java:366)
04-23 20:47:08.828  1599  1972 W MediaProvider: 	at com.android.providers.media.scan.ModernMediaScanner$Scan.run(ModernMediaScanner.java:329)
04-23 20:47:08.828  1599  1972 W MediaProvider: 	at com.android.providers.media.scan.ModernMediaScanner.scanDirectory(ModernMediaScanner.java:226)
04-23 20:47:08.828  1599  1972 W MediaProvider: 	at com.android.providers.media.MediaProvider.scanDirectory(MediaProvider.java:1111)
04-23 20:47:08.828  1599  1972 W MediaProvider: 	at com.android.providers.media.MediaService.onScanVolume(MediaService.java:148)
04-23 20:47:08.828  1599  1972 W MediaProvider: 	at com.android.providers.media.MediaService.onScanVolume(MediaService.java:117)
04-23 20:47:08.828  1599  1972 W MediaProvider: 	at com.android.providers.media.MediaService.onScanVolume(MediaService.java:108)
04-23 20:47:08.828  1599  1972 W MediaProvider: 	at com.android.providers.media.MediaService.onHandleWork(MediaService.java:71)
04-23 20:47:08.828  1599  1972 W MediaProvider: 	at androidx.core.app.JobIntentService$CommandProcessor.doInBackground(JobIntentService.java:391)
04-23 20:47:08.828  1599  1972 W MediaProvider: 	at androidx.core.app.JobIntentService$CommandProcessor.doInBackground(JobIntentService.java:382)
04-23 20:47:08.828  1599  1972 W MediaProvider: 	at android.os.AsyncTask$3.call(AsyncTask.java:394)
04-23 20:47:08.828  1599  1972 W MediaProvider: 	at java.util.concurrent.FutureTask.run(FutureTask.java:266)
04-23 20:47:08.828  1599  1972 W MediaProvider: 	at java.util.concurrent.ThreadPoolExecutor.runWorker(ThreadPoolExecutor.java:1167)
04-23 20:47:08.828  1599  1972 W MediaProvider: 	at java.util.concurrent.ThreadPoolExecutor$Worker.run(ThreadPoolExecutor.java:641)
04-23 20:47:08.828  1599  1972 W MediaProvider: 	at java.lang.Thread.run(Thread.java:923)
04-23 20:47:08.828  1599  1972 I MediaProvider: End Intent { act=android.intent.action.MEDIA_MOUNTED dat=file:///storage/emulated/0 flg=0x5000010 cmp=com.android.providers.media.module/com.android.providers.media.MediaService (has extras) }
04-23 20:47:08.830  1599  1972 I MediaProvider: Begin Intent { act=android.intent.action.MEDIA_SCANNER_SCAN_FILE dat=file:///sdcard/screen_2026-04-23_204707.png flg=0x1400010 cmp=com.android.providers.media.module/com.android.providers.media.MediaService }
04-23 20:47:08.824  1599  1599 W com.android.providers.media.module: type=1400 audit(0.0:52): avc: denied { read } for comm=4173796E635461736B202331 name="primary" dev="tmpfs" ino=28662 scontext=u:r:mediaprovider_app:s0:c123,c256,c512,c768 tcontext=u:object_r:mnt_pass_through_file:s0 tclass=lnk_file permissive=0 app=com.android.providers.media.module
04-23 20:47:08.856  1599  1972 W ModernMediaScanner: Failed to visit /sdcard/screen_2026-04-23_204707.png: java.nio.file.AccessDeniedException: /sdcard/screen_2026-04-23_204707.png
04-23 20:47:08.857  1599  1972 I MediaProvider: Scanned internal due to REASON_DEMAND, found 0 items in 2ms, 0 inserts 0 updates 0 deletes
04-23 20:47:08.858  1599  1972 I MediaProvider: End Intent { act=android.intent.action.MEDIA_SCANNER_SCAN_FILE dat=file:///sdcard/screen_2026-04-23_204707.png flg=0x1400010 cmp=com.android.providers.media.module/com.android.providers.media.MediaService }
04-23 20:47:08.858  1599  1972 I MediaProvider: Begin Intent { act=android.intent.action.MEDIA_SCANNER_SCAN_FILE dat=file:///sdcard/screen_2026-04-23_204709.png flg=0x1400010 cmp=com.android.providers.media.module/com.android.providers.media.MediaService }
04-23 20:47:08.863   158   158 I hwservicemanager: getTransport: Cannot find entry android.hardware.graphics.mapper@4.0::IMapper/default in either framework or device manifest.
04-23 20:47:08.848  1599  1599 W com.android.providers.media.module: type=1400 audit(0.0:53): avc: denied { read } for comm=4173796E635461736B202331 name="primary" dev="tmpfs" ino=28662 scontext=u:r:mediaprovider_app:s0:c123,c256,c512,c768 tcontext=u:object_r:mnt_pass_through_file:s0 tclass=lnk_file permissive=0 app=com.android.providers.media.module
04-23 20:47:09.415     0     0 W audit   : audit_lost=14 audit_rate_limit=5 audit_backlog_limit=64
04-23 20:47:08.866  2634  2634 I Gralloc4: mapper 4.x is not supported
04-23 20:47:08.848  1599  1599 W com.android.providers.media.module: type=1400 audit(0.0:54): avc: denied { read } for comm=4173796E635461736B202331 name="primary" dev="tmpfs" ino=28662 scontext=u:r:mediaprovider_app:s0:c123,c256,c512,c768 tcontext=u:object_r:mnt_pass_through_file:s0 tclass=lnk_file permissive=0 app=com.android.providers.media.module
04-23 20:47:09.422     0     0 E audit   : rate limit exceeded
04-23 20:47:08.894  1599  1972 W ModernMediaScanner: Failed to visit /sdcard/screen_2026-04-23_204709.png: java.nio.file.AccessDeniedException: /sdcard/screen_2026-04-23_204709.png
04-23 20:47:08.848  1599  1599 W com.android.providers.media.module: type=1400 audit(0.0:55): avc: denied { read } for comm=4173796E635461736B202331 name="primary" dev="tmpfs" ino=28662 scontext=u:r:mediaprovider_app:s0:c123,c256,c512,c768 tcontext=u:object_r:mnt_pass_through_file:s0 tclass=lnk_file permissive=0 app=com.android.providers.media.module
04-23 20:47:08.903  1599  1972 I MediaProvider: Scanned internal due to REASON_DEMAND, found 0 items in 9ms, 0 inserts 0 updates 0 deletes
04-23 20:47:08.848  1599  1599 W com.android.providers.media.module: type=1400 audit(0.0:56): avc: denied { read } for comm=4173796E635461736B202331 name="primary" dev="tmpfs" ino=28662 scontext=u:r:mediaprovider_app:s0:c123,c256,c512,c768 tcontext=u:object_r:mnt_pass_through_file:s0 tclass=lnk_file permissive=0 app=com.android.providers.media.module
04-23 20:47:08.923  1599  1972 I MediaProvider: End Intent { act=android.intent.action.MEDIA_SCANNER_SCAN_FILE dat=file:///sdcard/screen_2026-04-23_204709.png flg=0x1400010 cmp=com.android.providers.media.module/com.android.providers.media.MediaService }
04-23 20:47:08.925  1599  1972 I MediaProvider: Begin Intent { act=android.intent.action.MEDIA_SCANNER_SCAN_FILE dat=file:///sdcard/screen_2026-04-23_204709.png flg=0x1400010 cmp=com.android.providers.media.module/com.android.providers.media.MediaService }
04-23 20:47:08.926  1599  1972 W ModernMediaScanner: Failed to visit /sdcard/screen_2026-04-23_204709.png: java.nio.file.AccessDeniedException: /sdcard/screen_2026-04-23_204709.png
04-23 20:47:08.926  1599  1972 I MediaProvider: Scanned internal due to REASON_DEMAND, found 0 items in 1ms, 0 inserts 0 updates 0 deletes
04-23 20:47:08.935  1599  1972 I MediaProvider: End Intent { act=android.intent.action.MEDIA_SCANNER_SCAN_FILE dat=file:///sdcard/screen_2026-04-23_204709.png flg=0x1400010 cmp=com.android.providers.media.module/com.android.providers.media.MediaService }
04-23 20:47:08.848  1599  1599 W com.android.providers.media.module: type=1400 audit(0.0:57): avc: denied { read } for comm=4173796E635461736B202331 name="primary" dev="tmpfs" ino=28662 scontext=u:r:mediaprovider_app:s0:c123,c256,c512,c768 tcontext=u:object_r:mnt_pass_through_file:s0 tclass=lnk_file permissive=0 app=com.android.providers.media.module
04-23 20:47:08.975  2639  2641 I cmd     : oneway function results will be dropped but finished with status OK and parcel size 4
04-23 20:47:08.975  1599  1972 I MediaProvider: Begin Intent { act=android.intent.action.MEDIA_SCANNER_SCAN_FILE dat=file:///sdcard/screen_2026-04-23_204709.png flg=0x1400010 cmp=com.android.providers.media.module/com.android.providers.media.MediaService }
04-23 20:47:08.976  1599  1972 W ModernMediaScanner: Failed to visit /sdcard/screen_2026-04-23_204709.png: java.nio.file.AccessDeniedException: /sdcard/screen_2026-04-23_204709.png
04-23 20:47:08.977  1599  1972 I MediaProvider: Scanned internal due to REASON_DEMAND, found 0 items in 1ms, 0 inserts 0 updates 0 deletes
04-23 20:47:08.978  1599  1972 I MediaProvider: End Intent { act=android.intent.action.MEDIA_SCANNER_SCAN_FILE dat=file:///sdcard/screen_2026-04-23_204709.png flg=0x1400010 cmp=com.android.providers.media.module/com.android.providers.media.MediaService }
04-23 20:47:09.005  1599  1799 I MediaProvider: Deleted 1 items on external_primary due to com.android.shell
04-23 20:47:09.040  2650  2652 I cmd     : oneway function results will be dropped but finished with status OK and parcel size 4
04-23 20:47:09.092   504   820 I ActivityTaskManager: START u0 {act=android.intent.action.MAIN cat=[android.intent.category.LAUNCHER] flg=0x10000000 cmp=co.touchlab.kampkit/.android.MainActivity} from uid 2000
04-23 20:47:09.094   424   424 I perfetto: ing_service_impl.cc:758 Configured tracing session 6, #sources:1, duration:5000 ms, #buffers:1, total buffer size:4096 KB, total sessions:2, uid:1071 session name: ""
04-23 20:47:09.094   423   423 I perfetto: probes_producer.cc:230  Ftrace setup (target_buf=6)
04-23 20:47:09.101  2662  2664 I cmd     : oneway function results will be dropped but finished with status OK and parcel size 4
04-23 20:47:09.107   504   547 I ActivityManager: Start proc 2670:co.touchlab.kampkit/u0a131 for pre-top-activity {co.touchlab.kampkit/co.touchlab.kampkit.android.MainActivity}
04-23 20:47:09.127  2670  2670 I ouchlab.kampki: Late-enabling -Xcheck:jni
04-23 20:47:09.152  2670  2670 I ouchlab.kampki: Unquickening 12 vdex files!
04-23 20:47:09.153  2670  2670 W ouchlab.kampki: Unexpected CPU variant for X86 using defaults: x86_64
04-23 20:47:09.160   392   400 I adbd    : jdwp connection from 2670
04-23 20:47:09.166   504   820 W InputReader: Device virtio_input_multi_touch_10 is associated with display ADISPLAY_ID_NONE.
04-23 20:47:09.166   504   820 W InputReader: Device virtio_input_multi_touch_7 is associated with display ADISPLAY_ID_NONE.
04-23 20:47:09.166   504   820 W InputReader: Device virtio_input_multi_touch_4 is associated with display ADISPLAY_ID_NONE.
04-23 20:47:09.166   504   820 W InputReader: Device virtio_input_multi_touch_5 is associated with display ADISPLAY_ID_NONE.
04-23 20:47:09.166   504   820 W InputReader: Device virtio_input_multi_touch_2 is associated with display ADISPLAY_ID_NONE.
04-23 20:47:09.166   504   820 W InputReader: Device virtio_input_multi_touch_6 is associated with display ADISPLAY_ID_NONE.
04-23 20:47:09.166   504   820 W InputReader: Device virtio_input_multi_touch_8 is associated with display ADISPLAY_ID_NONE.
04-23 20:47:09.166   504   820 W InputReader: Device virtio_input_multi_touch_9 is associated with display ADISPLAY_ID_NONE.
04-23 20:47:09.166   504   820 W InputReader: Device virtio_input_multi_touch_3 is associated with display ADISPLAY_ID_NONE.
04-23 20:47:09.166   504   820 W InputReader: Device virtio_input_multi_touch_11 is associated with display ADISPLAY_ID_NONE.
04-23 20:47:09.166   504   820 W InputReader: Device virtio_input_multi_touch_10 is associated with display ADISPLAY_ID_NONE.
04-23 20:47:09.166   504   820 W InputReader: Device virtio_input_multi_touch_7 is associated with display ADISPLAY_ID_NONE.
04-23 20:47:09.166   504   820 W InputReader: Device virtio_input_multi_touch_4 is associated with display ADISPLAY_ID_NONE.
04-23 20:47:09.166   504   820 W InputReader: Device virtio_input_multi_touch_5 is associated with display ADISPLAY_ID_NONE.
04-23 20:47:09.166   504   820 W InputReader: Device virtio_input_multi_touch_2 is associated with display ADISPLAY_ID_NONE.
04-23 20:47:09.166   504   820 W InputReader: Device virtio_input_multi_touch_6 is associated with display ADISPLAY_ID_NONE.
04-23 20:47:09.166   504   820 W InputReader: Device virtio_input_multi_touch_8 is associated with display ADISPLAY_ID_NONE.
04-23 20:47:09.166   504   820 W InputReader: Device virtio_input_multi_touch_9 is associated with display ADISPLAY_ID_NONE.
04-23 20:47:09.166   504   820 W InputReader: Device virtio_input_multi_touch_3 is associated with display ADISPLAY_ID_NONE.
04-23 20:47:09.166   504   820 W InputReader: Device virtio_input_multi_touch_11 is associated with display ADISPLAY_ID_NONE.
04-23 20:47:09.511  2670  2670 I Startup : Hello from Android/Kotlin!
04-23 20:47:09.696  2670  2670 W ouchlab.kampki: Accessing hidden method Landroid/os/SystemProperties;->addChangeCallback(Ljava/lang/Runnable;)V (greylist, reflection, allowed)
04-23 20:47:09.702   157   157 I servicemanager: Notifying apexservice they have clients: 1
04-23 20:47:09.702   157   157 I servicemanager: Notifying apexservice they have clients: 0
04-23 20:47:10.258     0     0 I AidlLazyServiceRegistrar: Process has 1 (of 1 available) client(s) in use after notification android.apex.IApexService has clients: 1
04-23 20:47:10.268     0     0 I AidlLazyServiceRegistrar: Process has 0 (of 1 available) client(s) in use after notification android.apex.IApexService has clients: 0
04-23 20:47:10.278     0     0 I AidlLazyServiceRegistrar: Shutdown prevented by forcePersist override flag.
04-23 20:47:09.733  2670  2670 W System.err: SLF4J(W): No SLF4J providers were found.
04-23 20:47:09.733  2670  2670 W System.err: SLF4J(W): Defaulting to no-operation (NOP) logger implementation
04-23 20:47:09.733  2670  2670 W System.err: SLF4J(W): See https://www.slf4j.org/codes.html#noProviders for further details.
04-23 20:47:09.848   158   158 I hwservicemanager: getTransport: Cannot find entry android.hardware.configstore@1.0::ISurfaceFlingerConfigs/default in either framework or device manifest.
04-23 20:47:09.868   158   158 I hwservicemanager: getTransport: Cannot find entry android.hardware.graphics.mapper@4.0::IMapper/default in either framework or device manifest.
04-23 20:47:09.868  2670  2695 I Gralloc4: mapper 4.x is not supported
04-23 20:47:10.135   504   545 I ActivityTaskManager: Displayed co.touchlab.kampkit/.android.MainActivity: +1s29ms
04-23 20:47:10.156  2670  2670 I Choreographer: Skipped 33 frames!  The application may be doing too much work on its main thread.
04-23 20:47:10.289   337  1392 W ServiceManager: Permission failure: android.permission.ACCESS_SURFACE_FLINGER from uid=10131 pid=2670
04-23 20:47:10.428  2670  2695 I OpenGLRenderer: Davey! duration=835ms; Flags=0, IntendedVsync=42663803102, Vsync=43213803080, OldestInputEvent=9223372036854775807, NewestInputEvent=0, HandleInputStart=43229270207, AnimationStart=43229272582, PerformTraversalsStart=43232211147, DrawStart=43233381886, SyncQueued=43234101412, SyncStart=43236484375, IssueDrawCommandsStart=43236508576, SwapBuffers=43493806019, FrameCompleted=43501398458, DequeueBufferDuration=61393, QueueBufferDuration=230087, GpuCompleted=32772522036388713, 
04-23 20:47:10.469  2103  2103 E AccessibilityInteractionClient: 1 Disconnected nodes.
04-23 20:47:10.567   158   158 I hwservicemanager: getTransport: Cannot find entry android.hardware.graphics.mapper@4.0::IMapper/default in either framework or device manifest.
04-23 20:47:10.567  2734  2734 I Gralloc4: mapper 4.x is not supported
04-23 20:47:10.613  2739  2741 I cmd     : oneway function results will be dropped but finished with status OK and parcel size 4
04-23 20:47:10.614  1599  1972 I MediaProvider: Begin Intent { act=android.intent.action.MEDIA_SCANNER_SCAN_FILE dat=file:///sdcard/screen_2026-04-23_204711.png flg=0x1400010 cmp=com.android.providers.media.module/com.android.providers.media.MediaService }
04-23 20:47:10.608  1599  1599 W com.android.providers.media.module: type=1400 audit(0.0:76): avc: denied { read } for comm=4173796E635461736B202331 name="primary" dev="tmpfs" ino=28662 scontext=u:r:mediaprovider_app:s0:c123,c256,c512,c768 tcontext=u:object_r:mnt_pass_through_file:s0 tclass=lnk_file permissive=0 app=com.android.providers.media.module
04-23 20:47:11.176     0     0 W audit   : audit_lost=32 audit_rate_limit=5 audit_backlog_limit=64
04-23 20:47:11.193     0     0 E audit   : rate limit exceeded
04-23 20:47:10.616  1599  1599 I chatty  : uid=10123(com.android.providers.media.module) identical 1 line
04-23 20:47:10.616  1599  1599 W com.android.providers.media.module: type=1400 audit(0.0:78): avc: denied { read } for comm=4173796E635461736B202331 name="primary" dev="tmpfs" ino=28662 scontext=u:r:mediaprovider_app:s0:c123,c256,c512,c768 tcontext=u:object_r:mnt_pass_through_file:s0 tclass=lnk_file permissive=0 app=com.android.providers.media.module
04-23 20:47:10.682  1599  1972 W ModernMediaScanner: Failed to visit /sdcard/screen_2026-04-23_204711.png: java.nio.file.AccessDeniedException: /sdcard/screen_2026-04-23_204711.png
04-23 20:47:10.682  1599  1972 I MediaProvider: Scanned internal due to REASON_DEMAND, found 0 items in 62ms, 0 inserts 0 updates 0 deletes
04-23 20:47:10.684  1599  1972 I MediaProvider: End Intent { act=android.intent.action.MEDIA_SCANNER_SCAN_FILE dat=file:///sdcard/screen_2026-04-23_204711.png flg=0x1400010 cmp=com.android.providers.media.module/com.android.providers.media.MediaService }
04-23 20:47:10.616  1599  1599 W com.android.providers.media.module: type=1400 audit(0.0:79): avc: denied { read } for comm=4173796E635461736B202331 name="primary" dev="tmpfs" ino=28662 scontext=u:r:mediaprovider_app:s0:c123,c256,c512,c768 tcontext=u:object_r:mnt_pass_through_file:s0 tclass=lnk_file permissive=0 app=com.android.providers.media.module
04-23 20:47:10.725  1599  1800 I MediaProvider: Deleted 1 items on external_primary due to com.android.shell
04-23 20:47:10.756  2752  2754 I cmd     : oneway function results will be dropped but finished with status OK and parcel size 4
04-23 20:47:10.907   158   158 I hwservicemanager: getTransport: Cannot find entry android.hardware.graphics.mapper@4.0::IMapper/default in either framework or device manifest.
04-23 20:47:10.907  2774  2774 I Gralloc4: mapper 4.x is not supported
04-23 20:47:10.954  2778  2780 I cmd     : oneway function results will be dropped but finished with status OK and parcel size 4
04-23 20:47:10.956  1599  1972 I MediaProvider: Begin Intent { act=android.intent.action.MEDIA_SCANNER_SCAN_FILE dat=file:///sdcard/screen_2026-04-23_204711.png flg=0x1400010 cmp=com.android.providers.media.module/com.android.providers.media.MediaService }
04-23 20:47:10.957  1599  1972 W ModernMediaScanner: Failed to visit /sdcard/screen_2026-04-23_204711.png: java.nio.file.AccessDeniedException: /sdcard/screen_2026-04-23_204711.png
04-23 20:47:10.958  1599  1972 I MediaProvider: Scanned internal due to REASON_DEMAND, found 0 items in 2ms, 0 inserts 0 updates 0 deletes
04-23 20:47:10.959  1599  1972 I MediaProvider: End Intent { act=android.intent.action.MEDIA_SCANNER_SCAN_FILE dat=file:///sdcard/screen_2026-04-23_204711.png flg=0x1400010 cmp=com.android.providers.media.module/com.android.providers.media.MediaService }
04-23 20:47:11.024  1599  1799 I MediaProvider: Deleted 1 items on external_primary due to com.android.shell
04-23 20:47:11.056  2789  2791 I cmd     : oneway function results will be dropped but finished with status OK and parcel size 4
04-23 20:47:11.216   158   158 I hwservicemanager: getTransport: Cannot find entry android.hardware.graphics.mapper@4.0::IMapper/default in either framework or device manifest.
04-23 20:47:11.216  2813  2813 I Gralloc4: mapper 4.x is not supported
04-23 20:47:11.267  1599  1972 I MediaProvider: Begin Intent { act=android.intent.action.MEDIA_SCANNER_SCAN_FILE dat=file:///sdcard/screen_2026-04-23_204712.png flg=0x1400010 cmp=com.android.providers.media.module/com.android.providers.media.MediaService }
04-23 20:47:11.268  1599  1972 W ModernMediaScanner: Failed to visit /sdcard/screen_2026-04-23_204712.png: java.nio.file.AccessDeniedException: /sdcard/screen_2026-04-23_204712.png
04-23 20:47:11.269  1599  1972 I MediaProvider: Scanned internal due to REASON_DEMAND, found 0 items in 1ms, 0 inserts 0 updates 0 deletes
04-23 20:47:11.270  1599  1972 I MediaProvider: End Intent { act=android.intent.action.MEDIA_SCANNER_SCAN_FILE dat=file:///sdcard/screen_2026-04-23_204712.png flg=0x1400010 cmp=com.android.providers.media.module/com.android.providers.media.MediaService }
04-23 20:47:11.337  1599  1799 I MediaProvider: Deleted 1 items on external_primary due to com.android.shell
04-23 20:47:11.371  2828  2830 I cmd     : oneway function results will be dropped but finished with status OK and parcel size 4
04-23 20:47:11.432  2843  2845 I cmd     : oneway function results will be dropped but finished with status OK and parcel size 4
04-23 20:47:11.495  2858  2860 I cmd     : oneway function results will be dropped but finished with status OK and parcel size 4
04-23 20:47:11.558  2873  2875 I cmd     : oneway function results will be dropped but finished with status OK and parcel size 4
04-23 20:47:11.654   423   423 I perfetto: probes_producer.cc:329  Producer stop (id=5)
04-23 20:47:11.655   424   424 I perfetto: ng_service_impl.cc:1948 Tracing session 5 ended, total sessions:1
04-23 20:47:11.672  2886  2886 E libc    : Access denied finding property "persist.device_config.runtime_native_boot.profilebootclasspath"
04-23 20:47:11.672  2886  2886 E libc    : Access denied finding property "persist.device_config.runtime_native_boot.enable_apex_image"
04-23 20:47:11.672  2886  2886 I AndroidRuntime: Using default boot image
04-23 20:47:11.672  2886  2886 E libc    : Access denied finding property "persist.device_config.runtime_native_boot.disable_lock_profiling"
04-23 20:47:11.672  2886  2886 I AndroidRuntime: Leaving lock profiling enabled
04-23 20:47:11.672  2886  2886 E libc    : Access denied finding property "persist.device_config.runtime_native_boot.enable_generational_cc"
04-23 20:47:11.675  2886  2886 I app_process: Core platform API reporting enabled, enforcing=false
04-23 20:47:11.668  2886  2886 W app_process: type=1400 audit(0.0:94): avc: denied { read } for name="u:object_r:device_config_runtime_native_boot_prop:s0" dev="tmpfs" ino=8290 scontext=u:r:shell:s0 tcontext=u:object_r:device_config_runtime_native_boot_prop:s0 tclass=file permissive=0
04-23 20:47:11.753  2886  2886 W app_process: Unexpected CPU variant for X86 using defaults: x86_64
04-23 20:47:11.755  2886  2886 I app_process: The ClassLoaderContext is a special shared library.
04-23 20:47:11.770  2886  2886 W app_process: JNI RegisterNativeMethods: attempt to register 0 native methods for android.media.AudioAttributes
04-23 20:47:11.668  2886  2886 W app_process: type=1400 audit(0.0:96): avc: denied { read } for name="u:object_r:device_config_runtime_native_boot_prop:s0" dev="tmpfs" ino=8290 scontext=u:r:shell:s0 tcontext=u:object_r:device_config_runtime_native_boot_prop:s0 tclass=file permissive=0
04-23 20:47:11.668  2886  2886 W app_process: type=1400 audit(0.0:97): avc: denied { read } for name="u:object_r:device_config_runtime_native_boot_prop:s0" dev="tmpfs" ino=8290 scontext=u:r:shell:s0 tcontext=u:object_r:device_config_runtime_native_boot_prop:s0 tclass=file permissive=0
04-23 20:47:12.130   504  1408 E TaskPersister: File error accessing recents directory (directory doesn't exist?).
04-23 20:47:12.961   157   157 I BpBinder: onLastStrongRef automatically unlinking death recipients: <uncached descriptor>
04-23 20:47:13.510     0     0 I AidlLazyServiceRegistrar: Trying to shut down the service. No clients in use for any service in process.
04-23 20:47:13.517     0     0 I AidlLazyServiceRegistrar: Unregistered all clients and exiting
04-23 20:47:13.523     0     0 I init    : Service 'apexd' (pid 212) exited with status 0 oneshot service took 31.547001 seconds in background
04-23 20:47:13.531     0     0 I init    : Sending signal 9 to service 'apexd' (pid 212) process group...
04-23 20:47:13.536     0     0 I libprocessgroup: Successfully killed process cgroup uid 0 pid 212 in 0ms
04-23 20:47:13.509   158   158 I hwservicemanager: getTransport: Cannot find entry android.hardware.graphics.mapper@4.0::IMapper/default in either framework or device manifest.
04-23 20:47:13.510  2915  2915 I Gralloc4: mapper 4.x is not supported
