04-23 20:48:11.019     0     0 W audit   : audit_lost=367 audit_rate_limit=5 audit_backlog_limit=64
04-23 20:48:11.024     0     0 E audit   : rate limit exceeded
04-23 20:48:10.456  1599  1599 W com.android.providers.media.module: type=1400 audit(0.0:566): avc: denied { read } for comm=4173796E635461736B202331 name="primary" dev="tmpfs" ino=28662 scontext=u:r:mediaprovider_app:s0:c123,c256,c512,c768 tcontext=u:object_r:mnt_pass_through_file:s0 tclass=lnk_file permissive=0 app=com.android.providers.media.module
04-23 20:48:10.487  1599  1972 W ModernMediaScanner: Failed to visit /sdcard/screen_2026-04-23_204811.png: java.nio.file.AccessDeniedException: /sdcard/screen_2026-04-23_204811.png
04-23 20:48:10.488  1599  1972 I MediaProvider: Scanned internal due to REASON_DEMAND, found 0 items in 26ms, 0 inserts 0 updates 0 deletes
04-23 20:48:10.489  1599  1972 I MediaProvider: End Intent { act=android.intent.action.MEDIA_SCANNER_SCAN_FILE dat=file:///sdcard/screen_2026-04-23_204811.png flg=0x1400010 cmp=com.android.providers.media.module/com.android.providers.media.MediaService }
04-23 20:48:10.456  1599  1599 W com.android.providers.media.module: type=1400 audit(0.0:567): avc: denied { read } for comm=4173796E635461736B202331 name="primary" dev="tmpfs" ino=28662 scontext=u:r:mediaprovider_app:s0:c123,c256,c512,c768 tcontext=u:object_r:mnt_pass_through_file:s0 tclass=lnk_file permissive=0 app=com.android.providers.media.module
04-23 20:48:10.560  1599  1799 I MediaProvider: Deleted 1 items on external_primary due to com.android.shell
04-23 20:48:10.590  6723  6725 I cmd     : oneway function results will be dropped but finished with status OK and parcel size 4
04-23 20:48:10.736   158   158 I hwservicemanager: getTransport: Cannot find entry android.hardware.graphics.mapper@4.0::IMapper/default in either framework or device manifest.
04-23 20:48:10.736  6745  6745 I Gralloc4: mapper 4.x is not supported
04-23 20:48:10.788  1599  1972 I MediaProvider: Begin Intent { act=android.intent.action.MEDIA_SCANNER_SCAN_FILE dat=file:///sdcard/screen_2026-04-23_204811.png flg=0x1400010 cmp=com.android.providers.media.module/com.android.providers.media.MediaService }
04-23 20:48:10.788  6749  6751 I cmd     : oneway function results will be dropped but finished with status OK and parcel size 4
04-23 20:48:10.789  1599  1972 W ModernMediaScanner: Failed to visit /sdcard/screen_2026-04-23_204811.png: java.nio.file.AccessDeniedException: /sdcard/screen_2026-04-23_204811.png
04-23 20:48:10.789  1599  1972 I MediaProvider: Scanned internal due to REASON_DEMAND, found 0 items in 1ms, 0 inserts 0 updates 0 deletes
04-23 20:48:10.790  1599  1972 I MediaProvider: End Intent { act=android.intent.action.MEDIA_SCANNER_SCAN_FILE dat=file:///sdcard/screen_2026-04-23_204811.png flg=0x1400010 cmp=com.android.providers.media.module/com.android.providers.media.MediaService }
04-23 20:48:10.858  1599  1800 I MediaProvider: Deleted 1 items on external_primary due to com.android.shell
04-23 20:48:10.890  6760  6762 I cmd     : oneway function results will be dropped but finished with status OK and parcel size 4
04-23 20:48:11.054   158   158 I hwservicemanager: getTransport: Cannot find entry android.hardware.graphics.mapper@4.0::IMapper/default in either framework or device manifest.
04-23 20:48:11.054  6782  6782 I Gralloc4: mapper 4.x is not supported
04-23 20:48:11.107  6788  6790 I cmd     : oneway function results will be dropped but finished with status OK and parcel size 4
04-23 20:48:11.108  1599  1972 I MediaProvider: Begin Intent { act=android.intent.action.MEDIA_SCANNER_SCAN_FILE dat=file:///sdcard/screen_2026-04-23_204812.png flg=0x1400010 cmp=com.android.providers.media.module/com.android.providers.media.MediaService }
04-23 20:48:11.111  1599  1972 W ModernMediaScanner: Failed to visit /sdcard/screen_2026-04-23_204812.png: java.nio.file.AccessDeniedException: /sdcard/screen_2026-04-23_204812.png
04-23 20:48:11.112  1599  1972 I MediaProvider: Scanned internal due to REASON_DEMAND, found 0 items in 4ms, 0 inserts 0 updates 0 deletes
04-23 20:48:11.113  1599  1972 I MediaProvider: End Intent { act=android.intent.action.MEDIA_SCANNER_SCAN_FILE dat=file:///sdcard/screen_2026-04-23_204812.png flg=0x1400010 cmp=com.android.providers.media.module/com.android.providers.media.MediaService }
04-23 20:48:11.138  1599  2495 I MediaProvider: Deleted 1 items on external_primary due to com.android.shell
04-23 20:48:11.171  6799  6801 I cmd     : oneway function results will be dropped but finished with status OK and parcel size 4
04-23 20:48:11.260  6809  6809 E libc    : Access denied finding property "persist.device_config.runtime_native_boot.profilebootclasspath"
04-23 20:48:11.260  6809  6809 E libc    : Access denied finding property "persist.device_config.runtime_native_boot.enable_apex_image"
04-23 20:48:11.260  6809  6809 I AndroidRuntime: Using default boot image
04-23 20:48:11.260  6809  6809 E libc    : Access denied finding property "persist.device_config.runtime_native_boot.disable_lock_profiling"
04-23 20:48:11.260  6809  6809 I AndroidRuntime: Leaving lock profiling enabled
04-23 20:48:11.261  6809  6809 E libc    : Access denied finding property "persist.device_config.runtime_native_boot.enable_generational_cc"
04-23 20:48:11.262  6809  6809 I app_process: Core platform API reporting enabled, enforcing=false
04-23 20:48:11.314  6809  6809 W app_process: Unexpected CPU variant for X86 using defaults: x86_64
04-23 20:48:11.315  6809  6809 I app_process: The ClassLoaderContext is a special shared library.
04-23 20:48:11.322  6809  6809 W app_process: JNI RegisterNativeMethods: attempt to register 0 native methods for android.media.AudioAttributes
04-23 20:48:11.346   504  1109 W InputReader: Device virtio_input_multi_touch_10 is associated with display ADISPLAY_ID_NONE.
04-23 20:48:11.346   504  1109 W InputReader: Device virtio_input_multi_touch_7 is associated with display ADISPLAY_ID_NONE.
04-23 20:48:11.346   504  1109 W InputReader: Device virtio_input_multi_touch_4 is associated with display ADISPLAY_ID_NONE.
04-23 20:48:11.346   504  1109 W InputReader: Device virtio_input_multi_touch_5 is associated with display ADISPLAY_ID_NONE.
04-23 20:48:11.346   504  1109 W InputReader: Device virtio_input_multi_touch_2 is associated with display ADISPLAY_ID_NONE.
04-23 20:48:11.346   504  1109 W InputReader: Device virtio_input_multi_touch_6 is associated with display ADISPLAY_ID_NONE.
04-23 20:48:11.346   504  1109 W InputReader: Device virtio_input_multi_touch_8 is associated with display ADISPLAY_ID_NONE.
04-23 20:48:11.346   504  1109 W InputReader: Device virtio_input_multi_touch_9 is associated with display ADISPLAY_ID_NONE.
04-23 20:48:11.346   504  1109 W InputReader: Device virtio_input_multi_touch_3 is associated with display ADISPLAY_ID_NONE.
04-23 20:48:11.346   504  1109 W InputReader: Device virtio_input_multi_touch_11 is associated with display ADISPLAY_ID_NONE.
04-23 20:48:11.346   504  1109 W InputReader: Device virtio_input_multi_touch_10 is associated with display ADISPLAY_ID_NONE.
04-23 20:48:11.346   504  1109 W InputReader: Device virtio_input_multi_touch_7 is associated with display ADISPLAY_ID_NONE.
04-23 20:48:11.346   504  1109 W InputReader: Device virtio_input_multi_touch_4 is associated with display ADISPLAY_ID_NONE.
04-23 20:48:11.346   504  1109 W InputReader: Device virtio_input_multi_touch_5 is associated with display ADISPLAY_ID_NONE.
04-23 20:48:11.346   504  1109 W InputReader: Device virtio_input_multi_touch_2 is associated with display ADISPLAY_ID_NONE.
04-23 20:48:11.346   504  1109 W InputReader: Device virtio_input_multi_touch_6 is associated with display ADISPLAY_ID_NONE.
04-23 20:48:11.346   504  1109 W InputReader: Device virtio_input_multi_touch_8 is associated with display ADISPLAY_ID_NONE.
04-23 20:48:11.346   504  1109 W InputReader: Device virtio_input_multi_touch_9 is associated with display ADISPLAY_ID_NONE.
04-23 20:48:11.346   504  1109 W InputReader: Device virtio_input_multi_touch_3 is associated with display ADISPLAY_ID_NONE.
04-23 20:48:11.346   504  1109 W InputReader: Device virtio_input_multi_touch_11 is associated with display ADISPLAY_ID_NONE.
04-23 20:48:11.464  6144  6144 I QSB.SuggestionsProviderImpl: chars:0,source:Source{name=com.android.quicksearchbox/.google.GoogleSearch}
04-23 20:48:11.656   504   504 W NotificationHistory: Attempted to add notif for locked/gone/disabled user 0
04-23 20:48:12.906   158   158 I hwservicemanager: getTransport: Cannot find entry android.hardware.graphics.mapper@4.0::IMapper/default in either framework or device manifest.
04-23 20:48:12.906  6851  6851 I Gralloc4: mapper 4.x is not supported
04-23 20:48:12.969  6855  6857 I cmd     : oneway function results will be dropped but finished with status OK and parcel size 4
04-23 20:48:12.970  1599  1972 I MediaProvider: Begin Intent { act=android.intent.action.MEDIA_SCANNER_SCAN_FILE dat=file:///sdcard/screen_2026-04-23_204813.png flg=0x1400010 cmp=com.android.providers.media.module/com.android.providers.media.MediaService }
04-23 20:48:12.964  1599  1599 W com.android.providers.media.module: type=1400 audit(0.0:588): avc: denied { read } for comm=4173796E635461736B202331 name="primary" dev="tmpfs" ino=28662 scontext=u:r:mediaprovider_app:s0:c123,c256,c512,c768 tcontext=u:object_r:mnt_pass_through_file:s0 tclass=lnk_file permissive=0 app=com.android.providers.media.module
04-23 20:48:13.529     0     0 W audit   : audit_lost=384 audit_rate_limit=5 audit_backlog_limit=64
04-23 20:48:13.554     0     0 E audit   : rate limit exceeded
04-23 20:48:12.968  1599  1599 W com.android.providers.media.module: type=1400 audit(0.0:589): avc: denied { read } for comm=4173796E635461736B202331 name="primary" dev="tmpfs" ino=28662 scontext=u:r:mediaprovider_app:s0:c123,c256,c512,c768 tcontext=u:object_r:mnt_pass_through_file:s0 tclass=lnk_file permissive=0 app=com.android.providers.media.module
04-23 20:48:13.020  1599  1972 W ModernMediaScanner: Failed to visit /sdcard/screen_2026-04-23_204813.png: java.nio.file.AccessDeniedException: /sdcard/screen_2026-04-23_204813.png
04-23 20:48:13.021  1599  1972 I MediaProvider: Scanned internal due to REASON_DEMAND, found 0 items in 49ms, 0 inserts 0 updates 0 deletes
04-23 20:48:13.022  1599  1972 I MediaProvider: End Intent { act=android.intent.action.MEDIA_SCANNER_SCAN_FILE dat=file:///sdcard/screen_2026-04-23_204813.png flg=0x1400010 cmp=com.android.providers.media.module/com.android.providers.media.MediaService }
04-23 20:48:12.968  1599  1599 W com.android.providers.media.module: type=1400 audit(0.0:590): avc: denied { read } for comm=4173796E635461736B202331 name="primary" dev="tmpfs" ino=28662 scontext=u:r:mediaprovider_app:s0:c123,c256,c512,c768 tcontext=u:object_r:mnt_pass_through_file:s0 tclass=lnk_file permissive=0 app=com.android.providers.media.module
04-23 20:48:13.102  1599  1800 I MediaProvider: Deleted 1 items on external_primary due to com.android.shell
04-23 20:48:13.134  6868  6870 I cmd     : oneway function results will be dropped but finished with status OK and parcel size 4
04-23 20:48:13.285   158   158 I hwservicemanager: getTransport: Cannot find entry android.hardware.graphics.mapper@4.0::IMapper/default in either framework or device manifest.
04-23 20:48:13.286  6890  6890 I Gralloc4: mapper 4.x is not supported
04-23 20:48:13.336  6894  6896 I cmd     : oneway function results will be dropped but finished with status OK and parcel size 4
04-23 20:48:13.338  1599  1972 I MediaProvider: Begin Intent { act=android.intent.action.MEDIA_SCANNER_SCAN_FILE dat=file:///sdcard/screen_2026-04-23_204814.png flg=0x1400010 cmp=com.android.providers.media.module/com.android.providers.media.MediaService }
04-23 20:48:13.339  1599  1972 W ModernMediaScanner: Failed to visit /sdcard/screen_2026-04-23_204814.png: java.nio.file.AccessDeniedException: /sdcard/screen_2026-04-23_204814.png
04-23 20:48:13.339  1599  1972 I MediaProvider: Scanned internal due to REASON_DEMAND, found 0 items in 1ms, 0 inserts 0 updates 0 deletes
04-23 20:48:13.340  1599  1972 I MediaProvider: End Intent { act=android.intent.action.MEDIA_SCANNER_SCAN_FILE dat=file:///sdcard/screen_2026-04-23_204814.png flg=0x1400010 cmp=com.android.providers.media.module/com.android.providers.media.MediaService }
04-23 20:48:13.406  1599  1799 I MediaProvider: Deleted 1 items on external_primary due to com.android.shell
04-23 20:48:13.440  6905  6907 I cmd     : oneway function results will be dropped but finished with status OK and parcel size 4
04-23 20:48:13.602   158   158 I hwservicemanager: getTransport: Cannot find entry android.hardware.graphics.mapper@4.0::IMapper/default in either framework or device manifest.
04-23 20:48:13.602  6927  6927 I Gralloc4: mapper 4.x is not supported
04-23 20:48:13.656  6931  6933 I cmd     : oneway function results will be dropped but finished with status OK and parcel size 4
04-23 20:48:13.657  1599  1972 I MediaProvider: Begin Intent { act=android.intent.action.MEDIA_SCANNER_SCAN_FILE dat=file:///sdcard/screen_2026-04-23_204814.png flg=0x1400010 cmp=com.android.providers.media.module/com.android.providers.media.MediaService }
04-23 20:48:13.659  1599  1972 W ModernMediaScanner: Failed to visit /sdcard/screen_2026-04-23_204814.png: java.nio.file.AccessDeniedException: /sdcard/screen_2026-04-23_204814.png
04-23 20:48:13.660  1599  1972 I MediaProvider: Scanned internal due to REASON_DEMAND, found 0 items in 1ms, 0 inserts 0 updates 0 deletes
04-23 20:48:13.660  1599  1972 I MediaProvider: End Intent { act=android.intent.action.MEDIA_SCANNER_SCAN_FILE dat=file:///sdcard/screen_2026-04-23_204814.png flg=0x1400010 cmp=com.android.providers.media.module/com.android.providers.media.MediaService }
04-23 20:48:13.728  1599  2495 I MediaProvider: Deleted 1 items on external_primary due to com.android.shell
04-23 20:48:13.761  6942  6944 I cmd     : oneway function results will be dropped but finished with status OK and parcel size 4
04-23 20:48:13.827  6957  6959 I cmd     : oneway function results will be dropped but finished with status OK and parcel size 4
04-23 20:48:13.892  6972  6974 I cmd     : oneway function results will be dropped but finished with status OK and parcel size 4
04-23 20:48:13.963  6987  6989 I cmd     : oneway function results will be dropped but finished with status OK and parcel size 4
04-23 20:48:14.064  6999  6999 E libc    : Access denied finding property "persist.device_config.runtime_native_boot.profilebootclasspath"
04-23 20:48:14.064  6999  6999 E libc    : Access denied finding property "persist.device_config.runtime_native_boot.enable_apex_image"
04-23 20:48:14.064  6999  6999 I AndroidRuntime: Using default boot image
04-23 20:48:14.064  6999  6999 E libc    : Access denied finding property "persist.device_config.runtime_native_boot.disable_lock_profiling"
04-23 20:48:14.064  6999  6999 I AndroidRuntime: Leaving lock profiling enabled
04-23 20:48:14.064  6999  6999 E libc    : Access denied finding property "persist.device_config.runtime_native_boot.enable_generational_cc"
04-23 20:48:14.066  6999  6999 I app_process: Core platform API reporting enabled, enforcing=false
04-23 20:48:14.060  6999  6999 W app_process: type=1400 audit(0.0:606): avc: denied { read } for name="u:object_r:device_config_runtime_native_boot_prop:s0" dev="tmpfs" ino=8290 scontext=u:r:shell:s0 tcontext=u:object_r:device_config_runtime_native_boot_prop:s0 tclass=file permissive=0
04-23 20:48:14.127  6999  6999 W app_process: Unexpected CPU variant for X86 using defaults: x86_64
04-23 20:48:14.128  6999  6999 I app_process: The ClassLoaderContext is a special shared library.
04-23 20:48:14.060  6999  6999 W app_process: type=1400 audit(0.0:608): avc: denied { read } for name="u:object_r:device_config_runtime_native_boot_prop:s0" dev="tmpfs" ino=8290 scontext=u:r:shell:s0 tcontext=u:object_r:device_config_runtime_native_boot_prop:s0 tclass=file permissive=0
04-23 20:48:14.148  6999  6999 W app_process: JNI RegisterNativeMethods: attempt to register 0 native methods for android.media.AudioAttributes
04-23 20:48:14.867   504  1408 E TaskPersister: File error accessing recents directory (directory doesn't exist?).
04-23 20:48:15.904   158   158 I hwservicemanager: getTransport: Cannot find entry android.hardware.graphics.mapper@4.0::IMapper/default in either framework or device manifest.
04-23 20:48:15.904  7029  7029 I Gralloc4: mapper 4.x is not supported
04-23 20:48:15.958  1599  1972 I MediaProvider: Begin Intent { act=android.intent.action.MEDIA_SCANNER_SCAN_FILE dat=file:///sdcard/screen_2026-04-23_204816.png flg=0x1400010 cmp=com.android.providers.media.module/com.android.providers.media.MediaService }
04-23 20:48:15.959  1599  1972 W ModernMediaScanner: Failed to visit /sdcard/screen_2026-04-23_204816.png: java.nio.file.AccessDeniedException: /sdcard/screen_2026-04-23_204816.png
04-23 20:48:15.960  1599  1972 I MediaProvider: Scanned internal due to REASON_DEMAND, found 0 items in 1ms, 0 inserts 0 updates 0 deletes
04-23 20:48:15.961  1599  1972 I MediaProvider: End Intent { act=android.intent.action.MEDIA_SCANNER_SCAN_FILE dat=file:///sdcard/screen_2026-04-23_204816.png flg=0x1400010 cmp=com.android.providers.media.module/com.android.providers.media.MediaService }
04-23 20:48:15.952  1599  1599 W com.android.providers.media.module: type=1400 audit(0.0:610): avc: denied { read } for comm=4173796E635461736B202331 name="primary" dev="tmpfs" ino=28662 scontext=u:r:mediaprovider_app:s0:c123,c256,c512,c768 tcontext=u:object_r:mnt_pass_through_file:s0 tclass=lnk_file permissive=0 app=com.android.providers.media.module
04-23 20:48:15.956  1599  1599 I chatty  : uid=10123(com.android.providers.media.module) identical 3 lines
04-23 20:48:15.956  1599  1599 W com.android.providers.media.module: type=1400 audit(0.0:614): avc: denied { read } for comm=4173796E635461736B202331 name="primary" dev="tmpfs" ino=28662 scontext=u:r:mediaprovider_app:s0:c123,c256,c512,c768 tcontext=u:object_r:mnt_pass_through_file:s0 tclass=lnk_file permissive=0 app=com.android.providers.media.module
04-23 20:48:16.073  1599  1800 I MediaProvider: Deleted 1 items on external_primary due to com.android.shell
04-23 20:48:15.956  1599  1599 W com.android.providers.media.module: type=1400 audit(0.0:615): avc: denied { read } for comm=4173796E635461736B202331 name="primary" dev="tmpfs" ino=28662 scontext=u:r:mediaprovider_app:s0:c123,c256,c512,c768 tcontext=u:object_r:mnt_pass_through_file:s0 tclass=lnk_file permissive=0 app=com.android.providers.media.module
04-23 20:48:16.105  7044  7046 I cmd     : oneway function results will be dropped but finished with status OK and parcel size 4
04-23 20:48:16.276   158   158 I hwservicemanager: getTransport: Cannot find entry android.hardware.graphics.mapper@4.0::IMapper/default in either framework or device manifest.
04-23 20:48:16.276  7068  7068 I Gralloc4: mapper 4.x is not supported
04-23 20:48:16.331  1599  1972 I MediaProvider: Begin Intent { act=android.intent.action.MEDIA_SCANNER_SCAN_FILE dat=file:///sdcard/screen_2026-04-23_204817.png flg=0x1400010 cmp=com.android.providers.media.module/com.android.providers.media.MediaService }
04-23 20:48:16.887     0     0 W audit   : audit_lost=397 audit_rate_limit=5 audit_backlog_limit=64
04-23 20:48:16.890     0     0 E audit   : rate limit exceeded
04-23 20:48:16.337  1599  1972 W ModernMediaScanner: Failed to visit /sdcard/screen_2026-04-23_204817.png: java.nio.file.AccessDeniedException: /sdcard/screen_2026-04-23_204817.png
04-23 20:48:16.338  1599  1972 I MediaProvider: Scanned internal due to REASON_DEMAND, found 0 items in 1ms, 0 inserts 0 updates 0 deletes
04-23 20:48:16.339  1599  1972 I MediaProvider: End Intent { act=android.intent.action.MEDIA_SCANNER_SCAN_FILE dat=file:///sdcard/screen_2026-04-23_204817.png flg=0x1400010 cmp=com.android.providers.media.module/com.android.providers.media.MediaService }
04-23 20:48:16.404  1599  1799 I MediaProvider: Deleted 1 items on external_primary due to com.android.shell
04-23 20:48:16.435  7083  7085 I cmd     : oneway function results will be dropped but finished with status OK and parcel size 4
04-23 20:48:16.597   158   158 I hwservicemanager: getTransport: Cannot find entry android.hardware.graphics.mapper@4.0::IMapper/default in either framework or device manifest.
04-23 20:48:16.597  7105  7105 I Gralloc4: mapper 4.x is not supported
04-23 20:48:16.652  1599  1972 I MediaProvider: Begin Intent { act=android.intent.action.MEDIA_SCANNER_SCAN_FILE dat=file:///sdcard/screen_2026-04-23_204817.png flg=0x1400010 cmp=com.android.providers.media.module/com.android.providers.media.MediaService }
04-23 20:48:16.653  1599  1972 W ModernMediaScanner: Failed to visit /sdcard/screen_2026-04-23_204817.png: java.nio.file.AccessDeniedException: /sdcard/screen_2026-04-23_204817.png
04-23 20:48:16.653  1599  1972 I MediaProvider: Scanned internal due to REASON_DEMAND, found 0 items in 1ms, 0 inserts 0 updates 0 deletes
04-23 20:48:16.654  1599  1972 I MediaProvider: End Intent { act=android.intent.action.MEDIA_SCANNER_SCAN_FILE dat=file:///sdcard/screen_2026-04-23_204817.png flg=0x1400010 cmp=com.android.providers.media.module/com.android.providers.media.MediaService }
04-23 20:48:16.722  1599  2495 I MediaProvider: Deleted 1 items on external_primary due to com.android.shell
04-23 20:48:16.754  7120  7122 I cmd     : oneway function results will be dropped but finished with status OK and parcel size 4
04-23 20:48:16.807   504  1532 I ActivityTaskManager: START u0 {act=android.intent.action.MAIN cat=[android.intent.category.LAUNCHER] flg=0x10000000 cmp=co.touchlab.kampkit/.android.MainActivity} from uid 2000
04-23 20:48:16.812   504   535 W ActivityTaskManager: Tried to set launchTime (0) < mLastActivityLaunchTime (96609)
04-23 20:48:16.812   504   535 W InputReader: Device virtio_input_multi_touch_10 is associated with display ADISPLAY_ID_NONE.
04-23 20:48:16.812   504   535 W InputReader: Device virtio_input_multi_touch_7 is associated with display ADISPLAY_ID_NONE.
04-23 20:48:16.812   504   535 W InputReader: Device virtio_input_multi_touch_4 is associated with display ADISPLAY_ID_NONE.
04-23 20:48:16.812   504   535 W InputReader: Device virtio_input_multi_touch_5 is associated with display ADISPLAY_ID_NONE.
04-23 20:48:16.812   504   535 W InputReader: Device virtio_input_multi_touch_2 is associated with display ADISPLAY_ID_NONE.
04-23 20:48:16.812   504   535 W InputReader: Device virtio_input_multi_touch_6 is associated with display ADISPLAY_ID_NONE.
04-23 20:48:16.812   504   535 W InputReader: Device virtio_input_multi_touch_8 is associated with display ADISPLAY_ID_NONE.
04-23 20:48:16.812   504   535 W InputReader: Device virtio_input_multi_touch_9 is associated with display ADISPLAY_ID_NONE.
04-23 20:48:16.812   504   535 W InputReader: Device virtio_input_multi_touch_3 is associated with display ADISPLAY_ID_NONE.
04-23 20:48:16.812   504   535 W InputReader: Device virtio_input_multi_touch_11 is associated with display ADISPLAY_ID_NONE.
04-23 20:48:16.812   504   535 W InputReader: Device virtio_input_multi_touch_10 is associated with display ADISPLAY_ID_NONE.
04-23 20:48:16.812   504   535 W InputReader: Device virtio_input_multi_touch_7 is associated with display ADISPLAY_ID_NONE.
04-23 20:48:16.812   504   535 W InputReader: Device virtio_input_multi_touch_4 is associated with display ADISPLAY_ID_NONE.
04-23 20:48:16.812   504   535 W InputReader: Device virtio_input_multi_touch_5 is associated with display ADISPLAY_ID_NONE.
04-23 20:48:16.812   504   535 W InputReader: Device virtio_input_multi_touch_2 is associated with display ADISPLAY_ID_NONE.
04-23 20:48:16.812   504   535 W InputReader: Device virtio_input_multi_touch_6 is associated with display ADISPLAY_ID_NONE.
04-23 20:48:16.812   504   535 W InputReader: Device virtio_input_multi_touch_8 is associated with display ADISPLAY_ID_NONE.
04-23 20:48:16.812   504   535 W InputReader: Device virtio_input_multi_touch_9 is associated with display ADISPLAY_ID_NONE.
04-23 20:48:16.812   504   535 W InputReader: Device virtio_input_multi_touch_3 is associated with display ADISPLAY_ID_NONE.
04-23 20:48:16.812   504   535 W InputReader: Device virtio_input_multi_touch_11 is associated with display ADISPLAY_ID_NONE.
04-23 20:48:16.819   424   424 I perfetto: ing_service_impl.cc:758 Configured tracing session 17, #sources:1, duration:5000 ms, #buffers:1, total buffer size:4096 KB, total sessions:1, uid:1071 session name: ""
04-23 20:48:16.819   423   423 I perfetto: probes_producer.cc:230  Ftrace setup (target_buf=17)
04-23 20:48:16.836   504   535 E ClipboardService: Denying clipboard access to com.android.quicksearchbox, application is not in focus nor is it a system service for user 0
04-23 20:48:16.842   423   423 I perfetto: ftrace_procfs.cc:176    enabled ftrace
04-23 20:48:17.395     0     0 W perfetto: enabled ftrace
04-23 20:48:16.863   504  4809 E ClipboardService: Denying clipboard access to com.android.quicksearchbox, application is not in focus nor is it a system service for user 0
04-23 20:48:16.924   504   545 I ActivityTaskManager: Displayed co.touchlab.kampkit/.android.MainActivity: +111ms
04-23 20:48:17.966   158   158 I hwservicemanager: getTransport: Cannot find entry android.hardware.graphics.mapper@4.0::IMapper/default in either framework or device manifest.
04-23 20:48:17.966  7174  7174 I Gralloc4: mapper 4.x is not supported
04-23 20:48:18.019  7178  7180 I cmd     : oneway function results will be dropped but finished with status OK and parcel size 4
04-23 20:48:18.020  1599  1972 I MediaProvider: Begin Intent { act=android.intent.action.MEDIA_SCANNER_SCAN_FILE dat=file:///sdcard/screen_2026-04-23_204819.png flg=0x1400010 cmp=com.android.providers.media.module/com.android.providers.media.MediaService }
04-23 20:48:18.016  1599  1599 W com.android.providers.media.module: type=1400 audit(0.0:628): avc: denied { read } for comm=4173796E635461736B202331 name="primary" dev="tmpfs" ino=28662 scontext=u:r:mediaprovider_app:s0:c123,c256,c512,c768 tcontext=u:object_r:mnt_pass_through_file:s0 tclass=lnk_file permissive=0 app=com.android.providers.media.module
04-23 20:48:18.578     0     0 W audit   : audit_lost=409 audit_rate_limit=5 audit_backlog_limit=64
04-23 20:48:18.590     0     0 E audit   : rate limit exceeded
04-23 20:48:18.016  1599  1599 W com.android.providers.media.module: type=1400 audit(0.0:629): avc: denied { read } for comm=4173796E635461736B202331 name="primary" dev="tmpfs" ino=28662 scontext=u:r:mediaprovider_app:s0:c123,c256,c512,c768 tcontext=u:object_r:mnt_pass_through_file:s0 tclass=lnk_file permissive=0 app=com.android.providers.media.module
04-23 20:48:18.047  1599  1972 W ModernMediaScanner: Failed to visit /sdcard/screen_2026-04-23_204819.png: java.nio.file.AccessDeniedException: /sdcard/screen_2026-04-23_204819.png
04-23 20:48:18.048  1599  1972 I MediaProvider: Scanned internal due to REASON_DEMAND, found 0 items in 25ms, 0 inserts 0 updates 0 deletes
04-23 20:48:18.048  1599  1972 I MediaProvider: End Intent { act=android.intent.action.MEDIA_SCANNER_SCAN_FILE dat=file:///sdcard/screen_2026-04-23_204819.png flg=0x1400010 cmp=com.android.providers.media.module/com.android.providers.media.MediaService }
04-23 20:48:18.016  1599  1599 W com.android.providers.media.module: type=1400 audit(0.0:630): avc: denied { read } for comm=4173796E635461736B202331 name="primary" dev="tmpfs" ino=28662 scontext=u:r:mediaprovider_app:s0:c123,c256,c512,c768 tcontext=u:object_r:mnt_pass_through_file:s0 tclass=lnk_file permissive=0 app=com.android.providers.media.module
04-23 20:48:18.094  1599  1800 I MediaProvider: Deleted 1 items on external_primary due to com.android.shell
04-23 20:48:18.126  7189  7191 I cmd     : oneway function results will be dropped but finished with status OK and parcel size 4
04-23 20:48:18.277   158   158 I hwservicemanager: getTransport: Cannot find entry android.hardware.graphics.mapper@4.0::IMapper/default in either framework or device manifest.
04-23 20:48:18.277  7211  7211 I Gralloc4: mapper 4.x is not supported
04-23 20:48:18.330  1599  1972 I MediaProvider: Begin Intent { act=android.intent.action.MEDIA_SCANNER_SCAN_FILE dat=file:///sdcard/screen_2026-04-23_204819.png flg=0x1400010 cmp=com.android.providers.media.module/com.android.providers.media.MediaService }
04-23 20:48:18.334  1599  1972 W ModernMediaScanner: Failed to visit /sdcard/screen_2026-04-23_204819.png: java.nio.file.AccessDeniedException: /sdcard/screen_2026-04-23_204819.png
04-23 20:48:18.334  1599  1972 I MediaProvider: Scanned internal due to REASON_DEMAND, found 0 items in 1ms, 0 inserts 0 updates 0 deletes
04-23 20:48:18.335  1599  1972 I MediaProvider: End Intent { act=android.intent.action.MEDIA_SCANNER_SCAN_FILE dat=file:///sdcard/screen_2026-04-23_204819.png flg=0x1400010 cmp=com.android.providers.media.module/com.android.providers.media.MediaService }
04-23 20:48:18.399  1599  1799 I MediaProvider: Deleted 1 items on external_primary due to com.android.shell
04-23 20:48:18.431  7228  7230 I cmd     : oneway function results will be dropped but finished with status OK and parcel size 4
04-23 20:48:18.589   158   158 I hwservicemanager: getTransport: Cannot find entry android.hardware.graphics.mapper@4.0::IMapper/default in either framework or device manifest.
04-23 20:48:18.589  7250  7250 I Gralloc4: mapper 4.x is not supported
04-23 20:48:18.646  7254  7256 I cmd     : oneway function results will be dropped but finished with status OK and parcel size 4
04-23 20:48:18.646  1599  1972 I MediaProvider: Begin Intent { act=android.intent.action.MEDIA_SCANNER_SCAN_FILE dat=file:///sdcard/screen_2026-04-23_204819.png flg=0x1400010 cmp=com.android.providers.media.module/com.android.providers.media.MediaService }
04-23 20:48:18.648  1599  1972 W ModernMediaScanner: Failed to visit /sdcard/screen_2026-04-23_204819.png: java.nio.file.AccessDeniedException: /sdcard/screen_2026-04-23_204819.png
04-23 20:48:18.649  1599  1972 I MediaProvider: Scanned internal due to REASON_DEMAND, found 0 items in 1ms, 0 inserts 0 updates 0 deletes
04-23 20:48:18.649  1599  1972 I MediaProvider: End Intent { act=android.intent.action.MEDIA_SCANNER_SCAN_FILE dat=file:///sdcard/screen_2026-04-23_204819.png flg=0x1400010 cmp=com.android.providers.media.module/com.android.providers.media.MediaService }
04-23 20:48:18.717  1599  2495 I MediaProvider: Deleted 1 items on external_primary due to com.android.shell
04-23 20:48:18.749  7265  7267 I cmd     : oneway function results will be dropped but finished with status OK and parcel size 4
04-23 20:48:18.816  7280  7282 I cmd     : oneway function results will be dropped but finished with status OK and parcel size 4
04-23 20:48:18.881  7295  7297 I cmd     : oneway function results will be dropped but finished with status OK and parcel size 4
04-23 20:48:18.944  7310  7312 I cmd     : oneway function results will be dropped but finished with status OK and parcel size 4
04-23 20:48:19.042  7322  7322 E libc    : Access denied finding property "persist.device_config.runtime_native_boot.profilebootclasspath"
04-23 20:48:19.042  7322  7322 E libc    : Access denied finding property "persist.device_config.runtime_native_boot.enable_apex_image"
04-23 20:48:19.042  7322  7322 I AndroidRuntime: Using default boot image
04-23 20:48:19.042  7322  7322 E libc    : Access denied finding property "persist.device_config.runtime_native_boot.disable_lock_profiling"
04-23 20:48:19.042  7322  7322 I AndroidRuntime: Leaving lock profiling enabled
04-23 20:48:19.042  7322  7322 E libc    : Access denied finding property "persist.device_config.runtime_native_boot.enable_generational_cc"
04-23 20:48:19.044  7322  7322 I app_process: Core platform API reporting enabled, enforcing=false
04-23 20:48:19.036  7322  7322 W app_process: type=1400 audit(0.0:646): avc: denied { read } for name="u:object_r:device_config_runtime_native_boot_prop:s0" dev="tmpfs" ino=8290 scontext=u:r:shell:s0 tcontext=u:object_r:device_config_runtime_native_boot_prop:s0 tclass=file permissive=0
04-23 20:48:19.100  7322  7322 W app_process: Unexpected CPU variant for X86 using defaults: x86_64
04-23 20:48:19.101  7322  7322 I app_process: The ClassLoaderContext is a special shared library.
04-23 20:48:19.107  7322  7322 W app_process: JNI RegisterNativeMethods: attempt to register 0 native methods for android.media.AudioAttributes
04-23 20:48:20.353   504  1408 E TaskPersister: File error accessing recents directory (directory doesn't exist?).
04-23 20:48:20.858   158   158 I hwservicemanager: getTransport: Cannot find entry android.hardware.graphics.mapper@4.0::IMapper/default in either framework or device manifest.
04-23 20:48:20.858  7351  7351 I Gralloc4: mapper 4.x is not supported
04-23 20:48:20.914  7355  7357 I cmd     : oneway function results will be dropped but finished with status OK and parcel size 4
04-23 20:48:20.915  1599  1972 I MediaProvider: Begin Intent { act=android.intent.action.MEDIA_SCANNER_SCAN_FILE dat=file:///sdcard/screen_2026-04-23_204821.png flg=0x1400010 cmp=com.android.providers.media.module/com.android.providers.media.MediaService }
04-23 20:48:20.917  1599  1972 W ModernMediaScanner: Failed to visit /sdcard/screen_2026-04-23_204821.png: java.nio.file.AccessDeniedException: /sdcard/screen_2026-04-23_204821.png
04-23 20:48:20.917  1599  1972 I MediaProvider: Scanned internal due to REASON_DEMAND, found 0 items in 1ms, 0 inserts 0 updates 0 deletes
04-23 20:48:20.918  1599  1972 I MediaProvider: End Intent { act=android.intent.action.MEDIA_SCANNER_SCAN_FILE dat=file:///sdcard/screen_2026-04-23_204821.png flg=0x1400010 cmp=com.android.providers.media.module/com.android.providers.media.MediaService }
04-23 20:48:20.912  1599  1599 W com.android.providers.media.module: type=1400 audit(0.0:650): avc: denied { read } for comm=4173796E635461736B202331 name="primary" dev="tmpfs" ino=28662 scontext=u:r:mediaprovider_app:s0:c123,c256,c512,c768 tcontext=u:object_r:mnt_pass_through_file:s0 tclass=lnk_file permissive=0 app=com.android.providers.media.module
04-23 20:48:21.029  1599  1800 I MediaProvider: Deleted 1 items on external_primary due to com.android.shell
04-23 20:48:21.061  7367  7369 I cmd     : oneway function results will be dropped but finished with status OK and parcel size 4
04-23 20:48:21.208   158   158 I hwservicemanager: getTransport: Cannot find entry android.hardware.graphics.mapper@4.0::IMapper/default in either framework or device manifest.
04-23 20:48:21.208  7389  7389 I Gralloc4: mapper 4.x is not supported
04-23 20:48:21.260  7393  7395 I cmd     : oneway function results will be dropped but finished with status OK and parcel size 4
04-23 20:48:21.260  1599  1972 I MediaProvider: Begin Intent { act=android.intent.action.MEDIA_SCANNER_SCAN_FILE dat=file:///sdcard/screen_2026-04-23_204822.png flg=0x1400010 cmp=com.android.providers.media.module/com.android.providers.media.MediaService }
04-23 20:48:21.816     0     0 W audit   : audit_lost=422 audit_rate_limit=5 audit_backlog_limit=64
04-23 20:48:21.821     0     0 E audit   : rate limit exceeded
04-23 20:48:21.270  1599  1972 W ModernMediaScanner: Failed to visit /sdcard/screen_2026-04-23_204822.png: java.nio.file.AccessDeniedException: /sdcard/screen_2026-04-23_204822.png
04-23 20:48:21.271  1599  1972 I MediaProvider: Scanned internal due to REASON_DEMAND, found 0 items in 2ms, 0 inserts 0 updates 0 deletes
04-23 20:48:21.272  1599  1972 I MediaProvider: End Intent { act=android.intent.action.MEDIA_SCANNER_SCAN_FILE dat=file:///sdcard/screen_2026-04-23_204822.png flg=0x1400010 cmp=com.android.providers.media.module/com.android.providers.media.MediaService }
04-23 20:48:21.289  1599  1800 I MediaProvider: Deleted 1 items on external_primary due to com.android.shell
04-23 20:48:21.320  7404  7406 I cmd     : oneway function results will be dropped but finished with status OK and parcel size 4
04-23 20:48:21.481   158   158 I hwservicemanager: getTransport: Cannot find entry android.hardware.graphics.mapper@4.0::IMapper/default in either framework or device manifest.
04-23 20:48:21.481  7428  7428 I Gralloc4: mapper 4.x is not supported
04-23 20:48:21.530  7432  7434 I cmd     : oneway function results will be dropped but finished with status OK and parcel size 4
04-23 20:48:21.532  1599  1972 I MediaProvider: Begin Intent { act=android.intent.action.MEDIA_SCANNER_SCAN_FILE dat=file:///sdcard/screen_2026-04-23_204822.png flg=0x1400010 cmp=com.android.providers.media.module/com.android.providers.media.MediaService }
04-23 20:48:21.533  1599  1972 W ModernMediaScanner: Failed to visit /sdcard/screen_2026-04-23_204822.png: java.nio.file.AccessDeniedException: /sdcard/screen_2026-04-23_204822.png
04-23 20:48:21.534  1599  1972 I MediaProvider: Scanned internal due to REASON_DEMAND, found 0 items in 2ms, 0 inserts 0 updates 0 deletes
04-23 20:48:21.535  1599  1972 I MediaProvider: End Intent { act=android.intent.action.MEDIA_SCANNER_SCAN_FILE dat=file:///sdcard/screen_2026-04-23_204822.png flg=0x1400010 cmp=com.android.providers.media.module/com.android.providers.media.MediaService }
04-23 20:48:21.602  1599  1800 I MediaProvider: Deleted 1 items on external_primary due to com.android.shell
04-23 20:48:21.634  7443  7445 I cmd     : oneway function results will be dropped but finished with status OK and parcel size 4
04-23 20:48:21.722  7453  7453 E libc    : Access denied finding property "persist.device_config.runtime_native_boot.profilebootclasspath"
04-23 20:48:21.723  7453  7453 E libc    : Access denied finding property "persist.device_config.runtime_native_boot.enable_apex_image"
04-23 20:48:21.723  7453  7453 I AndroidRuntime: Using default boot image
04-23 20:48:21.723  7453  7453 E libc    : Access denied finding property "persist.device_config.runtime_native_boot.disable_lock_profiling"
04-23 20:48:21.723  7453  7453 I AndroidRuntime: Leaving lock profiling enabled
04-23 20:48:21.723  7453  7453 E libc    : Access denied finding property "persist.device_config.runtime_native_boot.enable_generational_cc"
04-23 20:48:21.724  7453  7453 I app_process: Core platform API reporting enabled, enforcing=false
04-23 20:48:21.776  7453  7453 W app_process: Unexpected CPU variant for X86 using defaults: x86_64
04-23 20:48:21.777  7453  7453 I app_process: The ClassLoaderContext is a special shared library.
04-23 20:48:21.784  7453  7453 W app_process: JNI RegisterNativeMethods: attempt to register 0 native methods for android.media.AudioAttributes
04-23 20:48:21.801   504   535 W InputReader: Device virtio_input_multi_touch_10 is associated with display ADISPLAY_ID_NONE.
04-23 20:48:21.801   504   535 W InputReader: Device virtio_input_multi_touch_7 is associated with display ADISPLAY_ID_NONE.
04-23 20:48:21.801   504   535 W InputReader: Device virtio_input_multi_touch_4 is associated with display ADISPLAY_ID_NONE.
04-23 20:48:21.801   504   535 W InputReader: Device virtio_input_multi_touch_5 is associated with display ADISPLAY_ID_NONE.
04-23 20:48:21.801   504   535 W InputReader: Device virtio_input_multi_touch_2 is associated with display ADISPLAY_ID_NONE.
04-23 20:48:21.801   504   535 W InputReader: Device virtio_input_multi_touch_6 is associated with display ADISPLAY_ID_NONE.
04-23 20:48:21.801   504   535 W InputReader: Device virtio_input_multi_touch_8 is associated with display ADISPLAY_ID_NONE.
04-23 20:48:21.801   504   535 W InputReader: Device virtio_input_multi_touch_9 is associated with display ADISPLAY_ID_NONE.
04-23 20:48:21.801   504   535 W InputReader: Device virtio_input_multi_touch_3 is associated with display ADISPLAY_ID_NONE.
04-23 20:48:21.801   504   535 W InputReader: Device virtio_input_multi_touch_11 is associated with display ADISPLAY_ID_NONE.
04-23 20:48:21.801   504   535 W InputReader: Device virtio_input_multi_touch_10 is associated with display ADISPLAY_ID_NONE.
04-23 20:48:21.801   504   535 W InputReader: Device virtio_input_multi_touch_7 is associated with display ADISPLAY_ID_NONE.
04-23 20:48:21.801   504   535 W InputReader: Device virtio_input_multi_touch_4 is associated with display ADISPLAY_ID_NONE.
04-23 20:48:21.801   504   535 W InputReader: Device virtio_input_multi_touch_5 is associated with display ADISPLAY_ID_NONE.
04-23 20:48:21.801   504   535 W InputReader: Device virtio_input_multi_touch_2 is associated with display ADISPLAY_ID_NONE.
04-23 20:48:21.801   504   535 W InputReader: Device virtio_input_multi_touch_6 is associated with display ADISPLAY_ID_NONE.
04-23 20:48:21.801   504   535 W InputReader: Device virtio_input_multi_touch_8 is associated with display ADISPLAY_ID_NONE.
04-23 20:48:21.801   504   535 W InputReader: Device virtio_input_multi_touch_9 is associated with display ADISPLAY_ID_NONE.
04-23 20:48:21.801   504   535 W InputReader: Device virtio_input_multi_touch_3 is associated with display ADISPLAY_ID_NONE.
04-23 20:48:21.801   504   535 W InputReader: Device virtio_input_multi_touch_11 is associated with display ADISPLAY_ID_NONE.
04-23 20:48:22.380     0     0 W perfetto: disabled ftrace
04-23 20:48:21.824   423   423 I perfetto: probes_producer.cc:329  Producer stop (id=17)
04-23 20:48:21.828   424   424 I perfetto: ng_service_impl.cc:1948 Tracing session 17 ended, total sessions:0
04-23 20:48:21.828   423   423 I perfetto: ftrace_procfs.cc:183    disabled ftrace
04-23 20:48:21.905  6144  6144 I QSB.SuggestionsProviderImpl: chars:0,source:Source{name=com.android.quicksearchbox/.google.GoogleSearch}
04-23 20:48:22.089   504   504 W NotificationHistory: Attempted to add notif for locked/gone/disabled user 0
04-23 20:48:23.350   158   158 I hwservicemanager: getTransport: Cannot find entry android.hardware.graphics.mapper@4.0::IMapper/default in either framework or device manifest.
04-23 20:48:23.350  7494  7494 I Gralloc4: mapper 4.x is not supported
04-23 20:48:23.395  7498  7500 I cmd     : oneway function results will be dropped but finished with status OK and parcel size 4
04-23 20:48:23.396  1599  1972 I MediaProvider: Begin Intent { act=android.intent.action.MEDIA_SCANNER_SCAN_FILE dat=file:///sdcard/screen_2026-04-23_204824.png flg=0x1400010 cmp=com.android.providers.media.module/com.android.providers.media.MediaService }
04-23 20:48:23.392  1599  1599 W com.android.providers.media.module: type=1400 audit(0.0:672): avc: denied { read } for comm=4173796E635461736B202331 name="primary" dev="tmpfs" ino=28662 scontext=u:r:mediaprovider_app:s0:c123,c256,c512,c768 tcontext=u:object_r:mnt_pass_through_file:s0 tclass=lnk_file permissive=0 app=com.android.providers.media.module
04-23 20:48:23.953     0     0 W audit   : audit_lost=438 audit_rate_limit=5 audit_backlog_limit=64
04-23 20:48:23.968     0     0 E audit   : rate limit exceeded
04-23 20:48:23.392  1599  1599 W com.android.providers.media.module: type=1400 audit(0.0:673): avc: denied { read } for comm=4173796E635461736B202331 name="primary" dev="tmpfs" ino=28662 scontext=u:r:mediaprovider_app:s0:c123,c256,c512,c768 tcontext=u:object_r:mnt_pass_through_file:s0 tclass=lnk_file permissive=0 app=com.android.providers.media.module
04-23 20:48:23.425  1599  1972 W ModernMediaScanner: Failed to visit /sdcard/screen_2026-04-23_204824.png: java.nio.file.AccessDeniedException: /sdcard/screen_2026-04-23_204824.png
04-23 20:48:23.425  1599  1972 I MediaProvider: Scanned internal due to REASON_DEMAND, found 0 items in 29ms, 0 inserts 0 updates 0 deletes
04-23 20:48:23.426  1599  1972 I MediaProvider: End Intent { act=android.intent.action.MEDIA_SCANNER_SCAN_FILE dat=file:///sdcard/screen_2026-04-23_204824.png flg=0x1400010 cmp=com.android.providers.media.module/com.android.providers.media.MediaService }
04-23 20:48:23.392  1599  1599 W com.android.providers.media.module: type=1400 audit(0.0:674): avc: denied { read } for comm=4173796E635461736B202331 name="primary" dev="tmpfs" ino=28662 scontext=u:r:mediaprovider_app:s0:c123,c256,c512,c768 tcontext=u:object_r:mnt_pass_through_file:s0 tclass=lnk_file permissive=0 app=com.android.providers.media.module
04-23 20:48:23.531  1599  2495 I MediaProvider: Deleted 1 items on external_primary due to com.android.shell
04-23 20:48:23.563  7511  7513 I cmd     : oneway function results will be dropped but finished with status OK and parcel size 4
04-23 20:48:23.714   158   158 I hwservicemanager: getTransport: Cannot find entry android.hardware.graphics.mapper@4.0::IMapper/default in either framework or device manifest.
04-23 20:48:23.714  7533  7533 I Gralloc4: mapper 4.x is not supported
04-23 20:48:23.764  1599  1972 I MediaProvider: Begin Intent { act=android.intent.action.MEDIA_SCANNER_SCAN_FILE dat=file:///sdcard/screen_2026-04-23_204824.png flg=0x1400010 cmp=com.android.providers.media.module/com.android.providers.media.MediaService }
04-23 20:48:23.765  1599  1972 W ModernMediaScanner: Failed to visit /sdcard/screen_2026-04-23_204824.png: java.nio.file.AccessDeniedException: /sdcard/screen_2026-04-23_204824.png
04-23 20:48:23.766  1599  1972 I MediaProvider: Scanned internal due to REASON_DEMAND, found 0 items in 1ms, 0 inserts 0 updates 0 deletes
04-23 20:48:23.767  1599  1972 I MediaProvider: End Intent { act=android.intent.action.MEDIA_SCANNER_SCAN_FILE dat=file:///sdcard/screen_2026-04-23_204824.png flg=0x1400010 cmp=com.android.providers.media.module/com.android.providers.media.MediaService }
04-23 20:48:23.834  1599  1799 I MediaProvider: Deleted 1 items on external_primary due to com.android.shell
04-23 20:48:23.866  7548  7550 I cmd     : oneway function results will be dropped but finished with status OK and parcel size 4
04-23 20:48:24.025   158   158 I hwservicemanager: getTransport: Cannot find entry android.hardware.graphics.mapper@4.0::IMapper/default in either framework or device manifest.
04-23 20:48:24.026  7570  7570 I Gralloc4: mapper 4.x is not supported
04-23 20:48:24.070  7574  7576 I cmd     : oneway function results will be dropped but finished with status OK and parcel size 4
04-23 20:48:24.071  1599  1972 I MediaProvider: Begin Intent { act=android.intent.action.MEDIA_SCANNER_SCAN_FILE dat=file:///sdcard/screen_2026-04-23_204825.png flg=0x1400010 cmp=com.android.providers.media.module/com.android.providers.media.MediaService }
04-23 20:48:24.072  1599  1972 W ModernMediaScanner: Failed to visit /sdcard/screen_2026-04-23_204825.png: java.nio.file.AccessDeniedException: /sdcard/screen_2026-04-23_204825.png
04-23 20:48:24.073  1599  1972 I MediaProvider: Scanned internal due to REASON_DEMAND, found 0 items in 2ms, 0 inserts 0 updates 0 deletes
04-23 20:48:24.075  1599  1972 I MediaProvider: End Intent { act=android.intent.action.MEDIA_SCANNER_SCAN_FILE dat=file:///sdcard/screen_2026-04-23_204825.png flg=0x1400010 cmp=com.android.providers.media.module/com.android.providers.media.MediaService }
04-23 20:48:24.100  1599  1800 I MediaProvider: Deleted 1 items on external_primary due to com.android.shell
04-23 20:48:24.131  7585  7587 I cmd     : oneway function results will be dropped but finished with status OK and parcel size 4
04-23 20:48:24.196  7600  7602 I cmd     : oneway function results will be dropped but finished with status OK and parcel size 4
04-23 20:48:24.258  7615  7617 I cmd     : oneway function results will be dropped but finished with status OK and parcel size 4
04-23 20:48:24.320  7630  7632 I cmd     : oneway function results will be dropped but finished with status OK and parcel size 4
04-23 20:48:24.419  7642  7642 E libc    : Access denied finding property "persist.device_config.runtime_native_boot.profilebootclasspath"
04-23 20:48:24.419  7642  7642 E libc    : Access denied finding property "persist.device_config.runtime_native_boot.enable_apex_image"
04-23 20:48:24.419  7642  7642 I AndroidRuntime: Using default boot image
04-23 20:48:24.419  7642  7642 E libc    : Access denied finding property "persist.device_config.runtime_native_boot.disable_lock_profiling"
04-23 20:48:24.419  7642  7642 I AndroidRuntime: Leaving lock profiling enabled
04-23 20:48:24.419  7642  7642 E libc    : Access denied finding property "persist.device_config.runtime_native_boot.enable_generational_cc"
04-23 20:48:24.420  7642  7642 I app_process: Core platform API reporting enabled, enforcing=false
04-23 20:48:24.412  7642  7642 W app_process: type=1400 audit(0.0:690): avc: denied { read } for name="u:object_r:device_config_runtime_native_boot_prop:s0" dev="tmpfs" ino=8290 scontext=u:r:shell:s0 tcontext=u:object_r:device_config_runtime_native_boot_prop:s0 tclass=file permissive=0
04-23 20:48:24.470  7642  7642 W app_process: Unexpected CPU variant for X86 using defaults: x86_64
04-23 20:48:24.471  7642  7642 I app_process: The ClassLoaderContext is a special shared library.
04-23 20:48:24.477  7642  7642 W app_process: JNI RegisterNativeMethods: attempt to register 0 native methods for android.media.AudioAttributes
04-23 20:48:24.416  7642  7642 W app_process: type=1400 audit(0.0:693): avc: denied { read } for name="u:object_r:device_config_runtime_native_boot_prop:s0" dev="tmpfs" ino=8290 scontext=u:r:shell:s0 tcontext=u:object_r:device_config_runtime_native_boot_prop:s0 tclass=file permissive=0
04-23 20:48:24.695   504   798 I system_server: oneway function results will be dropped but finished with status OK and parcel size 4
04-23 20:48:25.385   504  1408 E TaskPersister: File error accessing recents directory (directory doesn't exist?).
04-23 20:48:24.695   504   798 I chatty  : uid=1000(system) Binder:504_6 identical 1 line
04-23 20:48:24.829   504   798 I system_server: oneway function results will be dropped but finished with status OK and parcel size 4
04-23 20:48:26.227   158   158 I hwservicemanager: getTransport: Cannot find entry android.hardware.graphics.mapper@4.0::IMapper/default in either framework or device manifest.
