04-23 20:48:26.227  7674  7674 I Gralloc4: mapper 4.x is not supported
04-23 20:48:26.278  7678  7680 I cmd     : oneway function results will be dropped but finished with status OK and parcel size 4
04-23 20:48:26.279  1599  1972 I MediaProvider: Begin Intent { act=android.intent.action.MEDIA_SCANNER_SCAN_FILE dat=file:///sdcard/screen_2026-04-23_204827.png flg=0x1400010 cmp=com.android.providers.media.module/com.android.providers.media.MediaService }
04-23 20:48:26.280  1599  1972 W ModernMediaScanner: Failed to visit /sdcard/screen_2026-04-23_204827.png: java.nio.file.AccessDeniedException: /sdcard/screen_2026-04-23_204827.png
04-23 20:48:26.281  1599  1972 I MediaProvider: Scanned internal due to REASON_DEMAND, found 0 items in 0ms, 0 inserts 0 updates 0 deletes
04-23 20:48:26.281  1599  1972 I MediaProvider: End Intent { act=android.intent.action.MEDIA_SCANNER_SCAN_FILE dat=file:///sdcard/screen_2026-04-23_204827.png flg=0x1400010 cmp=com.android.providers.media.module/com.android.providers.media.MediaService }
04-23 20:48:26.276  1599  1599 W com.android.providers.media.module: type=1400 audit(0.0:694): avc: denied { read } for comm=4173796E635461736B202331 name="primary" dev="tmpfs" ino=28662 scontext=u:r:mediaprovider_app:s0:c123,c256,c512,c768 tcontext=u:object_r:mnt_pass_through_file:s0 tclass=lnk_file permissive=0 app=com.android.providers.media.module
04-23 20:48:26.350  1599  2495 I MediaProvider: Deleted 1 items on external_primary due to com.android.shell
04-23 20:48:26.276  1599  1599 W com.android.providers.media.module: type=1400 audit(0.0:697): avc: denied { read } for comm=4173796E635461736B202331 name="primary" dev="tmpfs" ino=28662 scontext=u:r:mediaprovider_app:s0:c123,c256,c512,c768 tcontext=u:object_r:mnt_pass_through_file:s0 tclass=lnk_file permissive=0 app=com.android.providers.media.module
04-23 20:48:26.393  7689  7690 I cmd     : oneway function results will be dropped but finished with status OK and parcel size 4
04-23 20:48:26.558   158   158 I hwservicemanager: getTransport: Cannot find entry android.hardware.graphics.mapper@4.0::IMapper/default in either framework or device manifest.
04-23 20:48:26.559  7711  7711 I Gralloc4: mapper 4.x is not supported
04-23 20:48:26.619  1599  1972 I MediaProvider: Begin Intent { act=android.intent.action.MEDIA_SCANNER_SCAN_FILE dat=file:///sdcard/screen_2026-04-23_204827.png flg=0x1400010 cmp=com.android.providers.media.module/com.android.providers.media.MediaService }
04-23 20:48:27.175     0     0 W audit   : audit_lost=451 audit_rate_limit=5 audit_backlog_limit=64
04-23 20:48:27.187     0     0 E audit   : rate limit exceeded
04-23 20:48:26.636  1599  1972 W ModernMediaScanner: Failed to visit /sdcard/screen_2026-04-23_204827.png: java.nio.file.AccessDeniedException: /sdcard/screen_2026-04-23_204827.png
04-23 20:48:26.636  1599  1972 I MediaProvider: Scanned internal due to REASON_DEMAND, found 0 items in 1ms, 0 inserts 0 updates 0 deletes
04-23 20:48:26.637  1599  1972 I MediaProvider: End Intent { act=android.intent.action.MEDIA_SCANNER_SCAN_FILE dat=file:///sdcard/screen_2026-04-23_204827.png flg=0x1400010 cmp=com.android.providers.media.module/com.android.providers.media.MediaService }
04-23 20:48:26.657  1599  1799 I MediaProvider: Deleted 1 items on external_primary due to com.android.shell
04-23 20:48:26.699   504   539 I DropBoxManagerService: add tag=system_app_strictmode isTagEnabled=true flags=0x2
04-23 20:48:26.701  7728  7729 I cmd     : oneway function results will be dropped but finished with status OK and parcel size 4
04-23 20:48:26.858   158   158 I hwservicemanager: getTransport: Cannot find entry android.hardware.graphics.mapper@4.0::IMapper/default in either framework or device manifest.
04-23 20:48:26.859  7751  7751 I Gralloc4: mapper 4.x is not supported
04-23 20:48:26.912  1599  1972 I MediaProvider: Begin Intent { act=android.intent.action.MEDIA_SCANNER_SCAN_FILE dat=file:///sdcard/screen_2026-04-23_204827.png flg=0x1400010 cmp=com.android.providers.media.module/com.android.providers.media.MediaService }
04-23 20:48:26.913  1599  1972 W ModernMediaScanner: Failed to visit /sdcard/screen_2026-04-23_204827.png: java.nio.file.AccessDeniedException: /sdcard/screen_2026-04-23_204827.png
04-23 20:48:26.913  1599  1972 I MediaProvider: Scanned internal due to REASON_DEMAND, found 0 items in 1ms, 0 inserts 0 updates 0 deletes
04-23 20:48:26.914  1599  1972 I MediaProvider: End Intent { act=android.intent.action.MEDIA_SCANNER_SCAN_FILE dat=file:///sdcard/screen_2026-04-23_204827.png flg=0x1400010 cmp=com.android.providers.media.module/com.android.providers.media.MediaService }
04-23 20:48:26.984  1599  1800 I MediaProvider: Deleted 1 items on external_primary due to com.android.shell
04-23 20:48:27.077   504  1109 I ActivityTaskManager: START u0 {act=android.intent.action.MAIN cat=[android.intent.category.LAUNCHER] flg=0x10000000 cmp=co.touchlab.kampkit/.android.MainActivity} from uid 2000
04-23 20:48:27.077   424   424 I perfetto: ing_service_impl.cc:758 Configured tracing session 18, #sources:1, duration:5000 ms, #buffers:1, total buffer size:4096 KB, total sessions:1, uid:1071 session name: ""
04-23 20:48:27.077   423   423 I perfetto: probes_producer.cc:230  Ftrace setup (target_buf=18)
04-23 20:48:27.082  7778  7780 I cmd     : oneway function results will be dropped but finished with status OK and parcel size 4
04-23 20:48:27.084   504  1109 W ActivityTaskManager: Tried to set launchTime (0) < mLastActivityLaunchTime (109885)
04-23 20:48:27.084   504  1109 W InputReader: Device virtio_input_multi_touch_10 is associated with display ADISPLAY_ID_NONE.
04-23 20:48:27.084   504  1109 W InputReader: Device virtio_input_multi_touch_7 is associated with display ADISPLAY_ID_NONE.
04-23 20:48:27.084   504  1109 W InputReader: Device virtio_input_multi_touch_4 is associated with display ADISPLAY_ID_NONE.
04-23 20:48:27.084   504  1109 W InputReader: Device virtio_input_multi_touch_5 is associated with display ADISPLAY_ID_NONE.
04-23 20:48:27.084   504  1109 W InputReader: Device virtio_input_multi_touch_2 is associated with display ADISPLAY_ID_NONE.
04-23 20:48:27.084   504  1109 W InputReader: Device virtio_input_multi_touch_6 is associated with display ADISPLAY_ID_NONE.
04-23 20:48:27.084   504  1109 W InputReader: Device virtio_input_multi_touch_8 is associated with display ADISPLAY_ID_NONE.
04-23 20:48:27.084   504  1109 W InputReader: Device virtio_input_multi_touch_9 is associated with display ADISPLAY_ID_NONE.
04-23 20:48:27.084   504  1109 W InputReader: Device virtio_input_multi_touch_3 is associated with display ADISPLAY_ID_NONE.
04-23 20:48:27.084   504  1109 W InputReader: Device virtio_input_multi_touch_11 is associated with display ADISPLAY_ID_NONE.
04-23 20:48:27.084   504  1109 W InputReader: Device virtio_input_multi_touch_10 is associated with display ADISPLAY_ID_NONE.
04-23 20:48:27.084   504  1109 W InputReader: Device virtio_input_multi_touch_7 is associated with display ADISPLAY_ID_NONE.
04-23 20:48:27.084   504  1109 W InputReader: Device virtio_input_multi_touch_4 is associated with display ADISPLAY_ID_NONE.
04-23 20:48:27.084   504  1109 W InputReader: Device virtio_input_multi_touch_5 is associated with display ADISPLAY_ID_NONE.
04-23 20:48:27.084   504  1109 W InputReader: Device virtio_input_multi_touch_2 is associated with display ADISPLAY_ID_NONE.
04-23 20:48:27.084   504  1109 W InputReader: Device virtio_input_multi_touch_6 is associated with display ADISPLAY_ID_NONE.
04-23 20:48:27.084   504  1109 W InputReader: Device virtio_input_multi_touch_8 is associated with display ADISPLAY_ID_NONE.
04-23 20:48:27.084   504  1109 W InputReader: Device virtio_input_multi_touch_9 is associated with display ADISPLAY_ID_NONE.
04-23 20:48:27.084   504  1109 W InputReader: Device virtio_input_multi_touch_3 is associated with display ADISPLAY_ID_NONE.
04-23 20:48:27.084   504  1109 W InputReader: Device virtio_input_multi_touch_11 is associated with display ADISPLAY_ID_NONE.
04-23 20:48:27.099   423   423 I perfetto: ftrace_procfs.cc:176    enabled ftrace
04-23 20:48:27.646     0     0 W perfetto: enabled ftrace
04-23 20:48:27.101   504  4809 E ClipboardService: Denying clipboard access to com.android.quicksearchbox, application is not in focus nor is it a system service for user 0
04-23 20:48:27.103   504  1109 E ClipboardService: Denying clipboard access to com.android.quicksearchbox, application is not in focus nor is it a system service for user 0
04-23 20:48:27.108   504  4809 E ClipboardService: Denying clipboard access to com.android.quicksearchbox, application is not in focus nor is it a system service for user 0
04-23 20:48:27.195   504   545 I ActivityTaskManager: Displayed co.touchlab.kampkit/.android.MainActivity: +106ms
04-23 20:48:27.420   288  6164 W android.hardware.audio.service.ranchu: TinyalsaSink::write:125 pcm_write was late reading frames, dropping 22131 us of audio
04-23 20:48:27.794   504   535 I system_server: oneway function results will be dropped but finished with status OK and parcel size 4
04-23 20:48:28.278   158   158 I hwservicemanager: getTransport: Cannot find entry android.hardware.graphics.mapper@4.0::IMapper/default in either framework or device manifest.
04-23 20:48:28.278  7834  7834 I Gralloc4: mapper 4.x is not supported
04-23 20:48:28.335  7846  7848 I cmd     : oneway function results will be dropped but finished with status OK and parcel size 4
04-23 20:48:28.335  1599  1972 I MediaProvider: Begin Intent { act=android.intent.action.MEDIA_SCANNER_SCAN_FILE dat=file:///sdcard/screen_2026-04-23_204829.png flg=0x1400010 cmp=com.android.providers.media.module/com.android.providers.media.MediaService }
04-23 20:48:28.332  1599  1599 W com.android.providers.media.module: type=1400 audit(0.0:712): avc: denied { read } for comm=4173796E635461736B202331 name="primary" dev="tmpfs" ino=28662 scontext=u:r:mediaprovider_app:s0:c123,c256,c512,c768 tcontext=u:object_r:mnt_pass_through_file:s0 tclass=lnk_file permissive=0 app=com.android.providers.media.module
04-23 20:48:28.899     0     0 W audit   : audit_lost=463 audit_rate_limit=5 audit_backlog_limit=64
04-23 20:48:28.923     0     0 E audit   : rate limit exceeded
04-23 20:48:28.383  1599  1972 W ModernMediaScanner: Failed to visit /sdcard/screen_2026-04-23_204829.png: java.nio.file.AccessDeniedException: /sdcard/screen_2026-04-23_204829.png
04-23 20:48:28.384  1599  1972 I MediaProvider: Scanned internal due to REASON_DEMAND, found 0 items in 40ms, 0 inserts 0 updates 0 deletes
04-23 20:48:28.384  1599  1972 I MediaProvider: End Intent { act=android.intent.action.MEDIA_SCANNER_SCAN_FILE dat=file:///sdcard/screen_2026-04-23_204829.png flg=0x1400010 cmp=com.android.providers.media.module/com.android.providers.media.MediaService }
04-23 20:48:28.332  1599  1599 W com.android.providers.media.module: type=1400 audit(0.0:713): avc: denied { read } for comm=4173796E635461736B202331 name="primary" dev="tmpfs" ino=28662 scontext=u:r:mediaprovider_app:s0:c123,c256,c512,c768 tcontext=u:object_r:mnt_pass_through_file:s0 tclass=lnk_file permissive=0 app=com.android.providers.media.module
04-23 20:48:28.405  1599  1799 I MediaProvider: Deleted 1 items on external_primary due to com.android.shell
04-23 20:48:28.332  1599  1599 W com.android.providers.media.module: type=1400 audit(0.0:714): avc: denied { read } for comm=4173796E635461736B202331 name="primary" dev="tmpfs" ino=28662 scontext=u:r:mediaprovider_app:s0:c123,c256,c512,c768 tcontext=u:object_r:mnt_pass_through_file:s0 tclass=lnk_file permissive=0 app=com.android.providers.media.module
04-23 20:48:28.487  7866  7869 I cmd     : oneway function results will be dropped but finished with status OK and parcel size 4
04-23 20:48:28.679   158   158 I hwservicemanager: getTransport: Cannot find entry android.hardware.graphics.mapper@4.0::IMapper/default in either framework or device manifest.
04-23 20:48:28.679  7895  7895 I Gralloc4: mapper 4.x is not supported
04-23 20:48:28.731  7899  7901 I cmd     : oneway function results will be dropped but finished with status OK and parcel size 4
04-23 20:48:28.731  1599  1972 I MediaProvider: Begin Intent { act=android.intent.action.MEDIA_SCANNER_SCAN_FILE dat=file:///sdcard/screen_2026-04-23_204829.png flg=0x1400010 cmp=com.android.providers.media.module/com.android.providers.media.MediaService }
04-23 20:48:28.733  1599  1972 W ModernMediaScanner: Failed to visit /sdcard/screen_2026-04-23_204829.png: java.nio.file.AccessDeniedException: /sdcard/screen_2026-04-23_204829.png
04-23 20:48:28.733  1599  1972 I MediaProvider: Scanned internal due to REASON_DEMAND, found 0 items in 1ms, 0 inserts 0 updates 0 deletes
04-23 20:48:28.740  1599  1972 I MediaProvider: End Intent { act=android.intent.action.MEDIA_SCANNER_SCAN_FILE dat=file:///sdcard/screen_2026-04-23_204829.png flg=0x1400010 cmp=com.android.providers.media.module/com.android.providers.media.MediaService }
04-23 20:48:28.803  1599  2495 I MediaProvider: Deleted 1 items on external_primary due to com.android.shell
04-23 20:48:28.990   158   158 I hwservicemanager: getTransport: Cannot find entry android.hardware.graphics.mapper@4.0::IMapper/default in either framework or device manifest.
04-23 20:48:28.991  7934  7934 I Gralloc4: mapper 4.x is not supported
04-23 20:48:29.047  7938  7940 I cmd     : oneway function results will be dropped but finished with status OK and parcel size 4
04-23 20:48:29.049  1599  1972 I MediaProvider: Begin Intent { act=android.intent.action.MEDIA_SCANNER_SCAN_FILE dat=file:///sdcard/screen_2026-04-23_204830.png flg=0x1400010 cmp=com.android.providers.media.module/com.android.providers.media.MediaService }
04-23 20:48:29.050  1599  1972 W ModernMediaScanner: Failed to visit /sdcard/screen_2026-04-23_204830.png: java.nio.file.AccessDeniedException: /sdcard/screen_2026-04-23_204830.png
04-23 20:48:29.051  1599  1972 I MediaProvider: Scanned internal due to REASON_DEMAND, found 0 items in 1ms, 0 inserts 0 updates 0 deletes
04-23 20:48:29.051  1599  1972 I MediaProvider: End Intent { act=android.intent.action.MEDIA_SCANNER_SCAN_FILE dat=file:///sdcard/screen_2026-04-23_204830.png flg=0x1400010 cmp=com.android.providers.media.module/com.android.providers.media.MediaService }
04-23 20:48:29.076  1599  1800 I MediaProvider: Deleted 1 items on external_primary due to com.android.shell
04-23 20:48:29.111  7949  7951 I cmd     : oneway function results will be dropped but finished with status OK and parcel size 4
04-23 20:48:29.181  7964  7966 I cmd     : oneway function results will be dropped but finished with status OK and parcel size 4
04-23 20:48:29.244  7979  7981 I cmd     : oneway function results will be dropped but finished with status OK and parcel size 4
04-23 20:48:29.311  7994  7996 I cmd     : oneway function results will be dropped but finished with status OK and parcel size 4
04-23 20:48:29.409  8006  8006 E libc    : Access denied finding property "persist.device_config.runtime_native_boot.profilebootclasspath"
04-23 20:48:29.409  8006  8006 E libc    : Access denied finding property "persist.device_config.runtime_native_boot.enable_apex_image"
04-23 20:48:29.409  8006  8006 I AndroidRuntime: Using default boot image
04-23 20:48:29.409  8006  8006 E libc    : Access denied finding property "persist.device_config.runtime_native_boot.disable_lock_profiling"
04-23 20:48:29.409  8006  8006 I AndroidRuntime: Leaving lock profiling enabled
04-23 20:48:29.410  8006  8006 E libc    : Access denied finding property "persist.device_config.runtime_native_boot.enable_generational_cc"
04-23 20:48:29.411  8006  8006 I app_process: Core platform API reporting enabled, enforcing=false
04-23 20:48:29.404  8006  8006 W app_process: type=1400 audit(0.0:730): avc: denied { read } for name="u:object_r:device_config_runtime_native_boot_prop:s0" dev="tmpfs" ino=8290 scontext=u:r:shell:s0 tcontext=u:object_r:device_config_runtime_native_boot_prop:s0 tclass=file permissive=0
04-23 20:48:29.462  8006  8006 W app_process: Unexpected CPU variant for X86 using defaults: x86_64
04-23 20:48:29.463  8006  8006 I app_process: The ClassLoaderContext is a special shared library.
04-23 20:48:29.404  8006  8006 W app_process: type=1400 audit(0.0:732): avc: denied { read } for name="u:object_r:device_config_runtime_native_boot_prop:s0" dev="tmpfs" ino=8290 scontext=u:r:shell:s0 tcontext=u:object_r:device_config_runtime_native_boot_prop:s0 tclass=file permissive=0
04-23 20:48:29.485  8006  8006 W app_process: JNI RegisterNativeMethods: attempt to register 0 native methods for android.media.AudioAttributes
04-23 20:48:29.695  5117  5117 I DatabaseHelper: Breed 1: Favorited true
04-23 20:48:29.804  2103  2103 E AccessibilityInteractionClient: 2 Disconnected nodes.
04-23 20:48:30.609   504  1408 E TaskPersister: File error accessing recents directory (directory doesn't exist?).
04-23 20:48:31.236   158   158 I hwservicemanager: getTransport: Cannot find entry android.hardware.graphics.mapper@4.0::IMapper/default in either framework or device manifest.
04-23 20:48:31.237  8040  8040 I Gralloc4: mapper 4.x is not supported
04-23 20:48:31.294  1599  1972 I MediaProvider: Begin Intent { act=android.intent.action.MEDIA_SCANNER_SCAN_FILE dat=file:///sdcard/screen_2026-04-23_204832.png flg=0x1400010 cmp=com.android.providers.media.module/com.android.providers.media.MediaService }
04-23 20:48:31.296  1599  1972 W ModernMediaScanner: Failed to visit /sdcard/screen_2026-04-23_204832.png: java.nio.file.AccessDeniedException: /sdcard/screen_2026-04-23_204832.png
04-23 20:48:31.297  1599  1972 I MediaProvider: Scanned internal due to REASON_DEMAND, found 0 items in 0ms, 0 inserts 0 updates 0 deletes
04-23 20:48:31.298  1599  1972 I MediaProvider: End Intent { act=android.intent.action.MEDIA_SCANNER_SCAN_FILE dat=file:///sdcard/screen_2026-04-23_204832.png flg=0x1400010 cmp=com.android.providers.media.module/com.android.providers.media.MediaService }
04-23 20:48:31.288  1599  1599 W com.android.providers.media.module: type=1400 audit(0.0:734): avc: denied { read } for comm=4173796E635461736B202331 name="primary" dev="tmpfs" ino=28662 scontext=u:r:mediaprovider_app:s0:c123,c256,c512,c768 tcontext=u:object_r:mnt_pass_through_file:s0 tclass=lnk_file permissive=0 app=com.android.providers.media.module
