--------- beginning of main
04-23 20:46:59.068   504   600 W InputDispatcher: Still no focused window. Will drop the event in 4933ms
04-23 20:46:59.116  1763  1763 I id.printspoole: The ClassLoaderContext is a special shared library.
04-23 20:46:59.160   504   600 W InputDispatcher: Still no focused window. Will drop the event in 4841ms
04-23 20:46:59.177   504   600 W InputDispatcher: Still no focused window. Will drop the event in 4824ms
04-23 20:46:59.178  1736  1752 W MediaProvider: No column annotation provided; not creating views
04-23 20:46:59.179  1736  1752 W MediaProvider: No column annotation provided; not creating views
04-23 20:46:59.189  1713  1754 I ContactsProviderV1: Bootstrapping database legacy support
04-23 20:46:59.196   924  1688 E FrameEvents: updateAcquireFence: Did not find frame.
04-23 20:46:59.208   504   600 W InputDispatcher: Still no focused window. Will drop the event in 4793ms
04-23 20:46:59.211   924  1688 E FrameEvents: updateAcquireFence: Did not find frame.
04-23 20:46:59.218   504  1680 I chatty  : uid=1000(system) Binder:504_F identical 3 lines
04-23 20:46:59.225   702  1190 I HeadsetPhoneState: stopListenForPhoneState(), no listener indicates nothing is listening
04-23 20:46:59.225   702  1190 W HeadsetPhoneState: startListenForPhoneState, no event to listen
04-23 20:46:59.226   504   649 W BestClock: java.time.DateTimeException: Missing NTP fix
04-23 20:46:59.229   504   649 W BestClock: java.time.DateTimeException: Missing NTP fix
04-23 20:46:59.238  1045  1045 I VvmSimStateTracker: android.intent.action.SIM_STATE_CHANGED
--------- beginning of system
04-23 20:46:59.255   504   547 I ActivityManager: Start proc 1810:com.android.managedprovisioning/u0a74 for broadcast {com.android.managedprovisioning/com.android.managedprovisioning.ota.PreBootListener}
04-23 20:46:59.279  1810  1810 W gedprovisionin: Unexpected CPU variant for X86 using defaults: x86_64
04-23 20:46:59.289  1713  1754 I CallLogDatabaseHelper: Migrating from old tables...
04-23 20:46:59.289  1713  1754 I CallLogDatabaseHelper: Source tables don't exist.
04-23 20:46:59.296  1713  1755 W d.process.acor: Long monitor contention with owner Worker-1 (1754) at android.database.sqlite.SQLiteDatabase android.database.sqlite.SQLiteOpenHelper.getReadableDatabase()(SQLiteOpenHelper.java:340) waiters=0 in android.database.sqlite.SQLiteDatabase android.database.sqlite.SQLiteOpenHelper.getReadableDatabase() for 502ms
04-23 20:46:59.303   924   924 W System  : ClassLoader referenced unknown path: 
04-23 20:46:59.308   504   535 I chatty  : uid=1000(system) Binder:504_2 identical 2 lines
04-23 20:46:59.311   504   649 W BestClock: java.time.DateTimeException: Missing NTP fix
04-23 20:46:59.311   702  1190 I HeadsetPhoneState: stopListenForPhoneState(), no listener indicates nothing is listening
04-23 20:46:59.311   702  1190 W HeadsetPhoneState: startListenForPhoneState, no event to listen
04-23 20:46:59.313   504   649 W BestClock: java.time.DateTimeException: Missing NTP fix
04-23 20:46:59.313   504   545 I system_server: Using smaps_rollup for pss collection
04-23 20:46:59.317   392   400 I adbd    : jdwp connection from 1810
04-23 20:46:59.324   504   820 W InputReader: Device virtio_input_multi_touch_10 is associated with display ADISPLAY_ID_NONE.
04-23 20:46:59.324   504   820 W InputReader: Device virtio_input_multi_touch_7 is associated with display ADISPLAY_ID_NONE.
04-23 20:46:59.324   504   820 W InputReader: Device virtio_input_multi_touch_4 is associated with display ADISPLAY_ID_NONE.
04-23 20:46:59.324   504   820 W InputReader: Device virtio_input_multi_touch_5 is associated with display ADISPLAY_ID_NONE.
04-23 20:46:59.324   504   820 W InputReader: Device virtio_input_multi_touch_2 is associated with display ADISPLAY_ID_NONE.
04-23 20:46:59.324   504   820 W InputReader: Device virtio_input_multi_touch_6 is associated with display ADISPLAY_ID_NONE.
04-23 20:46:59.324   504   820 W InputReader: Device virtio_input_multi_touch_8 is associated with display ADISPLAY_ID_NONE.
04-23 20:46:59.324   504   820 W InputReader: Device virtio_input_multi_touch_9 is associated with display ADISPLAY_ID_NONE.
04-23 20:46:59.324   504   820 W InputReader: Device virtio_input_multi_touch_3 is associated with display ADISPLAY_ID_NONE.
04-23 20:46:59.324   504   820 W InputReader: Device virtio_input_multi_touch_11 is associated with display ADISPLAY_ID_NONE.
04-23 20:46:59.326  1713  1755 I CallLogDatabaseHelper: Migrating from old tables...
04-23 20:46:59.326  1713  1755 I CallLogDatabaseHelper: Source tables don't exist.
04-23 20:46:59.332   504   600 W InputDispatcher: Still no focused window. Will drop the event in 4669ms
04-23 20:46:59.341   504   600 W InputDispatcher: Still no focused window. Will drop the event in 4659ms
04-23 20:46:59.359   504   600 W InputDispatcher: Still no focused window. Will drop the event in 4641ms
04-23 20:46:59.360  1713  1759 I ContactLocale: AddressBook Labels [[en_US]]: […, A, B, C, D, E, F, G, H, I, J, K, L, M, N, O, P, Q, R, S, T, U, V, W, X, Y, Z, Α, Β, Γ, Δ, Ε, Ζ, Η, Θ, Ι, Κ, Λ, Μ, Ν, Ξ, Ο, Π, Ρ, Σ, Τ, Υ, Φ, Χ, Ψ, Ω, …, А, Б, В, Г, Д, Ђ, Е, Є, Ж, З, И, І, Й, Ј, К, Л, Љ, М, Н, Њ, О, П, Р, С, Т, Ћ, У, Ф, Х, Ц, Ч, Џ, Ш, Щ, Ю, Я, …, א, ב, ג, ד, ה, ו, ז, ח, ט, י, כ, ל, מ, נ, ס, ע, פ, צ, ק, ר, ש, ת, …, ا, ب, ت, ث, ج, ح, خ, د, ذ, ر, ز, س, ش, ص, ض, ط, ظ, ع, غ, ف, ق, ك, ل, م, ن, ه, و, ي, …, ก, ข, ฃ, ค, ฅ, ฆ, ง, จ, ฉ, ช, ซ, ฌ, ญ, ฎ, ฏ, ฐ, ฑ, ฒ, ณ, ด, ต, ถ, ท, ธ, น, บ, ป, ผ, ฝ, พ, ฟ, ภ, ม, ย, ร, ฤ, ล, ฦ, ว, ศ, ษ, ส, ห, ฬ, อ, ฮ, …, ㄱ, ㄴ, ㄷ, ㄹ, ㅁ, ㅂ, ㅅ, ㅇ, ㅈ, ㅊ, ㅋ, ㅌ, ㅍ, ㅎ, …, あ, か, さ, た, な, は, ま, や, ら, わ, #, …]
04-23 20:46:59.367   924   924 W UnsafeUtil: platform method missing - proto runtime falling back to safer methods: java.lang.NoSuchMethodException: sun.misc.Unsafe.copyMemory [class java.lang.Object, long, class java.lang.Object, long, long]
04-23 20:46:59.369  1713  1760 I ContactsDatabaseHelper: Bootstrapping database contacts2.db version: 1400
04-23 20:46:59.375   504   600 W InputDispatcher: Still no focused window. Will drop the event in 4626ms
04-23 20:46:59.375   504   600 W InputDispatcher: Still no focused window. Will drop the event in 4626ms
04-23 20:46:59.381   423   423 I perfetto: probes_producer.cc:329  Producer stop (id=1)
04-23 20:46:59.382   424   424 I perfetto: ng_service_impl.cc:1948 Tracing session 1 ended, total sessions:3
04-23 20:46:59.386   337   357 W ServiceManager: Permission failure: android.permission.ACCESS_SURFACE_FLINGER from uid=10115 pid=924
04-23 20:46:59.399   924   999 W DefaultLayoutParser: No preference or single system activity found for Intent { act=android.intent.action.MAIN cat=[android.intent.category.APP_BROWSER] }
04-23 20:46:59.402  1045  1045 I NotificationMgr: updateCfi: subId= 1, visible=N
04-23 20:46:59.403  1045  1045 I NotificationMgr: updateMwi(): subId 1 update to false
04-23 20:46:59.409  1045  1045 I Telephony: TelecomAccountRegistry: onSubscriptionsChanged - update accounts
04-23 20:46:59.409  1045  1045 I Telephony: PstnIncomingCallNotifier: Unregistering: Handler (com.android.internal.telephony.GsmCdmaPhone) {d4f718f}
04-23 20:46:59.409  1045  1045 I Telephony: TelecomAccountRegistry: setupAccounts: Found 1 phones.  Attempting to register.
04-23 20:46:59.410  1045  1045 I Telephony: TelecomAccountRegistry: setupAccounts: Phone with subscription id 1
04-23 20:46:59.431   924   999 W DefaultLayoutParser: No preference or single system activity found for Intent { act=android.intent.action.MAIN cat=[android.intent.category.APP_EMAIL] }
04-23 20:46:59.432   924   999 W DefaultLayoutParser: No preference or single system activity found for Intent { act=android.intent.action.VIEW dat=mailto: }
04-23 20:46:59.434  1810  1810 I gedprovisionin: The ClassLoaderContext is a special shared library.
04-23 20:46:59.439  1045  1045 I Telephony: isRttCurrentlySupported -- regular acct, hasVoiceAvailability: false
04-23 20:46:59.439  1045  1045 I Telephony:  isRttSupported: false
04-23 20:46:59.439  1045  1045 I Telephony:  isRoaming: false
04-23 20:46:59.439  1045  1045 I Telephony:  isOnWfc: false
04-23 20:46:59.442   924   999 W DefaultLayoutParser: No preference or single system activity found for Intent { act=android.intent.action.MAIN cat=[android.intent.category.APP_MARKET] }
04-23 20:46:59.442   924   999 W DefaultLayoutParser: No preference or single system activity found for Intent { act=android.intent.action.VIEW dat=market://details?id=com.android.launcher }
04-23 20:46:59.469  1713  1760 I ContactsProviderV1: Bootstrapping database legacy support
04-23 20:46:59.483  1619  1671 I ProvidersCache: Provider returned no roots. Possibly naughty: com.android.providers.media.documents
04-23 20:46:59.483  1810  1810 I CarUiInstaller: CarUiInstaller started for com.android.managedprovisioning
04-23 20:46:59.484   504  1201 I Telecom : PhoneAccountRegistrar: Modify account: [ComponentInfo{com.android.phone/com.android.services.telephony.TelephonyConnectionService}, ***, UserHandle{0}]: TSI.rPA@AEA
04-23 20:46:59.485   504  1201 I Telecom : CallsManager: handlePhoneAccountChanged: phoneAccount=[[X] PhoneAccount: ComponentInfo{com.android.phone/com.android.services.telephony.TelephonyConnectionService}, ***, UserHandle{0} Capabilities: CallProvider MultiUser PlaceEmerg SimSub  Audio Routes: BESW Schemes: tel voicemail  Extras: Bundle[{android.telecom.extra.SUPPORTS_VIDEO_CALLING_FALLBACK=true}] GroupId: ***]: TSI.rPA@AEA
04-23 20:46:59.485  1045  1045 I Telephony: AccountEntry: Registered phoneAccount: [[ ] PhoneAccount: ComponentInfo{com.android.phone/com.android.services.telephony.TelephonyConnectionService}, ***, UserHandle{0} Capabilities: CallProvider MultiUser PlaceEmerg SimSub  Audio Routes: BESW Schemes: tel voicemail  Extras: Bundle[{android.telecom.extra.SUPPORTS_VIDEO_CALLING_FALLBACK=true}] GroupId: ***] with handle: ComponentInfo{com.android.phone/com.android.services.telephony.TelephonyConnectionService}, ***, UserHandle{0}
04-23 20:46:59.485  1045  1045 I Telephony: PstnIncomingCallNotifier: Registering: Handler (com.android.internal.telephony.GsmCdmaPhone) {d4f718f}
04-23 20:46:59.499  1045  1045 I VvmSimStateTracker: android.telephony.action.CARRIER_CONFIG_CHANGED
04-23 20:46:59.500  1045  1045 I VvmSimStateTracker: Service connected on ComponentInfo{com.android.phone/com.android.services.telephony.TelephonyConnectionService}, ***, UserHandle{0}
04-23 20:46:59.502  1536  1536 I Dialer  : LegacyVoicemailNotificationReceiver.onReceive - received legacy voicemail notification
04-23 20:46:59.502  1536  1536 I Dialer  : LegacyVoicemailNotificationReceiver.onReceive - isRefresh: true
04-23 20:46:59.502  1536  1536 I Dialer  : LegacyVoicemailNotificationReceiver.onReceive - clearing notification
04-23 20:46:59.502  1536  1536 I Dialer  : LegacyVoicemailNotifier.cancelNotification - enter
04-23 20:46:59.508  1045  1045 I NotificationMgr: updateCfi: subId= 1, visible=N
04-23 20:46:59.518  1045  1045 I NotificationMgr: updateMwi(): subId 1 update to false
04-23 20:46:59.524  1045  1045 I Telephony: TelecomAccountRegistry: onSubscriptionsChanged - update accounts
04-23 20:46:59.527  1045  1045 I Telephony: PstnIncomingCallNotifier: Unregistering: Handler (com.android.internal.telephony.GsmCdmaPhone) {d4f718f}
04-23 20:46:59.527  1045  1045 I Telephony: TelecomAccountRegistry: setupAccounts: Found 1 phones.  Attempting to register.
04-23 20:46:59.527  1045  1045 I Telephony: TelecomAccountRegistry: setupAccounts: Phone with subscription id 1
04-23 20:46:59.548   423   423 I perfetto: probes_producer.cc:329  Producer stop (id=2)
04-23 20:46:59.550  1536  1536 I Dialer  : LegacyVoicemailNotificationReceiver.onReceive - received legacy voicemail notification
04-23 20:46:59.550  1536  1536 I Dialer  : LegacyVoicemailNotificationReceiver.onReceive - isRefresh: true
04-23 20:46:59.551  1536  1536 I Dialer  : LegacyVoicemailNotificationReceiver.onReceive - clearing notification
04-23 20:46:59.551  1536  1536 I Dialer  : LegacyVoicemailNotifier.cancelNotification - enter
04-23 20:46:59.551   424   424 I perfetto: ng_service_impl.cc:1948 Tracing session 2 ended, total sessions:2
04-23 20:46:59.568   504  1109 I PreBootBroadcaster: Pre-boot of {com.android.providers.calendar/com.android.providers.calendar.CalendarUpgradeReceiver} for user 0
04-23 20:46:59.582  1045  1045 I Telephony: isRttCurrentlySupported -- regular acct, hasVoiceAvailability: false
04-23 20:46:59.582  1045  1045 I Telephony:  isRttSupported: false
04-23 20:46:59.582  1045  1045 I Telephony:  isRoaming: false
04-23 20:46:59.582  1045  1045 I Telephony:  isOnWfc: false
04-23 20:46:59.689   504   514 I system_server: Background young concurrent copying GC freed 110758(6669KB) AllocSpace objects, 50(2376KB) LOS objects, 46% free, 9944KB/18MB, paused 25us total 317.701ms
04-23 20:46:59.711   162   162 I qemu-props: tell the host boot completed
04-23 20:46:59.727   157   157 I servicemanager: Notifying apexservice they have clients: 1
04-23 20:46:59.727   157   157 I servicemanager: Notifying apexservice they have clients: 0
04-23 20:46:59.728   504   547 W ActivityManager: Slow operation: 156ms so far, now at startProcess: returned from zygote!
04-23 20:46:59.728   504   547 W ActivityManager: Slow operation: 156ms so far, now at startProcess: done updating battery stats
04-23 20:46:59.729   504   547 W ActivityManager: Slow operation: 156ms so far, now at startProcess: building log message
04-23 20:46:59.729   504   547 I ActivityManager: Start proc 1837:com.android.messaging/u0a103 for broadcast {com.android.messaging/com.android.messaging.receiver.DefaultSmsSubscriptionChangeReceiver}
04-23 20:46:59.729   504   547 W ActivityManager: Slow operation: 156ms so far, now at startProcess: starting to update pids map
04-23 20:46:59.729   504   547 W ActivityManager: Slow operation: 156ms so far, now at startProcess: done updating pids map
04-23 20:46:59.751  1713  1759 W d.process.acor: Long monitor contention with owner Worker-1 (1760) at android.database.sqlite.SQLiteDatabase android.database.sqlite.SQLiteOpenHelper.getReadableDatabase()(SQLiteOpenHelper.java:340) waiters=0 in android.database.sqlite.SQLiteDatabase android.database.sqlite.SQLiteOpenHelper.getReadableDatabase() for 361ms
04-23 20:46:59.753  1713  1760 I ContactDirectoryManager: deleted 0 stale rows which don't have any relevant directory
04-23 20:46:59.753  1713  1760 I ContactDirectoryManager: Discovered 0 contact directories in 1ms
04-23 20:46:59.754  1713  1760 I ContactsProvider: Locale has changed from null to [en_US]
04-23 20:46:59.754  1713  1760 I ContactsDatabaseHelper: Switching to locale [en_US] (ICU v66.1.0.0)
04-23 20:46:59.772  1713  1759 I ContactsProvider: Locale has changed from null to [en_US]
04-23 20:46:59.776  1837  1837 W droid.messagin: Unexpected CPU variant for X86 using defaults: x86_64
04-23 20:46:59.780  1713  1759 I ContactsDatabaseHelper: Switching to locale [en_US] (ICU v66.1.0.0)
04-23 20:46:59.784   392   400 I adbd    : jdwp connection from 1837
--------- beginning of kernel
04-23 20:47:00.284     0     0 I AidlLazyServiceRegistrar: Process has 1 (of 1 available) client(s) in use after notification android.apex.IApexService has clients: 1
04-23 20:47:00.340     0     0 I AidlLazyServiceRegistrar: Process has 0 (of 1 available) client(s) in use after notification android.apex.IApexService has clients: 0
04-23 20:46:59.790   504   535 I Telecom : PhoneAccountRegistrar: Modify account: [ComponentInfo{com.android.phone/com.android.services.telephony.TelephonyConnectionService}, ***, UserHandle{0}]: TSI.rPA@AEQ
04-23 20:46:59.790   504   535 I Telecom : CallsManager: handlePhoneAccountChanged: phoneAccount=[[X] PhoneAccount: ComponentInfo{com.android.phone/com.android.services.telephony.TelephonyConnectionService}, ***, UserHandle{0} Capabilities: CallProvider MultiUser PlaceEmerg SimSub  Audio Routes: BESW Schemes: tel voicemail  Extras: Bundle[{android.telecom.extra.SUPPORTS_VIDEO_CALLING_FALLBACK=true}] GroupId: ***]: TSI.rPA@AEQ
04-23 20:46:59.791  1045  1045 I Telephony: AccountEntry: Registered phoneAccount: [[ ] PhoneAccount: ComponentInfo{com.android.phone/com.android.services.telephony.TelephonyConnectionService}, ***, UserHandle{0} Capabilities: CallProvider MultiUser PlaceEmerg SimSub  Audio Routes: BESW Schemes: tel voicemail  Extras: Bundle[{android.telecom.extra.SUPPORTS_VIDEO_CALLING_FALLBACK=true}] GroupId: ***] with handle: ComponentInfo{com.android.phone/com.android.services.telephony.TelephonyConnectionService}, ***, UserHandle{0}
04-23 20:46:59.791  1045  1045 I Telephony: PstnIncomingCallNotifier: Registering: Handler (com.android.internal.telephony.GsmCdmaPhone) {d4f718f}
04-23 20:46:59.792  1045  1045 I Telephony: PstnIncomingCallNotifier: Unregistering: Handler (com.android.internal.telephony.GsmCdmaPhone) {d4f718f}
04-23 20:46:59.792  1045  1045 I Telephony: TelecomAccountRegistry: setupAccounts: Found 1 phones.  Attempting to register.
04-23 20:46:59.792  1045  1045 I Telephony: TelecomAccountRegistry: setupAccounts: Phone with subscription id 1
04-23 20:46:59.795  1045  1045 I Telephony: isRttCurrentlySupported -- regular acct, hasVoiceAvailability: false
04-23 20:46:59.795  1045  1045 I Telephony:  isRttSupported: false
04-23 20:46:59.795  1045  1045 I Telephony:  isRoaming: false
04-23 20:46:59.795  1045  1045 I Telephony:  isOnWfc: false
04-23 20:46:59.860  1837  1837 I droid.messagin: The ClassLoaderContext is a special shared library.
04-23 20:46:59.861  1837  1837 I droid.messagin: The ClassLoaderContext is a special shared library.
04-23 20:46:59.873  1713  1760 I ContactsDatabaseHelper: Locale change completed in 119ms
04-23 20:46:59.874  1713  1760 I ContactsDatabaseHelper: Switching to locale [en_US] (ICU v66.1.0.0)
04-23 20:47:00.507     0     0 I AidlLazyServiceRegistrar: Shutdown prevented by forcePersist override flag.
04-23 20:46:59.990  1713  1759 I ContactsDatabaseHelper: Locale change completed in 209ms
04-23 20:47:00.000   168   168 I vold    : Bind mounting //data/media/0/Android/data on /mnt/user/0/emulated/0/Android/data
04-23 20:47:00.002   168   168 I vold    : Bind mounted //data/media/0/Android/data on /mnt/user/0/emulated/0/Android/data
04-23 20:47:00.003   168   168 I vold    : Bind mounting //data/media/0/Android/obb on /mnt/user/0/emulated/0/Android/obb
04-23 20:47:00.005   168   168 I vold    : Bind mounted //data/media/0/Android/obb on /mnt/user/0/emulated/0/Android/obb
04-23 20:47:00.005   168   168 I vold    : Configuring read_ahead of /mnt/user/0/emulated fuse filesystem to 256kb
04-23 20:47:00.006  1713  1760 I ContactsDatabaseHelper: Locale change completed in 133ms
04-23 20:47:00.010   168   168 I vold    : Writing 256 to /sys/class/bdi/0:47/read_ahead_kb
04-23 20:47:00.010   168   168 I vold    : Configuring max_ratio of /mnt/user/0/emulated fuse filesystem to 40
04-23 20:47:00.010   168   168 I vold    : Writing 40 to /sys/class/bdi/0:47/max_ratio
04-23 20:47:00.010   504   608 I StorageManagerService: Mounted volume VolumeInfo{emulated;0}:
04-23 20:47:00.010   504   608 I StorageManagerService:     type=EMULATED diskId=null partGuid= mountFlags=PRIMARY|VISIBLE 
04-23 20:47:00.010   504   608 I StorageManagerService:     mountUserId=0 state=MOUNTED 
04-23 20:47:00.010   504   608 I StorageManagerService:     fsType=null fsUuid=null fsLabel=null 
04-23 20:47:00.010   504   608 I StorageManagerService:     path=/storage/emulated internalPath=/data/media 
04-23 20:47:00.010   504   608 I StorageSessionController: Notifying volume state changed for session with id: emulated;0
04-23 20:47:00.025   504   990 I Telecom : PhoneAccountRegistrar: Modify account: [ComponentInfo{com.android.phone/com.android.services.telephony.TelephonyConnectionService}, ***, UserHandle{0}]: TSI.rPA@AEY
04-23 20:47:00.026   504   990 I Telecom : CallsManager: handlePhoneAccountChanged: phoneAccount=[[X] PhoneAccount: ComponentInfo{com.android.phone/com.android.services.telephony.TelephonyConnectionService}, ***, UserHandle{0} Capabilities: CallProvider MultiUser PlaceEmerg SimSub  Audio Routes: BESW Schemes: tel voicemail  Extras: Bundle[{android.telecom.extra.SUPPORTS_VIDEO_CALLING_FALLBACK=true}] GroupId: ***]: TSI.rPA@AEY
04-23 20:47:00.027   504   608 I StorageSessionController: Notifying volume state changed for session with id: emulated;0
04-23 20:47:00.028  1045  1045 I Telephony: AccountEntry: Registered phoneAccount: [[ ] PhoneAccount: ComponentInfo{com.android.phone/com.android.services.telephony.TelephonyConnectionService}, ***, UserHandle{0} Capabilities: CallProvider MultiUser PlaceEmerg SimSub  Audio Routes: BESW Schemes: tel voicemail  Extras: Bundle[{android.telecom.extra.SUPPORTS_VIDEO_CALLING_FALLBACK=true}] GroupId: ***] with handle: ComponentInfo{com.android.phone/com.android.services.telephony.TelephonyConnectionService}, ***, UserHandle{0}
04-23 20:47:00.028  1045  1045 I Telephony: PstnIncomingCallNotifier: Registering: Handler (com.android.internal.telephony.GsmCdmaPhone) {d4f718f}
04-23 20:47:00.037  1713  1760 I ContactsFTS: Rebuild contact search index in 24ms, 0 contacts
04-23 20:47:00.060  1713  1760 I ContactsProvider: Upgrading aggregation algorithm
04-23 20:47:00.186  1866  1868 I cmd     : oneway function results will be dropped but finished with status OK and parcel size 4
04-23 20:47:00.187  1713  1759 I ContactsFTS: Rebuild contact search index in 108ms, 0 contacts
04-23 20:47:00.189  1837  1837 I TetheringManager: registerTetheringEventCallback:com.android.messaging
04-23 20:47:00.190  1713  1759 I ContactsProvider: Upgrading aggregation algorithm
04-23 20:47:00.190  1713  1760 I ContactAggregator: Marked all visible contacts for aggregation: 0 raw contacts, 0 ms
04-23 20:47:00.190  1713  1760 I ContactsProvider: Aggregation algorithm upgraded for 0 raw contacts in 130ms
04-23 20:47:00.202  1713  1759 I ContactAggregator: Marked all visible contacts for aggregation: 0 raw contacts, 1 ms
04-23 20:47:00.202  1713  1759 I ContactsProvider: Aggregation algorithm upgraded for 0 raw contacts in 11ms
04-23 20:47:00.225   504   608 I StorageSessionController: Notifying volume state changed for session with id: emulated;0
04-23 20:47:00.230  1599  1611 I FuseDaemon: Background young concurrent copying GC freed 9120(743KB) AllocSpace objects, 1(20KB) LOS objects, 92% free, 2132KB/26MB, paused 22us total 200.065ms
04-23 20:47:00.279   504   547 I ActivityManager: Start proc 1881:com.android.quicksearchbox/u0a101 for broadcast {com.android.quicksearchbox/com.android.quicksearchbox.SearchWidgetProvider}
04-23 20:47:00.284  1837  1876 I MessagingApp: Upgrading shared prefs from -1 to 1
04-23 20:47:00.289  1837  1878 W MessagingApp: canonicalizeMccMnc: invalid mccmnc:null ,null
04-23 20:47:00.295  1881  1881 W .quicksearchbo: Unexpected CPU variant for X86 using defaults: x86_64
04-23 20:47:00.297  1837  1878 I MessagingApp: Carrier configs loaded: Bundle[{httpSocketTimeout=60000, aliasMinChars=2, smsToMmsTextThreshold=-1, enableSMSDeliveryReports=true, maxMessageTextSize=-1, supportMmsContentDisposition=true, enabledTransID=false, aliasEnabled=false, supportHttpCharsetHeader=false, allowAttachAudio=true, smsToMmsTextLengthThreshold=-1, recipientLimit=2147483647, uaProfTagName=x-wap-profile, aliasMaxChars=48, maxImageHeight=1944, enableMMSDeliveryReports=false, userAgent=, mmsCloseConnection=true, config_cellBroadcastAppLinks=true, maxSubjectLength=40, httpParams=, enableGroupMms=true, emailGatewayNumber=, maxMessageSize=1048576, naiSuffix=, enableMMSReadReports=false, maxImageWidth=2592, uaProfUrl=, enabledMMS=false, enabledNotifyWapMMSC=false, sendMultipartSmsAsSeparateMessages=false, enableMultipartSMS=true}] from resources+system for subId=1
04-23 20:47:00.310  1837  1879 W MessagingApp: Rebuilt databases: reseting related state
04-23 20:47:00.317  1837  1880 I MessagingAppDataModel: Fixup: Send failed - 0 Download failed - 0
04-23 20:47:00.321   392   400 I adbd    : jdwp connection from 1881
04-23 20:47:00.335  1881  1881 I .quicksearchbo: The ClassLoaderContext is a special shared library.
04-23 20:47:00.342  1837  1876 W MessagingApp: canonicalizeMccMnc: invalid mccmnc:null ,null
04-23 20:47:00.347  1881  1881 I .quicksearchbo: The ClassLoaderContext is a special shared library.
04-23 20:47:00.372  1837  1876 I MessagingApp: Carrier configs loaded: Bundle[{httpSocketTimeout=60000, aliasMinChars=2, smsToMmsTextThreshold=-1, enableSMSDeliveryReports=true, maxMessageTextSize=-1, supportMmsContentDisposition=true, enabledTransID=false, aliasEnabled=false, supportHttpCharsetHeader=false, allowAttachAudio=true, smsToMmsTextLengthThreshold=-1, recipientLimit=2147483647, uaProfTagName=x-wap-profile, aliasMaxChars=48, maxImageHeight=1944, enableMMSDeliveryReports=false, userAgent=, mmsCloseConnection=true, config_cellBroadcastAppLinks=true, maxSubjectLength=40, httpParams=, enableGroupMms=true, emailGatewayNumber=, maxMessageSize=1048576, naiSuffix=, enableMMSReadReports=false, maxImageWidth=2592, uaProfUrl=, enabledMMS=false, enabledNotifyWapMMSC=false, sendMultipartSmsAsSeparateMessages=false, enableMultipartSMS=true}] from resources+system for subId=1
04-23 20:47:00.387  1899  1902 I cmd     : oneway function results will be dropped but finished with status OK and parcel size 4
04-23 20:47:00.402  1045  1045 I Telephony: handleVideoCapabilitesChanged. Video capability - false
04-23 20:47:00.421  1045  1045 I RemoteVvmTaskManager: Binding to ComponentInfo{com.android.dialer/com.android.voicemail.impl.OmtpService}
04-23 20:47:00.427  1045  1045 I Telephony: handleVideoCapabilitesChanged. Video capability - false
04-23 20:47:00.427  1045  1045 I Telephony: handleVideoCapabilitesChanged. Video capability - false
04-23 20:47:00.448  1045  1045 I Telephony: isRttCurrentlySupported -- regular acct, hasVoiceAvailability: false
04-23 20:47:00.448  1045  1045 I Telephony:  isRttSupported: false
04-23 20:47:00.448  1045  1045 I Telephony:  isRoaming: false
04-23 20:47:00.448  1045  1045 I Telephony:  isOnWfc: false
04-23 20:47:00.464   504   547 I ActivityManager: Start proc 1908:com.android.providers.calendar/u0a67 for broadcast {com.android.providers.calendar/com.android.providers.calendar.CalendarUpgradeReceiver}
04-23 20:47:00.487  1908  1908 W viders.calenda: Unexpected CPU variant for X86 using defaults: x86_64
04-23 20:47:00.490   924  1688 I OpenGLRenderer: Davey! duration=927ms; Flags=0, IntendedVsync=32630457390, Vsync=32630457390, OldestInputEvent=9223372036854775807, NewestInputEvent=0, HandleInputStart=32631468420, AnimationStart=32631468907, PerformTraversalsStart=32631570099, DrawStart=32631603750, SyncQueued=32631714052, SyncStart=32637503318, IssueDrawCommandsStart=32637557160, SwapBuffers=33558668562, FrameCompleted=33563348274, DequeueBufferDuration=77699, QueueBufferDuration=369373, GpuCompleted=0, 
04-23 20:47:00.491   924   924 I Choreographer: Skipped 53 frames!  The application may be doing too much work on its main thread.
04-23 20:47:00.498   392   400 I adbd    : jdwp connection from 1908
04-23 20:47:00.516   504   652 W system_server: Core platform API violation: Lsun/misc/Unsafe;->allocateInstance(Ljava/lang/Class;)Ljava/lang/Object; from /apex/com.android.wifi/javalib/service-wifi.jar using linking
04-23 20:47:00.517   504   652 W UnsafeUtil: platform method missing - proto runtime falling back to safer methods: java.lang.NoSuchMethodException: sun.misc.Unsafe.copyMemory [class java.lang.Object, long, class java.lang.Object, long, long]
04-23 20:47:00.518   504   652 W LastMileLogger: Failed to open free_buffer pseudo-file: /sys/kernel/debug/tracing/instances/wifi/free_buffer: open failed: ENOENT (No such file or directory)
04-23 20:47:00.518   504   652 W LastMileLogger: Failed to arm fail-safe.
04-23 20:47:00.518   504   652 I WifiClientModeImpl: Connecting with 02:15:b2:00:00:00 as the mac address
04-23 20:47:00.518   450   450 W wificond: Scan is not started. Ignore abort request
04-23 20:47:00.521   504  1109 I Telecom : PhoneAccountRegistrar: Modify account: [ComponentInfo{com.android.phone/com.android.services.telephony.TelephonyConnectionService}, ***, UserHandle{0}]: TSI.rPA@AEw
04-23 20:47:00.521   504  1109 I Telecom : CallsManager: handlePhoneAccountChanged: phoneAccount=[[X] PhoneAccount: ComponentInfo{com.android.phone/com.android.services.telephony.TelephonyConnectionService}, ***, UserHandle{0} Capabilities: CallProvider MultiUser PlaceEmerg SimSub  Audio Routes: BESW Schemes: tel voicemail  Extras: Bundle[{android.telecom.extra.SUPPORTS_VIDEO_CALLING_FALLBACK=true}] GroupId: ***]: TSI.rPA@AEw
04-23 20:47:00.533  1908  1908 I viders.calenda: The ClassLoaderContext is a special shared library.
04-23 20:47:00.534   924   924 E libprocessgroup: set_timerslack_ns write failed: Operation not permitted
04-23 20:47:00.540   504   547 I ActivityManager: Start proc 1930:com.android.localtransport/1000 for service {com.android.localtransport/com.android.localtransport.LocalTransportService}
04-23 20:47:00.543  1536  1536 I Dialer  : VvmOmtpService - onCellServiceConnected
04-23 20:47:00.544  1536  1536 I Dialer  : VoicemailModule.provideVoicemailClient - providing VoicemailClientImpl
04-23 20:47:00.548   504   652 I SupplicantStaIfaceHal: addSupplicantStaNetwork via HIDL
04-23 20:47:00.570  1908  1908 I CalendarDatabaseHelper: Bootstrapping database
04-23 20:47:00.578  1930  1930 W .localtranspor: Unexpected CPU variant for X86 using defaults: x86_64
04-23 20:47:00.594  1908  1908 I CalendarProvider2: Created com.android.providers.calendar.CalendarAlarmManager@7379915(com.android.providers.calendar.CalendarProvider2@e8ec42a)
04-23 20:47:00.594   504   656 W DnsManager: updatePrivateDns(100, PrivateDnsConfig{true:/[]})
04-23 20:47:00.605   392   400 I adbd    : jdwp connection from 1930
04-23 20:47:00.605   697   697 I wpa_supplicant: wlan0: SME: Trying to authenticate with 02:15:b2:00:01:00 (SSID='AndroidWifi' freq=2447 MHz)
04-23 20:47:00.608  1837  1878 I MessagingAppDataModel: SyncMessagesAction: Starting batch for messages from -1 to 1776977220262 (message update limit = 80, message scan limit = 4000)
04-23 20:47:01.162     0     0 I wlan0   : authenticate with 02:15:b2:00:01:00
04-23 20:47:01.165     0     0 I wlan0   : send auth to 02:15:b2:00:01:00 (try 1/3)
04-23 20:47:00.610  1908  1908 I CalendarUpgradeReceiver: Creating or opening calendar database
04-23 20:47:01.171     0     0 I wlan0   : authenticated
04-23 20:47:00.615   492   492 I hostapd : wlan1: STA 02:15:b2:00:00:00 IEEE 802.11: authenticated
04-23 20:47:00.615   492   492 I hostapd : wlan1: STA 02:15:b2:00:00:00 IEEE 802.11: authenticated
04-23 20:47:00.619   697   697 I wpa_supplicant: wlan0: Trying to associate with 02:15:b2:00:01:00 (SSID='AndroidWifi' freq=2447 MHz)
04-23 20:47:00.619   280  1945 W resolv  : Validating DnsTlsServer on netId 100
04-23 20:47:00.620  1928  1937 I cmd     : oneway function results will be dropped but finished with status OK and parcel size 4
04-23 20:47:00.626   504   535 I PreBootBroadcaster: Pre-boot of {com.android.providers.contacts/com.android.providers.contacts.ContactsUpgradeReceiver} for user 0
04-23 20:47:00.635   280  1945 W resolv  : Validation failed
04-23 20:47:00.643  1930  1930 I .localtranspor: The ClassLoaderContext is a special shared library.
04-23 20:47:00.644   280   280 E Netd    : Error adding route ::/0 -> fe80::2 radio0 to table 1017: File exists
04-23 20:47:00.647   504   656 W BestClock: java.time.DateTimeException: Missing NTP fix
04-23 20:47:01.179     0     0 I wlan0   : associate with 02:15:b2:00:01:00 (try 1/3)
04-23 20:47:01.209     0     0 I wlan0   : RX AssocResp from 02:15:b2:00:01:00 (capab=0x401 status=0 aid=1)
04-23 20:47:00.653   492   492 I hostapd : wlan1: STA 02:15:b2:00:00:00 IEEE 802.11: associated (aid 1)
04-23 20:47:00.653   492   492 I hostapd : wlan1: STA 02:15:b2:00:00:00 IEEE 802.11: associated (aid 1)
04-23 20:47:00.653   492   492 I hostapd : wlan1: AP-STA-CONNECTED 02:15:b2:00:00:00
04-23 20:47:01.231     0     0 I wlan0   : associated
04-23 20:47:00.658   504   504 I TransportClient: LocalTransportService#0: Notifying [TransportManager.registerTransport()] transport = IBackupTransport
04-23 20:47:00.663   280  1959 W resolv  : Validating DnsTlsServer on netId 100
04-23 20:47:00.665   280  1959 W resolv  : SSL_connect ssl error =5, mark 0xf0064: Connection refused
04-23 20:47:00.665   280  1959 W resolv  : Validation failed
04-23 20:47:00.666   504   656 W BestClock: java.time.DateTimeException: Missing NTP fix
04-23 20:47:00.671   504   649 W BestClock: java.time.DateTimeException: Missing NTP fix
04-23 20:47:00.674   504  1680 I WifiService: updateInterfaceIpState uid=1073
04-23 20:47:00.675   504   648 W BestClock: java.time.DateTimeException: Missing NTP fix
04-23 20:47:00.683   697   697 I wpa_supplicant: wlan0: Associated with 02:15:b2:00:01:00
04-23 20:47:00.683   697   697 I wpa_supplicant: wlan0: CTRL-EVENT-CONNECTED - Connection to 02:15:b2:00:01:00 completed [id=0 id_str=%7B%22configKey%22%3A%22%5C%22AndroidWifi%5C%22NONE%22%2C%22creatorUid%22%3A%221000%22%7D]
04-23 20:47:00.684   697   697 I wpa_supplicant: wlan0: CTRL-EVENT-SUBNET-STATUS-UPDATE status=0
04-23 20:47:01.281     0     0 I init    : processing action (sys.sysctl.tcp_def_init_rwnd=*) from (/system/etc/init/hw/init.rc:1006)
04-23 20:47:00.762  1599  1972 I MediaProvider: Begin Intent { act=android.intent.action.MEDIA_MOUNTED dat=file:///storage/emulated/0 flg=0x5000010 cmp=com.android.providers.media.module/com.android.providers.media.MediaService (has extras) }
04-23 20:47:00.768   504   649 W BestClock: java.time.DateTimeException: Missing NTP fix
04-23 20:47:00.769   504   648 W BestClock: java.time.DateTimeException: Missing NTP fix
04-23 20:47:00.770   504   656 W BestClock: java.time.DateTimeException: Missing NTP fix
04-23 20:47:00.776   504   539 I DropBoxManagerService: add tag=system_app_strictmode isTagEnabled=true flags=0x2
04-23 20:47:00.791   955  1963 W UnsafeUtil: platform method missing - proto runtime falling back to safer methods: java.lang.NoSuchMethodException: sun.misc.Unsafe.copyMemory [class java.lang.Object, long, class java.lang.Object, long, long]
04-23 20:47:00.802   504   656 W BestClock: java.time.DateTimeException: Missing NTP fix
04-23 20:47:00.805   504   649 W BestClock: java.time.DateTimeException: Missing NTP fix
04-23 20:47:00.809  1045  1045 W ConnectivityManager.CallbackHandler: callback not found for CALLBACK_AVAILABLE message
04-23 20:47:00.821  1045  1045 W ConnectivityManager.CallbackHandler: callback not found for CALLBACK_PRECHECK message
04-23 20:47:00.823  1045  1045 W ConnectivityManager.CallbackHandler: callback not found for CALLBACK_CAP_CHANGED message
04-23 20:47:00.825   504   656 W BestClock: java.time.DateTimeException: Missing NTP fix
04-23 20:47:00.825   504   656 W BestClock: java.time.DateTimeException: Missing NTP fix
04-23 20:47:00.831   504   648 W BestClock: java.time.DateTimeException: Missing NTP fix
04-23 20:47:00.839  1536  1536 I Dialer  : VvmTaskReceiver - task received
04-23 20:47:00.839  1536  1536 I Dialer  : VvmTaskReceiver - scheduling new job
04-23 20:47:00.839  1536  1536 I Dialer  : TaskSchedulerJobService - scheduling job with 1 tasks
04-23 20:47:00.839  1536  1536 I Dialer  : TaskSchedulerJobService - running job instantly.
04-23 20:47:00.841  1536  1536 I Dialer  : TaskSchedulerJobService - job 0 scheduled
04-23 20:47:00.847   492   492 I hostapd : wlan1: STA-OPMODE-SMPS-MODE-CHANGED 02:15:b2:00:00:00 off
04-23 20:47:00.850  1536  1536 I Dialer  : TaskSchedulerJobService - starting 0
04-23 20:47:00.851   504   648 W BestClock: java.time.DateTimeException: Missing NTP fix
04-23 20:47:00.852   504   656 W BestClock: java.time.DateTimeException: Missing NTP fix
04-23 20:47:00.857   280   893 E Netd    : no such netId 101
04-23 20:47:00.857   504   656 E ConnectivityService: Exception adding interface: java.lang.IllegalStateException: android.os.ServiceSpecificException: Machine is not on the network (code 64)
04-23 20:47:00.868   280   893 E Netd    : no such netId 101
04-23 20:47:00.870   504   656 W BestClock: java.time.DateTimeException: Missing NTP fix
04-23 20:47:00.874  1536  1536 I Dialer  : VvmTaskExecutor - onStartJob
04-23 20:47:00.874  1536  1536 I Dialer  : Task.createTask - create task:com.android.voicemail.impl.ActivationTask
04-23 20:47:00.876  1536  1980 I Dialer  : VvmTaskExecutor - executing task com.android.voicemail.impl.ActivationTask@1e52101
04-23 20:47:00.879   504   649 W BestClock: java.time.DateTimeException: Missing NTP fix
04-23 20:47:00.883   504   545 W VoiceInteractionManager: no available voice interaction services found for user 0
04-23 20:47:00.884   492   492 I hostapd : wlan1: STA-OPMODE-SMPS-MODE-CHANGED 02:15:b2:00:00:00 dynamic
04-23 20:47:00.892   504   656 W BestClock: java.time.DateTimeException: Missing NTP fix
04-23 20:47:00.895   504   649 W BestClock: java.time.DateTimeException: Missing NTP fix
04-23 20:47:00.897   504   649 W BestClock: java.time.DateTimeException: Missing NTP fix
04-23 20:47:00.901  1713  1713 I ContactsUpgradeReceiver: Creating or opening contacts database
04-23 20:47:00.902   504   656 W BestClock: java.time.DateTimeException: Missing NTP fix
04-23 20:47:00.902   280   381 E Netd    : no such netId 101
04-23 20:47:00.902   504   656 E ConnectivityService: Exception in networkAddRouteParcel for non-gateway: android.os.ServiceSpecificException: Machine is not on the network (code 64)
04-23 20:47:00.902   280   381 E Netd    : no such netId 101
04-23 20:47:00.902   504   656 E ConnectivityService: Exception in networkAddRouteParcel for gateway: android.os.ServiceSpecificException: Machine is not on the network (code 64)
04-23 20:47:00.907   504   820 I PreBootBroadcaster: Pre-boot of {com.android.providers.media.module/com.android.providers.media.MediaUpgradeReceiver} for user 0
04-23 20:47:00.916   504   652 W WifiScoreReport: Cannot start external scoring netId=101 currentNetId=101 sessionId=1017
04-23 20:47:00.922  1536  1980 I Dialer  : PreOMigrationHandler - migrating ComponentInfo{com.android.phone/com.android.services.telephony.TelephonyConnectionService}, ***, UserHandle{0}
04-23 20:47:00.922  1536  1980 I Dialer  : PreOMigrationHandler.migrateSettings - migrating settings
04-23 20:47:00.927   200   203 E android.system.suspend@1.0-service: Error opening kernel wakelock stats for: wakeup32: Permission denied
04-23 20:47:00.932   200   203 E android.system.suspend@1.0-service: Error opening kernel wakelock stats for: wakeup33: Permission denied
04-23 20:47:00.947  1599  1599 I MediaUpgradeReceiver: ---> Start upgrade of media database external.db
04-23 20:47:00.950  1599  1599 I MediaUpgradeReceiver: <--- Finished upgrade of media database external.db in 3ms
04-23 20:47:00.950  1599  1599 I MediaUpgradeReceiver: ---> Start upgrade of media database internal.db
04-23 20:47:00.962  1713  1733 I VoicemailNotifier: receivers for android.intent.action.PROVIDER_CHANGED :[]
04-23 20:47:00.924   200   200 W Binder:200_2: type=1400 audit(0.0:20): avc: denied { read } for name="wakeup32" dev="sysfs" ino=18812 scontext=u:r:system_suspend:s0 tcontext=u:object_r:sysfs:s0 tclass=dir permissive=0
04-23 20:47:00.968  1713  1733 I VoicemailNotifier: receivers for android.intent.action.PROVIDER_CHANGED :[]
04-23 20:47:00.968  1536  1980 I Dialer  : VvmActivationTask - VVM content provider configured - vvm_type_cvvm
04-23 20:47:00.969  1536  1980 I Dialer  : OmtpVvmCarrierCfgHlpr - OmtpEvent:CONFIG_ACTIVATING
04-23 20:47:00.928   200   200 W Binder:200_2: type=1400 audit(0.0:21): avc: denied { read } for name="wakeup33" dev="sysfs" ino=18875 scontext=u:r:system_suspend:s0 tcontext=u:object_r:sysfs:s0 tclass=dir permissive=0
04-23 20:47:00.994   504   656 W DnsManager: updatePrivateDns(101, PrivateDnsConfig{true:/[]})
04-23 20:47:00.996   280  1987 W resolv  : Validating DnsTlsServer on netId 101
04-23 20:47:00.997   280  1987 W resolv  : Validation failed
04-23 20:47:00.997  1713  1733 I VoicemailNotifier: receivers for android.intent.action.PROVIDER_CHANGED :[]
04-23 20:47:01.001  1599  1972 I MediaProvider: Changed schema version on internal from 0 to 1114, 0 items taking 119ms
04-23 20:47:01.040   280  1988 W resolv  : Validating DnsTlsServer on netId 101
04-23 20:47:01.042  1599  1599 I MediaProvider: Changed schema version on internal from 0 to 1114, 0 items taking 33ms
04-23 20:47:01.042   504   545 I chatty  : uid=1000(system) android.bg identical 1 line
04-23 20:47:01.060   280  1988 W resolv  : SSL_connect ssl error =5, mark 0xf0065: Connection refused
04-23 20:47:01.060   280  1988 W resolv  : Validation failed
04-23 20:47:01.062   504   652 E WifiVendorHal: stopRssiMonitoring(l.2100) failed {.code = ERROR_NOT_AVAILABLE, .description = }
04-23 20:47:01.065  1837  1877 I MessagingAppDataModel: SyncMessagesAction: All messages now in sync
04-23 20:47:01.070  1599  1599 I SQLiteConnectionPool: The connection pool for /data/user/0/com.android.providers.media.module/databases/internal.db has been closed but there are still 1 connections in use.  They will be closed as they are released back to the pool.
04-23 20:47:01.070  1599  1599 E MediaUpgradeReceiver: Error during upgrade of media db internal.db
04-23 20:47:01.070  1599  1599 E MediaUpgradeReceiver: java.lang.NullPointerException: Attempt to invoke interface method 'void com.android.providers.media.DatabaseHelper$OnLegacyMigrationListener.onStarted(android.content.ContentProviderClient, java.lang.String)' on a null object reference
04-23 20:47:01.070  1599  1599 E MediaUpgradeReceiver: 	at com.android.providers.media.DatabaseHelper.migrateFromLegacy(DatabaseHelper.java:841)
04-23 20:47:01.070  1599  1599 E MediaUpgradeReceiver: 	at com.android.providers.media.DatabaseHelper.onOpen(DatabaseHelper.java:375)
04-23 20:47:01.070  1599  1599 E MediaUpgradeReceiver: 	at android.database.sqlite.SQLiteOpenHelper.getDatabaseLocked(SQLiteOpenHelper.java:427)
04-23 20:47:01.070  1599  1599 E MediaUpgradeReceiver: 	at android.database.sqlite.SQLiteOpenHelper.getWritableDatabase(SQLiteOpenHelper.java:316)
04-23 20:47:01.070  1599  1599 E MediaUpgradeReceiver: 	at com.android.providers.media.DatabaseHelper.runWithTransaction(DatabaseHelper.java:551)
04-23 20:47:01.070  1599  1599 E MediaUpgradeReceiver: 	at com.android.providers.media.MediaUpgradeReceiver.onReceive(MediaUpgradeReceiver.java:72)
04-23 20:47:01.070  1599  1599 E MediaUpgradeReceiver: 	at android.app.ActivityThread.handleReceiver(ActivityThread.java:4032)
04-23 20:47:01.070  1599  1599 E MediaUpgradeReceiver: 	at android.app.ActivityThread.access$1400(ActivityThread.java:237)
04-23 20:47:01.070  1599  1599 E MediaUpgradeReceiver: 	at android.app.ActivityThread$H.handleMessage(ActivityThread.java:1924)
04-23 20:47:01.070  1599  1599 E MediaUpgradeReceiver: 	at android.os.Handler.dispatchMessage(Handler.java:106)
04-23 20:47:01.070  1599  1599 E MediaUpgradeReceiver: 	at android.os.Looper.loop(Looper.java:223)
04-23 20:47:01.070  1599  1599 E MediaUpgradeReceiver: 	at android.app.ActivityThread.main(ActivityThread.java:7656)
04-23 20:47:01.070  1599  1599 E MediaUpgradeReceiver: 	at java.lang.reflect.Method.invoke(Native Method)
04-23 20:47:01.070  1599  1599 E MediaUpgradeReceiver: 	at com.android.internal.os.RuntimeInit$MethodAndArgsCaller.run(RuntimeInit.java:592)
04-23 20:47:01.070  1599  1599 E MediaUpgradeReceiver: 	at com.android.internal.os.ZygoteInit.main(ZygoteInit.java:947)
04-23 20:47:01.072  1599  1599 I MediaUpgradeReceiver: <--- Finished upgrade of media database internal.db in 122ms
04-23 20:47:01.072   504  1201 I PreBootBroadcaster: Pre-boot of {com.android.settings/com.android.settings.SettingsInitialize} for user 0
04-23 20:47:01.078   504   545 I ActivityTaskManager: Displayed com.android.launcher3/.uioverrides.QuickstepLauncher: +933ms
04-23 20:47:01.080   504  1201 I ActivityManager: Posting BOOT_COMPLETED user #0
04-23 20:47:01.080   504   546 I SystemServerTimingAsync: ssm.UnlockedUser-0
04-23 20:47:01.080   504   546 I SystemServiceManager: Calling onUnlockedUser 0
04-23 20:47:01.080   504   546 I SystemServerTimingAsync: ssm.onUnlockedUser-0_com.android.server.security.FileIntegrityService
04-23 20:47:01.080   504   546 I SystemServerTimingAsync: ssm.onUnlockedUser-0_com.android.server.pm.Installer
04-23 20:47:01.080   504   546 I SystemServerTimingAsync: ssm.onUnlockedUser-0_com.android.server.os.DeviceIdentifiersPolicyService
04-23 20:47:01.080   504   546 I SystemServerTimingAsync: ssm.onUnlockedUser-0_com.android.server.uri.UriGrantsManagerService$Lifecycle
04-23 20:47:01.080   504   546 I SystemServerTimingAsync: ssm.onUnlockedUser-0_com.android.server.wm.ActivityTaskManagerService$Lifecycle
04-23 20:47:01.080   504   546 I SystemServerTimingAsync: ssm.onUnlockedUser-0_com.android.server.am.ActivityManagerService$Lifecycle
04-23 20:47:01.080   504   546 I SystemServerTimingAsync: ssm.onUnlockedUser-0_com.android.server.pm.DataLoaderManagerService
04-23 20:47:01.080   504   546 I SystemServerTimingAsync: ssm.onUnlockedUser-0_com.android.server.power.PowerManagerService
04-23 20:47:01.080   504   546 I SystemServerTimingAsync: ssm.onUnlockedUser-0_com.android.server.power.ThermalManagerService
04-23 20:47:01.080   504   546 I SystemServerTimingAsync: ssm.onUnlockedUser-0_com.android.server.recoverysystem.RecoverySystemService$Lifecycle
04-23 20:47:01.080   504   546 I SystemServerTimingAsync: ssm.onUnlockedUser-0_com.android.server.lights.LightsService
04-23 20:47:01.080   504   546 I SystemServerTimingAsync: ssm.onUnlockedUser-0_com.android.server.display.DisplayManagerService
04-23 20:47:01.080   504   546 I SystemServerTimingAsync: ssm.onUnlockedUser-0_com.android.server.pm.UserManagerService$LifeCycle
04-23 20:47:01.080   504   546 I SystemServerTimingAsync: ssm.onUnlockedUser-0_com.android.server.om.OverlayManagerService
04-23 20:47:01.080   504   546 I SystemServerTimingAsync: ssm.onUnlockedUser-0_com.android.server.SensorPrivacyService
04-23 20:47:01.080   504   546 I SystemServerTimingAsync: ssm.onUnlockedUser-0_com.android.server.SystemConfigService
04-23 20:47:01.080   504   546 I SystemServerTimingAsync: ssm.onUnlockedUser-0_com.android.server.BatteryService
04-23 20:47:01.080   504   546 I SystemServerTimingAsync: ssm.onUnlockedUser-0_com.android.server.usage.UsageStatsService
04-23 20:47:01.080   504   546 I SystemServerTimingAsync: ssm.onUnlockedUser-0_com.android.server.webkit.WebViewUpdateService
04-23 20:47:01.080   504   546 I SystemServerTimingAsync: ssm.onUnlockedUser-0_com.android.server.CachedDeviceStateService
04-23 20:47:01.080   504   546 I SystemServerTimingAsync: ssm.onUnlockedUser-0_com.android.server.BinderCallsStatsService$LifeCycle
04-23 20:47:01.080   504   546 I SystemServerTimingAsync: ssm.onUnlockedUser-0_com.android.server.LooperStatsService$Lifecycle
04-23 20:47:01.080   504   546 I SystemServerTimingAsync: ssm.onUnlockedUser-0_com.android.server.rollback.RollbackManagerService
04-23 20:47:01.080   504   546 I SystemServerTimingAsync: ssm.onUnlockedUser-0_com.android.server.os.BugreportManagerService
04-23 20:47:01.080   504   546 I SystemServerTimingAsync: ssm.onUnlockedUser-0_com.android.server.gpu.GpuService
04-23 20:47:01.080   504   546 I SystemServerTimingAsync: ssm.onUnlockedUser-0_com.android.server.security.KeyChainSystemService
04-23 20:47:01.080   504   546 I SystemServerTimingAsync: ssm.onUnlockedUser-0_com.android.server.telecom.TelecomLoaderService
04-23 20:47:01.080   504   546 I SystemServerTimingAsync: ssm.onUnlockedUser-0_com.android.server.accounts.AccountManagerService$Lifecycle
04-23 20:47:01.080   504   546 I SystemServerTimingAsync: ssm.onUnlockedUser-0_com.android.server.content.ContentService$Lifecycle
04-23 20:47:01.080   504   546 I SystemServerTimingAsync: ssm.onUnlockedUser-0_com.android.server.DropBoxManagerService
04-23 20:47:01.080   504   546 I SystemServerTimingAsync: ssm.onUnlockedUser-0_com.android.server.AlarmManagerService
04-23 20:47:01.081   504   546 I SystemServerTimingAsync: ssm.onUnlockedUser-0_com.android.server.BluetoothService
04-23 20:47:01.081   504   546 I SystemServerTimingAsync: ssm.onUnlockedUser-0_com.android.server.connectivity.IpConnectivityMetrics
04-23 20:47:01.081   504   546 I SystemServerTimingAsync: ssm.onUnlockedUser-0_com.android.server.net.watchlist.NetworkWatchlistService$Lifecycle
04-23 20:47:01.081   504   546 I SystemServerTimingAsync: ssm.onUnlockedUser-0_com.android.server.PinnerService
04-23 20:47:01.081   504   546 I SystemServerTimingAsync: ssm.onUnlockedUser-0_com.google.android.startop.iorap.IorapForwardingService
04-23 20:47:01.081   504   546 I SystemServerTimingAsync: ssm.onUnlockedUser-0_com.android.server.integrity.AppIntegrityManagerService
04-23 20:47:01.081   504   546 I SystemServerTimingAsync: ssm.onUnlockedUser-0_com.android.server.inputmethod.InputMethodManagerService$Lifecycle
04-23 20:47:01.081   504   546 I SystemServerTimingAsync: ssm.onUnlockedUser-0_com.android.server.accessibility.AccessibilityManagerService$Lifecycle
04-23 20:47:01.081   504   546 I SystemServerTimingAsync: ssm.onUnlockedUser-0_com.android.server.StorageManagerService$Lifecycle
04-23 20:47:01.081   504   546 I SystemServerTimingAsync: ssm.onUnlockedUser-0_com.android.server.usage.StorageStatsService$Lifecycle
04-23 20:47:01.081   504   546 I SystemServerTimingAsync: ssm.onUnlockedUser-0_com.android.server.UiModeManagerService
04-23 20:47:01.081   504   546 I SystemServerTimingAsync: ssm.onUnlockedUser-0_com.android.server.locksettings.LockSettingsService$Lifecycle
04-23 20:47:01.081   504   546 I SystemServerTimingAsync: ssm.onUnlockedUser-0_com.android.server.testharness.TestHarnessModeService
04-23 20:47:01.081   504   546 I SystemServerTimingAsync: ssm.onUnlockedUser-0_com.android.server.DeviceIdleController
