04-23 22:42:57.288   503   503 W Binder:503_7: type=1400 audit(0.0:770): avc: denied { getopt } for scontext=u:r:system_server:s0 tcontext=u:r:shell:s0 tclass=unix_stream_socket permissive=0
04-23 22:42:57.302  2137  2137 I abb     : StartCommandInProcess(7061636b61676500696e7374616c6c00 package.install. [truncated])
04-23 22:42:57.310  8610  8614 I cmd     : oneway function results will be dropped but finished with status OK and parcel size 4
04-23 22:42:57.384   503   598 W RuleEvaluation: Integrity rule files are not available.
04-23 22:42:57.385   503   561 I PackageManager: Integrity check passed for file:///data/app/vmdl2141370077.tmp
04-23 22:42:57.388   503   561 I PackageManager: Permission ownership changed. Updating all permissions.
04-23 22:42:57.403   503   561 I AppsFilter: interaction: PackageSetting{fb96d06 io.github.ylimit.droidbotapp/10130} -> PackageSetting{fc7d4e0 co.touchlab.kampkit/10132} BLOCKED
04-23 22:42:57.407   417  1415 E installd: Couldn't opendir /data/app/vmdl2141370077.tmp: No such file or directory
04-23 22:42:57.407   417  1415 E installd: Failed to delete /data/app/vmdl2141370077.tmp: No such file or directory
04-23 22:42:57.408  2137  2194 I abb     : oneway function results will be dropped but finished with status OK and parcel size 4
04-23 22:42:57.411  1636  1636 I MediaProvider: Invalidating LocalCallingIdentity cache for package co.touchlab.kampkit. Reason: package android.intent.action.PACKAGE_ADDED
04-23 22:42:57.413   503   536 I RoleManagerService: Granting default roles...
04-23 22:42:57.413   503   545 W BroadcastQueue: Background execution not allowed: receiving Intent { act=android.intent.action.PACKAGE_ADDED dat=package:co.touchlab.kampkit flg=0x4000010 (has extras) } to com.android.packageinstaller/.PackageInstalledReceiver
04-23 22:42:57.413   503   545 W BroadcastQueue: Background execution not allowed: receiving Intent { act=android.intent.action.PACKAGE_ADDED dat=package:co.touchlab.kampkit flg=0x4000010 (has extras) } to com.android.gallery3d/.app.PackagesMonitor
04-23 22:42:57.415   503   595 I InputReader: Reconfiguring input devices, changes=KEYBOARD_LAYOUTS | 
04-23 22:42:57.416   503   503 I Telecom : DefaultDialerCache: Refreshing default dialer for user 0: now com.android.dialer: DDC.oR@AJE
04-23 22:42:57.434   503   544 W VoiceInteractionManager: no available voice recognition services found for user 0
04-23 22:42:57.448   718   758 I PermissionControllerServiceImpl: Updating user sensitive for uid 10132
04-23 22:42:57.655     0     0 I binder  : 503:514 DecRefs 0 refcount change on invalid ref 771 ret -22
04-23 22:42:57.657     0     0 I binder  : 503:514 DecRefs 0 refcount change on invalid ref 789 ret -22
04-23 22:42:59.329  8624  8626 I cmd     : oneway function results will be dropped but finished with status OK and parcel size 4
04-23 22:42:59.341   158   158 I servicemanager: Since 'apexservice' could not be found, trying to start it as a lazy AIDL service
04-23 22:42:59.533     0     0 I init    : starting service 'apexd'...
04-23 22:42:59.535     0     0 I init    : Control message: Processed ctl.interface_start for 'aidl/apexservice' from pid: 158 (/system/bin/servicemanager)
04-23 22:42:59.552     0     0 I apexd   : Scanning /system/apex for preinstalled data
04-23 22:42:59.569     0     0 I apexd   : Scanning /system_ext/apex for preinstalled data
04-23 22:42:59.571     0     0 I apexd   : ... does not exist. Skipping
04-23 22:42:59.573     0     0 I apexd   : Scanning /product/apex for preinstalled data
04-23 22:42:59.574     0     0 I apexd   : ... does not exist. Skipping
04-23 22:42:59.576     0     0 I apexd   : Scanning /vendor/apex for preinstalled data
04-23 22:42:59.578     0     0 I apexd   : ... does not exist. Skipping
04-23 22:42:59.579     0     0 I apexd   : Populating APEX database from mounts...
04-23 22:42:59.581     0     0 I apexd   : Found "/apex/com.android.neuralnetworks@300000000" backed by file /system/apex/com.android.neuralnetworks.apex
04-23 22:42:59.584     0     0 I apexd   : Found "/apex/com.android.runtime@1" backed by file /system/apex/com.android.runtime.apex
04-23 22:42:59.587     0     0 I apexd   : Found "/apex/com.android.resolv@300000000" backed by file /system/apex/com.android.resolv.apex
04-23 22:42:59.590     0     0 I apexd   : Found "/apex/com.android.extservices@300000000" backed by file /system/apex/com.android.extservices.apex
04-23 22:42:59.594     0     0 I apexd   : Found "/apex/com.android.tethering@300000000" backed by file /system/apex/com.android.tethering.apex
04-23 22:42:59.597     0     0 I apexd   : Found "/apex/com.android.cellbroadcast@300000000" backed by file /system/apex/com.android.cellbroadcast.apex
04-23 22:42:59.601     0     0 I apexd   : Found "/apex/com.android.vndk.v30@1" backed by file /system/apex/com.android.vndk.current.apex
04-23 22:42:59.604     0     0 I apexd   : Found "/apex/com.android.art@1" backed by file /system/apex/com.android.art.debug.apex
04-23 22:42:59.607     0     0 I apexd   : Found "/apex/com.android.conscrypt@300000000" backed by file /system/apex/com.android.conscrypt.apex
04-23 22:42:59.610     0     0 I apexd   : Found "/apex/com.android.apex.cts.shim@1" backed by file /system/apex/com.android.apex.cts.shim.apex
04-23 22:42:59.613     0     0 I apexd   : Found "/apex/com.android.i18n@1" backed by file /system/apex/com.android.i18n.apex
04-23 22:42:59.616     0     0 I apexd   : Found "/apex/com.android.permission@300000000" backed by file /system/apex/com.android.permission.apex
04-23 22:42:59.619     0     0 I apexd   : Found "/apex/com.android.media@300000000" backed by file /system/apex/com.android.media.apex
04-23 22:42:59.623     0     0 I apexd   : Found "/apex/com.android.adbd@300000000" backed by file /system/apex/com.android.adbd.apex
04-23 22:42:59.626     0     0 I apexd   : Found "/apex/com.android.mediaprovider@300000000" backed by file /system/apex/com.android.mediaprovider.apex
04-23 22:42:59.629     0     0 I apexd   : Found "/apex/com.android.ipsec@300000000" backed by file /system/apex/com.android.ipsec.apex
04-23 22:42:59.632     0     0 I apexd   : Found "/apex/com.android.tzdata@300000000" backed by file /system/apex/com.android.tzdata.apex
04-23 22:42:59.635     0     0 I apexd   : Found "/apex/com.android.media.swcodec@300000000" backed by file /system/apex/com.android.media.swcodec.apex
04-23 22:42:59.639     0     0 I apexd   : Found "/apex/com.android.os.statsd@300000000" backed by file /system/apex/com.android.os.statsd.apex
04-23 22:42:59.642     0     0 I apexd   : Found "/apex/com.android.wifi@300000000" backed by file /system/apex/com.android.wifi.apex
04-23 22:42:59.645     0     0 I apexd   : Found "/apex/com.android.sdkext@300000000" backed by file /system/apex/com.android.sdkext.apex
04-23 22:42:59.648     0     0 I apexd   : 21 packages restored.
04-23 22:42:59.649     0     0 I AidlLazyServiceRegistrar: Registering service apexservice
04-23 22:42:59.461   158   158 I BpBinder: onLastStrongRef automatically unlinking death recipients: <uncached descriptor>
04-23 22:42:59.465   158   158 I servicemanager: Tried to unregister apexservice, but there is about to be a client.
04-23 22:42:59.652     0     0 I AidlLazyServiceRegistrar: Trying to shut down the service. No clients in use for any service in process.
04-23 22:42:59.656     0     0 I AidlLazyServiceRegistrar: Failed to unregister service apexservice
04-23 22:42:59.565   159   159 I hwservicemanager: getTransport: Cannot find entry android.hardware.graphics.mapper@4.0::IMapper/default in either framework or device manifest.
04-23 22:42:59.566  8646  8646 I Gralloc4: mapper 4.x is not supported
04-23 22:42:59.639  8650  8652 I cmd     : oneway function results will be dropped but finished with status OK and parcel size 4
04-23 22:42:59.640  1636  2288 I MediaProvider: Begin Intent { act=android.intent.action.MEDIA_SCANNER_SCAN_FILE dat=file:///sdcard/screen_2026-04-23_224300.png flg=0x1400010 cmp=com.android.providers.media.module/com.android.providers.media.MediaService }
04-23 22:42:59.636  1636  1636 W com.android.providers.media.module: type=1400 audit(0.0:777): avc: denied { read } for comm=4173796E635461736B202331 name="primary" dev="tmpfs" ino=29719 scontext=u:r:mediaprovider_app:s0:c123,c256,c512,c768 tcontext=u:object_r:mnt_pass_through_file:s0 tclass=lnk_file permissive=0 app=com.android.providers.media.module
04-23 22:42:59.835     0     0 W audit   : audit_lost=563 audit_rate_limit=5 audit_backlog_limit=64
04-23 22:42:59.845     0     0 E audit   : rate limit exceeded
04-23 22:42:59.640  1636  1636 W com.android.providers.media.module: type=1400 audit(0.0:778): avc: denied { read } for comm=4173796E635461736B202331 name="primary" dev="tmpfs" ino=29719 scontext=u:r:mediaprovider_app:s0:c123,c256,c512,c768 tcontext=u:object_r:mnt_pass_through_file:s0 tclass=lnk_file permissive=0 app=com.android.providers.media.module
04-23 22:42:59.660  1636  2288 W ModernMediaScanner: Failed to visit /sdcard/screen_2026-04-23_224300.png: java.nio.file.AccessDeniedException: /sdcard/screen_2026-04-23_224300.png
04-23 22:42:59.660  1636  2288 I MediaProvider: Scanned internal due to REASON_DEMAND, found 0 items in 16ms, 0 inserts 0 updates 0 deletes
04-23 22:42:59.661  1636  2288 I MediaProvider: End Intent { act=android.intent.action.MEDIA_SCANNER_SCAN_FILE dat=file:///sdcard/screen_2026-04-23_224300.png flg=0x1400010 cmp=com.android.providers.media.module/com.android.providers.media.MediaService }
04-23 22:42:59.640  1636  1636 W com.android.providers.media.module: type=1400 audit(0.0:779): avc: denied { read } for comm=4173796E635461736B202331 name="primary" dev="tmpfs" ino=29719 scontext=u:r:mediaprovider_app:s0:c123,c256,c512,c768 tcontext=u:object_r:mnt_pass_through_file:s0 tclass=lnk_file permissive=0 app=com.android.providers.media.module
04-23 22:42:59.689  1636  1773 I MediaProvider: Deleted 1 items on external_primary due to com.android.shell
04-23 22:42:59.757   503  1678 I ActivityManager: Force stopping co.touchlab.kampkit appid=10132 user=0: from pid 8673
04-23 22:42:59.808  8676  8676 E libc    : Access denied finding property "persist.device_config.runtime_native_boot.profilebootclasspath"
04-23 22:42:59.808  8676  8676 E libc    : Access denied finding property "persist.device_config.runtime_native_boot.enable_apex_image"
04-23 22:42:59.808  8676  8676 I AndroidRuntime: Using default boot image
04-23 22:42:59.808  8676  8676 E libc    : Access denied finding property "persist.device_config.runtime_native_boot.disable_lock_profiling"
04-23 22:42:59.808  8676  8676 I AndroidRuntime: Leaving lock profiling enabled
04-23 22:42:59.808  8676  8676 E libc    : Access denied finding property "persist.device_config.runtime_native_boot.enable_generational_cc"
04-23 22:42:59.810  8676  8676 I app_process: Core platform API reporting enabled, enforcing=false
04-23 22:42:59.851  8676  8676 W app_process: Unexpected CPU variant for X86 using defaults: x86_64
04-23 22:42:59.852  8676  8676 I app_process: The ClassLoaderContext is a special shared library.
04-23 22:42:59.858  8676  8676 W app_process: JNI RegisterNativeMethods: attempt to register 0 native methods for android.media.AudioAttributes
04-23 22:42:59.864   503   537 I ActivityTaskManager: START u0 {act=android.intent.action.MAIN cat=[android.intent.category.HOME] flg=0x10000100 cmp=com.android.launcher3/.uioverrides.QuickstepLauncher (has extras)} from uid 0
04-23 22:43:01.371   159   159 I hwservicemanager: getTransport: Cannot find entry android.hardware.graphics.mapper@4.0::IMapper/default in either framework or device manifest.
04-23 22:43:01.371  8708  8708 I Gralloc4: mapper 4.x is not supported
04-23 22:43:01.445  8712  8714 I cmd     : oneway function results will be dropped but finished with status OK and parcel size 4
04-23 22:43:01.445  1636  2288 I MediaProvider: Begin Intent { act=android.intent.action.MEDIA_SCANNER_SCAN_FILE dat=file:///sdcard/screen_2026-04-23_224302.png flg=0x1400010 cmp=com.android.providers.media.module/com.android.providers.media.MediaService }
04-23 22:43:01.440  1636  1636 W com.android.providers.media.module: type=1400 audit(0.0:787): avc: denied { read } for comm=4173796E635461736B202331 name="primary" dev="tmpfs" ino=29719 scontext=u:r:mediaprovider_app:s0:c123,c256,c512,c768 tcontext=u:object_r:mnt_pass_through_file:s0 tclass=lnk_file permissive=0 app=com.android.providers.media.module
04-23 22:43:01.637     0     0 W audit   : audit_lost=568 audit_rate_limit=5 audit_backlog_limit=64
04-23 22:43:01.639     0     0 E audit   : rate limit exceeded
04-23 22:43:01.457  1636  2288 W ModernMediaScanner: Failed to visit /sdcard/screen_2026-04-23_224302.png: java.nio.file.AccessDeniedException: /sdcard/screen_2026-04-23_224302.png
04-23 22:43:01.458  1636  2288 I MediaProvider: Scanned internal due to REASON_DEMAND, found 0 items in 13ms, 0 inserts 0 updates 0 deletes
04-23 22:43:01.458  1636  2288 I MediaProvider: End Intent { act=android.intent.action.MEDIA_SCANNER_SCAN_FILE dat=file:///sdcard/screen_2026-04-23_224302.png flg=0x1400010 cmp=com.android.providers.media.module/com.android.providers.media.MediaService }
04-23 22:43:01.440  1636  1636 W com.android.providers.media.module: type=1400 audit(0.0:788): avc: denied { read } for comm=4173796E635461736B202331 name="primary" dev="tmpfs" ino=29719 scontext=u:r:mediaprovider_app:s0:c123,c256,c512,c768 tcontext=u:object_r:mnt_pass_through_file:s0 tclass=lnk_file permissive=0 app=com.android.providers.media.module
04-23 22:43:01.500  1636  3008 I MediaProvider: Deleted 1 items on external_primary due to com.android.shell
04-23 22:43:01.526  8723  8725 I cmd     : oneway function results will be dropped but finished with status OK and parcel size 4
04-23 22:43:01.649   159   159 I hwservicemanager: getTransport: Cannot find entry android.hardware.graphics.mapper@4.0::IMapper/default in either framework or device manifest.
04-23 22:43:01.650  8745  8745 I Gralloc4: mapper 4.x is not supported
04-23 22:43:01.725  8749  8751 I cmd     : oneway function results will be dropped but finished with status OK and parcel size 4
04-23 22:43:01.725  1636  2288 I MediaProvider: Begin Intent { act=android.intent.action.MEDIA_SCANNER_SCAN_FILE dat=file:///sdcard/screen_2026-04-23_224302.png flg=0x1400010 cmp=com.android.providers.media.module/com.android.providers.media.MediaService }
04-23 22:43:01.725  1636  2288 W ModernMediaScanner: Failed to visit /sdcard/screen_2026-04-23_224302.png: java.nio.file.AccessDeniedException: /sdcard/screen_2026-04-23_224302.png
04-23 22:43:01.726  1636  2288 I MediaProvider: Scanned internal due to REASON_DEMAND, found 0 items in 0ms, 0 inserts 0 updates 0 deletes
04-23 22:43:01.726  1636  2288 I MediaProvider: End Intent { act=android.intent.action.MEDIA_SCANNER_SCAN_FILE dat=file:///sdcard/screen_2026-04-23_224302.png flg=0x1400010 cmp=com.android.providers.media.module/com.android.providers.media.MediaService }
04-23 22:43:01.750  1636  1774 I MediaProvider: Deleted 1 items on external_primary due to com.android.shell
04-23 22:43:01.777  8760  8762 I cmd     : oneway function results will be dropped but finished with status OK and parcel size 4
04-23 22:43:01.908   159   159 I hwservicemanager: getTransport: Cannot find entry android.hardware.graphics.mapper@4.0::IMapper/default in either framework or device manifest.
04-23 22:43:01.908  8782  8782 I Gralloc4: mapper 4.x is not supported
04-23 22:43:01.984  8786  8788 I cmd     : oneway function results will be dropped but finished with status OK and parcel size 4
04-23 22:43:01.985  1636  2288 I MediaProvider: Begin Intent { act=android.intent.action.MEDIA_SCANNER_SCAN_FILE dat=file:///sdcard/screen_2026-04-23_224302.png flg=0x1400010 cmp=com.android.providers.media.module/com.android.providers.media.MediaService }
04-23 22:43:01.986  1636  2288 W ModernMediaScanner: Failed to visit /sdcard/screen_2026-04-23_224302.png: java.nio.file.AccessDeniedException: /sdcard/screen_2026-04-23_224302.png
04-23 22:43:01.989  1636  2288 I MediaProvider: Scanned internal due to REASON_DEMAND, found 0 items in 1ms, 0 inserts 0 updates 0 deletes
04-23 22:43:01.990  1636  2288 I MediaProvider: End Intent { act=android.intent.action.MEDIA_SCANNER_SCAN_FILE dat=file:///sdcard/screen_2026-04-23_224302.png flg=0x1400010 cmp=com.android.providers.media.module/com.android.providers.media.MediaService }
04-23 22:43:02.010  1636  1773 I MediaProvider: Deleted 1 items on external_primary due to com.android.shell
04-23 22:43:02.037  8797  8799 I cmd     : oneway function results will be dropped but finished with status OK and parcel size 4
04-23 22:43:02.076   503  1678 I ActivityTaskManager: START u0 {act=android.intent.action.MAIN cat=[android.intent.category.LAUNCHER] flg=0x10000000 cmp=co.touchlab.kampkit/.android.MainActivity} from uid 2000
04-23 22:43:02.077   410   410 I perfetto: ing_service_impl.cc:758 Configured tracing session 6, #sources:1, duration:5000 ms, #buffers:1, total buffer size:4096 KB, total sessions:1, uid:1071 session name: ""
04-23 22:43:02.077   406   406 I perfetto: probes_producer.cc:230  Ftrace setup (target_buf=6)
04-23 22:43:02.089   406   406 I perfetto: ftrace_procfs.cc:176    enabled ftrace
04-23 22:43:02.278     0     0 W perfetto: enabled ftrace
04-23 22:43:02.090  8809  8811 I cmd     : oneway function results will be dropped but finished with status OK and parcel size 4
04-23 22:43:02.098   503   546 I ActivityManager: Start proc 8817:co.touchlab.kampkit/u0a132 for pre-top-activity {co.touchlab.kampkit/co.touchlab.kampkit.android.MainActivity}
04-23 22:43:02.104  8817  8817 I ouchlab.kampki: Late-enabling -Xcheck:jni
04-23 22:43:02.117  8817  8817 I ouchlab.kampki: Unquickening 12 vdex files!
04-23 22:43:02.118  8817  8817 W ouchlab.kampki: Unexpected CPU variant for X86 using defaults: x86_64
04-23 22:43:02.121   392   402 I adbd    : jdwp connection from 8817
04-23 22:43:02.126   503  1002 W InputReader: Device virtio_input_multi_touch_10 is associated with display ADISPLAY_ID_NONE.
04-23 22:43:02.126   503  1002 W InputReader: Device virtio_input_multi_touch_7 is associated with display ADISPLAY_ID_NONE.
04-23 22:43:02.126   503  1002 W InputReader: Device virtio_input_multi_touch_11 is associated with display ADISPLAY_ID_NONE.
04-23 22:43:02.126   503  1002 W InputReader: Device virtio_input_multi_touch_5 is associated with display ADISPLAY_ID_NONE.
04-23 22:43:02.126   503  1002 W InputReader: Device virtio_input_multi_touch_2 is associated with display ADISPLAY_ID_NONE.
04-23 22:43:02.126   503  1002 W InputReader: Device virtio_input_multi_touch_6 is associated with display ADISPLAY_ID_NONE.
04-23 22:43:02.126   503  1002 W InputReader: Device virtio_input_multi_touch_8 is associated with display ADISPLAY_ID_NONE.
04-23 22:43:02.126   503  1002 W InputReader: Device virtio_input_multi_touch_9 is associated with display ADISPLAY_ID_NONE.
04-23 22:43:02.126   503  1002 W InputReader: Device virtio_input_multi_touch_3 is associated with display ADISPLAY_ID_NONE.
04-23 22:43:02.126   503  1002 W InputReader: Device virtio_input_multi_touch_4 is associated with display ADISPLAY_ID_NONE.
04-23 22:43:02.126   503  1002 W InputReader: Device virtio_input_multi_touch_10 is associated with display ADISPLAY_ID_NONE.
04-23 22:43:02.126   503  1002 W InputReader: Device virtio_input_multi_touch_7 is associated with display ADISPLAY_ID_NONE.
04-23 22:43:02.126   503  1002 W InputReader: Device virtio_input_multi_touch_11 is associated with display ADISPLAY_ID_NONE.
04-23 22:43:02.126   503  1002 W InputReader: Device virtio_input_multi_touch_5 is associated with display ADISPLAY_ID_NONE.
04-23 22:43:02.126   503  1002 W InputReader: Device virtio_input_multi_touch_2 is associated with display ADISPLAY_ID_NONE.
04-23 22:43:02.126   503  1002 W InputReader: Device virtio_input_multi_touch_6 is associated with display ADISPLAY_ID_NONE.
04-23 22:43:02.126   503  1002 W InputReader: Device virtio_input_multi_touch_8 is associated with display ADISPLAY_ID_NONE.
04-23 22:43:02.126   503  1002 W InputReader: Device virtio_input_multi_touch_9 is associated with display ADISPLAY_ID_NONE.
04-23 22:43:02.126   503  1002 W InputReader: Device virtio_input_multi_touch_3 is associated with display ADISPLAY_ID_NONE.
04-23 22:43:02.126   503  1002 W InputReader: Device virtio_input_multi_touch_4 is associated with display ADISPLAY_ID_NONE.
04-23 22:43:02.475  8817  8817 I Startup : Hello from Android/Kotlin!
04-23 22:43:02.625  8817  8817 W ouchlab.kampki: Accessing hidden method Landroid/os/SystemProperties;->addChangeCallback(Ljava/lang/Runnable;)V (greylist, reflection, allowed)
04-23 22:43:02.657  8817  8817 W System.err: SLF4J(W): No SLF4J providers were found.
04-23 22:43:02.657  8817  8817 W System.err: SLF4J(W): Defaulting to no-operation (NOP) logger implementation
04-23 22:43:02.657  8817  8817 W System.err: SLF4J(W): See https://www.slf4j.org/codes.html#noProviders for further details.
04-23 22:43:02.747   159   159 I hwservicemanager: getTransport: Cannot find entry android.hardware.configstore@1.0::ISurfaceFlingerConfigs/default in either framework or device manifest.
04-23 22:43:02.754   159   159 I hwservicemanager: getTransport: Cannot find entry android.hardware.graphics.mapper@4.0::IMapper/default in either framework or device manifest.
04-23 22:43:02.754  8817  8842 I Gralloc4: mapper 4.x is not supported
04-23 22:43:02.866   158   158 I servicemanager: Notifying apexservice they have clients: 1
04-23 22:43:02.866   158   158 I servicemanager: Notifying apexservice they have clients: 0
04-23 22:43:03.057     0     0 I AidlLazyServiceRegistrar: Process has 1 (of 1 available) client(s) in use after notification android.apex.IApexService has clients: 1
04-23 22:43:03.063     0     0 I AidlLazyServiceRegistrar: Process has 0 (of 1 available) client(s) in use after notification android.apex.IApexService has clients: 0
04-23 22:43:03.069     0     0 I AidlLazyServiceRegistrar: Trying to shut down the service. No clients in use for any service in process.
04-23 22:43:02.882   158   158 I BpBinder: onLastStrongRef automatically unlinking death recipients: <uncached descriptor>
04-23 22:43:03.073     0     0 I AidlLazyServiceRegistrar: Unregistered all clients and exiting
04-23 22:43:03.076     0     0 I         : apexd (8631) used greatest stack depth: 10392 bytes left
04-23 22:43:03.081     0     0 I init    : Service 'apexd' (pid 8631) exited with status 0 oneshot service took 3.546000 seconds in background
04-23 22:43:03.084     0     0 I init    : Sending signal 9 to service 'apexd' (pid 8631) process group...
04-23 22:43:03.086     0     0 I libprocessgroup: Successfully killed process cgroup uid 0 pid 8631 in 0ms
04-23 22:43:02.991   503   544 I ActivityTaskManager: Displayed co.touchlab.kampkit/.android.MainActivity: +914ms
04-23 22:43:03.038   331   360 W ServiceManager: Permission failure: android.permission.ACCESS_SURFACE_FLINGER from uid=10132 pid=8817
04-23 22:43:03.164  2237  2237 E AccessibilityInteractionClient: 1 Disconnected nodes.
04-23 22:43:03.289  8817  8842 I OpenGLRenderer: Davey! duration=743ms; Flags=0, IntendedVsync=124991937818, Vsync=125458604466, OldestInputEvent=9223372036854775807, NewestInputEvent=0, HandleInputStart=125472458697, AnimationStart=125472460830, PerformTraversalsStart=125473917113, DrawStart=125474786404, SyncQueued=125475817846, SyncStart=125478689502, IssueDrawCommandsStart=125486010757, SwapBuffers=125731160579, FrameCompleted=125738378154, DequeueBufferDuration=246115, QueueBufferDuration=1049549, GpuCompleted=0, 
04-23 22:43:03.372   159   159 I hwservicemanager: getTransport: Cannot find entry android.hardware.graphics.mapper@4.0::IMapper/default in either framework or device manifest.
04-23 22:43:03.372  8883  8883 I Gralloc4: mapper 4.x is not supported
04-23 22:43:03.406  8889  8891 I cmd     : oneway function results will be dropped but finished with status OK and parcel size 4
04-23 22:43:03.407  1636  2288 I MediaProvider: Begin Intent { act=android.intent.action.MEDIA_SCANNER_SCAN_FILE dat=file:///sdcard/screen_2026-04-23_224304.png flg=0x1400010 cmp=com.android.providers.media.module/com.android.providers.media.MediaService }
04-23 22:43:03.404  1636  1636 W com.android.providers.media.module: type=1400 audit(0.0:805): avc: denied { read } for comm=4173796E635461736B202331 name="primary" dev="tmpfs" ino=29719 scontext=u:r:mediaprovider_app:s0:c123,c256,c512,c768 tcontext=u:object_r:mnt_pass_through_file:s0 tclass=lnk_file permissive=0 app=com.android.providers.media.module
04-23 22:43:03.606     0     0 W audit   : audit_lost=581 audit_rate_limit=5 audit_backlog_limit=64
04-23 22:43:03.608     0     0 E audit   : rate limit exceeded
04-23 22:43:03.422  1636  2288 W ModernMediaScanner: Failed to visit /sdcard/screen_2026-04-23_224304.png: java.nio.file.AccessDeniedException: /sdcard/screen_2026-04-23_224304.png
04-23 22:43:03.423  1636  2288 I MediaProvider: Scanned internal due to REASON_DEMAND, found 0 items in 7ms, 0 inserts 0 updates 0 deletes
04-23 22:43:03.423  1636  2288 I MediaProvider: End Intent { act=android.intent.action.MEDIA_SCANNER_SCAN_FILE dat=file:///sdcard/screen_2026-04-23_224304.png flg=0x1400010 cmp=com.android.providers.media.module/com.android.providers.media.MediaService }
04-23 22:43:03.412  1636  1636 W com.android.providers.media.module: type=1400 audit(0.0:806): avc: denied { read } for comm=4173796E635461736B202331 name="primary" dev="tmpfs" ino=29719 scontext=u:r:mediaprovider_app:s0:c123,c256,c512,c768 tcontext=u:object_r:mnt_pass_through_file:s0 tclass=lnk_file permissive=0 app=com.android.providers.media.module
04-23 22:43:03.412  1636  1636 W com.android.providers.media.module: type=1400 audit(0.0:809): avc: denied { read } for comm=4173796E635461736B202331 name="primary" dev="tmpfs" ino=29719 scontext=u:r:mediaprovider_app:s0:c123,c256,c512,c768 tcontext=u:object_r:mnt_pass_through_file:s0 tclass=lnk_file permissive=0 app=com.android.providers.media.module
04-23 22:43:03.509  1636  1773 I MediaProvider: Deleted 1 items on external_primary due to com.android.shell
04-23 22:43:03.802   159   159 I hwservicemanager: getTransport: Cannot find entry android.hardware.graphics.mapper@4.0::IMapper/default in either framework or device manifest.
04-23 22:43:03.802  8925  8925 I Gralloc4: mapper 4.x is not supported
04-23 22:43:03.957  1636  2288 I MediaProvider: Begin Intent { act=android.intent.action.MEDIA_SCANNER_SCAN_FILE dat=file:///sdcard/screen_2026-04-23_224304.png flg=0x1400010 cmp=com.android.providers.media.module/com.android.providers.media.MediaService }
04-23 22:43:03.958  1636  2288 W ModernMediaScanner: Failed to visit /sdcard/screen_2026-04-23_224304.png: java.nio.file.AccessDeniedException: /sdcard/screen_2026-04-23_224304.png
04-23 22:43:03.958  1636  2288 I MediaProvider: Scanned internal due to REASON_DEMAND, found 0 items in 1ms, 0 inserts 0 updates 0 deletes
04-23 22:43:03.965  1636  2288 I MediaProvider: End Intent { act=android.intent.action.MEDIA_SCANNER_SCAN_FILE dat=file:///sdcard/screen_2026-04-23_224304.png flg=0x1400010 cmp=com.android.providers.media.module/com.android.providers.media.MediaService }
04-23 22:43:04.036  1636  1773 I MediaProvider: Deleted 1 items on external_primary due to com.android.shell
04-23 22:43:04.337   159   159 I hwservicemanager: getTransport: Cannot find entry android.hardware.graphics.mapper@4.0::IMapper/default in either framework or device manifest.
04-23 22:43:04.337  8981  8981 I Gralloc4: mapper 4.x is not supported
04-23 22:43:04.415  1636  2288 I MediaProvider: Begin Intent { act=android.intent.action.MEDIA_SCANNER_SCAN_FILE dat=file:///sdcard/screen_2026-04-23_224304.png flg=0x1400010 cmp=com.android.providers.media.module/com.android.providers.media.MediaService }
04-23 22:43:04.418  1636  2288 W ModernMediaScanner: Failed to visit /sdcard/screen_2026-04-23_224304.png: java.nio.file.AccessDeniedException: /sdcard/screen_2026-04-23_224304.png
04-23 22:43:04.418  1636  2288 I MediaProvider: Scanned internal due to REASON_DEMAND, found 0 items in 3ms, 0 inserts 0 updates 0 deletes
04-23 22:43:04.419  1636  2288 I MediaProvider: End Intent { act=android.intent.action.MEDIA_SCANNER_SCAN_FILE dat=file:///sdcard/screen_2026-04-23_224304.png flg=0x1400010 cmp=com.android.providers.media.module/com.android.providers.media.MediaService }
04-23 22:43:04.422  8993  8996 I cmd     : oneway function results will be dropped but finished with status OK and parcel size 4
04-23 22:43:04.408  1636  1636 W com.android.providers.media.module: type=1400 audit(0.0:817): avc: denied { read } for comm=4173796E635461736B202331 name="primary" dev="tmpfs" ino=29719 scontext=u:r:mediaprovider_app:s0:c123,c256,c512,c768 tcontext=u:object_r:mnt_pass_through_file:s0 tclass=lnk_file permissive=0 app=com.android.providers.media.module
04-23 22:43:04.412  1636  1636 W com.android.providers.media.module: type=1400 audit(0.0:821): avc: denied { read } for comm=4173796E635461736B202331 name="primary" dev="tmpfs" ino=29719 scontext=u:r:mediaprovider_app:s0:c123,c256,c512,c768 tcontext=u:object_r:mnt_pass_through_file:s0 tclass=lnk_file permissive=0 app=com.android.providers.media.module
04-23 22:43:04.480  1636  3008 I MediaProvider: Deleted 1 items on external_primary due to com.android.shell
04-23 22:43:04.524  9013  9014 I cmd     : oneway function results will be dropped but finished with status OK and parcel size 4
04-23 22:43:04.594  9032  9034 I cmd     : oneway function results will be dropped but finished with status OK and parcel size 4
04-23 22:43:04.645  9047  9049 I cmd     : oneway function results will be dropped but finished with status OK and parcel size 4
04-23 22:43:04.695  9062  9064 I cmd     : oneway function results will be dropped but finished with status OK and parcel size 4
04-23 22:43:04.711   503   538 I DropBoxManagerService: add tag=system_server_strictmode isTagEnabled=true flags=0x2
04-23 22:43:04.968     0     0 W audit   : audit_lost=589 audit_rate_limit=5 audit_backlog_limit=64
04-23 22:43:04.970     0     0 E audit   : rate limit exceeded
04-23 22:43:04.780  9074  9074 E libc    : Access denied finding property "persist.device_config.runtime_native_boot.profilebootclasspath"
04-23 22:43:04.780  9074  9074 E libc    : Access denied finding property "persist.device_config.runtime_native_boot.enable_apex_image"
04-23 22:43:04.780  9074  9074 I AndroidRuntime: Using default boot image
04-23 22:43:04.780  9074  9074 E libc    : Access denied finding property "persist.device_config.runtime_native_boot.disable_lock_profiling"
04-23 22:43:04.780  9074  9074 I AndroidRuntime: Leaving lock profiling enabled
04-23 22:43:04.780  9074  9074 E libc    : Access denied finding property "persist.device_config.runtime_native_boot.enable_generational_cc"
04-23 22:43:04.782  9074  9074 I app_process: Core platform API reporting enabled, enforcing=false
04-23 22:43:04.821  9074  9074 W app_process: Unexpected CPU variant for X86 using defaults: x86_64
04-23 22:43:04.821  9074  9074 I app_process: The ClassLoaderContext is a special shared library.
04-23 22:43:04.828  9074  9074 W app_process: JNI RegisterNativeMethods: attempt to register 0 native methods for android.media.AudioAttributes
04-23 22:43:05.046  8817  8817 I DatabaseHelper: Breed 1: Favorited true
04-23 22:43:04.714   503   538 I chatty  : uid=1000(system) android.io identical 5 lines
04-23 22:43:04.714   503   538 I DropBoxManagerService: add tag=system_server_strictmode isTagEnabled=true flags=0x2
04-23 22:43:05.138   503  1463 E TaskPersister: File error accessing recents directory (directory doesn't exist?).
04-23 22:43:05.148  2237  2237 E AccessibilityInteractionClient: 2 Disconnected nodes.
04-23 22:43:05.260  8413  8413 I ProvidersCache: Updating roots due to change on user 0at content://com.android.providers.media.documents/root
04-23 22:43:05.475  8413  8413 I ProvidersCache: Updating roots due to change on user 0at content://com.android.providers.media.documents/root
04-23 22:43:06.570   159   159 I hwservicemanager: getTransport: Cannot find entry android.hardware.graphics.mapper@4.0::IMapper/default in either framework or device manifest.
04-23 22:43:06.570  9107  9107 I Gralloc4: mapper 4.x is not supported
04-23 22:43:06.608  1636  2288 I MediaProvider: Begin Intent { act=android.intent.action.MEDIA_SCANNER_SCAN_FILE dat=file:///sdcard/screen_2026-04-23_224307.png flg=0x1400010 cmp=com.android.providers.media.module/com.android.providers.media.MediaService }
04-23 22:43:06.799     0     0 W audit   : audit_lost=593 audit_rate_limit=5 audit_backlog_limit=64
04-23 22:43:06.801     0     0 E audit   : rate limit exceeded
04-23 22:43:06.612  1636  2288 W ModernMediaScanner: Failed to visit /sdcard/screen_2026-04-23_224307.png: java.nio.file.AccessDeniedException: /sdcard/screen_2026-04-23_224307.png
04-23 22:43:06.612  1636  2288 I MediaProvider: Scanned internal due to REASON_DEMAND, found 0 items in 4ms, 0 inserts 0 updates 0 deletes
04-23 22:43:06.613  1636  2288 I MediaProvider: End Intent { act=android.intent.action.MEDIA_SCANNER_SCAN_FILE dat=file:///sdcard/screen_2026-04-23_224307.png flg=0x1400010 cmp=com.android.providers.media.module/com.android.providers.media.MediaService }
04-23 22:43:06.604  1636  1636 W com.android.providers.media.module: type=1400 audit(0.0:827): avc: denied { read } for comm=4173796E635461736B202331 name="primary" dev="tmpfs" ino=29719 scontext=u:r:mediaprovider_app:s0:c123,c256,c512,c768 tcontext=u:object_r:mnt_pass_through_file:s0 tclass=lnk_file permissive=0 app=com.android.providers.media.module
04-23 22:43:06.700  1636  1774 I MediaProvider: Deleted 1 items on external_primary due to com.android.shell
04-23 22:43:06.731  9122  9124 I cmd     : oneway function results will be dropped but finished with status OK and parcel size 4
04-23 22:43:06.873   159   159 I hwservicemanager: getTransport: Cannot find entry android.hardware.graphics.mapper@4.0::IMapper/default in either framework or device manifest.
04-23 22:43:06.874  9144  9144 I Gralloc4: mapper 4.x is not supported
04-23 22:43:06.911  1636  2288 I MediaProvider: Begin Intent { act=android.intent.action.MEDIA_SCANNER_SCAN_FILE dat=file:///sdcard/screen_2026-04-23_224307.png flg=0x1400010 cmp=com.android.providers.media.module/com.android.providers.media.MediaService }
04-23 22:43:06.911  9148  9150 I cmd     : oneway function results will be dropped but finished with status OK and parcel size 4
04-23 22:43:06.912  1636  2288 W ModernMediaScanner: Failed to visit /sdcard/screen_2026-04-23_224307.png: java.nio.file.AccessDeniedException: /sdcard/screen_2026-04-23_224307.png
04-23 22:43:06.913  1636  2288 I MediaProvider: Scanned internal due to REASON_DEMAND, found 0 items in 1ms, 0 inserts 0 updates 0 deletes
04-23 22:43:06.916  1636  2288 I MediaProvider: End Intent { act=android.intent.action.MEDIA_SCANNER_SCAN_FILE dat=file:///sdcard/screen_2026-04-23_224307.png flg=0x1400010 cmp=com.android.providers.media.module/com.android.providers.media.MediaService }
04-23 22:43:06.936  1636  1773 I MediaProvider: Deleted 1 items on external_primary due to com.android.shell
04-23 22:43:06.966  9159  9161 I cmd     : oneway function results will be dropped but finished with status OK and parcel size 4
04-23 22:43:07.080   406   406 I perfetto: probes_producer.cc:329  Producer stop (id=6)
04-23 22:43:07.081   406   406 I perfetto: ftrace_procfs.cc:183    disabled ftrace
04-23 22:43:07.081   410   410 I perfetto: ng_service_impl.cc:1948 Tracing session 6 ended, total sessions:0
04-23 22:43:07.082   418  8813 I iorapd  : Perfetto TraceBuffer saved to file: /data/misc/iorapd/co.touchlab.kampkit/1/co.touchlab.kampkit.android.MainActivity/raw_traces/1776984187081949816.perfetto_trace.pb
04-23 22:43:07.271     0     0 W perfetto: disabled ftrace
04-23 22:43:07.095   159   159 I hwservicemanager: getTransport: Cannot find entry android.hardware.graphics.mapper@4.0::IMapper/default in either framework or device manifest.
04-23 22:43:07.095  9181  9181 I Gralloc4: mapper 4.x is not supported
04-23 22:43:07.132  1636  2288 I MediaProvider: Begin Intent { act=android.intent.action.MEDIA_SCANNER_SCAN_FILE dat=file:///sdcard/screen_2026-04-23_224307.png flg=0x1400010 cmp=com.android.providers.media.module/com.android.providers.media.MediaService }
04-23 22:43:07.132  1636  2288 W ModernMediaScanner: Failed to visit /sdcard/screen_2026-04-23_224307.png: java.nio.file.AccessDeniedException: /sdcard/screen_2026-04-23_224307.png
04-23 22:43:07.133  1636  2288 I MediaProvider: Scanned internal due to REASON_DEMAND, found 0 items in 0ms, 0 inserts 0 updates 0 deletes
04-23 22:43:07.133  1636  2288 I MediaProvider: End Intent { act=android.intent.action.MEDIA_SCANNER_SCAN_FILE dat=file:///sdcard/screen_2026-04-23_224307.png flg=0x1400010 cmp=com.android.providers.media.module/com.android.providers.media.MediaService }
04-23 22:43:07.154  1636  3008 I MediaProvider: Deleted 1 items on external_primary due to com.android.shell
04-23 22:43:07.183  9196  9198 I cmd     : oneway function results will be dropped but finished with status OK and parcel size 4
04-23 22:43:07.234  9211  9213 I cmd     : oneway function results will be dropped but finished with status OK and parcel size 4
04-23 22:43:07.287  9226  9228 I cmd     : oneway function results will be dropped but finished with status OK and parcel size 4
04-23 22:43:07.340  9241  9243 I cmd     : oneway function results will be dropped but finished with status OK and parcel size 4
04-23 22:43:07.423  9253  9253 E libc    : Access denied finding property "persist.device_config.runtime_native_boot.profilebootclasspath"
04-23 22:43:07.423  9253  9253 E libc    : Access denied finding property "persist.device_config.runtime_native_boot.enable_apex_image"
04-23 22:43:07.423  9253  9253 I AndroidRuntime: Using default boot image
04-23 22:43:07.423  9253  9253 E libc    : Access denied finding property "persist.device_config.runtime_native_boot.disable_lock_profiling"
04-23 22:43:07.423  9253  9253 I AndroidRuntime: Leaving lock profiling enabled
04-23 22:43:07.423  9253  9253 E libc    : Access denied finding property "persist.device_config.runtime_native_boot.enable_generational_cc"
04-23 22:43:07.424  9253  9253 I app_process: Core platform API reporting enabled, enforcing=false
04-23 22:43:07.465  9253  9253 W app_process: Unexpected CPU variant for X86 using defaults: x86_64
04-23 22:43:07.466  9253  9253 I app_process: The ClassLoaderContext is a special shared library.
04-23 22:43:07.472  9253  9253 W app_process: JNI RegisterNativeMethods: attempt to register 0 native methods for android.media.AudioAttributes
04-23 22:43:07.678  8817  8817 I DatabaseHelper: Breed 1: Favorited false
04-23 22:43:09.189   159   159 I hwservicemanager: getTransport: Cannot find entry android.hardware.graphics.mapper@4.0::IMapper/default in either framework or device manifest.
04-23 22:43:09.189  9286  9286 I Gralloc4: mapper 4.x is not supported
04-23 22:43:09.228  1636  2288 I MediaProvider: Begin Intent { act=android.intent.action.MEDIA_SCANNER_SCAN_FILE dat=file:///sdcard/screen_2026-04-23_224309.png flg=0x1400010 cmp=com.android.providers.media.module/com.android.providers.media.MediaService }
04-23 22:43:09.224  1636  1636 W com.android.providers.media.module: type=1400 audit(0.0:849): avc: denied { read } for comm=4173796E635461736B202331 name="primary" dev="tmpfs" ino=29719 scontext=u:r:mediaprovider_app:s0:c123,c256,c512,c768 tcontext=u:object_r:mnt_pass_through_file:s0 tclass=lnk_file permissive=0 app=com.android.providers.media.module
04-23 22:43:09.421     0     0 W audit   : audit_lost=610 audit_rate_limit=5 audit_backlog_limit=64
04-23 22:43:09.432     0     0 E audit   : rate limit exceeded
04-23 22:43:09.252  1636  2288 W ModernMediaScanner: Failed to visit /sdcard/screen_2026-04-23_224309.png: java.nio.file.AccessDeniedException: /sdcard/screen_2026-04-23_224309.png
04-23 22:43:09.252  1636  2288 I MediaProvider: Scanned internal due to REASON_DEMAND, found 0 items in 23ms, 0 inserts 0 updates 0 deletes
04-23 22:43:09.253  1636  2288 I MediaProvider: End Intent { act=android.intent.action.MEDIA_SCANNER_SCAN_FILE dat=file:///sdcard/screen_2026-04-23_224309.png flg=0x1400010 cmp=com.android.providers.media.module/com.android.providers.media.MediaService }
04-23 22:43:09.224  1636  1636 W com.android.providers.media.module: type=1400 audit(0.0:850): avc: denied { read } for comm=4173796E635461736B202331 name="primary" dev="tmpfs" ino=29719 scontext=u:r:mediaprovider_app:s0:c123,c256,c512,c768 tcontext=u:object_r:mnt_pass_through_file:s0 tclass=lnk_file permissive=0 app=com.android.providers.media.module
04-23 22:43:09.318  1636  3008 I MediaProvider: Deleted 1 items on external_primary due to com.android.shell
04-23 22:43:09.348  9301  9303 I cmd     : oneway function results will be dropped but finished with status OK and parcel size 4
04-23 22:43:09.475   159   159 I hwservicemanager: getTransport: Cannot find entry android.hardware.graphics.mapper@4.0::IMapper/default in either framework or device manifest.
04-23 22:43:09.476  9323  9323 I Gralloc4: mapper 4.x is not supported
04-23 22:43:09.514  9327  9329 I cmd     : oneway function results will be dropped but finished with status OK and parcel size 4
04-23 22:43:09.515  1636  2288 I MediaProvider: Begin Intent { act=android.intent.action.MEDIA_SCANNER_SCAN_FILE dat=file:///sdcard/screen_2026-04-23_224310.png flg=0x1400010 cmp=com.android.providers.media.module/com.android.providers.media.MediaService }
04-23 22:43:09.516  1636  2288 W ModernMediaScanner: Failed to visit /sdcard/screen_2026-04-23_224310.png: java.nio.file.AccessDeniedException: /sdcard/screen_2026-04-23_224310.png
04-23 22:43:09.519  1636  2288 I MediaProvider: Scanned internal due to REASON_DEMAND, found 0 items in 3ms, 0 inserts 0 updates 0 deletes
04-23 22:43:09.522  1636  2288 I MediaProvider: End Intent { act=android.intent.action.MEDIA_SCANNER_SCAN_FILE dat=file:///sdcard/screen_2026-04-23_224310.png flg=0x1400010 cmp=com.android.providers.media.module/com.android.providers.media.MediaService }
04-23 22:43:09.540  1636  1774 I MediaProvider: Deleted 1 items on external_primary due to com.android.shell
04-23 22:43:09.706   159   159 I hwservicemanager: getTransport: Cannot find entry android.hardware.graphics.mapper@4.0::IMapper/default in either framework or device manifest.
04-23 22:43:09.706  9363  9363 I Gralloc4: mapper 4.x is not supported
04-23 22:43:09.733  8413  8413 I ProvidersCache: Updating roots due to change on user 0at content://com.android.providers.media.documents/root
04-23 22:43:09.744  1636  2288 I MediaProvider: Begin Intent { act=android.intent.action.MEDIA_SCANNER_SCAN_FILE dat=file:///sdcard/screen_2026-04-23_224310.png flg=0x1400010 cmp=com.android.providers.media.module/com.android.providers.media.MediaService }
04-23 22:43:09.745  1636  2288 W ModernMediaScanner: Failed to visit /sdcard/screen_2026-04-23_224310.png: java.nio.file.AccessDeniedException: /sdcard/screen_2026-04-23_224310.png
04-23 22:43:09.748  1636  2288 I MediaProvider: Scanned internal due to REASON_DEMAND, found 0 items in 3ms, 0 inserts 0 updates 0 deletes
04-23 22:43:09.749  1636  2288 I MediaProvider: End Intent { act=android.intent.action.MEDIA_SCANNER_SCAN_FILE dat=file:///sdcard/screen_2026-04-23_224310.png flg=0x1400010 cmp=com.android.providers.media.module/com.android.providers.media.MediaService }
04-23 22:43:09.767  1636  1774 I MediaProvider: Deleted 1 items on external_primary due to com.android.shell
04-23 22:43:09.796  9378  9380 I cmd     : oneway function results will be dropped but finished with status OK and parcel size 4
04-23 22:43:09.901  9408  9410 I cmd     : oneway function results will be dropped but finished with status OK and parcel size 4
04-23 22:43:09.952  9423  9425 I cmd     : oneway function results will be dropped but finished with status OK and parcel size 4
04-23 22:43:10.035  9435  9435 E libc    : Access denied finding property "persist.device_config.runtime_native_boot.profilebootclasspath"
04-23 22:43:10.035  9435  9435 E libc    : Access denied finding property "persist.device_config.runtime_native_boot.enable_apex_image"
04-23 22:43:10.035  9435  9435 I AndroidRuntime: Using default boot image
04-23 22:43:10.035  9435  9435 E libc    : Access denied finding property "persist.device_config.runtime_native_boot.disable_lock_profiling"
04-23 22:43:10.035  9435  9435 I AndroidRuntime: Leaving lock profiling enabled
04-23 22:43:10.035  9435  9435 E libc    : Access denied finding property "persist.device_config.runtime_native_boot.enable_generational_cc"
04-23 22:43:10.037  9435  9435 I app_process: Core platform API reporting enabled, enforcing=false
04-23 22:43:10.076  9435  9435 W app_process: Unexpected CPU variant for X86 using defaults: x86_64
04-23 22:43:10.077  9435  9435 I app_process: The ClassLoaderContext is a special shared library.
04-23 22:43:10.083  9435  9435 W app_process: JNI RegisterNativeMethods: attempt to register 0 native methods for android.media.AudioAttributes
04-23 22:43:10.302  8817  8817 I DatabaseHelper: Breed 2: Favorited true
04-23 22:43:10.315  2237  2237 E AccessibilityInteractionClient: 3 Disconnected nodes.
04-23 22:43:10.664     0     0 W healthd : battery l=100 v=5000 t=25.0 h=2 st=2 c=900000 fc=300000 cc=10 chg=a
04-23 22:43:11.507  8413  8413 I ProvidersCache: Updating roots due to change on user 0at content://com.android.providers.media.documents/root
04-23 22:43:11.791  8413  8413 I ProvidersCache: Updating roots due to change on user 0at content://com.android.providers.media.documents/root
04-23 22:43:11.817   159   159 I hwservicemanager: getTransport: Cannot find entry android.hardware.graphics.mapper@4.0::IMapper/default in either framework or device manifest.
04-23 22:43:11.817  9469  9469 I Gralloc4: mapper 4.x is not supported
04-23 22:43:11.853  9473  9475 I cmd     : oneway function results will be dropped but finished with status OK and parcel size 4
04-23 22:43:11.854  1636  2288 I MediaProvider: Begin Intent { act=android.intent.action.MEDIA_SCANNER_SCAN_FILE dat=file:///sdcard/screen_2026-04-23_224312.png flg=0x1400010 cmp=com.android.providers.media.module/com.android.providers.media.MediaService }
04-23 22:43:11.848  1636  1636 W com.android.providers.media.module: type=1400 audit(0.0:871): avc: denied { read } for comm=4173796E635461736B202331 name="primary" dev="tmpfs" ino=29719 scontext=u:r:mediaprovider_app:s0:c123,c256,c512,c768 tcontext=u:object_r:mnt_pass_through_file:s0 tclass=lnk_file permissive=0 app=com.android.providers.media.module
04-23 22:43:12.046     0     0 W audit   : audit_lost=627 audit_rate_limit=5 audit_backlog_limit=64
04-23 22:43:12.055     0     0 E audit   : rate limit exceeded
04-23 22:43:11.864   476   476 E netmgr  : qemu_pipe_open_ns:62: Could not connect to the 'pipe:qemud:network' service: Invalid argument
04-23 22:43:11.864   476   476 E netmgr  : Failed to open QEMU pipe 'qemud:network': Invalid argument
04-23 22:43:11.872   481   481 E wifi_forwarder: qemu_pipe_open_ns:62: Could not connect to the 'pipe:qemud:wififorward' service: Invalid argument
04-23 22:43:11.872   481   481 E wifi_forwarder: RemoteConnection failed to initialize: RemoteConnection failed to open pipe
04-23 22:43:11.848  1636  1636 W com.android.providers.media.module: type=1400 audit(0.0:872): avc: denied { read } for comm=4173796E635461736B202331 name="primary" dev="tmpfs" ino=29719 scontext=u:r:mediaprovider_app:s0:c123,c256,c512,c768 tcontext=u:object_r:mnt_pass_through_file:s0 tclass=lnk_file permissive=0 app=com.android.providers.media.module
04-23 22:43:11.873  1636  2288 W ModernMediaScanner: Failed to visit /sdcard/screen_2026-04-23_224312.png: java.nio.file.AccessDeniedException: /sdcard/screen_2026-04-23_224312.png
04-23 22:43:11.874  1636  2288 I MediaProvider: Scanned internal due to REASON_DEMAND, found 0 items in 18ms, 0 inserts 0 updates 0 deletes
04-23 22:43:11.874  1636  2288 I MediaProvider: End Intent { act=android.intent.action.MEDIA_SCANNER_SCAN_FILE dat=file:///sdcard/screen_2026-04-23_224312.png flg=0x1400010 cmp=com.android.providers.media.module/com.android.providers.media.MediaService }
04-23 22:43:11.848  1636  1636 W com.android.providers.media.module: type=1400 audit(0.0:873): avc: denied { read } for comm=4173796E635461736B202331 name="primary" dev="tmpfs" ino=29719 scontext=u:r:mediaprovider_app:s0:c123,c256,c512,c768 tcontext=u:object_r:mnt_pass_through_file:s0 tclass=lnk_file permissive=0 app=com.android.providers.media.module
04-23 22:43:11.942  1636  3008 I MediaProvider: Deleted 1 items on external_primary due to com.android.shell
04-23 22:43:11.972  9484  9486 I cmd     : oneway function results will be dropped but finished with status OK and parcel size 4
04-23 22:43:12.055  8413  8413 I ProvidersCache: Updating roots due to change on user 0at content://com.android.providers.media.documents/root
04-23 22:43:12.102   159   159 I hwservicemanager: getTransport: Cannot find entry android.hardware.graphics.mapper@4.0::IMapper/default in either framework or device manifest.
04-23 22:43:12.103  9506  9506 I Gralloc4: mapper 4.x is not supported
04-23 22:43:12.141  9510  9512 I cmd     : oneway function results will be dropped but finished with status OK and parcel size 4
04-23 22:43:12.143  1636  2288 I MediaProvider: Begin Intent { act=android.intent.action.MEDIA_SCANNER_SCAN_FILE dat=file:///sdcard/screen_2026-04-23_224312.png flg=0x1400010 cmp=com.android.providers.media.module/com.android.providers.media.MediaService }
