--------- beginning of main
04-23 22:42:53.105   159   159 I hwservicemanager: getTransport: Cannot find entry android.hardware.graphics.mapper@4.0::IMapper/default in either framework or device manifest.
04-23 22:42:53.105  8280  8280 I Gralloc4: mapper 4.x is not supported
04-23 22:42:53.143  8284  8286 I cmd     : oneway function results will be dropped but finished with status OK and parcel size 4
04-23 22:42:53.144  1636  2288 I MediaProvider: Begin Intent { act=android.intent.action.MEDIA_SCANNER_SCAN_FILE dat=file:///sdcard/screen_2026-04-23_224253.png flg=0x1400010 cmp=com.android.providers.media.module/com.android.providers.media.MediaService }
04-23 22:42:53.145  1636  2288 W ModernMediaScanner: Failed to visit /sdcard/screen_2026-04-23_224253.png: java.nio.file.AccessDeniedException: /sdcard/screen_2026-04-23_224253.png
04-23 22:42:53.150  1636  2288 I MediaProvider: Scanned internal due to REASON_DEMAND, found 0 items in 5ms, 0 inserts 0 updates 0 deletes
04-23 22:42:53.151  1636  2288 I MediaProvider: End Intent { act=android.intent.action.MEDIA_SCANNER_SCAN_FILE dat=file:///sdcard/screen_2026-04-23_224253.png flg=0x1400010 cmp=com.android.providers.media.module/com.android.providers.media.MediaService }
04-23 22:42:53.209  1636  3008 I MediaProvider: Deleted 1 items on external_primary due to com.android.shell
04-23 22:42:53.238  8297  8299 I cmd     : oneway function results will be dropped but finished with status OK and parcel size 4
04-23 22:42:53.291  8312  8314 I cmd     : oneway function results will be dropped but finished with status OK and parcel size 4
04-23 22:42:53.344  8327  8329 I cmd     : oneway function results will be dropped but finished with status OK and parcel size 4
04-23 22:42:53.396  8342  8344 I cmd     : oneway function results will be dropped but finished with status OK and parcel size 4
04-23 22:42:53.480  8354  8354 E libc    : Access denied finding property "persist.device_config.runtime_native_boot.profilebootclasspath"
04-23 22:42:53.480  8354  8354 E libc    : Access denied finding property "persist.device_config.runtime_native_boot.enable_apex_image"
04-23 22:42:53.480  8354  8354 I AndroidRuntime: Using default boot image
04-23 22:42:53.480  8354  8354 E libc    : Access denied finding property "persist.device_config.runtime_native_boot.disable_lock_profiling"
04-23 22:42:53.480  8354  8354 I AndroidRuntime: Leaving lock profiling enabled
04-23 22:42:53.480  8354  8354 E libc    : Access denied finding property "persist.device_config.runtime_native_boot.enable_generational_cc"
04-23 22:42:53.481  8354  8354 I app_process: Core platform API reporting enabled, enforcing=false
04-23 22:42:53.520  8354  8354 W app_process: Unexpected CPU variant for X86 using defaults: x86_64
04-23 22:42:53.521  8354  8354 I app_process: The ClassLoaderContext is a special shared library.
04-23 22:42:53.527  8354  8354 W app_process: JNI RegisterNativeMethods: attempt to register 0 native methods for android.media.AudioAttributes
04-23 22:42:53.745  2638  2638 I DatabaseHelper: Breed 10: Favorited false
04-23 22:42:54.525  8372  8375 I cmd     : oneway function results will be dropped but finished with status OK and parcel size 4
04-23 22:42:54.531  1331  1331 I LatinIME: Hardware accelerated drawing: true
04-23 22:42:54.534  1331  1331 W InputAttributes: No editor info for this field. Bug?
04-23 22:42:54.534   324   324 I android.hardware.vibrator-service.example: Vibrator reporting capabilities
04-23 22:42:54.535  1331  1388 I LatinIME:LogUtils: Dictionary info: dictionary = UserHistoryDictionary.en_US ; version = 1776984080 ; date = 1776984085
04-23 22:42:54.536  1331  1388 I LatinIME:LogUtils: Dictionary info: dictionary = userunigram.en_US ; version = 1776984174 ; date = ?
--------- beginning of system
04-23 22:42:54.541   503  1002 W ActivityTaskManager: Current config: {1.0 310mcc260mnc [en_US] ldltr sw320dp w320dp h616dp 160dpi nrml long port finger qwerty/v/v -nav/h winConfig={ mBounds=Rect(0, 0 - 320, 640) mAppBounds=Rect(0, 0 - 320, 640) mWindowingMode=fullscreen mDisplayWindowingMode=fullscreen mActivityType=undefined mAlwaysOnTop=undefined mRotation=ROTATION_0} s.8} unchanged for IME proc com.android.inputmethod.latin
04-23 22:42:54.554  1331  1388 I LatinIME:LogUtils: Dictionary info: dictionary = main:en ; version = 54 ; date = 1414726273
04-23 22:42:54.541   503  1002 I chatty  : uid=1000(system) Binder:503_8 identical 1 line
04-23 22:42:54.541   503  1002 W ActivityTaskManager: Current config: {1.0 310mcc260mnc [en_US] ldltr sw320dp w320dp h616dp 160dpi nrml long port finger qwerty/v/v -nav/h winConfig={ mBounds=Rect(0, 0 - 320, 640) mAppBounds=Rect(0, 0 - 320, 640) mWindowingMode=fullscreen mDisplayWindowingMode=fullscreen mActivityType=undefined mAlwaysOnTop=undefined mRotation=ROTATION_0} s.8} unchanged for IME proc com.android.inputmethod.latin
04-23 22:42:54.580   503   545 I ActivityManager: Force stopping co.touchlab.kampkit appid=10131 user=-1: deletePackageX
04-23 22:42:54.581   503   545 I ActivityManager: Killing 2638:co.touchlab.kampkit/u0a131 (adj 0): stop co.touchlab.kampkit due to deletePackageX
04-23 22:42:54.584   503   545 W ActivityTaskManager: Force removing ActivityRecord{28aa712 u0 co.touchlab.kampkit/.android.MainActivity t9 f}}: app died, no saved state
04-23 22:42:54.584   503   561 I PackageManager: Removing permission co.touchlab.kampkit.DYNAMIC_RECEIVER_NOT_EXPORTED_PERMISSION that used to be declared by co.touchlab.kampkit
04-23 22:42:54.584   503   561 W PackageManager: Removing dangling permission: co.touchlab.kampkit.DYNAMIC_RECEIVER_NOT_EXPORTED_PERMISSION from package co.touchlab.kampkit
04-23 22:42:54.584   503   561 I PackageManager: Permission ownership changed. Updating all permissions.
04-23 22:42:54.597   280   280 I Zygote  : Process 2638 exited due to signal 9 (Killed)
--------- beginning of kernel
04-23 22:42:54.784     0     0 I binder  : undelivered transaction 163702, process died.
04-23 22:42:54.602   503   545 W InputReader: Device virtio_input_multi_touch_10 is associated with display ADISPLAY_ID_NONE.
04-23 22:42:54.602   503   545 W InputReader: Device virtio_input_multi_touch_7 is associated with display ADISPLAY_ID_NONE.
04-23 22:42:54.602   503   545 W InputReader: Device virtio_input_multi_touch_11 is associated with display ADISPLAY_ID_NONE.
04-23 22:42:54.602   503   545 W InputReader: Device virtio_input_multi_touch_5 is associated with display ADISPLAY_ID_NONE.
04-23 22:42:54.602   503   545 W InputReader: Device virtio_input_multi_touch_2 is associated with display ADISPLAY_ID_NONE.
04-23 22:42:54.602   503   545 W InputReader: Device virtio_input_multi_touch_6 is associated with display ADISPLAY_ID_NONE.
04-23 22:42:54.602   503   545 W InputReader: Device virtio_input_multi_touch_8 is associated with display ADISPLAY_ID_NONE.
04-23 22:42:54.602   503   545 W InputReader: Device virtio_input_multi_touch_9 is associated with display ADISPLAY_ID_NONE.
04-23 22:42:54.602   503   545 W InputReader: Device virtio_input_multi_touch_3 is associated with display ADISPLAY_ID_NONE.
04-23 22:42:54.602   503   545 W InputReader: Device virtio_input_multi_touch_4 is associated with display ADISPLAY_ID_NONE.
04-23 22:42:54.602   503   545 W InputReader: Device virtio_input_multi_touch_10 is associated with display ADISPLAY_ID_NONE.
04-23 22:42:54.602   503   545 W InputReader: Device virtio_input_multi_touch_7 is associated with display ADISPLAY_ID_NONE.
04-23 22:42:54.602   503   545 W InputReader: Device virtio_input_multi_touch_11 is associated with display ADISPLAY_ID_NONE.
04-23 22:42:54.602   503   545 W InputReader: Device virtio_input_multi_touch_5 is associated with display ADISPLAY_ID_NONE.
04-23 22:42:54.602   503   545 W InputReader: Device virtio_input_multi_touch_2 is associated with display ADISPLAY_ID_NONE.
04-23 22:42:54.602   503   545 W InputReader: Device virtio_input_multi_touch_6 is associated with display ADISPLAY_ID_NONE.
04-23 22:42:54.602   503   545 W InputReader: Device virtio_input_multi_touch_8 is associated with display ADISPLAY_ID_NONE.
04-23 22:42:54.602   503   545 W InputReader: Device virtio_input_multi_touch_9 is associated with display ADISPLAY_ID_NONE.
04-23 22:42:54.602   503   545 W InputReader: Device virtio_input_multi_touch_3 is associated with display ADISPLAY_ID_NONE.
04-23 22:42:54.602   503   545 W InputReader: Device virtio_input_multi_touch_4 is associated with display ADISPLAY_ID_NONE.
04-23 22:42:54.603   421   421 I keystore: clear_uid 10131
04-23 22:42:54.606   503   561 E PermissionMonitor: unknown permission type: -1for uid: 10131
04-23 22:42:54.607  8388  8392 I cmd     : oneway function results will be dropped but finished with status OK and parcel size 4
04-23 22:42:54.608   503   534 W WindowManager: Cannot find window which accessibility connection is added to
04-23 22:42:54.612   503   539 W ActivityManager: setHasOverlayUi called on unknown pid: 2638
04-23 22:42:54.627   503   547 I libprocessgroup: Successfully killed process cgroup uid 10131 pid 2638 in 43ms
04-23 22:42:54.819     0     0 I binder  : release 8387:8387 transaction 163686 out, still active
04-23 22:42:54.821     0     0 I binder  : undelivered TRANSACTION_COMPLETE
04-23 22:42:54.638   503  1463 E TaskPersister: File error accessing recents directory (directory doesn't exist?).
04-23 22:42:54.656   503   561 I system_server: Explicit concurrent copying GC freed 96449(4377KB) AllocSpace objects, 40(1148KB) LOS objects, 49% free, 9232KB/18MB, paused 71us total 49.952ms
04-23 22:42:54.876     0     0 E binder  : invalid inc weak node for 163687
04-23 22:42:54.879     0     0 I binder  : 503:1002 IncRefs 0 refcount change on invalid ref 771 ret -22
04-23 22:42:54.881     0     0 E binder  : invalid inc weak node for 163689
04-23 22:42:54.692   503   561 I ActivityManager: Force stopping co.touchlab.kampkit appid=10131 user=0: pkg removed
04-23 22:42:54.885     0     0 I binder  : 503:1002 IncRefs 0 refcount change on invalid ref 789 ret -22
04-23 22:42:54.890     0     0 I binder  : 503:1002 transaction failed 29189/-22, size 104-0 line 2692
04-23 22:42:54.894     0     0 I binder  : 503:1002 transaction failed 29189/0, size 4-0 line 2624
04-23 22:42:54.708   503   545 W BroadcastQueue: Background execution not allowed: receiving Intent { act=android.intent.action.PACKAGE_REMOVED dat=package:co.touchlab.kampkit flg=0x4000010 (has extras) } to com.android.gallery3d/.app.PackagesMonitor
04-23 22:42:54.708   503   545 W BroadcastQueue: Background execution not allowed: receiving Intent { act=android.intent.action.PACKAGE_REMOVED dat=package:co.touchlab.kampkit flg=0x4000010 (has extras) } to com.android.musicfx/.Compatibility$Receiver
04-23 22:42:54.710  1636  1636 I MediaProvider: Invalidating LocalCallingIdentity cache for package co.touchlab.kampkit. Reason: package android.intent.action.PACKAGE_REMOVED
04-23 22:42:54.718   503   595 I InputReader: Reconfiguring input devices, changes=KEYBOARD_LAYOUTS | 
04-23 22:42:54.721   503   503 W WifiService: Couldn't get PackageInfo for package:co.touchlab.kampkit
04-23 22:42:54.721   503   503 I ConditionProviders: Disallowing condition provider co.touchlab.kampkit
04-23 22:42:54.722   503  1463 E TaskPersister: File error accessing recents directory (directory doesn't exist?).
04-23 22:42:54.724   503   536 I RoleManagerService: Granting default roles...
04-23 22:42:54.728   503   647 I PasspointManager: No app ops listener found for co.touchlab.kampkit
04-23 22:42:54.730   503   589 I RollbackManager: broadcast=ACTION_PACKAGE_FULLY_REMOVED pkg=co.touchlab.kampkit
04-23 22:42:54.731   503   546 I ActivityManager: Start proc 8402:com.android.keychain/1000 for service {com.android.keychain/com.android.keychain.KeyChainService}
04-23 22:42:54.733   503   503 W WifiService: Couldn't get PackageInfo for package:co.touchlab.kampkit
04-23 22:42:54.738   503   647 I PasspointManager: No app ops listener found for co.touchlab.kampkit
04-23 22:42:54.927     0     0 I binder  : send failed reply for transaction 163686, target dead
04-23 22:42:54.742  1331  1388 I LatinIME:LogUtils: Dictionary info: dictionary = main:en ; version = 54 ; date = 1414726273
04-23 22:42:54.757  8402  8402 W ndroid.keychai: Unexpected CPU variant for X86 using defaults: x86_64
04-23 22:42:54.760   503   546 I ActivityManager: Start proc 8413:com.android.documentsui/u0a76 for broadcast {com.android.documentsui/com.android.documentsui.PackageReceiver}
04-23 22:42:54.769  8413  8413 W oid.documentsu: Unexpected CPU variant for X86 using defaults: x86_64
04-23 22:42:54.769   392   402 I adbd    : jdwp connection from 8402
04-23 22:42:54.773   392   402 I adbd    : jdwp connection from 8413
04-23 22:42:54.809  8402  8402 I ndroid.keychai: The ClassLoaderContext is a special shared library.
04-23 22:42:54.810  8413  8413 I oid.documentsu: The ClassLoaderContext is a special shared library.
04-23 22:42:54.820  8402  8443 W KeyChain: Creating new DB.
04-23 22:42:54.823  8413  8413 E ContextImpl: Tried to access visual service LayoutInflater from a non-visual Context:com.android.documentsui.DocumentsApplication@93e6c8b Visual services, such as WindowManager, WallpaperService or LayoutInflater should be accessed from Activity or other visual Context. Use an Activity or a Context created with Context#createWindowContext(int, Bundle), which are adjusted to the configuration and visual bounds of an area on screen.
04-23 22:42:54.823  8413  8413 E ContextImpl: java.lang.IllegalAccessException: Tried to access visual service LayoutInflater from a non-visual Context:com.android.documentsui.DocumentsApplication@93e6c8b
04-23 22:42:54.823  8413  8413 E ContextImpl: 	at android.app.ContextImpl.getSystemService(ContextImpl.java:1914)
04-23 22:42:54.823  8413  8413 E ContextImpl: 	at android.content.ContextWrapper.getSystemService(ContextWrapper.java:803)
04-23 22:42:54.823  8413  8413 E ContextImpl: 	at android.view.LayoutInflater.from(LayoutInflater.java:282)
04-23 22:42:54.823  8413  8413 E ContextImpl: 	at com.android.documentsui.DragShadowBuilder.<init>(DragShadowBuilder.java:49)
04-23 22:42:54.823  8413  8413 E ContextImpl: 	at com.android.documentsui.DragAndDropManager$RuntimeDragAndDropManager.<init>(DragAndDropManager.java:195)
04-23 22:42:54.823  8413  8413 E ContextImpl: 	at com.android.documentsui.DragAndDropManager$RuntimeDragAndDropManager.<init>(DragAndDropManager.java:166)
04-23 22:42:54.823  8413  8413 E ContextImpl: 	at com.android.documentsui.DragAndDropManager.create(DragAndDropManager.java:163)
04-23 22:42:54.823  8413  8413 E ContextImpl: 	at com.android.documentsui.DocumentsApplication.onCreate(DocumentsApplication.java:145)
04-23 22:42:54.823  8413  8413 E ContextImpl: 	at android.app.Instrumentation.callApplicationOnCreate(Instrumentation.java:1192)
04-23 22:42:54.823  8413  8413 E ContextImpl: 	at android.app.ActivityThread.handleBindApplication(ActivityThread.java:6712)
04-23 22:42:54.823  8413  8413 E ContextImpl: 	at android.app.ActivityThread.access$1300(ActivityThread.java:237)
04-23 22:42:54.823  8413  8413 E ContextImpl: 	at android.app.ActivityThread$H.handleMessage(ActivityThread.java:1913)
04-23 22:42:54.823  8413  8413 E ContextImpl: 	at android.os.Handler.dispatchMessage(Handler.java:106)
04-23 22:42:54.823  8413  8413 E ContextImpl: 	at android.os.Looper.loop(Looper.java:223)
04-23 22:42:54.823  8413  8413 E ContextImpl: 	at android.app.ActivityThread.main(ActivityThread.java:7656)
04-23 22:42:54.823  8413  8413 E ContextImpl: 	at java.lang.reflect.Method.invoke(Native Method)
04-23 22:42:54.823  8413  8413 E ContextImpl: 	at com.android.internal.os.RuntimeInit$MethodAndArgsCaller.run(RuntimeInit.java:592)
04-23 22:42:54.823  8413  8413 E ContextImpl: 	at com.android.internal.os.ZygoteInit.main(ZygoteInit.java:947)
04-23 22:42:54.825  8413  8413 E ViewConfiguration: Tried to access UI constants from a non-visual Context:com.android.documentsui.DocumentsApplication@93e6c8bUI constants, such as display metrics or window metrics, must be accessed from Activity or other visual Context. Use an Activity or a Context created with Context#createWindowContext(int, Bundle), which are adjusted to the configuration and visual bounds of an area on screen
04-23 22:42:54.825  8413  8413 E ViewConfiguration: java.lang.IllegalArgumentException: Tried to access UI constants from a non-visual Context:com.android.documentsui.DocumentsApplication@93e6c8b
04-23 22:42:54.825  8413  8413 E ViewConfiguration: 	at android.view.ViewConfiguration.get(ViewConfiguration.java:510)
04-23 22:42:54.825  8413  8413 E ViewConfiguration: 	at android.view.View.<init>(View.java:5317)
04-23 22:42:54.825  8413  8413 E ViewConfiguration: 	at android.view.View.<init>(View.java:5467)
04-23 22:42:54.825  8413  8413 E ViewConfiguration: 	at android.view.ViewGroup.<init>(ViewGroup.java:697)
04-23 22:42:54.825  8413  8413 E ViewConfiguration: 	at android.widget.LinearLayout.<init>(LinearLayout.java:254)
04-23 22:42:54.825  8413  8413 E ViewConfiguration: 	at android.widget.LinearLayout.<init>(LinearLayout.java:250)
04-23 22:42:54.825  8413  8413 E ViewConfiguration: 	at android.widget.LinearLayout.<init>(LinearLayout.java:246)
04-23 22:42:54.825  8413  8413 E ViewConfiguration: 	at java.lang.reflect.Constructor.newInstance0(Native Method)
04-23 22:42:54.825  8413  8413 E ViewConfiguration: 	at java.lang.reflect.Constructor.newInstance(Constructor.java:343)
04-23 22:42:54.825  8413  8413 E ViewConfiguration: 	at android.view.LayoutInflater.createView(LayoutInflater.java:852)
04-23 22:42:54.825  8413  8413 E ViewConfiguration: 	at android.view.LayoutInflater.createView(LayoutInflater.java:774)
04-23 22:42:54.825  8413  8413 E ViewConfiguration: 	at com.android.internal.policy.PhoneLayoutInflater.onCreateView(PhoneLayoutInflater.java:58)
04-23 22:42:54.825  8413  8413 E ViewConfiguration: 	at android.view.LayoutInflater.onCreateView(LayoutInflater.java:928)
04-23 22:42:54.825  8413  8413 E ViewConfiguration: 	at android.view.LayoutInflater.onCreateView(LayoutInflater.java:948)
04-23 22:42:54.825  8413  8413 E ViewConfiguration: 	at android.view.LayoutInflater.createViewFromTag(LayoutInflater.java:1002)
04-23 22:42:54.825  8413  8413 E ViewConfiguration: 	at android.view.LayoutInflater.createViewFromTag(LayoutInflater.java:959)
04-23 22:42:54.825  8413  8413 E ViewConfiguration: 	at android.view.LayoutInflater.inflate(LayoutInflater.java:657)
04-23 22:42:54.825  8413  8413 E ViewConfiguration: 	at android.view.LayoutInflater.inflate(LayoutInflater.java:532)
04-23 22:42:54.825  8413  8413 E ViewConfiguration: 	at android.view.LayoutInflater.inflate(LayoutInflater.java:479)
04-23 22:42:54.825  8413  8413 E ViewConfiguration: 	at com.android.documentsui.DragShadowBuilder.<init>(DragShadowBuilder.java:49)
04-23 22:42:54.825  8413  8413 E ViewConfiguration: 	at com.android.documentsui.DragAndDropManager$RuntimeDragAndDropManager.<init>(DragAndDropManager.java:195)
04-23 22:42:54.825  8413  8413 E ViewConfiguration: 	at com.android.documentsui.DragAndDropManager$RuntimeDragAndDropManager.<init>(DragAndDropManager.java:166)
04-23 22:42:54.825  8413  8413 E ViewConfiguration: 	at com.android.documentsui.DragAndDropManager.create(DragAndDropManager.java:163)
04-23 22:42:54.825  8413  8413 E ViewConfiguration: 	at com.android.documentsui.DocumentsApplication.onCreate(DocumentsApplication.java:145)
04-23 22:42:54.825  8413  8413 E ViewConfiguration: 	at android.app.Instrumentation.callApplicationOnCreate(Instrumentation.java:1192)
04-23 22:42:54.825  8413  8413 E ViewConfiguration: 	at android.app.ActivityThread.handleBindApplication(ActivityThread.java:6712)
04-23 22:42:54.825  8413  8413 E ViewConfiguration: 	at android.app.ActivityThread.access$1300(ActivityThread.java:237)
04-23 22:42:54.825  8413  8413 E ViewConfiguration: 	at android.app.ActivityThread$H.handleMessage(ActivityThread.java:1913)
04-23 22:42:54.825  8413  8413 E ViewConfiguration: 	at android.os.Handler.dispatchMessage(Handler.java:106)
04-23 22:42:54.825  8413  8413 E ViewConfiguration: 	at android.os.Looper.loop(Looper.java:223)
04-23 22:42:54.825  8413  8413 E ViewConfiguration: 	at android.app.ActivityThread.main(ActivityThread.java:7656)
04-23 22:42:54.825  8413  8413 E ViewConfiguration: 	at java.lang.reflect.Method.invoke(Native Method)
04-23 22:42:54.825  8413  8413 E ViewConfiguration: 	at com.android.internal.os.RuntimeInit$MethodAndArgsCaller.run(RuntimeInit.java:592)
04-23 22:42:54.825  8413  8413 E ViewConfiguration: 	at com.android.internal.os.ZygoteInit.main(ZygoteInit.java:947)
04-23 22:42:54.826  8413  8413 E ContextImpl: Tried to access visual service WindowManager from a non-visual Context:com.android.documentsui.DocumentsApplication@93e6c8b Visual services, such as WindowManager, WallpaperService or LayoutInflater should be accessed from Activity or other visual Context. Use an Activity or a Context created with Context#createWindowContext(int, Bundle), which are adjusted to the configuration and visual bounds of an area on screen.
04-23 22:42:54.826  8413  8413 E ContextImpl: java.lang.IllegalAccessException: Tried to access visual service WindowManager from a non-visual Context:com.android.documentsui.DocumentsApplication@93e6c8b
04-23 22:42:54.826  8413  8413 E ContextImpl: 	at android.app.ContextImpl.getSystemService(ContextImpl.java:1914)
04-23 22:42:54.826  8413  8413 E ContextImpl: 	at android.content.ContextWrapper.getSystemService(ContextWrapper.java:803)
04-23 22:42:54.826  8413  8413 E ContextImpl: 	at android.content.Context.getSystemService(Context.java:3705)
04-23 22:42:54.826  8413  8413 E ContextImpl: 	at android.view.ViewConfiguration.<init>(ViewConfiguration.java:422)
04-23 22:42:54.826  8413  8413 E ContextImpl: 	at android.view.ViewConfiguration.get(ViewConfiguration.java:520)
04-23 22:42:54.826  8413  8413 E ContextImpl: 	at android.view.View.<init>(View.java:5317)
04-23 22:42:54.826  8413  8413 E ContextImpl: 	at android.view.View.<init>(View.java:5467)
04-23 22:42:54.826  8413  8413 E ContextImpl: 	at android.view.ViewGroup.<init>(ViewGroup.java:697)
04-23 22:42:54.826  8413  8413 E ContextImpl: 	at android.widget.LinearLayout.<init>(LinearLayout.java:254)
04-23 22:42:54.826  8413  8413 E ContextImpl: 	at android.widget.LinearLayout.<init>(LinearLayout.java:250)
04-23 22:42:54.826  8413  8413 E ContextImpl: 	at android.widget.LinearLayout.<init>(LinearLayout.java:246)
04-23 22:42:54.826  8413  8413 E ContextImpl: 	at java.lang.reflect.Constructor.newInstance0(Native Method)
04-23 22:42:54.826  8413  8413 E ContextImpl: 	at java.lang.reflect.Constructor.newInstance(Constructor.java:343)
04-23 22:42:54.826  8413  8413 E ContextImpl: 	at android.view.LayoutInflater.createView(LayoutInflater.java:852)
04-23 22:42:54.826  8413  8413 E ContextImpl: 	at android.view.LayoutInflater.createView(LayoutInflater.java:774)
04-23 22:42:54.826  8413  8413 E ContextImpl: 	at com.android.internal.policy.PhoneLayoutInflater.onCreateView(PhoneLayoutInflater.java:58)
04-23 22:42:54.826  8413  8413 E ContextImpl: 	at android.view.LayoutInflater.onCreateView(LayoutInflater.java:928)
04-23 22:42:54.826  8413  8413 E ContextImpl: 	at android.view.LayoutInflater.onCreateView(LayoutInflater.java:948)
04-23 22:42:54.826  8413  8413 E ContextImpl: 	at android.view.LayoutInflater.createViewFromTag(LayoutInflater.java:1002)
04-23 22:42:54.826  8413  8413 E ContextImpl: 	at android.view.LayoutInflater.createViewFromTag(LayoutInflater.java:959)
04-23 22:42:54.826  8413  8413 E ContextImpl: 	at android.view.LayoutInflater.inflate(LayoutInflater.java:657)
04-23 22:42:54.826  8413  8413 E ContextImpl: 	at android.view.LayoutInflater.inflate(LayoutInflater.java:532)
04-23 22:42:54.826  8413  8413 E ContextImpl: 	at android.view.LayoutInflater.inflate(LayoutInflater.java:479)
04-23 22:42:54.826  8413  8413 E ContextImpl: 	at com.android.documentsui.DragShadowBuilder.<init>(DragShadowBuilder.java:49)
04-23 22:42:54.826  8413  8413 E ContextImpl: 	at com.android.documentsui.DragAndDropManager$RuntimeDragAndDropManager.<init>(DragAndDropManager.java:195)
04-23 22:42:54.826  8413  8413 E ContextImpl: 	at com.android.documentsui.DragAndDropManager$RuntimeDragAndDropManager.<init>(DragAndDropManager.java:166)
04-23 22:42:54.826  8413  8413 E ContextImpl: 	at com.android.documentsui.DragAndDropManager.create(DragAndDropManager.java:163)
04-23 22:42:54.826  8413  8413 E ContextImpl: 	at com.android.documentsui.DocumentsApplication.onCreate(DocumentsApplication.java:145)
04-23 22:42:54.826  8413  8413 E ContextImpl: 	at android.app.Instrumentation.callApplicationOnCreate(Instrumentation.java:1192)
04-23 22:42:54.826  8413  8413 E ContextImpl: 	at android.app.ActivityThread.handleBindApplication(ActivityThread.java:6712)
04-23 22:42:54.826  8413  8413 E ContextImpl: 	at android.app.ActivityThread.access$1300(ActivityThread.java:237)
04-23 22:42:54.826  8413  8413 E ContextImpl: 	at android.app.ActivityThread$H.handleMessage(ActivityThread.java:1913)
04-23 22:42:54.826  8413  8413 E ContextImpl: 	at android.os.Handler.dispatchMessage(Handler.java:106)
04-23 22:42:54.826  8413  8413 E ContextImpl: 	at android.os.Looper.loop(Looper.java:223)
04-23 22:42:54.826  8413  8413 E ContextImpl: 	at android.app.ActivityThread.main(ActivityThread.java:7656)
04-23 22:42:54.826  8413  8413 E ContextImpl: 	at java.lang.reflect.Method.invoke(Native Method)
04-23 22:42:54.826  8413  8413 E ContextImpl: 	at com.android.internal.os.RuntimeInit$MethodAndArgsCaller.run(RuntimeInit.java:592)
04-23 22:42:54.826  8413  8413 E ContextImpl: 	at com.android.internal.os.ZygoteInit.main(ZygoteInit.java:947)
04-23 22:42:54.828  8413  8413 E ViewConfiguration: Tried to access UI constants from a non-visual Context:com.android.documentsui.DocumentsApplication@93e6c8bUI constants, such as display metrics or window metrics, must be accessed from Activity or other visual Context. Use an Activity or a Context created with Context#createWindowContext(int, Bundle), which are adjusted to the configuration and visual bounds of an area on screen
04-23 22:42:54.828  8413  8413 E ViewConfiguration: java.lang.IllegalArgumentException: Tried to access UI constants from a non-visual Context:com.android.documentsui.DocumentsApplication@93e6c8b
04-23 22:42:54.828  8413  8413 E ViewConfiguration: 	at android.view.ViewConfiguration.get(ViewConfiguration.java:510)
04-23 22:42:54.828  8413  8413 E ViewConfiguration: 	at android.view.View.<init>(View.java:5317)
04-23 22:42:54.828  8413  8413 E ViewConfiguration: 	at android.view.View.<init>(View.java:5467)
04-23 22:42:54.828  8413  8413 E ViewConfiguration: 	at android.view.ViewGroup.<init>(ViewGroup.java:697)
04-23 22:42:54.828  8413  8413 E ViewConfiguration: 	at android.widget.LinearLayout.<init>(LinearLayout.java:254)
04-23 22:42:54.828  8413  8413 E ViewConfiguration: 	at android.widget.LinearLayout.<init>(LinearLayout.java:250)
04-23 22:42:54.828  8413  8413 E ViewConfiguration: 	at android.widget.LinearLayout.<init>(LinearLayout.java:246)
04-23 22:42:54.828  8413  8413 E ViewConfiguration: 	at java.lang.reflect.Constructor.newInstance0(Native Method)
04-23 22:42:54.828  8413  8413 E ViewConfiguration: 	at java.lang.reflect.Constructor.newInstance(Constructor.java:343)
04-23 22:42:54.828  8413  8413 E ViewConfiguration: 	at android.view.LayoutInflater.createView(LayoutInflater.java:852)
04-23 22:42:54.828  8413  8413 E ViewConfiguration: 	at android.view.LayoutInflater.createView(LayoutInflater.java:774)
04-23 22:42:54.828  8413  8413 E ViewConfiguration: 	at com.android.internal.policy.PhoneLayoutInflater.onCreateView(PhoneLayoutInflater.java:58)
04-23 22:42:54.828  8413  8413 E ViewConfiguration: 	at android.view.LayoutInflater.onCreateView(LayoutInflater.java:928)
04-23 22:42:54.828  8413  8413 E ViewConfiguration: 	at android.view.LayoutInflater.onCreateView(LayoutInflater.java:948)
04-23 22:42:54.828  8413  8413 E ViewConfiguration: 	at android.view.LayoutInflater.createViewFromTag(LayoutInflater.java:1002)
04-23 22:42:54.828  8413  8413 E ViewConfiguration: 	at android.view.LayoutInflater.createViewFromTag(LayoutInflater.java:959)
04-23 22:42:54.828  8413  8413 E ViewConfiguration: 	at android.view.LayoutInflater.rInflate(LayoutInflater.java:1121)
04-23 22:42:54.828  8413  8413 E ViewConfiguration: 	at android.view.LayoutInflater.rInflateChildren(LayoutInflater.java:1082)
04-23 22:42:54.828  8413  8413 E ViewConfiguration: 	at android.view.LayoutInflater.inflate(LayoutInflater.java:680)
04-23 22:42:54.828  8413  8413 E ViewConfiguration: 	at android.view.LayoutInflater.inflate(LayoutInflater.java:532)
04-23 22:42:54.828  8413  8413 E ViewConfiguration: 	at android.view.LayoutInflater.inflate(LayoutInflater.java:479)
04-23 22:42:54.828  8413  8413 E ViewConfiguration: 	at com.android.documentsui.DragShadowBuilder.<init>(DragShadowBuilder.java:49)
04-23 22:42:54.828  8413  8413 E ViewConfiguration: 	at com.android.documentsui.DragAndDropManager$RuntimeDragAndDropManager.<init>(DragAndDropManager.java:195)
04-23 22:42:54.828  8413  8413 E ViewConfiguration: 	at com.android.documentsui.DragAndDropManager$RuntimeDragAndDropManager.<init>(DragAndDropManager.java:166)
04-23 22:42:54.828  8413  8413 E ViewConfiguration: 	at com.android.documentsui.DragAndDropManager.create(DragAndDropManager.java:163)
04-23 22:42:54.828  8413  8413 E ViewConfiguration: 	at com.android.documentsui.DocumentsApplication.onCreate(DocumentsApplication.java:145)
04-23 22:42:54.828  8413  8413 E ViewConfiguration: 	at android.app.Instrumentation.callApplicationOnCreate(Instrumentation.java:1192)
04-23 22:42:54.828  8413  8413 E ViewConfiguration: 	at android.app.ActivityThread.handleBindApplication(ActivityThread.java:6712)
04-23 22:42:54.828  8413  8413 E ViewConfiguration: 	at android.app.ActivityThread.access$1300(ActivityThread.java:237)
04-23 22:42:54.828  8413  8413 E ViewConfiguration: 	at android.app.ActivityThread$H.handleMessage(ActivityThread.java:1913)
04-23 22:42:54.828  8413  8413 E ViewConfiguration: 	at android.os.Handler.dispatchMessage(Handler.java:106)
04-23 22:42:54.828  8413  8413 E ViewConfiguration: 	at android.os.Looper.loop(Looper.java:223)
04-23 22:42:54.828  8413  8413 E ViewConfiguration: 	at android.app.ActivityThread.main(ActivityThread.java:7656)
04-23 22:42:54.828  8413  8413 E ViewConfiguration: 	at java.lang.reflect.Method.invoke(Native Method)
04-23 22:42:54.828  8413  8413 E ViewConfiguration: 	at com.android.internal.os.RuntimeInit$MethodAndArgsCaller.run(RuntimeInit.java:592)
04-23 22:42:54.828  8413  8413 E ViewConfiguration: 	at com.android.internal.os.ZygoteInit.main(ZygoteInit.java:947)
04-23 22:42:54.829  8413  8413 E ViewConfiguration: Tried to access UI constants from a non-visual Context:com.android.documentsui.DocumentsApplication@93e6c8bUI constants, such as display metrics or window metrics, must be accessed from Activity or other visual Context. Use an Activity or a Context created with Context#createWindowContext(int, Bundle), which are adjusted to the configuration and visual bounds of an area on screen
04-23 22:42:54.829  8413  8413 E ViewConfiguration: java.lang.IllegalArgumentException: Tried to access UI constants from a non-visual Context:com.android.documentsui.DocumentsApplication@93e6c8b
04-23 22:42:54.829  8413  8413 E ViewConfiguration: 	at android.view.ViewConfiguration.get(ViewConfiguration.java:510)
04-23 22:42:54.829  8413  8413 E ViewConfiguration: 	at android.view.View.<init>(View.java:5317)
04-23 22:42:54.829  8413  8413 E ViewConfiguration: 	at android.view.View.<init>(View.java:5467)
04-23 22:42:54.829  8413  8413 E ViewConfiguration: 	at android.widget.ImageView.<init>(ImageView.java:195)
04-23 22:42:54.829  8413  8413 E ViewConfiguration: 	at android.widget.ImageView.<init>(ImageView.java:190)
04-23 22:42:54.829  8413  8413 E ViewConfiguration: 	at android.widget.ImageView.<init>(ImageView.java:186)
04-23 22:42:54.829  8413  8413 E ViewConfiguration: 	at com.android.documentsui.DropBadgeView.<init>(DropBadgeView.java:40)
04-23 22:42:54.829  8413  8413 E ViewConfiguration: 	at java.lang.reflect.Constructor.newInstance0(Native Method)
04-23 22:42:54.829  8413  8413 E ViewConfiguration: 	at java.lang.reflect.Constructor.newInstance(Constructor.java:343)
04-23 22:42:54.829  8413  8413 E ViewConfiguration: 	at android.view.LayoutInflater.createView(LayoutInflater.java:852)
04-23 22:42:54.829  8413  8413 E ViewConfiguration: 	at android.view.LayoutInflater.createViewFromTag(LayoutInflater.java:1004)
04-23 22:42:54.829  8413  8413 E ViewConfiguration: 	at android.view.LayoutInflater.parseInclude(LayoutInflater.java:1231)
04-23 22:42:54.829  8413  8413 E ViewConfiguration: 	at android.view.LayoutInflater.rInflate(LayoutInflater.java:1117)
04-23 22:42:54.829  8413  8413 E ViewConfiguration: 	at android.view.LayoutInflater.rInflateChildren(LayoutInflater.java:1082)
04-23 22:42:54.829  8413  8413 E ViewConfiguration: 	at android.view.LayoutInflater.rInflate(LayoutInflater.java:1124)
04-23 22:42:54.829  8413  8413 E ViewConfiguration: 	at android.view.LayoutInflater.rInflateChildren(LayoutInflater.java:1082)
04-23 22:42:54.829  8413  8413 E ViewConfiguration: 	at android.view.LayoutInflater.inflate(LayoutInflater.java:680)
04-23 22:42:54.829  8413  8413 E ViewConfiguration: 	at android.view.LayoutInflater.inflate(LayoutInflater.java:532)
04-23 22:42:54.829  8413  8413 E ViewConfiguration: 	at android.view.LayoutInflater.inflate(LayoutInflater.java:479)
04-23 22:42:54.829  8413  8413 E ViewConfiguration: 	at com.android.documentsui.DragShadowBuilder.<init>(DragShadowBuilder.java:49)
04-23 22:42:54.829  8413  8413 E ViewConfiguration: 	at com.android.documentsui.DragAndDropManager$RuntimeDragAndDropManager.<init>(DragAndDropManager.java:195)
04-23 22:42:54.829  8413  8413 E ViewConfiguration: 	at com.android.documentsui.DragAndDropManager$RuntimeDragAndDropManager.<init>(DragAndDropManager.java:166)
04-23 22:42:54.829  8413  8413 E ViewConfiguration: 	at com.android.documentsui.DragAndDropManager.create(DragAndDropManager.java:163)
04-23 22:42:54.829  8413  8413 E ViewConfiguration: 	at com.android.documentsui.DocumentsApplication.onCreate(DocumentsApplication.java:145)
04-23 22:42:54.829  8413  8413 E ViewConfiguration: 	at android.app.Instrumentation.callApplicationOnCreate(Instrumentation.java:1192)
04-23 22:42:54.829  8413  8413 E ViewConfiguration: 	at android.app.ActivityThread.handleBindApplication(ActivityThread.java:6712)
04-23 22:42:54.829  8413  8413 E ViewConfiguration: 	at android.app.ActivityThread.access$1300(ActivityThread.java:237)
04-23 22:42:54.829  8413  8413 E ViewConfiguration: 	at android.app.ActivityThread$H.handleMessage(ActivityThread.java:1913)
04-23 22:42:54.829  8413  8413 E ViewConfiguration: 	at android.os.Handler.dispatchMessage(Handler.java:106)
04-23 22:42:54.829  8413  8413 E ViewConfiguration: 	at android.os.Looper.loop(Looper.java:223)
04-23 22:42:54.829  8413  8413 E ViewConfiguration: 	at android.app.ActivityThread.main(ActivityThread.java:7656)
04-23 22:42:54.829  8413  8413 E ViewConfiguration: 	at java.lang.reflect.Method.invoke(Native Method)
04-23 22:42:54.829  8413  8413 E ViewConfiguration: 	at com.android.internal.os.RuntimeInit$MethodAndArgsCaller.run(RuntimeInit.java:592)
04-23 22:42:54.829  8413  8413 E ViewConfiguration: 	at com.android.internal.os.ZygoteInit.main(ZygoteInit.java:947)
04-23 22:42:54.832  8413  8413 E ViewConfiguration: Tried to access UI constants from a non-visual Context:com.android.documentsui.DocumentsApplication@93e6c8bUI constants, such as display metrics or window metrics, must be accessed from Activity or other visual Context. Use an Activity or a Context created with Context#createWindowContext(int, Bundle), which are adjusted to the configuration and visual bounds of an area on screen
04-23 22:42:54.832  8413  8413 E ViewConfiguration: java.lang.IllegalArgumentException: Tried to access UI constants from a non-visual Context:com.android.documentsui.DocumentsApplication@93e6c8b
04-23 22:42:54.832  8413  8413 E ViewConfiguration: 	at android.view.ViewConfiguration.get(ViewConfiguration.java:510)
04-23 22:42:54.832  8413  8413 E ViewConfiguration: 	at android.view.View.<init>(View.java:5317)
04-23 22:42:54.832  8413  8413 E ViewConfiguration: 	at android.view.View.<init>(View.java:5467)
04-23 22:42:54.832  8413  8413 E ViewConfiguration: 	at android.widget.TextView.<init>(TextView.java:996)
04-23 22:42:54.832  8413  8413 E ViewConfiguration: 	at android.widget.TextView.<init>(TextView.java:990)
04-23 22:42:54.832  8413  8413 E ViewConfiguration: 	at android.widget.TextView.<init>(TextView.java:986)
04-23 22:42:54.832  8413  8413 E ViewConfiguration: 	at java.lang.reflect.Constructor.newInstance0(Native Method)
04-23 22:42:54.832  8413  8413 E ViewConfiguration: 	at java.lang.reflect.Constructor.newInstance(Constructor.java:343)
04-23 22:42:54.832  8413  8413 E ViewConfiguration: 	at android.view.LayoutInflater.createView(LayoutInflater.java:852)
04-23 22:42:54.832  8413  8413 E ViewConfiguration: 	at android.view.LayoutInflater.createView(LayoutInflater.java:774)
04-23 22:42:54.832  8413  8413 E ViewConfiguration: 	at com.android.internal.policy.PhoneLayoutInflater.onCreateView(PhoneLayoutInflater.java:58)
04-23 22:42:54.832  8413  8413 E ViewConfiguration: 	at android.view.LayoutInflater.onCreateView(LayoutInflater.java:928)
04-23 22:42:54.832  8413  8413 E ViewConfiguration: 	at android.view.LayoutInflater.onCreateView(LayoutInflater.java:948)
04-23 22:42:54.832  8413  8413 E ViewConfiguration: 	at android.view.LayoutInflater.createViewFromTag(LayoutInflater.java:1002)
04-23 22:42:54.832  8413  8413 E ViewConfiguration: 	at android.view.LayoutInflater.createViewFromTag(LayoutInflater.java:959)
04-23 22:42:54.832  8413  8413 E ViewConfiguration: 	at android.view.LayoutInflater.rInflate(LayoutInflater.java:1121)
04-23 22:42:54.832  8413  8413 E ViewConfiguration: 	at android.view.LayoutInflater.rInflateChildren(LayoutInflater.java:1082)
04-23 22:42:54.832  8413  8413 E ViewConfiguration: 	at android.view.LayoutInflater.rInflate(LayoutInflater.java:1124)
04-23 22:42:54.832  8413  8413 E ViewConfiguration: 	at android.view.LayoutInflater.rInflateChildren(LayoutInflater.java:1082)
04-23 22:42:54.832  8413  8413 E ViewConfiguration: 	at android.view.LayoutInflater.inflate(LayoutInflater.java:680)
04-23 22:42:54.832  8413  8413 E ViewConfiguration: 	at android.view.LayoutInflater.inflate(LayoutInflater.java:532)
04-23 22:42:54.832  8413  8413 E ViewConfiguration: 	at android.view.LayoutInflater.inflate(LayoutInflater.java:479)
04-23 22:42:54.832  8413  8413 E ViewConfiguration: 	at com.android.documentsui.DragShadowBuilder.<init>(DragShadowBuilder.java:49)
04-23 22:42:54.832  8413  8413 E ViewConfiguration: 	at com.android.documentsui.DragAndDropManager$RuntimeDragAndDropManager.<init>(DragAndDropManager.java:195)
04-23 22:42:54.832  8413  8413 E ViewConfiguration: 	at com.android.documentsui.DragAndDropManager$RuntimeDragAndDropManager.<init>(DragAndDropManager.java:166)
04-23 22:42:54.832  8413  8413 E ViewConfiguration: 	at com.android.documentsui.DragAndDropManager.create(DragAndDropManager.java:163)
04-23 22:42:54.832  8413  8413 E ViewConfiguration: 	at com.android.documentsui.DocumentsApplication.onCreate(DocumentsApplication.java:145)
04-23 22:42:54.832  8413  8413 E ViewConfiguration: 	at android.app.Instrumentation.callApplicationOnCreate(Instrumentation.java:1192)
04-23 22:42:54.832  8413  8413 E ViewConfiguration: 	at android.app.ActivityThread.handleBindApplication(ActivityThread.java:6712)
04-23 22:42:54.832  8413  8413 E ViewConfiguration: 	at android.app.ActivityThread.access$1300(ActivityThread.java:237)
04-23 22:42:54.832  8413  8413 E ViewConfiguration: 	at android.app.ActivityThread$H.handleMessage(ActivityThread.java:1913)
04-23 22:42:54.832  8413  8413 E ViewConfiguration: 	at android.os.Handler.dispatchMessage(Handler.java:106)
04-23 22:42:54.832  8413  8413 E ViewConfiguration: 	at android.os.Looper.loop(Looper.java:223)
04-23 22:42:54.832  8413  8413 E ViewConfiguration: 	at android.app.ActivityThread.main(ActivityThread.java:7656)
04-23 22:42:54.832  8413  8413 E ViewConfiguration: 	at java.lang.reflect.Method.invoke(Native Method)
04-23 22:42:54.832  8413  8413 E ViewConfiguration: 	at com.android.internal.os.RuntimeInit$MethodAndArgsCaller.run(RuntimeInit.java:592)
04-23 22:42:54.832  8413  8413 E ViewConfiguration: 	at com.android.internal.os.ZygoteInit.main(ZygoteInit.java:947)
04-23 22:42:54.854  1636  2288 I MediaProvider: Begin Intent { act=android.intent.action.PACKAGE_FULLY_REMOVED dat=package:co.touchlab.kampkit flg=0x5000010 cmp=com.android.providers.media.module/com.android.providers.media.MediaService (has extras) }
04-23 22:42:54.855  1636  2288 I MediaProvider: End Intent { act=android.intent.action.PACKAGE_FULLY_REMOVED dat=package:co.touchlab.kampkit flg=0x5000010 cmp=com.android.providers.media.module/com.android.providers.media.MediaService (has extras) }
04-23 22:42:55.257   159   159 I hwservicemanager: getTransport: Cannot find entry android.hardware.graphics.mapper@4.0::IMapper/default in either framework or device manifest.
04-23 22:42:55.257  8463  8463 I Gralloc4: mapper 4.x is not supported
04-23 22:42:55.335  1636  2288 I MediaProvider: Begin Intent { act=android.intent.action.MEDIA_SCANNER_SCAN_FILE dat=file:///sdcard/screen_2026-04-23_224255.png flg=0x1400010 cmp=com.android.providers.media.module/com.android.providers.media.MediaService }
04-23 22:42:55.328  1636  1636 W com.android.providers.media.module: type=1400 audit(0.0:756): avc: denied { read } for comm=4173796E635461736B202331 name="primary" dev="tmpfs" ino=29719 scontext=u:r:mediaprovider_app:s0:c123,c256,c512,c768 tcontext=u:object_r:mnt_pass_through_file:s0 tclass=lnk_file permissive=0 app=com.android.providers.media.module
04-23 22:42:55.527     0     0 W audit   : audit_lost=552 audit_rate_limit=5 audit_backlog_limit=64
04-23 22:42:55.537     0     0 E audit   : rate limit exceeded
04-23 22:42:55.354  1636  2288 W ModernMediaScanner: Failed to visit /sdcard/screen_2026-04-23_224255.png: java.nio.file.AccessDeniedException: /sdcard/screen_2026-04-23_224255.png
04-23 22:42:55.354  1636  2288 I MediaProvider: Scanned internal due to REASON_DEMAND, found 0 items in 19ms, 0 inserts 0 updates 0 deletes
04-23 22:42:55.355  1636  2288 I MediaProvider: End Intent { act=android.intent.action.MEDIA_SCANNER_SCAN_FILE dat=file:///sdcard/screen_2026-04-23_224255.png flg=0x1400010 cmp=com.android.providers.media.module/com.android.providers.media.MediaService }
04-23 22:42:55.328  1636  1636 W com.android.providers.media.module: type=1400 audit(0.0:757): avc: denied { read } for comm=4173796E635461736B202331 name="primary" dev="tmpfs" ino=29719 scontext=u:r:mediaprovider_app:s0:c123,c256,c512,c768 tcontext=u:object_r:mnt_pass_through_file:s0 tclass=lnk_file permissive=0 app=com.android.providers.media.module
04-23 22:42:55.332  1636  1636 I chatty  : uid=10123(com.android.providers.media.module) identical 2 lines
04-23 22:42:55.332  1636  1636 W com.android.providers.media.module: type=1400 audit(0.0:760): avc: denied { read } for comm=4173796E635461736B202331 name="primary" dev="tmpfs" ino=29719 scontext=u:r:mediaprovider_app:s0:c123,c256,c512,c768 tcontext=u:object_r:mnt_pass_through_file:s0 tclass=lnk_file permissive=0 app=com.android.providers.media.module
04-23 22:42:55.436  1636  1774 I MediaProvider: Deleted 1 items on external_primary due to com.android.shell
04-23 22:42:55.466  8478  8480 I cmd     : oneway function results will be dropped but finished with status OK and parcel size 4
04-23 22:42:55.508  8488  8491 I cmd     : oneway function results will be dropped but finished with status OK and parcel size 4
04-23 22:42:55.524  8494  8496 I cmd     : oneway function results will be dropped but finished with status OK and parcel size 4
04-23 22:42:55.803     0     0 I init    : Untracked pid 8387 received signal 1
04-23 22:42:55.848   392   392 W adbd    : timeout expired while flushing socket, closing
04-23 22:42:55.983  8501  8503 I cmd     : oneway function results will be dropped but finished with status OK and parcel size 4
04-23 22:42:55.996  8506  8508 I cmd     : oneway function results will be dropped but finished with status OK and parcel size 4
04-23 22:42:56.009  8511  8513 I cmd     : oneway function results will be dropped but finished with status OK and parcel size 4
04-23 22:42:56.047  8522  8524 I cmd     : oneway function results will be dropped but finished with status OK and parcel size 4
04-23 22:42:56.144   503   837 W ActivityTaskManager: Current config: {1.0 310mcc260mnc [en_US] ldltr sw320dp w320dp h616dp 160dpi nrml long port finger qwerty/v/v -nav/h winConfig={ mBounds=Rect(0, 0 - 320, 640) mAppBounds=Rect(0, 0 - 320, 640) mWindowingMode=fullscreen mDisplayWindowingMode=fullscreen mActivityType=undefined mAlwaysOnTop=undefined mRotation=ROTATION_0} s.8} unchanged for IME proc io.github.ylimit.droidbotapp
04-23 22:42:56.203  8553  8555 I cmd     : oneway function results will be dropped but finished with status OK and parcel size 4
04-23 22:42:56.284  8563  8563 E libc    : Access denied finding property "persist.device_config.runtime_native_boot.profilebootclasspath"
04-23 22:42:56.284  8563  8563 E libc    : Access denied finding property "persist.device_config.runtime_native_boot.enable_apex_image"
04-23 22:42:56.284  8563  8563 I AndroidRuntime: Using default boot image
04-23 22:42:56.284  8563  8563 E libc    : Access denied finding property "persist.device_config.runtime_native_boot.disable_lock_profiling"
04-23 22:42:56.284  8563  8563 I AndroidRuntime: Leaving lock profiling enabled
04-23 22:42:56.284  8563  8563 E libc    : Access denied finding property "persist.device_config.runtime_native_boot.enable_generational_cc"
04-23 22:42:56.285  8563  8563 I app_process: Core platform API reporting enabled, enforcing=false
04-23 22:42:56.327  8563  8563 W app_process: Unexpected CPU variant for X86 using defaults: x86_64
04-23 22:42:56.328  8563  8563 I app_process: The ClassLoaderContext is a special shared library.
04-23 22:42:56.335  8563  8563 W app_process: JNI RegisterNativeMethods: attempt to register 0 native methods for android.media.AudioAttributes
04-23 22:42:56.144   503   837 I chatty  : uid=1000(system) Binder:503_7 identical 1 line
04-23 22:42:56.144   503   837 W ActivityTaskManager: Current config: {1.0 310mcc260mnc [en_US] ldltr sw320dp w320dp h616dp 160dpi nrml long port finger qwerty/v/v -nav/h winConfig={ mBounds=Rect(0, 0 - 320, 640) mAppBounds=Rect(0, 0 - 320, 640) mWindowingMode=fullscreen mDisplayWindowingMode=fullscreen mActivityType=undefined mAlwaysOnTop=undefined mRotation=ROTATION_0} s.8} unchanged for IME proc io.github.ylimit.droidbotapp
04-23 22:42:56.364  2237  8576 W System.err: java.net.SocketException: Broken pipe
04-23 22:42:56.365  2237  8576 W System.err: 	at java.net.SocketOutputStream.socketWrite0(Native Method)
04-23 22:42:56.365  2237  8576 W System.err: 	at java.net.SocketOutputStream.socketWrite(SocketOutputStream.java:117)
04-23 22:42:56.365  2237  8576 W System.err: 	at java.net.SocketOutputStream.write(SocketOutputStream.java:149)
04-23 22:42:56.365  2237  8576 W System.err: 	at io.github.privacystreams.utils.PSDebugSocketServer$SocketSendThread.run(PSDebugSocketServer.java:119)
04-23 22:42:56.803  8582  8582 E libc    : Access denied finding property "persist.device_config.runtime_native_boot.profilebootclasspath"
04-23 22:42:56.803  8582  8582 E libc    : Access denied finding property "persist.device_config.runtime_native_boot.enable_apex_image"
04-23 22:42:56.803  8582  8582 I AndroidRuntime: Using default boot image
04-23 22:42:56.803  8582  8582 E libc    : Access denied finding property "persist.device_config.runtime_native_boot.disable_lock_profiling"
04-23 22:42:56.803  8582  8582 I AndroidRuntime: Leaving lock profiling enabled
04-23 22:42:56.803  8582  8582 E libc    : Access denied finding property "persist.device_config.runtime_native_boot.enable_generational_cc"
04-23 22:42:56.805  8582  8582 I app_process: Core platform API reporting enabled, enforcing=false
04-23 22:42:56.796  8582  8582 W app_process: type=1400 audit(0.0:766): avc: denied { read } for name="u:object_r:device_config_runtime_native_boot_prop:s0" dev="tmpfs" ino=512 scontext=u:r:shell:s0 tcontext=u:object_r:device_config_runtime_native_boot_prop:s0 tclass=file permissive=0
04-23 22:42:56.800  8582  8582 I chatty  : uid=2000(shell) main identical 2 lines
04-23 22:42:56.800  8582  8582 W app_process: type=1400 audit(0.0:769): avc: denied { read } for name="u:object_r:device_config_runtime_native_boot_prop:s0" dev="tmpfs" ino=512 scontext=u:r:shell:s0 tcontext=u:object_r:device_config_runtime_native_boot_prop:s0 tclass=file permissive=0
04-23 22:42:56.847  8582  8582 W app_process: Unexpected CPU variant for X86 using defaults: x86_64
04-23 22:42:56.848  8582  8582 I app_process: The ClassLoaderContext is a special shared library.
04-23 22:42:56.854  8582  8582 W app_process: JNI RegisterNativeMethods: attempt to register 0 native methods for android.media.AudioAttributes
04-23 22:42:57.287  8603  8605 I cmd     : oneway function results will be dropped but finished with status OK and parcel size 4
04-23 22:42:57.292  2137  2137 I abb     : StartCommandInProcess(73657474696e67730067657400676c6f settings.get.glo [truncated])
04-23 22:42:57.293  2137  2194 I abb     : oneway function results will be dropped but finished with status OK and parcel size 4
04-23 22:42:57.483     0     0 W audit   : audit_lost=557 audit_rate_limit=5 audit_backlog_limit=64
04-23 22:42:57.486     0     0 E audit   : rate limit exceeded
