04-23 22:44:21.007 14293 14293 E libc    : Access denied finding property "persist.device_config.runtime_native_boot.enable_apex_image"
04-23 22:44:21.007 14293 14293 I AndroidRuntime: Using default boot image
04-23 22:44:21.007 14293 14293 E libc    : Access denied finding property "persist.device_config.runtime_native_boot.disable_lock_profiling"
04-23 22:44:21.007 14293 14293 I AndroidRuntime: Leaving lock profiling enabled
04-23 22:44:21.008 14293 14293 E libc    : Access denied finding property "persist.device_config.runtime_native_boot.enable_generational_cc"
04-23 22:44:21.009 14293 14293 I app_process: Core platform API reporting enabled, enforcing=false
04-23 22:44:21.048 14293 14293 W app_process: Unexpected CPU variant for X86 using defaults: x86_64
04-23 22:44:21.049 14293 14293 I app_process: The ClassLoaderContext is a special shared library.
04-23 22:44:21.055 14293 14293 W app_process: JNI RegisterNativeMethods: attempt to register 0 native methods for android.media.AudioAttributes
04-23 22:44:21.261  8817  8817 I DatabaseHelper: Breed 9: Favorited false
04-23 22:44:22.470  8413  8413 I ProvidersCache: Updating roots due to change on user 0at content://com.android.providers.media.documents/root
04-23 22:44:22.542  8413  8413 I chatty  : uid=10076(com.android.documentsui) identical 1 line
04-23 22:44:22.737  8413  8413 I ProvidersCache: Updating roots due to change on user 0at content://com.android.providers.media.documents/root
04-23 22:44:22.776   159   159 I hwservicemanager: getTransport: Cannot find entry android.hardware.graphics.mapper@4.0::IMapper/default in either framework or device manifest.
04-23 22:44:22.776 14326 14326 I Gralloc4: mapper 4.x is not supported
04-23 22:44:22.804  8413  8413 I ProvidersCache: Updating roots due to change on user 0at content://com.android.providers.media.documents/root
04-23 22:44:22.813 14330 14332 I cmd     : oneway function results will be dropped but finished with status OK and parcel size 4
04-23 22:44:22.817  1636  2288 I MediaProvider: Begin Intent { act=android.intent.action.MEDIA_SCANNER_SCAN_FILE dat=file:///sdcard/screen_2026-04-23_224423.png flg=0x1400010 cmp=com.android.providers.media.module/com.android.providers.media.MediaService }
04-23 22:44:23.008     0     0 W audit   : audit_lost=1086 audit_rate_limit=5 audit_backlog_limit=64
04-23 22:44:23.011     0     0 E audit   : rate limit exceeded
04-23 22:44:22.829  1636  2288 W ModernMediaScanner: Failed to visit /sdcard/screen_2026-04-23_224423.png: java.nio.file.AccessDeniedException: /sdcard/screen_2026-04-23_224423.png
04-23 22:44:22.829  1636  2288 I MediaProvider: Scanned internal due to REASON_DEMAND, found 0 items in 12ms, 0 inserts 0 updates 0 deletes
04-23 22:44:22.812  1636  1636 W com.android.providers.media.module: type=1400 audit(0.0:1465): avc: denied { read } for comm=4173796E635461736B202331 name="primary" dev="tmpfs" ino=29719 scontext=u:r:mediaprovider_app:s0:c123,c256,c512,c768 tcontext=u:object_r:mnt_pass_through_file:s0 tclass=lnk_file permissive=0 app=com.android.providers.media.module
04-23 22:44:22.832  1636  2288 I MediaProvider: End Intent { act=android.intent.action.MEDIA_SCANNER_SCAN_FILE dat=file:///sdcard/screen_2026-04-23_224423.png flg=0x1400010 cmp=com.android.providers.media.module/com.android.providers.media.MediaService }
04-23 22:44:22.812  1636  1636 W com.android.providers.media.module: type=1400 audit(0.0:1466): avc: denied { read } for comm=4173796E635461736B202331 name="primary" dev="tmpfs" ino=29719 scontext=u:r:mediaprovider_app:s0:c123,c256,c512,c768 tcontext=u:object_r:mnt_pass_through_file:s0 tclass=lnk_file permissive=0 app=com.android.providers.media.module
04-23 22:44:22.909  1636  1773 I MediaProvider: Deleted 1 items on external_primary due to com.android.shell
04-23 22:44:22.942  8413  8413 I ProvidersCache: Updating roots due to change on user 0at content://com.android.providers.media.documents/root
04-23 22:44:22.959 14341 14343 I cmd     : oneway function results will be dropped but finished with status OK and parcel size 4
04-23 22:44:23.011  8413  8413 I ProvidersCache: Updating roots due to change on user 0at content://com.android.providers.media.documents/root
04-23 22:44:23.085   159   159 I hwservicemanager: getTransport: Cannot find entry android.hardware.graphics.mapper@4.0::IMapper/default in either framework or device manifest.
04-23 22:44:23.085 14363 14363 I Gralloc4: mapper 4.x is not supported
04-23 22:44:23.121 14367 14369 I cmd     : oneway function results will be dropped but finished with status OK and parcel size 4
04-23 22:44:23.121  1636  2288 I MediaProvider: Begin Intent { act=android.intent.action.MEDIA_SCANNER_SCAN_FILE dat=file:///sdcard/screen_2026-04-23_224423.png flg=0x1400010 cmp=com.android.providers.media.module/com.android.providers.media.MediaService }
04-23 22:44:23.122  1636  2288 W ModernMediaScanner: Failed to visit /sdcard/screen_2026-04-23_224423.png: java.nio.file.AccessDeniedException: /sdcard/screen_2026-04-23_224423.png
04-23 22:44:23.123  1636  2288 I MediaProvider: Scanned internal due to REASON_DEMAND, found 0 items in 0ms, 0 inserts 0 updates 0 deletes
04-23 22:44:23.124  1636  2288 I MediaProvider: End Intent { act=android.intent.action.MEDIA_SCANNER_SCAN_FILE dat=file:///sdcard/screen_2026-04-23_224423.png flg=0x1400010 cmp=com.android.providers.media.module/com.android.providers.media.MediaService }
04-23 22:44:23.145  1636  1774 I MediaProvider: Deleted 1 items on external_primary due to com.android.shell
04-23 22:44:23.173 14378 14380 I cmd     : oneway function results will be dropped but finished with status OK and parcel size 4
04-23 22:44:23.297   159   159 I hwservicemanager: getTransport: Cannot find entry android.hardware.graphics.mapper@4.0::IMapper/default in either framework or device manifest.
04-23 22:44:23.297 14400 14400 I Gralloc4: mapper 4.x is not supported
04-23 22:44:23.335 14404 14406 I cmd     : oneway function results will be dropped but finished with status OK and parcel size 4
04-23 22:44:23.335  1636  2288 I MediaProvider: Begin Intent { act=android.intent.action.MEDIA_SCANNER_SCAN_FILE dat=file:///sdcard/screen_2026-04-23_224423.png flg=0x1400010 cmp=com.android.providers.media.module/com.android.providers.media.MediaService }
04-23 22:44:23.336  1636  2288 W ModernMediaScanner: Failed to visit /sdcard/screen_2026-04-23_224423.png: java.nio.file.AccessDeniedException: /sdcard/screen_2026-04-23_224423.png
04-23 22:44:23.339  1636  2288 I MediaProvider: Scanned internal due to REASON_DEMAND, found 0 items in 3ms, 0 inserts 0 updates 0 deletes
04-23 22:44:23.339  1636  2288 I MediaProvider: End Intent { act=android.intent.action.MEDIA_SCANNER_SCAN_FILE dat=file:///sdcard/screen_2026-04-23_224423.png flg=0x1400010 cmp=com.android.providers.media.module/com.android.providers.media.MediaService }
04-23 22:44:23.357  1636  3008 I MediaProvider: Deleted 1 items on external_primary due to com.android.shell
04-23 22:44:23.384 14415 14417 I cmd     : oneway function results will be dropped but finished with status OK and parcel size 4
04-23 22:44:23.433 14430 14432 I cmd     : oneway function results will be dropped but finished with status OK and parcel size 4
04-23 22:44:23.481 14445 14447 I cmd     : oneway function results will be dropped but finished with status OK and parcel size 4
04-23 22:44:23.606 14472 14472 E libc    : Access denied finding property "persist.device_config.runtime_native_boot.profilebootclasspath"
04-23 22:44:23.606 14472 14472 E libc    : Access denied finding property "persist.device_config.runtime_native_boot.enable_apex_image"
04-23 22:44:23.606 14472 14472 I AndroidRuntime: Using default boot image
04-23 22:44:23.606 14472 14472 E libc    : Access denied finding property "persist.device_config.runtime_native_boot.disable_lock_profiling"
04-23 22:44:23.606 14472 14472 I AndroidRuntime: Leaving lock profiling enabled
04-23 22:44:23.606 14472 14472 E libc    : Access denied finding property "persist.device_config.runtime_native_boot.enable_generational_cc"
04-23 22:44:23.607 14472 14472 I app_process: Core platform API reporting enabled, enforcing=false
04-23 22:44:23.645 14472 14472 W app_process: Unexpected CPU variant for X86 using defaults: x86_64
04-23 22:44:23.645 14472 14472 I app_process: The ClassLoaderContext is a special shared library.
04-23 22:44:23.653 14472 14472 W app_process: JNI RegisterNativeMethods: attempt to register 0 native methods for android.media.AudioAttributes
04-23 22:44:23.861  8817  8817 I DatabaseHelper: Breed 10: Favorited false
04-23 22:44:25.027  8413  8413 I ProvidersCache: Updating roots due to change on user 0at content://com.android.providers.media.documents/root
04-23 22:44:25.168  8413  8413 I chatty  : uid=10076(com.android.documentsui) identical 1 line
04-23 22:44:25.277  8413  8413 I ProvidersCache: Updating roots due to change on user 0at content://com.android.providers.media.documents/root
04-23 22:44:25.371  8413  8413 I ProvidersCache: Updating roots due to change on user 0at content://com.android.providers.media.documents/root
04-23 22:44:25.371   159   159 I hwservicemanager: getTransport: Cannot find entry android.hardware.graphics.mapper@4.0::IMapper/default in either framework or device manifest.
04-23 22:44:25.372 14504 14504 I Gralloc4: mapper 4.x is not supported
04-23 22:44:25.408 14508 14510 I cmd     : oneway function results will be dropped but finished with status OK and parcel size 4
04-23 22:44:25.409  1636  2288 I MediaProvider: Begin Intent { act=android.intent.action.MEDIA_SCANNER_SCAN_FILE dat=file:///sdcard/screen_2026-04-23_224426.png flg=0x1400010 cmp=com.android.providers.media.module/com.android.providers.media.MediaService }
04-23 22:44:25.404  1636  1636 W com.android.providers.media.module: type=1400 audit(0.0:1487): avc: denied { read } for comm=4173796E635461736B202331 name="primary" dev="tmpfs" ino=29719 scontext=u:r:mediaprovider_app:s0:c123,c256,c512,c768 tcontext=u:object_r:mnt_pass_through_file:s0 tclass=lnk_file permissive=0 app=com.android.providers.media.module
04-23 22:44:25.600     0     0 W audit   : audit_lost=1103 audit_rate_limit=5 audit_backlog_limit=64
04-23 22:44:25.609     0     0 E audit   : rate limit exceeded
04-23 22:44:25.404  1636  1636 W com.android.providers.media.module: type=1400 audit(0.0:1488): avc: denied { read } for comm=4173796E635461736B202331 name="primary" dev="tmpfs" ino=29719 scontext=u:r:mediaprovider_app:s0:c123,c256,c512,c768 tcontext=u:object_r:mnt_pass_through_file:s0 tclass=lnk_file permissive=0 app=com.android.providers.media.module
04-23 22:44:25.429  1636  2288 W ModernMediaScanner: Failed to visit /sdcard/screen_2026-04-23_224426.png: java.nio.file.AccessDeniedException: /sdcard/screen_2026-04-23_224426.png
04-23 22:44:25.430  1636  2288 I MediaProvider: Scanned internal due to REASON_DEMAND, found 0 items in 20ms, 0 inserts 0 updates 0 deletes
04-23 22:44:25.430  1636  2288 I MediaProvider: End Intent { act=android.intent.action.MEDIA_SCANNER_SCAN_FILE dat=file:///sdcard/screen_2026-04-23_224426.png flg=0x1400010 cmp=com.android.providers.media.module/com.android.providers.media.MediaService }
04-23 22:44:25.404  1636  1636 W com.android.providers.media.module: type=1400 audit(0.0:1489): avc: denied { read } for comm=4173796E635461736B202331 name="primary" dev="tmpfs" ino=29719 scontext=u:r:mediaprovider_app:s0:c123,c256,c512,c768 tcontext=u:object_r:mnt_pass_through_file:s0 tclass=lnk_file permissive=0 app=com.android.providers.media.module
04-23 22:44:25.491  1636  1774 I MediaProvider: Deleted 1 items on external_primary due to com.android.shell
04-23 22:44:25.527  8413  8413 I ProvidersCache: Updating roots due to change on user 0at content://com.android.providers.media.documents/root
04-23 22:44:25.542 14519 14521 I cmd     : oneway function results will be dropped but finished with status OK and parcel size 4
04-23 22:44:25.591  8413  8413 I ProvidersCache: Updating roots due to change on user 0at content://com.android.providers.media.documents/root
04-23 22:44:25.672   159   159 I hwservicemanager: getTransport: Cannot find entry android.hardware.graphics.mapper@4.0::IMapper/default in either framework or device manifest.
04-23 22:44:25.673 14541 14541 I Gralloc4: mapper 4.x is not supported
04-23 22:44:25.715  1636  2288 I MediaProvider: Begin Intent { act=android.intent.action.MEDIA_SCANNER_SCAN_FILE dat=file:///sdcard/screen_2026-04-23_224426.png flg=0x1400010 cmp=com.android.providers.media.module/com.android.providers.media.MediaService }
04-23 22:44:25.716  1636  2288 W ModernMediaScanner: Failed to visit /sdcard/screen_2026-04-23_224426.png: java.nio.file.AccessDeniedException: /sdcard/screen_2026-04-23_224426.png
04-23 22:44:25.722  1636  2288 I MediaProvider: Scanned internal due to REASON_DEMAND, found 0 items in 5ms, 0 inserts 0 updates 0 deletes
04-23 22:44:25.722  1636  2288 I MediaProvider: End Intent { act=android.intent.action.MEDIA_SCANNER_SCAN_FILE dat=file:///sdcard/screen_2026-04-23_224426.png flg=0x1400010 cmp=com.android.providers.media.module/com.android.providers.media.MediaService }
04-23 22:44:25.780  1636  1773 I MediaProvider: Deleted 1 items on external_primary due to com.android.shell
04-23 22:44:25.808 14558 14560 I cmd     : oneway function results will be dropped but finished with status OK and parcel size 4
04-23 22:44:25.931   159   159 I hwservicemanager: getTransport: Cannot find entry android.hardware.graphics.mapper@4.0::IMapper/default in either framework or device manifest.
04-23 22:44:25.931 14580 14580 I Gralloc4: mapper 4.x is not supported
04-23 22:44:25.968 14584 14586 I cmd     : oneway function results will be dropped but finished with status OK and parcel size 4
