04-23 22:43:28.208  1417  1417 I Dialer  : VvmTaskExecutor - minimal wait time:5000
04-23 22:43:28.208  1417  1417 I Dialer  : VvmTaskExecutor - sleep for 5000 millis
04-23 22:43:28.395  8817  8817 I DatabaseHelper: Breed 9: Favorited true
04-23 22:43:29.697  8413  8413 I ProvidersCache: Updating roots due to change on user 0at content://com.android.providers.media.documents/root
04-23 22:43:29.776  8413  8413 I ProvidersCache: Updating roots due to change on user 0at content://com.android.providers.media.documents/root
04-23 22:43:29.907   159   159 I hwservicemanager: getTransport: Cannot find entry android.hardware.graphics.mapper@4.0::IMapper/default in either framework or device manifest.
04-23 22:43:29.907 10730 10730 I Gralloc4: mapper 4.x is not supported
04-23 22:43:29.940  1636  1636 W com.android.providers.media.module: type=1400 audit(0.0:1025): avc: denied { read } for comm=4173796E635461736B202331 name="primary" dev="tmpfs" ino=29719 scontext=u:r:mediaprovider_app:s0:c123,c256,c512,c768 tcontext=u:object_r:mnt_pass_through_file:s0 tclass=lnk_file permissive=0 app=com.android.providers.media.module
04-23 22:43:29.944  1636  2288 I MediaProvider: Begin Intent { act=android.intent.action.MEDIA_SCANNER_SCAN_FILE dat=file:///sdcard/screen_2026-04-23_224330.png flg=0x1400010 cmp=com.android.providers.media.module/com.android.providers.media.MediaService }
04-23 22:43:29.940  1636  1636 W com.android.providers.media.module: type=1400 audit(0.0:1026): avc: denied { read } for comm=4173796E635461736B202331 name="primary" dev="tmpfs" ino=29719 scontext=u:r:mediaprovider_app:s0:c123,c256,c512,c768 tcontext=u:object_r:mnt_pass_through_file:s0 tclass=lnk_file permissive=0 app=com.android.providers.media.module
04-23 22:43:30.136     0     0 W audit   : audit_lost=746 audit_rate_limit=5 audit_backlog_limit=64
04-23 22:43:30.146     0     0 E audit   : rate limit exceeded
04-23 22:43:29.964  1636  2288 W ModernMediaScanner: Failed to visit /sdcard/screen_2026-04-23_224330.png: java.nio.file.AccessDeniedException: /sdcard/screen_2026-04-23_224330.png
04-23 22:43:29.965  1636  2288 I MediaProvider: Scanned internal due to REASON_DEMAND, found 0 items in 20ms, 0 inserts 0 updates 0 deletes
04-23 22:43:29.965  1636  2288 I MediaProvider: End Intent { act=android.intent.action.MEDIA_SCANNER_SCAN_FILE dat=file:///sdcard/screen_2026-04-23_224330.png flg=0x1400010 cmp=com.android.providers.media.module/com.android.providers.media.MediaService }
04-23 22:43:29.971  8413  8413 I ProvidersCache: Updating roots due to change on user 0at content://com.android.providers.media.documents/root
04-23 22:43:29.940  1636  1636 W com.android.providers.media.module: type=1400 audit(0.0:1027): avc: denied { read } for comm=4173796E635461736B202331 name="primary" dev="tmpfs" ino=29719 scontext=u:r:mediaprovider_app:s0:c123,c256,c512,c768 tcontext=u:object_r:mnt_pass_through_file:s0 tclass=lnk_file permissive=0 app=com.android.providers.media.module
04-23 22:43:30.003  1636  1773 I MediaProvider: Deleted 1 items on external_primary due to com.android.shell
04-23 22:43:30.026  8413  8413 I ProvidersCache: Updating roots due to change on user 0at content://com.android.providers.media.documents/root
04-23 22:43:30.041 10745 10747 I cmd     : oneway function results will be dropped but finished with status OK and parcel size 4
04-23 22:43:30.164   159   159 I hwservicemanager: getTransport: Cannot find entry android.hardware.graphics.mapper@4.0::IMapper/default in either framework or device manifest.
04-23 22:43:30.164 10767 10767 I Gralloc4: mapper 4.x is not supported
04-23 22:43:30.210 10773 10775 I cmd     : oneway function results will be dropped but finished with status OK and parcel size 4
04-23 22:43:30.211  1636  2288 I MediaProvider: Begin Intent { act=android.intent.action.MEDIA_SCANNER_SCAN_FILE dat=file:///sdcard/screen_2026-04-23_224330.png flg=0x1400010 cmp=com.android.providers.media.module/com.android.providers.media.MediaService }
04-23 22:43:30.211  1636  2288 W ModernMediaScanner: Failed to visit /sdcard/screen_2026-04-23_224330.png: java.nio.file.AccessDeniedException: /sdcard/screen_2026-04-23_224330.png
04-23 22:43:30.212  1636  2288 I MediaProvider: Scanned internal due to REASON_DEMAND, found 0 items in 1ms, 0 inserts 0 updates 0 deletes
04-23 22:43:30.213  1636  2288 I MediaProvider: End Intent { act=android.intent.action.MEDIA_SCANNER_SCAN_FILE dat=file:///sdcard/screen_2026-04-23_224330.png flg=0x1400010 cmp=com.android.providers.media.module/com.android.providers.media.MediaService }
04-23 22:43:30.234  1636  1774 I MediaProvider: Deleted 1 items on external_primary due to com.android.shell
04-23 22:43:30.235  8413  8413 I ProvidersCache: Updating roots due to change on user 0at content://com.android.providers.media.documents/root
04-23 22:43:30.384   159   159 I hwservicemanager: getTransport: Cannot find entry android.hardware.graphics.mapper@4.0::IMapper/default in either framework or device manifest.
04-23 22:43:30.384 10806 10806 I Gralloc4: mapper 4.x is not supported
04-23 22:43:30.421 10810 10812 I cmd     : oneway function results will be dropped but finished with status OK and parcel size 4
04-23 22:43:30.421  1636  2288 I MediaProvider: Begin Intent { act=android.intent.action.MEDIA_SCANNER_SCAN_FILE dat=file:///sdcard/screen_2026-04-23_224331.png flg=0x1400010 cmp=com.android.providers.media.module/com.android.providers.media.MediaService }
04-23 22:43:30.422  1636  2288 W ModernMediaScanner: Failed to visit /sdcard/screen_2026-04-23_224331.png: java.nio.file.AccessDeniedException: /sdcard/screen_2026-04-23_224331.png
04-23 22:43:30.423  1636  2288 I MediaProvider: Scanned internal due to REASON_DEMAND, found 0 items in 0ms, 0 inserts 0 updates 0 deletes
04-23 22:43:30.423  1636  2288 I MediaProvider: End Intent { act=android.intent.action.MEDIA_SCANNER_SCAN_FILE dat=file:///sdcard/screen_2026-04-23_224331.png flg=0x1400010 cmp=com.android.providers.media.module/com.android.providers.media.MediaService }
04-23 22:43:30.443  1636  3008 I MediaProvider: Deleted 1 items on external_primary due to com.android.shell
04-23 22:43:30.472 10822 10824 I cmd     : oneway function results will be dropped but finished with status OK and parcel size 4
04-23 22:43:30.522 10837 10839 I cmd     : oneway function results will be dropped but finished with status OK and parcel size 4
04-23 22:43:30.571 10852 10854 I cmd     : oneway function results will be dropped but finished with status OK and parcel size 4
04-23 22:43:30.696 10879 10879 E libc    : Access denied finding property "persist.device_config.runtime_native_boot.profilebootclasspath"
04-23 22:43:30.697 10879 10879 E libc    : Access denied finding property "persist.device_config.runtime_native_boot.enable_apex_image"
04-23 22:43:30.697 10879 10879 I AndroidRuntime: Using default boot image
04-23 22:43:30.697 10879 10879 E libc    : Access denied finding property "persist.device_config.runtime_native_boot.disable_lock_profiling"
04-23 22:43:30.697 10879 10879 I AndroidRuntime: Leaving lock profiling enabled
04-23 22:43:30.697 10879 10879 E libc    : Access denied finding property "persist.device_config.runtime_native_boot.enable_generational_cc"
04-23 22:43:30.698 10879 10879 I app_process: Core platform API reporting enabled, enforcing=false
04-23 22:43:30.738 10879 10879 W app_process: Unexpected CPU variant for X86 using defaults: x86_64
04-23 22:43:30.739 10879 10879 I app_process: The ClassLoaderContext is a special shared library.
04-23 22:43:30.746 10879 10879 W app_process: JNI RegisterNativeMethods: attempt to register 0 native methods for android.media.AudioAttributes
04-23 22:43:30.961  8817  8817 I DatabaseHelper: Breed 10: Favorited true
04-23 22:43:32.259  8413  8413 I ProvidersCache: Updating roots due to change on user 0at content://com.android.providers.media.documents/root
04-23 22:43:32.378  8413  8413 I ProvidersCache: Updating roots due to change on user 0at content://com.android.providers.media.documents/root
04-23 22:43:32.470   159   159 I hwservicemanager: getTransport: Cannot find entry android.hardware.graphics.mapper@4.0::IMapper/default in either framework or device manifest.
04-23 22:43:32.470 10911 10911 I Gralloc4: mapper 4.x is not supported
04-23 22:43:32.506 10915 10917 I cmd     : oneway function results will be dropped but finished with status OK and parcel size 4
04-23 22:43:32.506  1636  2288 I MediaProvider: Begin Intent { act=android.intent.action.MEDIA_SCANNER_SCAN_FILE dat=file:///sdcard/screen_2026-04-23_224333.png flg=0x1400010 cmp=com.android.providers.media.module/com.android.providers.media.MediaService }
04-23 22:43:32.500  1636  1636 W com.android.providers.media.module: type=1400 audit(0.0:1047): avc: denied { read } for comm=4173796E635461736B202331 name="primary" dev="tmpfs" ino=29719 scontext=u:r:mediaprovider_app:s0:c123,c256,c512,c768 tcontext=u:object_r:mnt_pass_through_file:s0 tclass=lnk_file permissive=0 app=com.android.providers.media.module
04-23 22:43:32.698     0     0 W audit   : audit_lost=763 audit_rate_limit=5 audit_backlog_limit=64
04-23 22:43:32.708     0     0 E audit   : rate limit exceeded
04-23 22:43:32.500  1636  1636 W com.android.providers.media.module: type=1400 audit(0.0:1048): avc: denied { read } for comm=4173796E635461736B202331 name="primary" dev="tmpfs" ino=29719 scontext=u:r:mediaprovider_app:s0:c123,c256,c512,c768 tcontext=u:object_r:mnt_pass_through_file:s0 tclass=lnk_file permissive=0 app=com.android.providers.media.module
04-23 22:43:32.526  1636  2288 W ModernMediaScanner: Failed to visit /sdcard/screen_2026-04-23_224333.png: java.nio.file.AccessDeniedException: /sdcard/screen_2026-04-23_224333.png
04-23 22:43:32.526  1636  2288 I MediaProvider: Scanned internal due to REASON_DEMAND, found 0 items in 19ms, 0 inserts 0 updates 0 deletes
04-23 22:43:32.527  1636  2288 I MediaProvider: End Intent { act=android.intent.action.MEDIA_SCANNER_SCAN_FILE dat=file:///sdcard/screen_2026-04-23_224333.png flg=0x1400010 cmp=com.android.providers.media.module/com.android.providers.media.MediaService }
04-23 22:43:32.531  8413  8413 I ProvidersCache: Updating roots due to change on user 0at content://com.android.providers.media.documents/root
04-23 22:43:32.500  1636  1636 W com.android.providers.media.module: type=1400 audit(0.0:1049): avc: denied { read } for comm=4173796E635461736B202331 name="primary" dev="tmpfs" ino=29719 scontext=u:r:mediaprovider_app:s0:c123,c256,c512,c768 tcontext=u:object_r:mnt_pass_through_file:s0 tclass=lnk_file permissive=0 app=com.android.providers.media.module
04-23 22:43:32.566  1636  1773 I MediaProvider: Deleted 1 items on external_primary due to com.android.shell
04-23 22:43:32.603  8413  8413 I ProvidersCache: Updating roots due to change on user 0at content://com.android.providers.media.documents/root
04-23 22:43:32.620 10926 10928 I cmd     : oneway function results will be dropped but finished with status OK and parcel size 4
04-23 22:43:32.741   159   159 I hwservicemanager: getTransport: Cannot find entry android.hardware.graphics.mapper@4.0::IMapper/default in either framework or device manifest.
04-23 22:43:32.741 10948 10948 I Gralloc4: mapper 4.x is not supported
04-23 22:43:32.777 10952 10954 I cmd     : oneway function results will be dropped but finished with status OK and parcel size 4
04-23 22:43:32.778  1636  2288 I MediaProvider: Begin Intent { act=android.intent.action.MEDIA_SCANNER_SCAN_FILE dat=file:///sdcard/screen_2026-04-23_224333.png flg=0x1400010 cmp=com.android.providers.media.module/com.android.providers.media.MediaService }
04-23 22:43:32.778  1636  2288 W ModernMediaScanner: Failed to visit /sdcard/screen_2026-04-23_224333.png: java.nio.file.AccessDeniedException: /sdcard/screen_2026-04-23_224333.png
04-23 22:43:32.779  1636  2288 I MediaProvider: Scanned internal due to REASON_DEMAND, found 0 items in 1ms, 0 inserts 0 updates 0 deletes
04-23 22:43:32.780  1636  2288 I MediaProvider: End Intent { act=android.intent.action.MEDIA_SCANNER_SCAN_FILE dat=file:///sdcard/screen_2026-04-23_224333.png flg=0x1400010 cmp=com.android.providers.media.module/com.android.providers.media.MediaService }
04-23 22:43:32.800  1636  1774 I MediaProvider: Deleted 1 items on external_primary due to com.android.shell
04-23 22:43:32.817  8413  8413 I ProvidersCache: Updating roots due to change on user 0at content://com.android.providers.media.documents/root
04-23 22:43:32.832 10964 10966 I cmd     : oneway function results will be dropped but finished with status OK and parcel size 4
04-23 22:43:32.957   159   159 I hwservicemanager: getTransport: Cannot find entry android.hardware.graphics.mapper@4.0::IMapper/default in either framework or device manifest.
04-23 22:43:32.957 10986 10986 I Gralloc4: mapper 4.x is not supported
04-23 22:43:32.994 10990 10992 I cmd     : oneway function results will be dropped but finished with status OK and parcel size 4
04-23 22:43:32.995  1636  2288 I MediaProvider: Begin Intent { act=android.intent.action.MEDIA_SCANNER_SCAN_FILE dat=file:///sdcard/screen_2026-04-23_224333.png flg=0x1400010 cmp=com.android.providers.media.module/com.android.providers.media.MediaService }
04-23 22:43:32.996  1636  2288 W ModernMediaScanner: Failed to visit /sdcard/screen_2026-04-23_224333.png: java.nio.file.AccessDeniedException: /sdcard/screen_2026-04-23_224333.png
04-23 22:43:32.996  1636  2288 I MediaProvider: Scanned internal due to REASON_DEMAND, found 0 items in 1ms, 0 inserts 0 updates 0 deletes
04-23 22:43:32.997  1636  2288 I MediaProvider: End Intent { act=android.intent.action.MEDIA_SCANNER_SCAN_FILE dat=file:///sdcard/screen_2026-04-23_224333.png flg=0x1400010 cmp=com.android.providers.media.module/com.android.providers.media.MediaService }
04-23 22:43:33.017  1636  3008 I MediaProvider: Deleted 1 items on external_primary due to com.android.shell
04-23 22:43:33.045 11001 11003 I cmd     : oneway function results will be dropped but finished with status OK and parcel size 4
04-23 22:43:33.094 11016 11018 I cmd     : oneway function results will be dropped but finished with status OK and parcel size 4
04-23 22:43:33.143 11031 11033 I cmd     : oneway function results will be dropped but finished with status OK and parcel size 4
04-23 22:43:33.192 11046 11048 I cmd     : oneway function results will be dropped but finished with status OK and parcel size 4
04-23 22:43:33.247  1417  1861 I Dialer  : VvmTaskExecutor - executing task com.android.voicemail.impl.ActivationTask@9c48d9d
04-23 22:43:33.247  1417  1861 I Dialer  : PreOMigrationHandler - ComponentInfo{com.android.phone/com.android.services.telephony.TelephonyConnectionService}, ***, UserHandle{0} already migrated
04-23 22:43:33.255  6552  6655 I VoicemailNotifier: receivers for android.intent.action.PROVIDER_CHANGED :[]
04-23 22:43:33.256  1417  1861 I Dialer  : VvmActivationTask - VVM content provider configured - vvm_type_cvvm
04-23 22:43:33.256  1417  1861 I Dialer  : OmtpVvmCarrierCfgHlpr - OmtpEvent:CONFIG_ACTIVATING
04-23 22:43:33.257  6552  6655 I VoicemailNotifier: receivers for android.intent.action.PROVIDER_CHANGED :[]
04-23 22:43:33.273 11058 11058 E libc    : Access denied finding property "persist.device_config.runtime_native_boot.profilebootclasspath"
04-23 22:43:33.273 11058 11058 E libc    : Access denied finding property "persist.device_config.runtime_native_boot.enable_apex_image"
04-23 22:43:33.273 11058 11058 I AndroidRuntime: Using default boot image
04-23 22:43:33.273 11058 11058 E libc    : Access denied finding property "persist.device_config.runtime_native_boot.disable_lock_profiling"
04-23 22:43:33.273 11058 11058 I AndroidRuntime: Leaving lock profiling enabled
04-23 22:43:33.273 11058 11058 E libc    : Access denied finding property "persist.device_config.runtime_native_boot.enable_generational_cc"
04-23 22:43:33.275 11058 11058 I app_process: Core platform API reporting enabled, enforcing=false
04-23 22:43:33.329 11058 11058 W app_process: Unexpected CPU variant for X86 using defaults: x86_64
04-23 22:43:33.330 11058 11058 I app_process: The ClassLoaderContext is a special shared library.
04-23 22:43:33.336 11058 11058 W app_process: JNI RegisterNativeMethods: attempt to register 0 native methods for android.media.AudioAttributes
04-23 22:43:33.545  8817  8817 I DatabaseHelper: Breed 11: Favorited true
04-23 22:43:34.812  8413  8413 I ProvidersCache: Updating roots due to change on user 0at content://com.android.providers.media.documents/root
04-23 22:43:34.912  8413  8413 I ProvidersCache: Updating roots due to change on user 0at content://com.android.providers.media.documents/root
04-23 22:43:35.054   159   159 I hwservicemanager: getTransport: Cannot find entry android.hardware.graphics.mapper@4.0::IMapper/default in either framework or device manifest.
04-23 22:43:35.054 11090 11090 I Gralloc4: mapper 4.x is not supported
04-23 22:43:35.084  8413  8413 I ProvidersCache: Updating roots due to change on user 0at content://com.android.providers.media.documents/root
04-23 22:43:35.093  1636  2288 I MediaProvider: Begin Intent { act=android.intent.action.MEDIA_SCANNER_SCAN_FILE dat=file:///sdcard/screen_2026-04-23_224335.png flg=0x1400010 cmp=com.android.providers.media.module/com.android.providers.media.MediaService }
04-23 22:43:35.106  1636  2288 W ModernMediaScanner: Failed to visit /sdcard/screen_2026-04-23_224335.png: java.nio.file.AccessDeniedException: /sdcard/screen_2026-04-23_224335.png
04-23 22:43:35.106  1636  2288 I MediaProvider: Scanned internal due to REASON_DEMAND, found 0 items in 13ms, 0 inserts 0 updates 0 deletes
04-23 22:43:35.284     0     0 W audit   : audit_lost=780 audit_rate_limit=5 audit_backlog_limit=64
04-23 22:43:35.295     0     0 E audit   : rate limit exceeded
04-23 22:43:35.107  1636  2288 I MediaProvider: End Intent { act=android.intent.action.MEDIA_SCANNER_SCAN_FILE dat=file:///sdcard/screen_2026-04-23_224335.png flg=0x1400010 cmp=com.android.providers.media.module/com.android.providers.media.MediaService }
04-23 22:43:35.088  1636  1636 W com.android.providers.media.module: type=1400 audit(0.0:1069): avc: denied { read } for comm=4173796E635461736B202331 name="primary" dev="tmpfs" ino=29719 scontext=u:r:mediaprovider_app:s0:c123,c256,c512,c768 tcontext=u:object_r:mnt_pass_through_file:s0 tclass=lnk_file permissive=0 app=com.android.providers.media.module
04-23 22:43:35.154  1636  3008 I MediaProvider: Deleted 1 items on external_primary due to com.android.shell
04-23 22:43:35.155  8413  8413 I ProvidersCache: Updating roots due to change on user 0at content://com.android.providers.media.documents/root
04-23 22:43:35.183 11105 11107 I cmd     : oneway function results will be dropped but finished with status OK and parcel size 4
04-23 22:43:35.307  8413  8413 I ProvidersCache: Updating roots due to change on user 0at content://com.android.providers.media.documents/root
04-23 22:43:35.307   159   159 I hwservicemanager: getTransport: Cannot find entry android.hardware.graphics.mapper@4.0::IMapper/default in either framework or device manifest.
04-23 22:43:35.307 11127 11127 I Gralloc4: mapper 4.x is not supported
04-23 22:43:35.335  8413  8413 I ProvidersCache: Updating roots due to change on user 0at content://com.android.providers.media.documents/root
04-23 22:43:35.342 11131 11133 I cmd     : oneway function results will be dropped but finished with status OK and parcel size 4
04-23 22:43:35.343  1636  2288 I MediaProvider: Begin Intent { act=android.intent.action.MEDIA_SCANNER_SCAN_FILE dat=file:///sdcard/screen_2026-04-23_224335.png flg=0x1400010 cmp=com.android.providers.media.module/com.android.providers.media.MediaService }
04-23 22:43:35.344  1636  2288 W ModernMediaScanner: Failed to visit /sdcard/screen_2026-04-23_224335.png: java.nio.file.AccessDeniedException: /sdcard/screen_2026-04-23_224335.png
04-23 22:43:35.344  1636  2288 I MediaProvider: Scanned internal due to REASON_DEMAND, found 0 items in 1ms, 0 inserts 0 updates 0 deletes
04-23 22:43:35.345  1636  2288 I MediaProvider: End Intent { act=android.intent.action.MEDIA_SCANNER_SCAN_FILE dat=file:///sdcard/screen_2026-04-23_224335.png flg=0x1400010 cmp=com.android.providers.media.module/com.android.providers.media.MediaService }
04-23 22:43:35.407  1636  1774 I MediaProvider: Deleted 1 items on external_primary due to com.android.shell
04-23 22:43:35.433 11144 11146 I cmd     : oneway function results will be dropped but finished with status OK and parcel size 4
04-23 22:43:35.554   159   159 I hwservicemanager: getTransport: Cannot find entry android.hardware.graphics.mapper@4.0::IMapper/default in either framework or device manifest.
04-23 22:43:35.554 11166 11166 I Gralloc4: mapper 4.x is not supported
04-23 22:43:35.592 11170 11172 I cmd     : oneway function results will be dropped but finished with status OK and parcel size 4
04-23 22:43:35.593  1636  2288 I MediaProvider: Begin Intent { act=android.intent.action.MEDIA_SCANNER_SCAN_FILE dat=file:///sdcard/screen_2026-04-23_224336.png flg=0x1400010 cmp=com.android.providers.media.module/com.android.providers.media.MediaService }
04-23 22:43:35.594  1636  2288 W ModernMediaScanner: Failed to visit /sdcard/screen_2026-04-23_224336.png: java.nio.file.AccessDeniedException: /sdcard/screen_2026-04-23_224336.png
04-23 22:43:35.595  1636  2288 I MediaProvider: Scanned internal due to REASON_DEMAND, found 0 items in 1ms, 0 inserts 0 updates 0 deletes
04-23 22:43:35.595  1636  2288 I MediaProvider: End Intent { act=android.intent.action.MEDIA_SCANNER_SCAN_FILE dat=file:///sdcard/screen_2026-04-23_224336.png flg=0x1400010 cmp=com.android.providers.media.module/com.android.providers.media.MediaService }
04-23 22:43:35.617  1636  1774 I MediaProvider: Deleted 1 items on external_primary due to com.android.shell
04-23 22:43:35.652 11182 11184 I cmd     : oneway function results will be dropped but finished with status OK and parcel size 4
04-23 22:43:35.701 11197 11199 I cmd     : oneway function results will be dropped but finished with status OK and parcel size 4
04-23 22:43:35.751 11212 11214 I cmd     : oneway function results will be dropped but finished with status OK and parcel size 4
04-23 22:43:35.799 11227 11229 I cmd     : oneway function results will be dropped but finished with status OK and parcel size 4
04-23 22:43:35.877 11239 11239 E libc    : Access denied finding property "persist.device_config.runtime_native_boot.profilebootclasspath"
04-23 22:43:35.877 11239 11239 E libc    : Access denied finding property "persist.device_config.runtime_native_boot.enable_apex_image"
04-23 22:43:35.877 11239 11239 I AndroidRuntime: Using default boot image
04-23 22:43:35.877 11239 11239 E libc    : Access denied finding property "persist.device_config.runtime_native_boot.disable_lock_profiling"
04-23 22:43:35.877 11239 11239 I AndroidRuntime: Leaving lock profiling enabled
04-23 22:43:35.877 11239 11239 E libc    : Access denied finding property "persist.device_config.runtime_native_boot.enable_generational_cc"
04-23 22:43:35.878 11239 11239 I app_process: Core platform API reporting enabled, enforcing=false
04-23 22:43:35.917 11239 11239 W app_process: Unexpected CPU variant for X86 using defaults: x86_64
04-23 22:43:35.918 11239 11239 I app_process: The ClassLoaderContext is a special shared library.
04-23 22:43:35.924 11239 11239 W app_process: JNI RegisterNativeMethods: attempt to register 0 native methods for android.media.AudioAttributes
04-23 22:43:36.145  8817  8817 I DatabaseHelper: Breed 12: Favorited true
04-23 22:43:37.357  8413  8413 I ProvidersCache: Updating roots due to change on user 0at content://com.android.providers.media.documents/root
04-23 22:43:37.477  8413  8413 I chatty  : uid=10076(com.android.documentsui) identical 1 line
04-23 22:43:37.623  8413  8413 I ProvidersCache: Updating roots due to change on user 0at content://com.android.providers.media.documents/root
04-23 22:43:37.653   159   159 I hwservicemanager: getTransport: Cannot find entry android.hardware.graphics.mapper@4.0::IMapper/default in either framework or device manifest.
04-23 22:43:37.653 11272 11272 I Gralloc4: mapper 4.x is not supported
04-23 22:43:37.689  8413  8413 I ProvidersCache: Updating roots due to change on user 0at content://com.android.providers.media.documents/root
04-23 22:43:37.690 11276 11278 I cmd     : oneway function results will be dropped but finished with status OK and parcel size 4
04-23 22:43:37.690  1636  2288 I MediaProvider: Begin Intent { act=android.intent.action.MEDIA_SCANNER_SCAN_FILE dat=file:///sdcard/screen_2026-04-23_224338.png flg=0x1400010 cmp=com.android.providers.media.module/com.android.providers.media.MediaService }
04-23 22:43:37.684  1636  1636 W com.android.providers.media.module: type=1400 audit(0.0:1091): avc: denied { read } for comm=4173796E635461736B202331 name="primary" dev="tmpfs" ino=29719 scontext=u:r:mediaprovider_app:s0:c123,c256,c512,c768 tcontext=u:object_r:mnt_pass_through_file:s0 tclass=lnk_file permissive=0 app=com.android.providers.media.module
04-23 22:43:37.888     0     0 W audit   : audit_lost=797 audit_rate_limit=5 audit_backlog_limit=64
04-23 22:43:37.892     0     0 E audit   : rate limit exceeded
04-23 22:43:37.684  1636  1636 W com.android.providers.media.module: type=1400 audit(0.0:1092): avc: denied { read } for comm=4173796E635461736B202331 name="primary" dev="tmpfs" ino=29719 scontext=u:r:mediaprovider_app:s0:c123,c256,c512,c768 tcontext=u:object_r:mnt_pass_through_file:s0 tclass=lnk_file permissive=0 app=com.android.providers.media.module
04-23 22:43:37.708  1636  2288 W ModernMediaScanner: Failed to visit /sdcard/screen_2026-04-23_224338.png: java.nio.file.AccessDeniedException: /sdcard/screen_2026-04-23_224338.png
04-23 22:43:37.709  1636  2288 I MediaProvider: Scanned internal due to REASON_DEMAND, found 0 items in 12ms, 0 inserts 0 updates 0 deletes
04-23 22:43:37.709  1636  2288 I MediaProvider: End Intent { act=android.intent.action.MEDIA_SCANNER_SCAN_FILE dat=file:///sdcard/screen_2026-04-23_224338.png flg=0x1400010 cmp=com.android.providers.media.module/com.android.providers.media.MediaService }
04-23 22:43:37.692  1636  1636 W com.android.providers.media.module: type=1400 audit(0.0:1093): avc: denied { read } for comm=4173796E635461736B202331 name="primary" dev="tmpfs" ino=29719 scontext=u:r:mediaprovider_app:s0:c123,c256,c512,c768 tcontext=u:object_r:mnt_pass_through_file:s0 tclass=lnk_file permissive=0 app=com.android.providers.media.module
04-23 22:43:37.773  1636  3008 I MediaProvider: Deleted 1 items on external_primary due to com.android.shell
04-23 22:43:37.801 11287 11289 I cmd     : oneway function results will be dropped but finished with status OK and parcel size 4
04-23 22:43:37.847  8413  8413 I ProvidersCache: Updating roots due to change on user 0at content://com.android.providers.media.documents/root
04-23 22:43:37.911  8413  8413 I ProvidersCache: Updating roots due to change on user 0at content://com.android.providers.media.documents/root
04-23 22:43:37.924   159   159 I hwservicemanager: getTransport: Cannot find entry android.hardware.graphics.mapper@4.0::IMapper/default in either framework or device manifest.
04-23 22:43:37.924 11309 11309 I Gralloc4: mapper 4.x is not supported
04-23 22:43:37.961 11313 11315 I cmd     : oneway function results will be dropped but finished with status OK and parcel size 4
04-23 22:43:37.962  1636  2288 I MediaProvider: Begin Intent { act=android.intent.action.MEDIA_SCANNER_SCAN_FILE dat=file:///sdcard/screen_2026-04-23_224338.png flg=0x1400010 cmp=com.android.providers.media.module/com.android.providers.media.MediaService }
04-23 22:43:37.962  1636  2288 W ModernMediaScanner: Failed to visit /sdcard/screen_2026-04-23_224338.png: java.nio.file.AccessDeniedException: /sdcard/screen_2026-04-23_224338.png
04-23 22:43:37.965  1636  2288 I MediaProvider: Scanned internal due to REASON_DEMAND, found 0 items in 3ms, 0 inserts 0 updates 0 deletes
04-23 22:43:37.965  1636  2288 I MediaProvider: End Intent { act=android.intent.action.MEDIA_SCANNER_SCAN_FILE dat=file:///sdcard/screen_2026-04-23_224338.png flg=0x1400010 cmp=com.android.providers.media.module/com.android.providers.media.MediaService }
04-23 22:43:38.025  1636  3008 I MediaProvider: Deleted 1 items on external_primary due to com.android.shell
04-23 22:43:38.053 11324 11326 I cmd     : oneway function results will be dropped but finished with status OK and parcel size 4
04-23 22:43:38.171   159   159 I hwservicemanager: getTransport: Cannot find entry android.hardware.graphics.mapper@4.0::IMapper/default in either framework or device manifest.
04-23 22:43:38.172 11346 11346 I Gralloc4: mapper 4.x is not supported
04-23 22:43:38.209 11350 11352 I cmd     : oneway function results will be dropped but finished with status OK and parcel size 4
04-23 22:43:38.209  1636  2288 I MediaProvider: Begin Intent { act=android.intent.action.MEDIA_SCANNER_SCAN_FILE dat=file:///sdcard/screen_2026-04-23_224338.png flg=0x1400010 cmp=com.android.providers.media.module/com.android.providers.media.MediaService }
04-23 22:43:38.210  1636  2288 W ModernMediaScanner: Failed to visit /sdcard/screen_2026-04-23_224338.png: java.nio.file.AccessDeniedException: /sdcard/screen_2026-04-23_224338.png
04-23 22:43:38.211  1636  2288 I MediaProvider: Scanned internal due to REASON_DEMAND, found 0 items in 1ms, 0 inserts 0 updates 0 deletes
04-23 22:43:38.211  1636  2288 I MediaProvider: End Intent { act=android.intent.action.MEDIA_SCANNER_SCAN_FILE dat=file:///sdcard/screen_2026-04-23_224338.png flg=0x1400010 cmp=com.android.providers.media.module/com.android.providers.media.MediaService }
04-23 22:43:38.233  1636  3008 I MediaProvider: Deleted 1 items on external_primary due to com.android.shell
04-23 22:43:38.261 11361 11363 I cmd     : oneway function results will be dropped but finished with status OK and parcel size 4
04-23 22:43:38.310 11376 11378 I cmd     : oneway function results will be dropped but finished with status OK and parcel size 4
04-23 22:43:38.361 11391 11393 I cmd     : oneway function results will be dropped but finished with status OK and parcel size 4
04-23 22:43:38.410 11406 11408 I cmd     : oneway function results will be dropped but finished with status OK and parcel size 4
04-23 22:43:38.497 11420 11420 E libc    : Access denied finding property "persist.device_config.runtime_native_boot.profilebootclasspath"
04-23 22:43:38.497 11420 11420 E libc    : Access denied finding property "persist.device_config.runtime_native_boot.enable_apex_image"
04-23 22:43:38.497 11420 11420 I AndroidRuntime: Using default boot image
04-23 22:43:38.497 11420 11420 E libc    : Access denied finding property "persist.device_config.runtime_native_boot.disable_lock_profiling"
04-23 22:43:38.497 11420 11420 I AndroidRuntime: Leaving lock profiling enabled
04-23 22:43:38.497 11420 11420 E libc    : Access denied finding property "persist.device_config.runtime_native_boot.enable_generational_cc"
04-23 22:43:38.499 11420 11420 I app_process: Core platform API reporting enabled, enforcing=false
04-23 22:43:38.537 11420 11420 W app_process: Unexpected CPU variant for X86 using defaults: x86_64
04-23 22:43:38.538 11420 11420 I app_process: The ClassLoaderContext is a special shared library.
04-23 22:43:38.544 11420 11420 W app_process: JNI RegisterNativeMethods: attempt to register 0 native methods for android.media.AudioAttributes
04-23 22:43:38.762  8817  8817 I DatabaseHelper: Breed 13: Favorited true
04-23 22:43:39.917  8413  8413 I ProvidersCache: Updating roots due to change on user 0at content://com.android.providers.media.documents/root
04-23 22:43:40.042  8413  8413 I chatty  : uid=10076(com.android.documentsui) identical 1 line
04-23 22:43:40.200  8413  8413 I ProvidersCache: Updating roots due to change on user 0at content://com.android.providers.media.documents/root
04-23 22:43:40.272   159   159 I hwservicemanager: getTransport: Cannot find entry android.hardware.graphics.mapper@4.0::IMapper/default in either framework or device manifest.
04-23 22:43:40.272 11450 11450 I Gralloc4: mapper 4.x is not supported
04-23 22:43:40.280  8413  8413 I ProvidersCache: Updating roots due to change on user 0at content://com.android.providers.media.documents/root
04-23 22:43:40.309 11454 11456 I cmd     : oneway function results will be dropped but finished with status OK and parcel size 4
04-23 22:43:40.309  1636  2288 I MediaProvider: Begin Intent { act=android.intent.action.MEDIA_SCANNER_SCAN_FILE dat=file:///sdcard/screen_2026-04-23_224340.png flg=0x1400010 cmp=com.android.providers.media.module/com.android.providers.media.MediaService }
04-23 22:43:40.304  1636  1636 W com.android.providers.media.module: type=1400 audit(0.0:1113): avc: denied { read } for comm=4173796E635461736B202331 name="primary" dev="tmpfs" ino=29719 scontext=u:r:mediaprovider_app:s0:c123,c256,c512,c768 tcontext=u:object_r:mnt_pass_through_file:s0 tclass=lnk_file permissive=0 app=com.android.providers.media.module
04-23 22:43:40.500     0     0 W audit   : audit_lost=814 audit_rate_limit=5 audit_backlog_limit=64
04-23 22:43:40.511     0     0 E audit   : rate limit exceeded
04-23 22:43:40.304  1636  1636 W com.android.providers.media.module: type=1400 audit(0.0:1114): avc: denied { read } for comm=4173796E635461736B202331 name="primary" dev="tmpfs" ino=29719 scontext=u:r:mediaprovider_app:s0:c123,c256,c512,c768 tcontext=u:object_r:mnt_pass_through_file:s0 tclass=lnk_file permissive=0 app=com.android.providers.media.module
04-23 22:43:40.329  1636  2288 W ModernMediaScanner: Failed to visit /sdcard/screen_2026-04-23_224340.png: java.nio.file.AccessDeniedException: /sdcard/screen_2026-04-23_224340.png
04-23 22:43:40.329  1636  2288 I MediaProvider: Scanned internal due to REASON_DEMAND, found 0 items in 20ms, 0 inserts 0 updates 0 deletes
04-23 22:43:40.330  1636  2288 I MediaProvider: End Intent { act=android.intent.action.MEDIA_SCANNER_SCAN_FILE dat=file:///sdcard/screen_2026-04-23_224340.png flg=0x1400010 cmp=com.android.providers.media.module/com.android.providers.media.MediaService }
04-23 22:43:40.304  1636  1636 W com.android.providers.media.module: type=1400 audit(0.0:1115): avc: denied { read } for comm=4173796E635461736B202331 name="primary" dev="tmpfs" ino=29719 scontext=u:r:mediaprovider_app:s0:c123,c256,c512,c768 tcontext=u:object_r:mnt_pass_through_file:s0 tclass=lnk_file permissive=0 app=com.android.providers.media.module
04-23 22:43:40.364  1636  1773 I MediaProvider: Deleted 1 items on external_primary due to com.android.shell
04-23 22:43:40.392 11465 11467 I cmd     : oneway function results will be dropped but finished with status OK and parcel size 4
04-23 22:43:40.422  8413  8413 I ProvidersCache: Updating roots due to change on user 0at content://com.android.providers.media.documents/root
04-23 22:43:40.483  8413  8413 I ProvidersCache: Updating roots due to change on user 0at content://com.android.providers.media.documents/root
04-23 22:43:40.522   159   159 I hwservicemanager: getTransport: Cannot find entry android.hardware.graphics.mapper@4.0::IMapper/default in either framework or device manifest.
04-23 22:43:40.522 11487 11487 I Gralloc4: mapper 4.x is not supported
04-23 22:43:40.558  1636  2288 I MediaProvider: Begin Intent { act=android.intent.action.MEDIA_SCANNER_SCAN_FILE dat=file:///sdcard/screen_2026-04-23_224341.png flg=0x1400010 cmp=com.android.providers.media.module/com.android.providers.media.MediaService }
04-23 22:43:40.559  1636  2288 W ModernMediaScanner: Failed to visit /sdcard/screen_2026-04-23_224341.png: java.nio.file.AccessDeniedException: /sdcard/screen_2026-04-23_224341.png
04-23 22:43:40.560  1636  2288 I MediaProvider: Scanned internal due to REASON_DEMAND, found 0 items in 2ms, 0 inserts 0 updates 0 deletes
04-23 22:43:40.561  1636  2288 I MediaProvider: End Intent { act=android.intent.action.MEDIA_SCANNER_SCAN_FILE dat=file:///sdcard/screen_2026-04-23_224341.png flg=0x1400010 cmp=com.android.providers.media.module/com.android.providers.media.MediaService }
04-23 22:43:40.581  1636  1774 I MediaProvider: Deleted 1 items on external_primary due to com.android.shell
04-23 22:43:40.610 11504 11506 I cmd     : oneway function results will be dropped but finished with status OK and parcel size 4
04-23 22:43:40.733   159   159 I hwservicemanager: getTransport: Cannot find entry android.hardware.graphics.mapper@4.0::IMapper/default in either framework or device manifest.
04-23 22:43:40.733 11526 11526 I Gralloc4: mapper 4.x is not supported
04-23 22:43:40.768 11530 11532 I cmd     : oneway function results will be dropped but finished with status OK and parcel size 4
04-23 22:43:40.769  1636  2288 I MediaProvider: Begin Intent { act=android.intent.action.MEDIA_SCANNER_SCAN_FILE dat=file:///sdcard/screen_2026-04-23_224341.png flg=0x1400010 cmp=com.android.providers.media.module/com.android.providers.media.MediaService }
04-23 22:43:40.770  1636  2288 W ModernMediaScanner: Failed to visit /sdcard/screen_2026-04-23_224341.png: java.nio.file.AccessDeniedException: /sdcard/screen_2026-04-23_224341.png
04-23 22:43:40.770  1636  2288 I MediaProvider: Scanned internal due to REASON_DEMAND, found 0 items in 1ms, 0 inserts 0 updates 0 deletes
04-23 22:43:40.771  1636  2288 I MediaProvider: End Intent { act=android.intent.action.MEDIA_SCANNER_SCAN_FILE dat=file:///sdcard/screen_2026-04-23_224341.png flg=0x1400010 cmp=com.android.providers.media.module/com.android.providers.media.MediaService }
04-23 22:43:40.792  1636  3008 I MediaProvider: Deleted 1 items on external_primary due to com.android.shell
04-23 22:43:40.820 11541 11543 I cmd     : oneway function results will be dropped but finished with status OK and parcel size 4
04-23 22:43:40.870 11556 11558 I cmd     : oneway function results will be dropped but finished with status OK and parcel size 4
04-23 22:43:40.921 11571 11573 I cmd     : oneway function results will be dropped but finished with status OK and parcel size 4
04-23 22:43:40.971 11586 11588 I cmd     : oneway function results will be dropped but finished with status OK and parcel size 4
04-23 22:43:41.049 11598 11598 E libc    : Access denied finding property "persist.device_config.runtime_native_boot.profilebootclasspath"
04-23 22:43:41.049 11598 11598 E libc    : Access denied finding property "persist.device_config.runtime_native_boot.enable_apex_image"
04-23 22:43:41.049 11598 11598 I AndroidRuntime: Using default boot image
04-23 22:43:41.049 11598 11598 E libc    : Access denied finding property "persist.device_config.runtime_native_boot.disable_lock_profiling"
04-23 22:43:41.049 11598 11598 I AndroidRuntime: Leaving lock profiling enabled
04-23 22:43:41.049 11598 11598 E libc    : Access denied finding property "persist.device_config.runtime_native_boot.enable_generational_cc"
04-23 22:43:41.050 11598 11598 I app_process: Core platform API reporting enabled, enforcing=false
04-23 22:43:41.088 11598 11598 W app_process: Unexpected CPU variant for X86 using defaults: x86_64
04-23 22:43:41.089 11598 11598 I app_process: The ClassLoaderContext is a special shared library.
04-23 22:43:41.095 11598 11598 W app_process: JNI RegisterNativeMethods: attempt to register 0 native methods for android.media.AudioAttributes
04-23 22:43:41.312  8817  8817 I DatabaseHelper: Breed 14: Favorited true
04-23 22:43:42.497  8413  8413 I ProvidersCache: Updating roots due to change on user 0at content://com.android.providers.media.documents/root
04-23 22:43:42.587  8413  8413 I chatty  : uid=10076(com.android.documentsui) identical 1 line
04-23 22:43:42.781  8413  8413 I ProvidersCache: Updating roots due to change on user 0at content://com.android.providers.media.documents/root
04-23 22:43:42.826   159   159 I hwservicemanager: getTransport: Cannot find entry android.hardware.graphics.mapper@4.0::IMapper/default in either framework or device manifest.
04-23 22:43:42.826 11630 11630 I Gralloc4: mapper 4.x is not supported
04-23 22:43:42.841  8413  8413 I ProvidersCache: Updating roots due to change on user 0at content://com.android.providers.media.documents/root
04-23 22:43:42.864 11634 11636 I cmd     : oneway function results will be dropped but finished with status OK and parcel size 4
04-23 22:43:42.864  1636  2288 I MediaProvider: Begin Intent { act=android.intent.action.MEDIA_SCANNER_SCAN_FILE dat=file:///sdcard/screen_2026-04-23_224343.png flg=0x1400010 cmp=com.android.providers.media.module/com.android.providers.media.MediaService }
04-23 22:43:42.860  1636  1636 W com.android.providers.media.module: type=1400 audit(0.0:1135): avc: denied { read } for comm=4173796E635461736B202331 name="primary" dev="tmpfs" ino=29719 scontext=u:r:mediaprovider_app:s0:c123,c256,c512,c768 tcontext=u:object_r:mnt_pass_through_file:s0 tclass=lnk_file permissive=0 app=com.android.providers.media.module
04-23 22:43:43.056     0     0 W audit   : audit_lost=831 audit_rate_limit=5 audit_backlog_limit=64
04-23 22:43:43.066     0     0 E audit   : rate limit exceeded
04-23 22:43:42.860  1636  1636 W com.android.providers.media.module: type=1400 audit(0.0:1136): avc: denied { read } for comm=4173796E635461736B202331 name="primary" dev="tmpfs" ino=29719 scontext=u:r:mediaprovider_app:s0:c123,c256,c512,c768 tcontext=u:object_r:mnt_pass_through_file:s0 tclass=lnk_file permissive=0 app=com.android.providers.media.module
04-23 22:43:42.884  1636  2288 W ModernMediaScanner: Failed to visit /sdcard/screen_2026-04-23_224343.png: java.nio.file.AccessDeniedException: /sdcard/screen_2026-04-23_224343.png
04-23 22:43:42.885  1636  2288 I MediaProvider: Scanned internal due to REASON_DEMAND, found 0 items in 20ms, 0 inserts 0 updates 0 deletes
04-23 22:43:42.885  1636  2288 I MediaProvider: End Intent { act=android.intent.action.MEDIA_SCANNER_SCAN_FILE dat=file:///sdcard/screen_2026-04-23_224343.png flg=0x1400010 cmp=com.android.providers.media.module/com.android.providers.media.MediaService }
04-23 22:43:42.860  1636  1636 W com.android.providers.media.module: type=1400 audit(0.0:1137): avc: denied { read } for comm=4173796E635461736B202331 name="primary" dev="tmpfs" ino=29719 scontext=u:r:mediaprovider_app:s0:c123,c256,c512,c768 tcontext=u:object_r:mnt_pass_through_file:s0 tclass=lnk_file permissive=0 app=com.android.providers.media.module
04-23 22:43:42.953  1636  3008 I MediaProvider: Deleted 1 items on external_primary due to com.android.shell
04-23 22:43:42.987  8413  8413 I ProvidersCache: Updating roots due to change on user 0at content://com.android.providers.media.documents/root
04-23 22:43:43.002 11645 11647 I cmd     : oneway function results will be dropped but finished with status OK and parcel size 4
04-23 22:43:43.059  8413  8413 I ProvidersCache: Updating roots due to change on user 0at content://com.android.providers.media.documents/root
04-23 22:43:43.122   159   159 I hwservicemanager: getTransport: Cannot find entry android.hardware.graphics.mapper@4.0::IMapper/default in either framework or device manifest.
04-23 22:43:43.122 11667 11667 I Gralloc4: mapper 4.x is not supported
04-23 22:43:43.159 11671 11673 I cmd     : oneway function results will be dropped but finished with status OK and parcel size 4
04-23 22:43:43.160  1636  2288 I MediaProvider: Begin Intent { act=android.intent.action.MEDIA_SCANNER_SCAN_FILE dat=file:///sdcard/screen_2026-04-23_224343.png flg=0x1400010 cmp=com.android.providers.media.module/com.android.providers.media.MediaService }
04-23 22:43:43.160  1636  2288 W ModernMediaScanner: Failed to visit /sdcard/screen_2026-04-23_224343.png: java.nio.file.AccessDeniedException: /sdcard/screen_2026-04-23_224343.png
04-23 22:43:43.161  1636  2288 I MediaProvider: Scanned internal due to REASON_DEMAND, found 0 items in 0ms, 0 inserts 0 updates 0 deletes
04-23 22:43:43.161  1636  2288 I MediaProvider: End Intent { act=android.intent.action.MEDIA_SCANNER_SCAN_FILE dat=file:///sdcard/screen_2026-04-23_224343.png flg=0x1400010 cmp=com.android.providers.media.module/com.android.providers.media.MediaService }
04-23 22:43:43.182  1636  1774 I MediaProvider: Deleted 1 items on external_primary due to com.android.shell
04-23 22:43:43.210 11682 11684 I cmd     : oneway function results will be dropped but finished with status OK and parcel size 4
04-23 22:43:43.332   159   159 I hwservicemanager: getTransport: Cannot find entry android.hardware.graphics.mapper@4.0::IMapper/default in either framework or device manifest.
04-23 22:43:43.332 11704 11704 I Gralloc4: mapper 4.x is not supported
04-23 22:43:43.370  1636  2288 I MediaProvider: Begin Intent { act=android.intent.action.MEDIA_SCANNER_SCAN_FILE dat=file:///sdcard/screen_2026-04-23_224344.png flg=0x1400010 cmp=com.android.providers.media.module/com.android.providers.media.MediaService }
04-23 22:43:43.370  1636  2288 W ModernMediaScanner: Failed to visit /sdcard/screen_2026-04-23_224344.png: java.nio.file.AccessDeniedException: /sdcard/screen_2026-04-23_224344.png
04-23 22:43:43.371  1636  2288 I MediaProvider: Scanned internal due to REASON_DEMAND, found 0 items in 0ms, 0 inserts 0 updates 0 deletes
04-23 22:43:43.372  1636  2288 I MediaProvider: End Intent { act=android.intent.action.MEDIA_SCANNER_SCAN_FILE dat=file:///sdcard/screen_2026-04-23_224344.png flg=0x1400010 cmp=com.android.providers.media.module/com.android.providers.media.MediaService }
04-23 22:43:43.394  1636  1773 I MediaProvider: Deleted 1 items on external_primary due to com.android.shell
04-23 22:43:43.421 11719 11721 I cmd     : oneway function results will be dropped but finished with status OK and parcel size 4
04-23 22:43:43.471 11734 11736 I cmd     : oneway function results will be dropped but finished with status OK and parcel size 4
04-23 22:43:43.520 11749 11751 I cmd     : oneway function results will be dropped but finished with status OK and parcel size 4
04-23 22:43:43.569 11764 11766 I cmd     : oneway function results will be dropped but finished with status OK and parcel size 4
04-23 22:43:43.669 11778 11778 E libc    : Access denied finding property "persist.device_config.runtime_native_boot.profilebootclasspath"
04-23 22:43:43.669 11778 11778 E libc    : Access denied finding property "persist.device_config.runtime_native_boot.enable_apex_image"
04-23 22:43:43.669 11778 11778 I AndroidRuntime: Using default boot image
04-23 22:43:43.669 11778 11778 E libc    : Access denied finding property "persist.device_config.runtime_native_boot.disable_lock_profiling"
04-23 22:43:43.669 11778 11778 I AndroidRuntime: Leaving lock profiling enabled
04-23 22:43:43.669 11778 11778 E libc    : Access denied finding property "persist.device_config.runtime_native_boot.enable_generational_cc"
04-23 22:43:43.670 11778 11778 I app_process: Core platform API reporting enabled, enforcing=false
04-23 22:43:43.708 11778 11778 W app_process: Unexpected CPU variant for X86 using defaults: x86_64
04-23 22:43:43.709 11778 11778 I app_process: The ClassLoaderContext is a special shared library.
04-23 22:43:43.715 11778 11778 W app_process: JNI RegisterNativeMethods: attempt to register 0 native methods for android.media.AudioAttributes
04-23 22:43:44.228  8817  8817 I DatabaseHelper: Breed 7: Favorited false
04-23 22:43:45.089  8413  8413 I ProvidersCache: Updating roots due to change on user 0at content://com.android.providers.media.documents/root
04-23 22:43:45.593  8413  8413 I chatty  : uid=10076(com.android.documentsui) identical 4 lines
04-23 22:43:45.659  8413  8413 I ProvidersCache: Updating roots due to change on user 0at content://com.android.providers.media.documents/root
04-23 22:43:45.751   159   159 I hwservicemanager: getTransport: Cannot find entry android.hardware.graphics.mapper@4.0::IMapper/default in either framework or device manifest.
04-23 22:43:45.751 11810 11810 I Gralloc4: mapper 4.x is not supported
04-23 22:43:45.786 11814 11816 I cmd     : oneway function results will be dropped but finished with status OK and parcel size 4
04-23 22:43:45.787  1636  2288 I MediaProvider: Begin Intent { act=android.intent.action.MEDIA_SCANNER_SCAN_FILE dat=file:///sdcard/screen_2026-04-23_224346.png flg=0x1400010 cmp=com.android.providers.media.module/com.android.providers.media.MediaService }
04-23 22:43:45.784  1636  1636 W com.android.providers.media.module: type=1400 audit(0.0:1157): avc: denied { read } for comm=4173796E635461736B202331 name="primary" dev="tmpfs" ino=29719 scontext=u:r:mediaprovider_app:s0:c123,c256,c512,c768 tcontext=u:object_r:mnt_pass_through_file:s0 tclass=lnk_file permissive=0 app=com.android.providers.media.module
04-23 22:43:45.979     0     0 W audit   : audit_lost=848 audit_rate_limit=5 audit_backlog_limit=64
04-23 22:43:45.988     0     0 E audit   : rate limit exceeded
04-23 22:43:45.784  1636  1636 W com.android.providers.media.module: type=1400 audit(0.0:1158): avc: denied { read } for comm=4173796E635461736B202331 name="primary" dev="tmpfs" ino=29719 scontext=u:r:mediaprovider_app:s0:c123,c256,c512,c768 tcontext=u:object_r:mnt_pass_through_file:s0 tclass=lnk_file permissive=0 app=com.android.providers.media.module
04-23 22:43:45.806  1636  2288 W ModernMediaScanner: Failed to visit /sdcard/screen_2026-04-23_224346.png: java.nio.file.AccessDeniedException: /sdcard/screen_2026-04-23_224346.png
04-23 22:43:45.807  1636  2288 I MediaProvider: Scanned internal due to REASON_DEMAND, found 0 items in 19ms, 0 inserts 0 updates 0 deletes
04-23 22:43:45.807  1636  2288 I MediaProvider: End Intent { act=android.intent.action.MEDIA_SCANNER_SCAN_FILE dat=file:///sdcard/screen_2026-04-23_224346.png flg=0x1400010 cmp=com.android.providers.media.module/com.android.providers.media.MediaService }
