04-23 20:47:02.828  6248  6250 I cmd     : oneway function results will be dropped but finished with status OK and parcel size 4
04-23 20:47:02.828  1438  1963 I MediaProvider: Begin Intent { act=android.intent.action.MEDIA_SCANNER_SCAN_FILE dat=file:///sdcard/screen_2026-04-23_204703.png flg=0x1400010 cmp=com.android.providers.media.module/com.android.providers.media.MediaService }
04-23 20:47:03.040     0     0 W audit   : audit_lost=353 audit_rate_limit=5 audit_backlog_limit=64
04-23 20:47:03.044     0     0 E audit   : rate limit exceeded
04-23 20:47:02.824  1438  1438 W com.android.providers.media.module: type=1400 audit(0.0:492): avc: denied { read } for comm=4173796E635461736B202331 name="primary" dev="tmpfs" ino=22223 scontext=u:r:mediaprovider_app:s0:c122,c256,c512,c768 tcontext=u:object_r:mnt_pass_through_file:s0 tclass=lnk_file permissive=0 app=com.android.providers.media.module
04-23 20:47:02.839  1438  1963 W ModernMediaScanner: Failed to visit /sdcard/screen_2026-04-23_204703.png: java.nio.file.AccessDeniedException: /sdcard/screen_2026-04-23_204703.png
04-23 20:47:02.839  1438  1963 I MediaProvider: Scanned internal due to REASON_DEMAND, found 0 items in 11ms, 0 inserts 0 updates 0 deletes
04-23 20:47:02.839  1438  1963 I MediaProvider: End Intent { act=android.intent.action.MEDIA_SCANNER_SCAN_FILE dat=file:///sdcard/screen_2026-04-23_204703.png flg=0x1400010 cmp=com.android.providers.media.module/com.android.providers.media.MediaService }
04-23 20:47:02.824  1438  1438 W com.android.providers.media.module: type=1400 audit(0.0:493): avc: denied { read } for comm=4173796E635461736B202331 name="primary" dev="tmpfs" ino=22223 scontext=u:r:mediaprovider_app:s0:c122,c256,c512,c768 tcontext=u:object_r:mnt_pass_through_file:s0 tclass=lnk_file permissive=0 app=com.android.providers.media.module
04-23 20:47:02.882  1438  2482 I MediaProvider: Deleted 1 items on external_primary due to com.android.shell
04-23 20:47:02.909  6259  6261 I cmd     : oneway function results will be dropped but finished with status OK and parcel size 4
04-23 20:47:03.019   159   159 I hwservicemanager: getTransport: Cannot find entry android.hardware.graphics.mapper@4.0::IMapper/default in either framework or device manifest.
04-23 20:47:03.019  6281  6281 I Gralloc4: mapper 4.x is not supported
04-23 20:47:03.056  1438  1963 I MediaProvider: Begin Intent { act=android.intent.action.MEDIA_SCANNER_SCAN_FILE dat=file:///sdcard/screen_2026-04-23_204703.png flg=0x1400010 cmp=com.android.providers.media.module/com.android.providers.media.MediaService }
04-23 20:47:03.057  1438  1963 W ModernMediaScanner: Failed to visit /sdcard/screen_2026-04-23_204703.png: java.nio.file.AccessDeniedException: /sdcard/screen_2026-04-23_204703.png
04-23 20:47:03.057  1438  1963 I MediaProvider: Scanned internal due to REASON_DEMAND, found 0 items in 1ms, 0 inserts 0 updates 0 deletes
04-23 20:47:03.058  1438  1963 I MediaProvider: End Intent { act=android.intent.action.MEDIA_SCANNER_SCAN_FILE dat=file:///sdcard/screen_2026-04-23_204703.png flg=0x1400010 cmp=com.android.providers.media.module/com.android.providers.media.MediaService }
04-23 20:47:03.076  1438  1559 I MediaProvider: Deleted 1 items on external_primary due to com.android.shell
04-23 20:47:03.101  6296  6298 I cmd     : oneway function results will be dropped but finished with status OK and parcel size 4
04-23 20:47:03.210   159   159 I hwservicemanager: getTransport: Cannot find entry android.hardware.graphics.mapper@4.0::IMapper/default in either framework or device manifest.
04-23 20:47:03.210  6318  6318 I Gralloc4: mapper 4.x is not supported
04-23 20:47:03.246  1438  1963 I MediaProvider: Begin Intent { act=android.intent.action.MEDIA_SCANNER_SCAN_FILE dat=file:///sdcard/screen_2026-04-23_204703.png flg=0x1400010 cmp=com.android.providers.media.module/com.android.providers.media.MediaService }
04-23 20:47:03.247  1438  1963 W ModernMediaScanner: Failed to visit /sdcard/screen_2026-04-23_204703.png: java.nio.file.AccessDeniedException: /sdcard/screen_2026-04-23_204703.png
04-23 20:47:03.247  1438  1963 I MediaProvider: Scanned internal due to REASON_DEMAND, found 0 items in 1ms, 0 inserts 0 updates 0 deletes
04-23 20:47:03.248  1438  1963 I MediaProvider: End Intent { act=android.intent.action.MEDIA_SCANNER_SCAN_FILE dat=file:///sdcard/screen_2026-04-23_204703.png flg=0x1400010 cmp=com.android.providers.media.module/com.android.providers.media.MediaService }
04-23 20:47:03.265  1438  1559 I MediaProvider: Deleted 1 items on external_primary due to com.android.shell
04-23 20:47:03.290  6333  6335 I cmd     : oneway function results will be dropped but finished with status OK and parcel size 4
04-23 20:47:03.336  6348  6350 I cmd     : oneway function results will be dropped but finished with status OK and parcel size 4
04-23 20:47:03.426  6378  6380 I cmd     : oneway function results will be dropped but finished with status OK and parcel size 4
04-23 20:47:03.503  6392  6392 E libc    : Access denied finding property "persist.device_config.runtime_native_boot.profilebootclasspath"
04-23 20:47:03.503  6392  6392 E libc    : Access denied finding property "persist.device_config.runtime_native_boot.enable_apex_image"
04-23 20:47:03.503  6392  6392 I AndroidRuntime: Using default boot image
04-23 20:47:03.503  6392  6392 E libc    : Access denied finding property "persist.device_config.runtime_native_boot.disable_lock_profiling"
04-23 20:47:03.503  6392  6392 I AndroidRuntime: Leaving lock profiling enabled
04-23 20:47:03.503  6392  6392 E libc    : Access denied finding property "persist.device_config.runtime_native_boot.enable_generational_cc"
04-23 20:47:03.504  6392  6392 I app_process: Core platform API reporting enabled, enforcing=false
04-23 20:47:03.540  6392  6392 W app_process: Unexpected CPU variant for X86 using defaults: x86_64
04-23 20:47:03.541  6392  6392 I app_process: The ClassLoaderContext is a special shared library.
04-23 20:47:03.547  6392  6392 W app_process: JNI RegisterNativeMethods: attempt to register 0 native methods for android.media.AudioAttributes
04-23 20:47:03.757  2653  2653 I DatabaseHelper: Breed 1: Favorited true
04-23 20:47:04.666  1552  1965 I Dialer  : OmtpVvmCarrierCfgHlpr - OmtpEvent:CONFIG_STATUS_SMS_TIME_OUT
04-23 20:47:04.667  1552  1552 I Dialer  : RetryPolicy - discarding deferred status: configuration_state=4
04-23 20:47:04.668  1552  1552 I Dialer  : VvmTaskExecutor - no more tasks, stopping service if no task are added in 5000 millis
04-23 20:47:04.668  1552  1552 I Dialer  : VvmTaskReceiver - task received
04-23 20:47:04.668  1552  1552 I Dialer  : VvmTaskReceiver - TaskExecutor already running
04-23 20:47:04.668  1552  1552 I Dialer  : Task.createTask - create task:com.android.voicemail.impl.ActivationTask
04-23 20:47:04.668  1552  1552 I Dialer  : RetryPolicy - retry #1 for com.android.voicemail.impl.ActivationTask@20ad6d7 queued, executing in 5000
04-23 20:47:04.668  1552  1552 I Dialer  : VvmTaskExecutor - com.android.voicemail.impl.ActivationTask@20ad6d7 added
04-23 20:47:04.668  1552  1552 I Dialer  : VvmTaskExecutor - minimal wait time:5000
04-23 20:47:04.668  1552  1552 I Dialer  : VvmTaskExecutor - sleep for 5000 millis
04-23 20:47:05.256   159   159 I hwservicemanager: getTransport: Cannot find entry android.hardware.graphics.mapper@4.0::IMapper/default in either framework or device manifest.
04-23 20:47:05.256  6423  6423 I Gralloc4: mapper 4.x is not supported
04-23 20:47:05.291  6427  6429 I cmd     : oneway function results will be dropped but finished with status OK and parcel size 4
04-23 20:47:05.292  1438  1963 I MediaProvider: Begin Intent { act=android.intent.action.MEDIA_SCANNER_SCAN_FILE dat=file:///sdcard/screen_2026-04-23_204705.png flg=0x1400010 cmp=com.android.providers.media.module/com.android.providers.media.MediaService }
04-23 20:47:05.503     0     0 W audit   : audit_lost=370 audit_rate_limit=5 audit_backlog_limit=64
04-23 20:47:05.505     0     0 E audit   : rate limit exceeded
04-23 20:47:05.295  1438  1963 W ModernMediaScanner: Failed to visit /sdcard/screen_2026-04-23_204705.png: java.nio.file.AccessDeniedException: /sdcard/screen_2026-04-23_204705.png
04-23 20:47:05.296  1438  1963 I MediaProvider: Scanned internal due to REASON_DEMAND, found 0 items in 4ms, 0 inserts 0 updates 0 deletes
04-23 20:47:05.296  1438  1963 I MediaProvider: End Intent { act=android.intent.action.MEDIA_SCANNER_SCAN_FILE dat=file:///sdcard/screen_2026-04-23_204705.png flg=0x1400010 cmp=com.android.providers.media.module/com.android.providers.media.MediaService }
04-23 20:47:05.288  1438  1438 W com.android.providers.media.module: type=1400 audit(0.0:514): avc: denied { read } for comm=4173796E635461736B202331 name="primary" dev="tmpfs" ino=22223 scontext=u:r:mediaprovider_app:s0:c122,c256,c512,c768 tcontext=u:object_r:mnt_pass_through_file:s0 tclass=lnk_file permissive=0 app=com.android.providers.media.module
04-23 20:47:05.377  1438  2482 I MediaProvider: Deleted 1 items on external_primary due to com.android.shell
04-23 20:47:05.404  6438  6440 I cmd     : oneway function results will be dropped but finished with status OK and parcel size 4
04-23 20:47:05.533   159   159 I hwservicemanager: getTransport: Cannot find entry android.hardware.graphics.mapper@4.0::IMapper/default in either framework or device manifest.
04-23 20:47:05.533  6460  6460 I Gralloc4: mapper 4.x is not supported
04-23 20:47:05.568  6466  6468 I cmd     : oneway function results will be dropped but finished with status OK and parcel size 4
04-23 20:47:05.568  1438  1963 I MediaProvider: Begin Intent { act=android.intent.action.MEDIA_SCANNER_SCAN_FILE dat=file:///sdcard/screen_2026-04-23_204706.png flg=0x1400010 cmp=com.android.providers.media.module/com.android.providers.media.MediaService }
04-23 20:47:05.569  1438  1963 W ModernMediaScanner: Failed to visit /sdcard/screen_2026-04-23_204706.png: java.nio.file.AccessDeniedException: /sdcard/screen_2026-04-23_204706.png
04-23 20:47:05.570  1438  1963 I MediaProvider: Scanned internal due to REASON_DEMAND, found 0 items in 0ms, 0 inserts 0 updates 0 deletes
04-23 20:47:05.570  1438  1963 I MediaProvider: End Intent { act=android.intent.action.MEDIA_SCANNER_SCAN_FILE dat=file:///sdcard/screen_2026-04-23_204706.png flg=0x1400010 cmp=com.android.providers.media.module/com.android.providers.media.MediaService }
04-23 20:47:05.590  1438  1561 I MediaProvider: Deleted 1 items on external_primary due to com.android.shell
04-23 20:47:05.616  6477  6479 I cmd     : oneway function results will be dropped but finished with status OK and parcel size 4
04-23 20:47:05.728   159   159 I hwservicemanager: getTransport: Cannot find entry android.hardware.graphics.mapper@4.0::IMapper/default in either framework or device manifest.
04-23 20:47:05.728  6499  6499 I Gralloc4: mapper 4.x is not supported
04-23 20:47:05.764  1438  1963 I MediaProvider: Begin Intent { act=android.intent.action.MEDIA_SCANNER_SCAN_FILE dat=file:///sdcard/screen_2026-04-23_204706.png flg=0x1400010 cmp=com.android.providers.media.module/com.android.providers.media.MediaService }
04-23 20:47:05.764  1438  1963 W ModernMediaScanner: Failed to visit /sdcard/screen_2026-04-23_204706.png: java.nio.file.AccessDeniedException: /sdcard/screen_2026-04-23_204706.png
04-23 20:47:05.764  1438  1963 I MediaProvider: Scanned internal due to REASON_DEMAND, found 0 items in 0ms, 0 inserts 0 updates 0 deletes
04-23 20:47:05.765  1438  1963 I MediaProvider: End Intent { act=android.intent.action.MEDIA_SCANNER_SCAN_FILE dat=file:///sdcard/screen_2026-04-23_204706.png flg=0x1400010 cmp=com.android.providers.media.module/com.android.providers.media.MediaService }
04-23 20:47:05.784  1438  1559 I MediaProvider: Deleted 1 items on external_primary due to com.android.shell
04-23 20:47:05.811  6514  6516 I cmd     : oneway function results will be dropped but finished with status OK and parcel size 4
04-23 20:47:05.863  6529  6531 I cmd     : oneway function results will be dropped but finished with status OK and parcel size 4
04-23 20:47:05.909  6544  6546 I cmd     : oneway function results will be dropped but finished with status OK and parcel size 4
04-23 20:47:05.955  6559  6561 I cmd     : oneway function results will be dropped but finished with status OK and parcel size 4
04-23 20:47:06.025  6571  6571 E libc    : Access denied finding property "persist.device_config.runtime_native_boot.profilebootclasspath"
04-23 20:47:06.025  6571  6571 E libc    : Access denied finding property "persist.device_config.runtime_native_boot.enable_apex_image"
04-23 20:47:06.025  6571  6571 I AndroidRuntime: Using default boot image
04-23 20:47:06.025  6571  6571 E libc    : Access denied finding property "persist.device_config.runtime_native_boot.disable_lock_profiling"
04-23 20:47:06.025  6571  6571 I AndroidRuntime: Leaving lock profiling enabled
04-23 20:47:06.025  6571  6571 E libc    : Access denied finding property "persist.device_config.runtime_native_boot.enable_generational_cc"
04-23 20:47:06.027  6571  6571 I app_process: Core platform API reporting enabled, enforcing=false
04-23 20:47:06.061  6571  6571 W app_process: Unexpected CPU variant for X86 using defaults: x86_64
04-23 20:47:06.062  6571  6571 I app_process: The ClassLoaderContext is a special shared library.
04-23 20:47:06.068  6571  6571 W app_process: JNI RegisterNativeMethods: attempt to register 0 native methods for android.media.AudioAttributes
04-23 20:47:06.274  2653  2653 I DatabaseHelper: Breed 1: Favorited false
04-23 20:47:07.774   159   159 I hwservicemanager: getTransport: Cannot find entry android.hardware.graphics.mapper@4.0::IMapper/default in either framework or device manifest.
04-23 20:47:07.774  6604  6604 I Gralloc4: mapper 4.x is not supported
04-23 20:47:07.809  1438  1963 I MediaProvider: Begin Intent { act=android.intent.action.MEDIA_SCANNER_SCAN_FILE dat=file:///sdcard/screen_2026-04-23_204708.png flg=0x1400010 cmp=com.android.providers.media.module/com.android.providers.media.MediaService }
04-23 20:47:07.804  1438  1438 W com.android.providers.media.module: type=1400 audit(0.0:536): avc: denied { read } for comm=4173796E635461736B202331 name="primary" dev="tmpfs" ino=22223 scontext=u:r:mediaprovider_app:s0:c122,c256,c512,c768 tcontext=u:object_r:mnt_pass_through_file:s0 tclass=lnk_file permissive=0 app=com.android.providers.media.module
04-23 20:47:08.029     0     0 W audit   : audit_lost=387 audit_rate_limit=5 audit_backlog_limit=64
04-23 20:47:08.035     0     0 E audit   : rate limit exceeded
04-23 20:47:07.804  1438  1438 W com.android.providers.media.module: type=1400 audit(0.0:537): avc: denied { read } for comm=4173796E635461736B202331 name="primary" dev="tmpfs" ino=22223 scontext=u:r:mediaprovider_app:s0:c122,c256,c512,c768 tcontext=u:object_r:mnt_pass_through_file:s0 tclass=lnk_file permissive=0 app=com.android.providers.media.module
04-23 20:47:07.828  1438  1963 W ModernMediaScanner: Failed to visit /sdcard/screen_2026-04-23_204708.png: java.nio.file.AccessDeniedException: /sdcard/screen_2026-04-23_204708.png
04-23 20:47:07.829  1438  1963 I MediaProvider: Scanned internal due to REASON_DEMAND, found 0 items in 10ms, 0 inserts 0 updates 0 deletes
04-23 20:47:07.829  1438  1963 I MediaProvider: End Intent { act=android.intent.action.MEDIA_SCANNER_SCAN_FILE dat=file:///sdcard/screen_2026-04-23_204708.png flg=0x1400010 cmp=com.android.providers.media.module/com.android.providers.media.MediaService }
04-23 20:47:07.816  1438  1438 W com.android.providers.media.module: type=1400 audit(0.0:538): avc: denied { read } for comm=4173796E635461736B202331 name="primary" dev="tmpfs" ino=22223 scontext=u:r:mediaprovider_app:s0:c122,c256,c512,c768 tcontext=u:object_r:mnt_pass_through_file:s0 tclass=lnk_file permissive=0 app=com.android.providers.media.module
04-23 20:47:07.863  1438  2482 I MediaProvider: Deleted 1 items on external_primary due to com.android.shell
04-23 20:47:07.891  6619  6621 I cmd     : oneway function results will be dropped but finished with status OK and parcel size 4
04-23 20:47:08.004   159   159 I hwservicemanager: getTransport: Cannot find entry android.hardware.graphics.mapper@4.0::IMapper/default in either framework or device manifest.
04-23 20:47:08.004  6641  6641 I Gralloc4: mapper 4.x is not supported
04-23 20:47:08.038  6645  6648 I cmd     : oneway function results will be dropped but finished with status OK and parcel size 4
04-23 20:47:08.040  1438  1963 I MediaProvider: Begin Intent { act=android.intent.action.MEDIA_SCANNER_SCAN_FILE dat=file:///sdcard/screen_2026-04-23_204708.png flg=0x1400010 cmp=com.android.providers.media.module/com.android.providers.media.MediaService }
04-23 20:47:08.041  1438  1963 W ModernMediaScanner: Failed to visit /sdcard/screen_2026-04-23_204708.png: java.nio.file.AccessDeniedException: /sdcard/screen_2026-04-23_204708.png
04-23 20:47:08.041  1438  1963 I MediaProvider: Scanned internal due to REASON_DEMAND, found 0 items in 1ms, 0 inserts 0 updates 0 deletes
04-23 20:47:08.042  1438  1963 I MediaProvider: End Intent { act=android.intent.action.MEDIA_SCANNER_SCAN_FILE dat=file:///sdcard/screen_2026-04-23_204708.png flg=0x1400010 cmp=com.android.providers.media.module/com.android.providers.media.MediaService }
04-23 20:47:08.060  1438  1561 I MediaProvider: Deleted 1 items on external_primary due to com.android.shell
04-23 20:47:08.193   159   159 I hwservicemanager: getTransport: Cannot find entry android.hardware.graphics.mapper@4.0::IMapper/default in either framework or device manifest.
04-23 20:47:08.193  6679  6679 I Gralloc4: mapper 4.x is not supported
04-23 20:47:08.227  6683  6685 I cmd     : oneway function results will be dropped but finished with status OK and parcel size 4
04-23 20:47:08.228  1438  1963 I MediaProvider: Begin Intent { act=android.intent.action.MEDIA_SCANNER_SCAN_FILE dat=file:///sdcard/screen_2026-04-23_204708.png flg=0x1400010 cmp=com.android.providers.media.module/com.android.providers.media.MediaService }
04-23 20:47:08.228  1438  1963 W ModernMediaScanner: Failed to visit /sdcard/screen_2026-04-23_204708.png: java.nio.file.AccessDeniedException: /sdcard/screen_2026-04-23_204708.png
04-23 20:47:08.229  1438  1963 I MediaProvider: Scanned internal due to REASON_DEMAND, found 0 items in 1ms, 0 inserts 0 updates 0 deletes
04-23 20:47:08.229  1438  1963 I MediaProvider: End Intent { act=android.intent.action.MEDIA_SCANNER_SCAN_FILE dat=file:///sdcard/screen_2026-04-23_204708.png flg=0x1400010 cmp=com.android.providers.media.module/com.android.providers.media.MediaService }
04-23 20:47:08.249  1438  1559 I MediaProvider: Deleted 1 items on external_primary due to com.android.shell
04-23 20:47:08.275  6694  6696 I cmd     : oneway function results will be dropped but finished with status OK and parcel size 4
04-23 20:47:08.328  6709  6711 I cmd     : oneway function results will be dropped but finished with status OK and parcel size 4
04-23 20:47:08.374  6724  6726 I cmd     : oneway function results will be dropped but finished with status OK and parcel size 4
04-23 20:47:08.420  6739  6741 I cmd     : oneway function results will be dropped but finished with status OK and parcel size 4
04-23 20:47:08.490  6751  6751 E libc    : Access denied finding property "persist.device_config.runtime_native_boot.profilebootclasspath"
04-23 20:47:08.490  6751  6751 E libc    : Access denied finding property "persist.device_config.runtime_native_boot.enable_apex_image"
04-23 20:47:08.490  6751  6751 I AndroidRuntime: Using default boot image
04-23 20:47:08.490  6751  6751 E libc    : Access denied finding property "persist.device_config.runtime_native_boot.disable_lock_profiling"
04-23 20:47:08.490  6751  6751 I AndroidRuntime: Leaving lock profiling enabled
04-23 20:47:08.490  6751  6751 E libc    : Access denied finding property "persist.device_config.runtime_native_boot.enable_generational_cc"
04-23 20:47:08.491  6751  6751 I app_process: Core platform API reporting enabled, enforcing=false
04-23 20:47:08.525  6751  6751 W app_process: Unexpected CPU variant for X86 using defaults: x86_64
04-23 20:47:08.527  6751  6751 I app_process: The ClassLoaderContext is a special shared library.
04-23 20:47:08.532  6751  6751 W app_process: JNI RegisterNativeMethods: attempt to register 0 native methods for android.media.AudioAttributes
04-23 20:47:08.741  2653  2653 I DatabaseHelper: Breed 1: Favorited true
04-23 20:47:09.707  1552  1965 I Dialer  : VvmTaskExecutor - executing task com.android.voicemail.impl.ActivationTask@20ad6d7
04-23 20:47:09.708  1552  1965 I Dialer  : PreOMigrationHandler - ComponentInfo{com.android.phone/com.android.services.telephony.TelephonyConnectionService}, ***, UserHandle{0} already migrated
04-23 20:47:09.717   506   548 I ActivityManager: Start proc 6772:android.process.acore/u0a64 for content provider {com.android.providers.contacts/com.android.providers.contacts.VoicemailContentProvider}
04-23 20:47:09.720  6772  6772 W d.process.acor: Unexpected CPU variant for X86 using defaults: x86_64
04-23 20:47:09.722   381   405 I adbd    : jdwp connection from 6772
04-23 20:47:09.728  6772  6772 I d.process.acor: The ClassLoaderContext is a special shared library.
04-23 20:47:09.741  6772  6772 I d.process.acor: The ClassLoaderContext is a special shared library.
04-23 20:47:09.743  6772  6772 I d.process.acor: The ClassLoaderContext is a special shared library.
04-23 20:47:09.744  6772  6772 I ContactsPerf: VoicemailContentProvider.onCreate start
04-23 20:47:09.745  6772  6772 I ContactsPerf: VoicemailContentProvider.onCreate finish
04-23 20:47:09.750  6772  6772 I ContactsDatabaseHelper: updateUseStrictPhoneNumberComparison: US
04-23 20:47:09.786  6772  6790 I VoicemailNotifier: receivers for android.intent.action.PROVIDER_CHANGED :[]
04-23 20:47:09.786  1552  1965 I Dialer  : VvmActivationTask - VVM content provider configured - vvm_type_cvvm
04-23 20:47:09.786  1552  1965 I Dialer  : OmtpVvmCarrierCfgHlpr - OmtpEvent:CONFIG_ACTIVATING
04-23 20:47:09.788  6772  6790 I VoicemailNotifier: receivers for android.intent.action.PROVIDER_CHANGED :[]
04-23 20:47:09.800  6772  6796 I ContactLocale: AddressBook Labels [[en_US]]: […, A, B, C, D, E, F, G, H, I, J, K, L, M, N, O, P, Q, R, S, T, U, V, W, X, Y, Z, Α, Β, Γ, Δ, Ε, Ζ, Η, Θ, Ι, Κ, Λ, Μ, Ν, Ξ, Ο, Π, Ρ, Σ, Τ, Υ, Φ, Χ, Ψ, Ω, …, А, Б, В, Г, Д, Ђ, Е, Є, Ж, З, И, І, Й, Ј, К, Л, Љ, М, Н, Њ, О, П, Р, С, Т, Ћ, У, Ф, Х, Ц, Ч, Џ, Ш, Щ, Ю, Я, …, א, ב, ג, ד, ה, ו, ז, ח, ט, י, כ, ל, מ, נ, ס, ע, פ, צ, ק, ר, ש, ת, …, ا, ب, ت, ث, ج, ح, خ, د, ذ, ر, ز, س, ش, ص, ض, ط, ظ, ع, غ, ف, ق, ك, ل, م, ن, ه, و, ي, …, ก, ข, ฃ, ค, ฅ, ฆ, ง, จ, ฉ, ช, ซ, ฌ, ญ, ฎ, ฏ, ฐ, ฑ, ฒ, ณ, ด, ต, ถ, ท, ธ, น, บ, ป, ผ, ฝ, พ, ฟ, ภ, ม, ย, ร, ฤ, ล, ฦ, ว, ศ, ษ, ส, ห, ฬ, อ, ฮ, …, ㄱ, ㄴ, ㄷ, ㄹ, ㅁ, ㅂ, ㅅ, ㅇ, ㅈ, ㅊ, ㅋ, ㅌ, ㅍ, ㅎ, …, あ, か, さ, た, な, は, ま, や, ら, わ, #, …]
04-23 20:47:09.814  6772  6796 I ContactDirectoryManager: deleted 0 stale rows which don't have any relevant directory
04-23 20:47:09.814  6772  6797 I ContactDirectoryManager: deleted 0 stale rows which don't have any relevant directory
04-23 20:47:09.814  6772  6796 I ContactDirectoryManager: Discovered 0 contact directories in 1ms
04-23 20:47:09.814  6772  6797 I ContactDirectoryManager: Discovered 0 contact directories in 1ms
04-23 20:47:10.236   159   159 I hwservicemanager: getTransport: Cannot find entry android.hardware.graphics.mapper@4.0::IMapper/default in either framework or device manifest.
04-23 20:47:10.236  6811  6811 I Gralloc4: mapper 4.x is not supported
04-23 20:47:10.272  1438  1963 I MediaProvider: Begin Intent { act=android.intent.action.MEDIA_SCANNER_SCAN_FILE dat=file:///sdcard/screen_2026-04-23_204710.png flg=0x1400010 cmp=com.android.providers.media.module/com.android.providers.media.MediaService }
04-23 20:47:10.268  1438  1438 W com.android.providers.media.module: type=1400 audit(0.0:558): avc: denied { read } for comm=4173796E635461736B202331 name="primary" dev="tmpfs" ino=22223 scontext=u:r:mediaprovider_app:s0:c122,c256,c512,c768 tcontext=u:object_r:mnt_pass_through_file:s0 tclass=lnk_file permissive=0 app=com.android.providers.media.module
04-23 20:47:10.289  1438  1963 W ModernMediaScanner: Failed to visit /sdcard/screen_2026-04-23_204710.png: java.nio.file.AccessDeniedException: /sdcard/screen_2026-04-23_204710.png
04-23 20:47:10.289  1438  1963 I MediaProvider: Scanned internal due to REASON_DEMAND, found 0 items in 16ms, 0 inserts 0 updates 0 deletes
04-23 20:47:10.289  1438  1963 I MediaProvider: End Intent { act=android.intent.action.MEDIA_SCANNER_SCAN_FILE dat=file:///sdcard/screen_2026-04-23_204710.png flg=0x1400010 cmp=com.android.providers.media.module/com.android.providers.media.MediaService }
04-23 20:47:10.268  1438  1438 W com.android.providers.media.module: type=1400 audit(0.0:560): avc: denied { read } for comm=4173796E635461736B202331 name="primary" dev="tmpfs" ino=22223 scontext=u:r:mediaprovider_app:s0:c122,c256,c512,c768 tcontext=u:object_r:mnt_pass_through_file:s0 tclass=lnk_file permissive=0 app=com.android.providers.media.module
04-23 20:47:10.352  1438  2482 I MediaProvider: Deleted 1 items on external_primary due to com.android.shell
04-23 20:47:10.378  6826  6828 I cmd     : oneway function results will be dropped but finished with status OK and parcel size 4
04-23 20:47:10.489   159   159 I hwservicemanager: getTransport: Cannot find entry android.hardware.graphics.mapper@4.0::IMapper/default in either framework or device manifest.
04-23 20:47:10.489  6848  6848 I Gralloc4: mapper 4.x is not supported
04-23 20:47:10.527  1438  1963 I MediaProvider: Begin Intent { act=android.intent.action.MEDIA_SCANNER_SCAN_FILE dat=file:///sdcard/screen_2026-04-23_204711.png flg=0x1400010 cmp=com.android.providers.media.module/com.android.providers.media.MediaService }
04-23 20:47:10.528  1438  1963 W ModernMediaScanner: Failed to visit /sdcard/screen_2026-04-23_204711.png: java.nio.file.AccessDeniedException: /sdcard/screen_2026-04-23_204711.png
04-23 20:47:10.528  1438  1963 I MediaProvider: Scanned internal due to REASON_DEMAND, found 0 items in 0ms, 0 inserts 0 updates 0 deletes
04-23 20:47:10.529  1438  1963 I MediaProvider: End Intent { act=android.intent.action.MEDIA_SCANNER_SCAN_FILE dat=file:///sdcard/screen_2026-04-23_204711.png flg=0x1400010 cmp=com.android.providers.media.module/com.android.providers.media.MediaService }
04-23 20:47:10.586  1438  1561 I MediaProvider: Deleted 1 items on external_primary due to com.android.shell
04-23 20:47:10.612  6863  6865 I cmd     : oneway function results will be dropped but finished with status OK and parcel size 4
04-23 20:47:10.743   159   159 I hwservicemanager: getTransport: Cannot find entry android.hardware.graphics.mapper@4.0::IMapper/default in either framework or device manifest.
04-23 20:47:10.744  6887  6887 I Gralloc4: mapper 4.x is not supported
04-23 20:47:10.779  1438  1963 I MediaProvider: Begin Intent { act=android.intent.action.MEDIA_SCANNER_SCAN_FILE dat=file:///sdcard/screen_2026-04-23_204711.png flg=0x1400010 cmp=com.android.providers.media.module/com.android.providers.media.MediaService }
04-23 20:47:10.780  1438  1963 W ModernMediaScanner: Failed to visit /sdcard/screen_2026-04-23_204711.png: java.nio.file.AccessDeniedException: /sdcard/screen_2026-04-23_204711.png
04-23 20:47:10.781  1438  1963 I MediaProvider: Scanned internal due to REASON_DEMAND, found 0 items in 1ms, 0 inserts 0 updates 0 deletes
04-23 20:47:10.781  1438  1963 I MediaProvider: End Intent { act=android.intent.action.MEDIA_SCANNER_SCAN_FILE dat=file:///sdcard/screen_2026-04-23_204711.png flg=0x1400010 cmp=com.android.providers.media.module/com.android.providers.media.MediaService }
04-23 20:47:10.799  1438  1559 I MediaProvider: Deleted 1 items on external_primary due to com.android.shell
04-23 20:47:10.825  6903  6905 I cmd     : oneway function results will be dropped but finished with status OK and parcel size 4
04-23 20:47:10.876  6918  6920 I cmd     : oneway function results will be dropped but finished with status OK and parcel size 4
04-23 20:47:10.921  6933  6935 I cmd     : oneway function results will be dropped but finished with status OK and parcel size 4
04-23 20:47:10.966  6948  6950 I cmd     : oneway function results will be dropped but finished with status OK and parcel size 4
04-23 20:47:11.038  6960  6960 E libc    : Access denied finding property "persist.device_config.runtime_native_boot.profilebootclasspath"
04-23 20:47:11.038  6960  6960 E libc    : Access denied finding property "persist.device_config.runtime_native_boot.enable_apex_image"
04-23 20:47:11.038  6960  6960 I AndroidRuntime: Using default boot image
04-23 20:47:11.038  6960  6960 E libc    : Access denied finding property "persist.device_config.runtime_native_boot.disable_lock_profiling"
04-23 20:47:11.038  6960  6960 I AndroidRuntime: Leaving lock profiling enabled
04-23 20:47:11.038  6960  6960 E libc    : Access denied finding property "persist.device_config.runtime_native_boot.enable_generational_cc"
04-23 20:47:11.040  6960  6960 I app_process: Core platform API reporting enabled, enforcing=false
04-23 20:47:11.075  6960  6960 W app_process: Unexpected CPU variant for X86 using defaults: x86_64
04-23 20:47:11.076  6960  6960 I app_process: The ClassLoaderContext is a special shared library.
04-23 20:47:11.083  6960  6960 W app_process: JNI RegisterNativeMethods: attempt to register 0 native methods for android.media.AudioAttributes
04-23 20:47:11.291  2653  2653 I DatabaseHelper: Breed 2: Favorited false
04-23 20:47:12.787   159   159 I hwservicemanager: getTransport: Cannot find entry android.hardware.graphics.mapper@4.0::IMapper/default in either framework or device manifest.
04-23 20:47:12.787  6993  6993 I Gralloc4: mapper 4.x is not supported
04-23 20:47:12.823  1438  1963 I MediaProvider: Begin Intent { act=android.intent.action.MEDIA_SCANNER_SCAN_FILE dat=file:///sdcard/screen_2026-04-23_204713.png flg=0x1400010 cmp=com.android.providers.media.module/com.android.providers.media.MediaService }
04-23 20:47:12.820  1438  1438 W com.android.providers.media.module: type=1400 audit(0.0:580): avc: denied { read } for comm=4173796E635461736B202331 name="primary" dev="tmpfs" ino=22223 scontext=u:r:mediaprovider_app:s0:c122,c256,c512,c768 tcontext=u:object_r:mnt_pass_through_file:s0 tclass=lnk_file permissive=0 app=com.android.providers.media.module
04-23 20:47:13.035     0     0 W audit   : audit_lost=421 audit_rate_limit=5 audit_backlog_limit=64
04-23 20:47:13.044     0     0 E audit   : rate limit exceeded
04-23 20:47:12.841  1438  1963 W ModernMediaScanner: Failed to visit /sdcard/screen_2026-04-23_204713.png: java.nio.file.AccessDeniedException: /sdcard/screen_2026-04-23_204713.png
04-23 20:47:12.842  1438  1963 I MediaProvider: Scanned internal due to REASON_DEMAND, found 0 items in 17ms, 0 inserts 0 updates 0 deletes
04-23 20:47:12.842  1438  1963 I MediaProvider: End Intent { act=android.intent.action.MEDIA_SCANNER_SCAN_FILE dat=file:///sdcard/screen_2026-04-23_204713.png flg=0x1400010 cmp=com.android.providers.media.module/com.android.providers.media.MediaService }
04-23 20:47:12.820  1438  1438 W com.android.providers.media.module: type=1400 audit(0.0:581): avc: denied { read } for comm=4173796E635461736B202331 name="primary" dev="tmpfs" ino=22223 scontext=u:r:mediaprovider_app:s0:c122,c256,c512,c768 tcontext=u:object_r:mnt_pass_through_file:s0 tclass=lnk_file permissive=0 app=com.android.providers.media.module
04-23 20:47:12.900  1438  1561 I MediaProvider: Deleted 1 items on external_primary due to com.android.shell
04-23 20:47:12.926  7008  7010 I cmd     : oneway function results will be dropped but finished with status OK and parcel size 4
04-23 20:47:13.042   159   159 I hwservicemanager: getTransport: Cannot find entry android.hardware.graphics.mapper@4.0::IMapper/default in either framework or device manifest.
04-23 20:47:13.042  7030  7030 I Gralloc4: mapper 4.x is not supported
04-23 20:47:13.076  7034  7036 I cmd     : oneway function results will be dropped but finished with status OK and parcel size 4
04-23 20:47:13.077  1438  1963 I MediaProvider: Begin Intent { act=android.intent.action.MEDIA_SCANNER_SCAN_FILE dat=file:///sdcard/screen_2026-04-23_204713.png flg=0x1400010 cmp=com.android.providers.media.module/com.android.providers.media.MediaService }
04-23 20:47:13.078  1438  1963 W ModernMediaScanner: Failed to visit /sdcard/screen_2026-04-23_204713.png: java.nio.file.AccessDeniedException: /sdcard/screen_2026-04-23_204713.png
04-23 20:47:13.079  1438  1963 I MediaProvider: Scanned internal due to REASON_DEMAND, found 0 items in 2ms, 0 inserts 0 updates 0 deletes
04-23 20:47:13.080  1438  1963 I MediaProvider: End Intent { act=android.intent.action.MEDIA_SCANNER_SCAN_FILE dat=file:///sdcard/screen_2026-04-23_204713.png flg=0x1400010 cmp=com.android.providers.media.module/com.android.providers.media.MediaService }
04-23 20:47:13.138  1438  2482 I MediaProvider: Deleted 1 items on external_primary due to com.android.shell
04-23 20:47:13.278   159   159 I hwservicemanager: getTransport: Cannot find entry android.hardware.graphics.mapper@4.0::IMapper/default in either framework or device manifest.
04-23 20:47:13.278  7067  7067 I Gralloc4: mapper 4.x is not supported
04-23 20:47:13.316  7071  7073 I cmd     : oneway function results will be dropped but finished with status OK and parcel size 4
04-23 20:47:13.316  1438  1963 I MediaProvider: Begin Intent { act=android.intent.action.MEDIA_SCANNER_SCAN_FILE dat=file:///sdcard/screen_2026-04-23_204713.png flg=0x1400010 cmp=com.android.providers.media.module/com.android.providers.media.MediaService }
04-23 20:47:13.317  1438  1963 W ModernMediaScanner: Failed to visit /sdcard/screen_2026-04-23_204713.png: java.nio.file.AccessDeniedException: /sdcard/screen_2026-04-23_204713.png
04-23 20:47:13.318  1438  1963 I MediaProvider: Scanned internal due to REASON_DEMAND, found 0 items in 0ms, 0 inserts 0 updates 0 deletes
04-23 20:47:13.319  1438  1963 I MediaProvider: End Intent { act=android.intent.action.MEDIA_SCANNER_SCAN_FILE dat=file:///sdcard/screen_2026-04-23_204713.png flg=0x1400010 cmp=com.android.providers.media.module/com.android.providers.media.MediaService }
04-23 20:47:13.377  1438  1559 I MediaProvider: Deleted 1 items on external_primary due to com.android.shell
04-23 20:47:13.403  7082  7084 I cmd     : oneway function results will be dropped but finished with status OK and parcel size 4
04-23 20:47:13.448  7097  7099 I cmd     : oneway function results will be dropped but finished with status OK and parcel size 4
04-23 20:47:13.493  7112  7114 I cmd     : oneway function results will be dropped but finished with status OK and parcel size 4
04-23 20:47:13.610  7139  7139 E libc    : Access denied finding property "persist.device_config.runtime_native_boot.profilebootclasspath"
04-23 20:47:13.610  7139  7139 E libc    : Access denied finding property "persist.device_config.runtime_native_boot.enable_apex_image"
04-23 20:47:13.610  7139  7139 I AndroidRuntime: Using default boot image
04-23 20:47:13.610  7139  7139 E libc    : Access denied finding property "persist.device_config.runtime_native_boot.disable_lock_profiling"
04-23 20:47:13.610  7139  7139 I AndroidRuntime: Leaving lock profiling enabled
04-23 20:47:13.610  7139  7139 E libc    : Access denied finding property "persist.device_config.runtime_native_boot.enable_generational_cc"
04-23 20:47:13.611  7139  7139 I app_process: Core platform API reporting enabled, enforcing=false
04-23 20:47:13.646  7139  7139 W app_process: Unexpected CPU variant for X86 using defaults: x86_64
04-23 20:47:13.647  7139  7139 I app_process: The ClassLoaderContext is a special shared library.
04-23 20:47:13.653  7139  7139 W app_process: JNI RegisterNativeMethods: attempt to register 0 native methods for android.media.AudioAttributes
04-23 20:47:13.857  2653  2653 I DatabaseHelper: Breed 3: Favorited false
04-23 20:47:15.354   159   159 I hwservicemanager: getTransport: Cannot find entry android.hardware.graphics.mapper@4.0::IMapper/default in either framework or device manifest.
04-23 20:47:15.354  7172  7172 I Gralloc4: mapper 4.x is not supported
04-23 20:47:15.389  1438  1963 I MediaProvider: Begin Intent { act=android.intent.action.MEDIA_SCANNER_SCAN_FILE dat=file:///sdcard/screen_2026-04-23_204716.png flg=0x1400010 cmp=com.android.providers.media.module/com.android.providers.media.MediaService }
04-23 20:47:15.384  1438  1438 W com.android.providers.media.module: type=1400 audit(0.0:602): avc: denied { read } for comm=4173796E635461736B202331 name="primary" dev="tmpfs" ino=22223 scontext=u:r:mediaprovider_app:s0:c122,c256,c512,c768 tcontext=u:object_r:mnt_pass_through_file:s0 tclass=lnk_file permissive=0 app=com.android.providers.media.module
04-23 20:47:15.399  1438  1963 W ModernMediaScanner: Failed to visit /sdcard/screen_2026-04-23_204716.png: java.nio.file.AccessDeniedException: /sdcard/screen_2026-04-23_204716.png
04-23 20:47:15.400  1438  1963 I MediaProvider: Scanned internal due to REASON_DEMAND, found 0 items in 11ms, 0 inserts 0 updates 0 deletes
04-23 20:47:15.400  1438  1963 I MediaProvider: End Intent { act=android.intent.action.MEDIA_SCANNER_SCAN_FILE dat=file:///sdcard/screen_2026-04-23_204716.png flg=0x1400010 cmp=com.android.providers.media.module/com.android.providers.media.MediaService }
04-23 20:47:15.601     0     0 W audit   : audit_lost=438 audit_rate_limit=5 audit_backlog_limit=64
04-23 20:47:15.608     0     0 E audit   : rate limit exceeded
04-23 20:47:15.384  1438  1438 W com.android.providers.media.module: type=1400 audit(0.0:603): avc: denied { read } for comm=4173796E635461736B202331 name="primary" dev="tmpfs" ino=22223 scontext=u:r:mediaprovider_app:s0:c122,c256,c512,c768 tcontext=u:object_r:mnt_pass_through_file:s0 tclass=lnk_file permissive=0 app=com.android.providers.media.module
04-23 20:47:15.438  1438  1561 I MediaProvider: Deleted 1 items on external_primary due to com.android.shell
04-23 20:47:15.464  7187  7189 I cmd     : oneway function results will be dropped but finished with status OK and parcel size 4
04-23 20:47:15.576   159   159 I hwservicemanager: getTransport: Cannot find entry android.hardware.graphics.mapper@4.0::IMapper/default in either framework or device manifest.
04-23 20:47:15.576  7209  7209 I Gralloc4: mapper 4.x is not supported
04-23 20:47:15.612  7213  7215 I cmd     : oneway function results will be dropped but finished with status OK and parcel size 4
04-23 20:47:15.612  1438  1963 I MediaProvider: Begin Intent { act=android.intent.action.MEDIA_SCANNER_SCAN_FILE dat=file:///sdcard/screen_2026-04-23_204716.png flg=0x1400010 cmp=com.android.providers.media.module/com.android.providers.media.MediaService }
04-23 20:47:15.613  1438  1963 W ModernMediaScanner: Failed to visit /sdcard/screen_2026-04-23_204716.png: java.nio.file.AccessDeniedException: /sdcard/screen_2026-04-23_204716.png
04-23 20:47:15.614  1438  1963 I MediaProvider: Scanned internal due to REASON_DEMAND, found 0 items in 1ms, 0 inserts 0 updates 0 deletes
04-23 20:47:15.615  1438  1963 I MediaProvider: End Intent { act=android.intent.action.MEDIA_SCANNER_SCAN_FILE dat=file:///sdcard/screen_2026-04-23_204716.png flg=0x1400010 cmp=com.android.providers.media.module/com.android.providers.media.MediaService }
04-23 20:47:15.673  1438  1561 I MediaProvider: Deleted 1 items on external_primary due to com.android.shell
04-23 20:47:15.699  7224  7226 I cmd     : oneway function results will be dropped but finished with status OK and parcel size 4
04-23 20:47:15.830   159   159 I hwservicemanager: getTransport: Cannot find entry android.hardware.graphics.mapper@4.0::IMapper/default in either framework or device manifest.
04-23 20:47:15.830  7248  7248 I Gralloc4: mapper 4.x is not supported
04-23 20:47:15.865  1438  1963 I MediaProvider: Begin Intent { act=android.intent.action.MEDIA_SCANNER_SCAN_FILE dat=file:///sdcard/screen_2026-04-23_204716.png flg=0x1400010 cmp=com.android.providers.media.module/com.android.providers.media.MediaService }
04-23 20:47:15.866  1438  1963 W ModernMediaScanner: Failed to visit /sdcard/screen_2026-04-23_204716.png: java.nio.file.AccessDeniedException: /sdcard/screen_2026-04-23_204716.png
04-23 20:47:15.867  1438  1963 I MediaProvider: Scanned internal due to REASON_DEMAND, found 0 items in 0ms, 0 inserts 0 updates 0 deletes
04-23 20:47:15.869  1438  1963 I MediaProvider: End Intent { act=android.intent.action.MEDIA_SCANNER_SCAN_FILE dat=file:///sdcard/screen_2026-04-23_204716.png flg=0x1400010 cmp=com.android.providers.media.module/com.android.providers.media.MediaService }
04-23 20:47:15.887  1438  1559 I MediaProvider: Deleted 1 items on external_primary due to com.android.shell
04-23 20:47:15.912  7263  7265 I cmd     : oneway function results will be dropped but finished with status OK and parcel size 4
04-23 20:47:15.957  7278  7280 I cmd     : oneway function results will be dropped but finished with status OK and parcel size 4
04-23 20:47:16.003  7293  7295 I cmd     : oneway function results will be dropped but finished with status OK and parcel size 4
04-23 20:47:16.047  7308  7310 I cmd     : oneway function results will be dropped but finished with status OK and parcel size 4
04-23 20:47:16.117  7320  7320 E libc    : Access denied finding property "persist.device_config.runtime_native_boot.profilebootclasspath"
04-23 20:47:16.117  7320  7320 E libc    : Access denied finding property "persist.device_config.runtime_native_boot.enable_apex_image"
04-23 20:47:16.117  7320  7320 I AndroidRuntime: Using default boot image
04-23 20:47:16.117  7320  7320 E libc    : Access denied finding property "persist.device_config.runtime_native_boot.disable_lock_profiling"
04-23 20:47:16.117  7320  7320 I AndroidRuntime: Leaving lock profiling enabled
04-23 20:47:16.117  7320  7320 E libc    : Access denied finding property "persist.device_config.runtime_native_boot.enable_generational_cc"
04-23 20:47:16.118  7320  7320 I app_process: Core platform API reporting enabled, enforcing=false
04-23 20:47:16.154  7320  7320 W app_process: Unexpected CPU variant for X86 using defaults: x86_64
04-23 20:47:16.155  7320  7320 I app_process: The ClassLoaderContext is a special shared library.
04-23 20:47:16.160  7320  7320 W app_process: JNI RegisterNativeMethods: attempt to register 0 native methods for android.media.AudioAttributes
04-23 20:47:16.374  2653  2653 I DatabaseHelper: Breed 4: Favorited false
04-23 20:47:17.885   159   159 I hwservicemanager: getTransport: Cannot find entry android.hardware.graphics.mapper@4.0::IMapper/default in either framework or device manifest.
04-23 20:47:17.885  7353  7353 I Gralloc4: mapper 4.x is not supported
04-23 20:47:17.920  1438  1963 I MediaProvider: Begin Intent { act=android.intent.action.MEDIA_SCANNER_SCAN_FILE dat=file:///sdcard/screen_2026-04-23_204718.png flg=0x1400010 cmp=com.android.providers.media.module/com.android.providers.media.MediaService }
04-23 20:47:17.925  1438  1963 W ModernMediaScanner: Failed to visit /sdcard/screen_2026-04-23_204718.png: java.nio.file.AccessDeniedException: /sdcard/screen_2026-04-23_204718.png
04-23 20:47:17.925  1438  1963 I MediaProvider: Scanned internal due to REASON_DEMAND, found 0 items in 4ms, 0 inserts 0 updates 0 deletes
04-23 20:47:17.926  1438  1963 I MediaProvider: End Intent { act=android.intent.action.MEDIA_SCANNER_SCAN_FILE dat=file:///sdcard/screen_2026-04-23_204718.png flg=0x1400010 cmp=com.android.providers.media.module/com.android.providers.media.MediaService }
04-23 20:47:18.132     0     0 W audit   : audit_lost=455 audit_rate_limit=5 audit_backlog_limit=64
04-23 20:47:18.134     0     0 E audit   : rate limit exceeded
04-23 20:47:17.916  1438  1438 W com.android.providers.media.module: type=1400 audit(0.0:624): avc: denied { read } for comm=4173796E635461736B202331 name="primary" dev="tmpfs" ino=22223 scontext=u:r:mediaprovider_app:s0:c122,c256,c512,c768 tcontext=u:object_r:mnt_pass_through_file:s0 tclass=lnk_file permissive=0 app=com.android.providers.media.module
04-23 20:47:18.012  1438  1559 I MediaProvider: Deleted 1 items on external_primary due to com.android.shell
04-23 20:47:18.039  7368  7370 I cmd     : oneway function results will be dropped but finished with status OK and parcel size 4
04-23 20:47:18.151   159   159 I hwservicemanager: getTransport: Cannot find entry android.hardware.graphics.mapper@4.0::IMapper/default in either framework or device manifest.
04-23 20:47:18.151  7390  7390 I Gralloc4: mapper 4.x is not supported
04-23 20:47:18.187  7394  7396 I cmd     : oneway function results will be dropped but finished with status OK and parcel size 4
04-23 20:47:18.187  1438  1963 I MediaProvider: Begin Intent { act=android.intent.action.MEDIA_SCANNER_SCAN_FILE dat=file:///sdcard/screen_2026-04-23_204718.png flg=0x1400010 cmp=com.android.providers.media.module/com.android.providers.media.MediaService }
04-23 20:47:18.188  1438  1963 W ModernMediaScanner: Failed to visit /sdcard/screen_2026-04-23_204718.png: java.nio.file.AccessDeniedException: /sdcard/screen_2026-04-23_204718.png
04-23 20:47:18.188  1438  1963 I MediaProvider: Scanned internal due to REASON_DEMAND, found 0 items in 1ms, 0 inserts 0 updates 0 deletes
04-23 20:47:18.189  1438  1963 I MediaProvider: End Intent { act=android.intent.action.MEDIA_SCANNER_SCAN_FILE dat=file:///sdcard/screen_2026-04-23_204718.png flg=0x1400010 cmp=com.android.providers.media.module/com.android.providers.media.MediaService }
04-23 20:47:18.210  1438  1561 I MediaProvider: Deleted 1 items on external_primary due to com.android.shell
04-23 20:47:18.236  7405  7407 I cmd     : oneway function results will be dropped but finished with status OK and parcel size 4
04-23 20:47:18.351   159   159 I hwservicemanager: getTransport: Cannot find entry android.hardware.graphics.mapper@4.0::IMapper/default in either framework or device manifest.
04-23 20:47:18.351  7427  7427 I Gralloc4: mapper 4.x is not supported
04-23 20:47:18.387  7431  7433 I cmd     : oneway function results will be dropped but finished with status OK and parcel size 4
04-23 20:47:18.387  1438  1963 I MediaProvider: Begin Intent { act=android.intent.action.MEDIA_SCANNER_SCAN_FILE dat=file:///sdcard/screen_2026-04-23_204718.png flg=0x1400010 cmp=com.android.providers.media.module/com.android.providers.media.MediaService }
04-23 20:47:18.388  1438  1963 W ModernMediaScanner: Failed to visit /sdcard/screen_2026-04-23_204718.png: java.nio.file.AccessDeniedException: /sdcard/screen_2026-04-23_204718.png
04-23 20:47:18.389  1438  1963 I MediaProvider: Scanned internal due to REASON_DEMAND, found 0 items in 0ms, 0 inserts 0 updates 0 deletes
04-23 20:47:18.389  1438  1963 I MediaProvider: End Intent { act=android.intent.action.MEDIA_SCANNER_SCAN_FILE dat=file:///sdcard/screen_2026-04-23_204718.png flg=0x1400010 cmp=com.android.providers.media.module/com.android.providers.media.MediaService }
04-23 20:47:18.409  1438  2482 I MediaProvider: Deleted 1 items on external_primary due to com.android.shell
04-23 20:47:18.434  7442  7444 I cmd     : oneway function results will be dropped but finished with status OK and parcel size 4
04-23 20:47:18.478  7457  7459 I cmd     : oneway function results will be dropped but finished with status OK and parcel size 4
04-23 20:47:18.522  7472  7474 I cmd     : oneway function results will be dropped but finished with status OK and parcel size 4
04-23 20:47:18.566  7487  7489 I cmd     : oneway function results will be dropped but finished with status OK and parcel size 4
04-23 20:47:18.637  7499  7499 E libc    : Access denied finding property "persist.device_config.runtime_native_boot.profilebootclasspath"
04-23 20:47:18.637  7499  7499 E libc    : Access denied finding property "persist.device_config.runtime_native_boot.enable_apex_image"
04-23 20:47:18.637  7499  7499 I AndroidRuntime: Using default boot image
04-23 20:47:18.637  7499  7499 E libc    : Access denied finding property "persist.device_config.runtime_native_boot.disable_lock_profiling"
04-23 20:47:18.637  7499  7499 I AndroidRuntime: Leaving lock profiling enabled
04-23 20:47:18.637  7499  7499 E libc    : Access denied finding property "persist.device_config.runtime_native_boot.enable_generational_cc"
04-23 20:47:18.639  7499  7499 I app_process: Core platform API reporting enabled, enforcing=false
04-23 20:47:18.672  7499  7499 W app_process: Unexpected CPU variant for X86 using defaults: x86_64
04-23 20:47:18.673  7499  7499 I app_process: The ClassLoaderContext is a special shared library.
04-23 20:47:18.679  7499  7499 W app_process: JNI RegisterNativeMethods: attempt to register 0 native methods for android.media.AudioAttributes
04-23 20:47:18.891  2653  2653 I DatabaseHelper: Breed 5: Favorited false
04-23 20:47:20.389   159   159 I hwservicemanager: getTransport: Cannot find entry android.hardware.graphics.mapper@4.0::IMapper/default in either framework or device manifest.
04-23 20:47:20.389  7532  7532 I Gralloc4: mapper 4.x is not supported
04-23 20:47:20.424  7536  7538 I cmd     : oneway function results will be dropped but finished with status OK and parcel size 4
04-23 20:47:20.425  1438  1963 I MediaProvider: Begin Intent { act=android.intent.action.MEDIA_SCANNER_SCAN_FILE dat=file:///sdcard/screen_2026-04-23_204721.png flg=0x1400010 cmp=com.android.providers.media.module/com.android.providers.media.MediaService }
04-23 20:47:20.420  1438  1438 W com.android.providers.media.module: type=1400 audit(0.0:646): avc: denied { read } for comm=4173796E635461736B202331 name="primary" dev="tmpfs" ino=22223 scontext=u:r:mediaprovider_app:s0:c122,c256,c512,c768 tcontext=u:object_r:mnt_pass_through_file:s0 tclass=lnk_file permissive=0 app=com.android.providers.media.module
