04-23 20:46:05.919   506  2078 W ActivityTaskManager: Current config: {1.0 310mcc260mnc [en_US] ldltr sw320dp w320dp h616dp 160dpi nrml long port finger qwerty/v/v -nav/h winConfig={ mBounds=Rect(0, 0 - 320, 640) mAppBounds=Rect(0, 0 - 320, 640) mWindowingMode=fullscreen mDisplayWindowingMode=fullscreen mActivityType=undefined mAlwaysOnTop=undefined mRotation=ROTATION_0} s.8} unchanged for IME proc io.github.ylimit.droidbotapp
04-23 20:46:05.944  2256  2292 E ActivityThread: Failed to find provider info for com.android.launcher2.settings
04-23 20:46:05.946   506  2078 I ActivityManager: Killing 1710:com.android.provision/u0a116 (adj 985): empty #17
04-23 20:46:05.949   283   283 I Zygote  : Process 1710 exited due to signal 9 (Killed)
04-23 20:46:05.955   506   548 I ActivityManager: Start proc 2294:com.android.packageinstaller/u0a70 for broadcast {com.android.packageinstaller/com.android.packageinstaller.TemporaryFileManager}
04-23 20:46:05.961  2294  2294 W ackageinstalle: Unexpected CPU variant for X86 using defaults: x86_64
04-23 20:46:05.964   381   405 I adbd    : jdwp connection from 2294
04-23 20:46:05.981  2294  2294 I ackageinstalle: The ClassLoaderContext is a special shared library.
04-23 20:46:05.990   506   549 I libprocessgroup: Successfully killed process cgroup uid 10116 pid 1710 in 41ms
04-23 20:46:05.994   506  2078 I ActivityManager: Killing 1804:com.android.printspooler/u0a87 (adj 985): empty #17
04-23 20:46:06.000   283   283 I Zygote  : Process 1804 exited due to signal 9 (Killed)
04-23 20:46:06.003   736   736 I AutoRevokePermissions: Parsed teamfood setting value: null
04-23 20:46:06.004   736   736 I AutoRevokePermissions: Parsed teamfood setting value: null
04-23 20:46:06.004   736   736 I AutoRevokePermissions: scheduleAutoRevokePermissions with frequency 1296000000ms and threshold 7776000000ms
04-23 20:46:06.004   736   736 I AutoRevokePermissions: user 0 is a profile owner. Running Auto Revoke.
04-23 20:46:06.004   736   736 I AutoRevokePermissions: Parsed teamfood setting value: null
04-23 20:46:06.007   736   736 I AutoRevokePermissions: onStartJob
04-23 20:46:06.007   736   736 I AutoRevokePermissions: Skipping auto revoke first run when scheduled by system
04-23 20:46:06.010  1059  1059 I VvmSimStateTracker: android.intent.action.BOOT_COMPLETED
04-23 20:46:06.016   506   548 I ActivityManager: Start proc 2320:com.android.providers.calendar/u0a67 for broadcast {com.android.providers.calendar/com.android.providers.calendar.CalendarReceiver}
04-23 20:46:06.018   506   538 I RoleManagerService: Granting default roles...
04-23 20:46:06.024  2320  2320 W viders.calenda: Unexpected CPU variant for X86 using defaults: x86_64
04-23 20:46:06.026   381   405 I adbd    : jdwp connection from 2320
04-23 20:46:06.039   506   549 I libprocessgroup: Successfully killed process cgroup uid 10087 pid 1804 in 44ms
04-23 20:46:06.044  2315  2315 E libc    : Access denied finding property "persist.device_config.runtime_native_boot.profilebootclasspath"
04-23 20:46:06.044  2315  2315 E libc    : Access denied finding property "persist.device_config.runtime_native_boot.enable_apex_image"
04-23 20:46:06.044  2315  2315 I AndroidRuntime: Using default boot image
04-23 20:46:06.044  2315  2315 E libc    : Access denied finding property "persist.device_config.runtime_native_boot.disable_lock_profiling"
04-23 20:46:06.044  2315  2315 I AndroidRuntime: Leaving lock profiling enabled
04-23 20:46:06.044  2315  2315 E libc    : Access denied finding property "persist.device_config.runtime_native_boot.enable_generational_cc"
04-23 20:46:06.046  2315  2315 I app_process: Core platform API reporting enabled, enforcing=false
04-23 20:46:06.032  2315  2315 W app_process: type=1400 audit(0.0:31): avc: denied { read } for name="u:object_r:device_config_runtime_native_boot_prop:s0" dev="tmpfs" ino=263 scontext=u:r:shell:s0 tcontext=u:object_r:device_config_runtime_native_boot_prop:s0 tclass=file permissive=0
04-23 20:46:06.044  2315  2315 W app_process: type=1400 audit(0.0:32): avc: denied { read } for name="u:object_r:device_config_runtime_native_boot_prop:s0" dev="tmpfs" ino=263 scontext=u:r:shell:s0 tcontext=u:object_r:device_config_runtime_native_boot_prop:s0 tclass=file permissive=0
04-23 20:46:06.061  2320  2320 I viders.calenda: The ClassLoaderContext is a special shared library.
04-23 20:46:06.074  2320  2320 I CalendarProvider2: Created com.android.providers.calendar.CalendarAlarmManager@89fc8a0(com.android.providers.calendar.CalendarProvider2@6e95c59)
04-23 20:46:06.078   506   643 I ActivityManager: Killing 1723:com.android.externalstorage/u0a68 (adj 985): empty #17
04-23 20:46:06.044  2315  2315 W app_process: type=1400 audit(0.0:33): avc: denied { read } for name="u:object_r:device_config_runtime_native_boot_prop:s0" dev="tmpfs" ino=263 scontext=u:r:shell:s0 tcontext=u:object_r:device_config_runtime_native_boot_prop:s0 tclass=file permissive=0
04-23 20:46:06.082   283   283 I Zygote  : Process 1723 exited due to signal 9 (Killed)
04-23 20:46:06.044  2315  2315 W app_process: type=1400 audit(0.0:34): avc: denied { read } for name="u:object_r:device_config_runtime_native_boot_prop:s0" dev="tmpfs" ino=263 scontext=u:r:shell:s0 tcontext=u:object_r:device_config_runtime_native_boot_prop:s0 tclass=file permissive=0
04-23 20:46:06.100  2315  2315 W app_process: Unexpected CPU variant for X86 using defaults: x86_64
04-23 20:46:06.101  2315  2315 I app_process: The ClassLoaderContext is a special shared library.
04-23 20:46:06.101   506   548 I ActivityManager: Start proc 2343:com.android.shell/2000 for broadcast {com.android.shell/com.android.shell.HeapDumpReceiver}
04-23 20:46:06.104  2343  2343 W m.android.shel: Unexpected CPU variant for X86 using defaults: x86_64
04-23 20:46:06.106   381   405 I adbd    : jdwp connection from 2343
04-23 20:46:06.109  2315  2315 W app_process: JNI RegisterNativeMethods: attempt to register 0 native methods for android.media.AudioAttributes
04-23 20:46:06.122   506   549 I libprocessgroup: Successfully killed process cgroup uid 10068 pid 1723 in 41ms
04-23 20:46:06.133  2343  2343 I m.android.shel: The ClassLoaderContext is a special shared library.
04-23 20:46:06.138   506   536 I ActivityManager: Killing 1917:com.android.quicksearchbox/u0a101 (adj 985): empty #17
04-23 20:46:06.145   283   283 I Zygote  : Process 1917 exited due to signal 9 (Killed)
04-23 20:46:06.154  1059  1059 I m.android.phon: The ClassLoaderContext is a special shared library.
04-23 20:46:06.161  1059  1059 W nsconfig: com.android.phone: New config does not match the previously set config.
04-23 20:46:06.169   506   548 I ActivityManager: Start proc 2375:com.android.traceur/u0a94 for broadcast {com.android.traceur/com.android.traceur.Receiver}
04-23 20:46:06.173  2375  2375 W android.traceu: Unexpected CPU variant for X86 using defaults: x86_64
04-23 20:46:06.182   381   405 I adbd    : jdwp connection from 2375
04-23 20:46:06.186   506   549 I libprocessgroup: Successfully killed process cgroup uid 10101 pid 1917 in 44ms
04-23 20:46:06.195   506   552 E libprocessgroup: AddTidToCgroup failed to write '2393'; fd=63: Invalid argument
04-23 20:46:06.195   506   552 E libprocessgroup: Failed to add task into cgroup
04-23 20:46:06.195   506   552 W libprocessgroup: ExecuteForTask failed for aggregate profile: Invalid argument
04-23 20:46:06.199  2375  2375 I android.traceu: The ClassLoaderContext is a special shared library.
04-23 20:46:06.211   506   980 I ActivityManager: Finished processing BOOT_COMPLETED for u0
04-23 20:46:06.212   506   980 I ActivityManager: Killing 1272:com.android.cellbroadcastreceiver.module/u0a123 (adj 985): empty #17
04-23 20:46:06.212  1552  1552 I Dialer  : VvmTaskReceiver - task received
04-23 20:46:06.212  1552  1552 I Dialer  : VvmTaskReceiver - TaskExecutor already running
04-23 20:46:06.212  1552  1552 I Dialer  : Task.createTask - create task:com.android.voicemail.impl.ActivationTask
04-23 20:46:06.213  1552  1552 I Dialer  : TaskQueue.add - duplicated task added
04-23 20:46:06.213  1552  1552 I Dialer  : VvmTaskExecutor - com.android.voicemail.impl.ActivationTask@d20d871 added
04-23 20:46:06.216   283   283 I Zygote  : Process 1272 exited due to signal 9 (Killed)
04-23 20:46:06.278   506  1103 W BroadcastQueue: Background execution not allowed: receiving Intent { act=android.intent.action.PACKAGE_ADDED dat=package:io.github.ylimit.droidbotapp flg=0x4000010 (has extras) } to com.android.packageinstaller/.PackageInstalledReceiver
04-23 20:46:06.278   506   547 W BroadcastQueue: Background execution not allowed: receiving Intent { act=android.intent.action.PACKAGE_ADDED dat=package:io.github.ylimit.droidbotapp flg=0x4000010 (has extras) } to com.android.gallery3d/.app.PackagesMonitor
04-23 20:46:06.285   506   549 I libprocessgroup: Successfully killed process cgroup uid 10123 pid 1272 in 70ms
04-23 20:46:06.301  1497  1497 W ContextImpl: Calling a method in the system process without a qualified user: android.app.ContextImpl.startService:1669 android.content.ContextWrapper.startService:720 android.content.ContextWrapper.startService:720 com.android.emulator.multidisplay.MultiDisplayServiceReceiver.onReceive:33 android.app.ActivityThread.handleReceiver:4032 
04-23 20:46:06.302  2280  2287 I cmd     : oneway function results will be dropped but finished with status OK and parcel size 4
04-23 20:46:06.316  1497  2401 I android_emulator_multidisplay_JNI: multidisplay pipe connected!!!
04-23 20:46:06.316  1497  2401 E MultiDisplayService: invalid parameters for add/modify display
04-23 20:46:06.593  2407  2407 E libc    : Access denied finding property "persist.device_config.runtime_native_boot.profilebootclasspath"
04-23 20:46:06.804     0     0 W audit   : audit_lost=7 audit_rate_limit=5 audit_backlog_limit=64
04-23 20:46:06.806     0     0 E audit   : rate limit exceeded
04-23 20:46:06.588  2407  2407 W app_process: type=1400 audit(0.0:35): avc: denied { read } for name="u:object_r:device_config_runtime_native_boot_prop:s0" dev="tmpfs" ino=263 scontext=u:r:shell:s0 tcontext=u:object_r:device_config_runtime_native_boot_prop:s0 tclass=file permissive=0
04-23 20:46:06.605  2407  2407 E libc    : Access denied finding property "persist.device_config.runtime_native_boot.enable_apex_image"
04-23 20:46:06.605  2407  2407 I AndroidRuntime: Using default boot image
04-23 20:46:06.605  2407  2407 E libc    : Access denied finding property "persist.device_config.runtime_native_boot.disable_lock_profiling"
04-23 20:46:06.605  2407  2407 I AndroidRuntime: Leaving lock profiling enabled
04-23 20:46:06.605  2407  2407 E libc    : Access denied finding property "persist.device_config.runtime_native_boot.enable_generational_cc"
04-23 20:46:06.607  2407  2407 I app_process: Core platform API reporting enabled, enforcing=false
04-23 20:46:06.642  2407  2407 W app_process: Unexpected CPU variant for X86 using defaults: x86_64
04-23 20:46:06.643  2407  2407 I app_process: The ClassLoaderContext is a special shared library.
04-23 20:46:06.649  2407  2407 W app_process: JNI RegisterNativeMethods: attempt to register 0 native methods for android.media.AudioAttributes
04-23 20:46:06.859     0     0 I init    : Sending signal 9 to service 'idmap2d' (pid 414) process group...
04-23 20:46:06.650   506  1684 W OverlayManager: service 'idmap' died
04-23 20:46:06.867     0     0 I libprocessgroup: Successfully killed process cgroup uid 1000 pid 414 in 5ms
04-23 20:46:06.870     0     0 I init    : Control message: Processed ctl.stop for 'idmap2d' from pid: 506 (system_server)
04-23 20:46:06.872     0     0 I init    : Service 'idmap2d' (pid 414) received signal 9
04-23 20:46:06.977   506   540 I DropBoxManagerService: add tag=system_app_strictmode isTagEnabled=true flags=0x2
04-23 20:46:06.989   385   385 I perfetto: probes_producer.cc:329  Producer stop (id=3)
04-23 20:46:06.994   391   391 I perfetto: ng_service_impl.cc:1948 Tracing session 3 ended, total sessions:1
04-23 20:46:07.100  2427  2429 I cmd     : oneway function results will be dropped but finished with status OK and parcel size 4
04-23 20:46:07.104  1977  1977 I abb     : StartCommandInProcess(73657474696e67730067657400676c6f settings.get.glo [truncated])
04-23 20:46:07.112  1977  2143 I abb     : oneway function results will be dropped but finished with status OK and parcel size 4
04-23 20:46:07.118  1977  1977 I abb     : StartCommandInProcess(7061636b61676500696e7374616c6c00 package.install. [truncated])
04-23 20:46:07.108   506   506 W Binder:506_D: type=1400 audit(0.0:39): avc: denied { getopt } for scontext=u:r:system_server:s0 tcontext=u:r:shell:s0 tclass=unix_stream_socket permissive=0
04-23 20:46:07.131  2434  2437 I cmd     : oneway function results will be dropped but finished with status OK and parcel size 4
04-23 20:46:07.168   506   506 W Binder:506_D: type=1400 audit(0.0:42): avc: denied { getopt } for scontext=u:r:system_server:s0 tcontext=u:r:shell:s0 tclass=unix_stream_socket permissive=0
04-23 20:46:07.220   506   603 W RuleEvaluation: Integrity rule files are not available.
04-23 20:46:07.220   506   565 I PackageManager: Integrity check passed for file:///data/app/vmdl326454511.tmp
04-23 20:46:07.224   506   565 I PackageManager: Permission ownership changed. Updating all permissions.
04-23 20:46:07.240   506   565 I AppsFilter: interaction: PackageSetting{e8f5429 io.github.ylimit.droidbotapp/10130} -> PackageSetting{f6183ae co.touchlab.kampkit/10131} BLOCKED
04-23 20:46:07.242   416   521 E installd: Couldn't opendir /data/app/vmdl326454511.tmp: No such file or directory
04-23 20:46:07.243   416   521 E installd: Failed to delete /data/app/vmdl326454511.tmp: No such file or directory
04-23 20:46:07.243  1977  2143 I abb     : oneway function results will be dropped but finished with status OK and parcel size 4
04-23 20:46:07.249  1438  1438 I MediaProvider: Invalidating LocalCallingIdentity cache for package co.touchlab.kampkit. Reason: package android.intent.action.PACKAGE_ADDED
04-23 20:46:07.240   506   506 W Binder:506_D: type=1400 audit(0.0:43): avc: denied { getopt } for scontext=u:r:system_server:s0 tcontext=u:r:shell:s0 tclass=unix_stream_socket permissive=0
04-23 20:46:07.252   506   506 I Telecom : DefaultDialerCache: Refreshing default dialer for user 0: now com.android.dialer: DDC.oR@AHI
04-23 20:46:07.252   506   538 I RoleManagerService: Granting default roles...
04-23 20:46:07.252   736   755 I PermissionControllerServiceImpl: Updating user sensitive for uid 10131
04-23 20:46:07.256   506  1684 W BroadcastQueue: Background execution not allowed: receiving Intent { act=android.intent.action.PACKAGE_ADDED dat=package:co.touchlab.kampkit flg=0x4000010 (has extras) } to com.android.packageinstaller/.PackageInstalledReceiver
04-23 20:46:07.256   506   547 W BroadcastQueue: Background execution not allowed: receiving Intent { act=android.intent.action.PACKAGE_ADDED dat=package:co.touchlab.kampkit flg=0x4000010 (has extras) } to com.android.gallery3d/.app.PackagesMonitor
04-23 20:46:07.256   506   598 I InputReader: Reconfiguring input devices, changes=KEYBOARD_LAYOUTS | 
04-23 20:46:07.272   506   546 W VoiceInteractionManager: no available voice recognition services found for user 0
04-23 20:46:07.617  1342  1342 I LatinIME: Timeout waiting for dictionary load
04-23 20:46:07.752   385   385 I perfetto: probes_producer.cc:329  Producer stop (id=4)
04-23 20:46:07.753   385   385 I perfetto: ftrace_procfs.cc:183    disabled ftrace
04-23 20:46:07.754   391   391 I perfetto: ng_service_impl.cc:1948 Tracing session 4 ended, total sessions:0
04-23 20:46:07.964     0     0 W perfetto: disabled ftrace
04-23 20:46:08.290  1438  1963 E SQLiteDatabase: Failed to open database '/data/user/0/com.android.providers.media.module/databases/internal.db'.
04-23 20:46:08.290  1438  1963 E SQLiteDatabase: android.database.sqlite.SQLiteDatabaseLockedException: database is locked (code 5 SQLITE_BUSY)
04-23 20:46:08.290  1438  1963 E SQLiteDatabase: 	at android.database.sqlite.SQLiteConnection.nativeExecute(Native Method)
04-23 20:46:08.290  1438  1963 E SQLiteDatabase: 	at android.database.sqlite.SQLiteConnection.execute(SQLiteConnection.java:707)
04-23 20:46:08.290  1438  1963 E SQLiteDatabase: 	at android.database.sqlite.SQLiteConnection.setLocaleFromConfiguration(SQLiteConnection.java:460)
04-23 20:46:08.290  1438  1963 E SQLiteDatabase: 	at android.database.sqlite.SQLiteConnection.open(SQLiteConnection.java:261)
04-23 20:46:08.290  1438  1963 E SQLiteDatabase: 	at android.database.sqlite.SQLiteConnection.open(SQLiteConnection.java:205)
04-23 20:46:08.290  1438  1963 E SQLiteDatabase: 	at android.database.sqlite.SQLiteConnectionPool.openConnectionLocked(SQLiteConnectionPool.java:505)
04-23 20:46:08.290  1438  1963 E SQLiteDatabase: 	at android.database.sqlite.SQLiteConnectionPool.open(SQLiteConnectionPool.java:206)
04-23 20:46:08.290  1438  1963 E SQLiteDatabase: 	at android.database.sqlite.SQLiteConnectionPool.open(SQLiteConnectionPool.java:198)
04-23 20:46:08.290  1438  1963 E SQLiteDatabase: 	at android.database.sqlite.SQLiteDatabase.openInner(SQLiteDatabase.java:918)
04-23 20:46:08.290  1438  1963 E SQLiteDatabase: 	at android.database.sqlite.SQLiteDatabase.open(SQLiteDatabase.java:898)
04-23 20:46:08.290  1438  1963 E SQLiteDatabase: 	at android.database.sqlite.SQLiteDatabase.openDatabase(SQLiteDatabase.java:762)
04-23 20:46:08.290  1438  1963 E SQLiteDatabase: 	at android.database.sqlite.SQLiteDatabase.openDatabase(SQLiteDatabase.java:751)
04-23 20:46:08.290  1438  1963 E SQLiteDatabase: 	at android.database.sqlite.SQLiteOpenHelper.getDatabaseLocked(SQLiteOpenHelper.java:373)
04-23 20:46:08.290  1438  1963 E SQLiteDatabase: 	at android.database.sqlite.SQLiteOpenHelper.getWritableDatabase(SQLiteOpenHelper.java:316)
04-23 20:46:08.290  1438  1963 E SQLiteDatabase: 	at com.android.providers.media.DatabaseHelper.runWithoutTransaction(DatabaseHelper.java:576)
04-23 20:46:08.290  1438  1963 E SQLiteDatabase: 	at com.android.providers.media.MediaProvider.callInternal(MediaProvider.java:4526)
04-23 20:46:08.290  1438  1963 E SQLiteDatabase: 	at com.android.providers.media.MediaProvider.call(MediaProvider.java:4432)
04-23 20:46:08.290  1438  1963 E SQLiteDatabase: 	at android.content.ContentProvider.call(ContentProvider.java:2448)
04-23 20:46:08.290  1438  1963 E SQLiteDatabase: 	at android.content.ContentResolver.call(ContentResolver.java:2395)
04-23 20:46:08.290  1438  1963 E SQLiteDatabase: 	at android.provider.MediaStore.getGeneration(MediaStore.java:3860)
04-23 20:46:08.290  1438  1963 E SQLiteDatabase: 	at com.android.providers.media.scan.ModernMediaScanner$Scan.<init>(ModernMediaScanner.java:316)
04-23 20:46:08.290  1438  1963 E SQLiteDatabase: 	at com.android.providers.media.scan.ModernMediaScanner.scanDirectory(ModernMediaScanner.java:225)
04-23 20:46:08.290  1438  1963 E SQLiteDatabase: 	at com.android.providers.media.MediaProvider.scanDirectory(MediaProvider.java:1111)
04-23 20:46:08.290  1438  1963 E SQLiteDatabase: 	at com.android.providers.media.MediaService.onScanVolume(MediaService.java:148)
04-23 20:46:08.290  1438  1963 E SQLiteDatabase: 	at com.android.providers.media.MediaService.onScanVolume(MediaService.java:117)
04-23 20:46:08.290  1438  1963 E SQLiteDatabase: 	at com.android.providers.media.MediaService.onScanVolume(MediaService.java:108)
04-23 20:46:08.290  1438  1963 E SQLiteDatabase: 	at com.android.providers.media.MediaService.onHandleWork(MediaService.java:71)
04-23 20:46:08.290  1438  1963 E SQLiteDatabase: 	at androidx.core.app.JobIntentService$CommandProcessor.doInBackground(JobIntentService.java:391)
04-23 20:46:08.290  1438  1963 E SQLiteDatabase: 	at androidx.core.app.JobIntentService$CommandProcessor.doInBackground(JobIntentService.java:382)
04-23 20:46:08.290  1438  1963 E SQLiteDatabase: 	at android.os.AsyncTask$3.call(AsyncTask.java:394)
04-23 20:46:08.290  1438  1963 E SQLiteDatabase: 	at java.util.concurrent.FutureTask.run(FutureTask.java:266)
04-23 20:46:08.290  1438  1963 E SQLiteDatabase: 	at java.util.concurrent.ThreadPoolExecutor.runWorker(ThreadPoolExecutor.java:1167)
04-23 20:46:08.290  1438  1963 E SQLiteDatabase: 	at java.util.concurrent.ThreadPoolExecutor$Worker.run(ThreadPoolExecutor.java:641)
04-23 20:46:08.290  1438  1963 E SQLiteDatabase: 	at java.lang.Thread.run(Thread.java:923)
04-23 20:46:08.290  1438  1963 W MediaProvider: Failed operation Intent { act=android.intent.action.MEDIA_MOUNTED dat=file:///storage/emulated/0 flg=0x5000010 cmp=com.android.providers.media.module/com.android.providers.media.MediaService (has extras) }
04-23 20:46:08.290  1438  1963 W MediaProvider: android.database.sqlite.SQLiteDatabaseLockedException: database is locked (code 5 SQLITE_BUSY)
04-23 20:46:08.290  1438  1963 W MediaProvider: 	at android.database.sqlite.SQLiteConnection.nativeExecute(Native Method)
04-23 20:46:08.290  1438  1963 W MediaProvider: 	at android.database.sqlite.SQLiteConnection.execute(SQLiteConnection.java:707)
04-23 20:46:08.290  1438  1963 W MediaProvider: 	at android.database.sqlite.SQLiteConnection.setLocaleFromConfiguration(SQLiteConnection.java:460)
04-23 20:46:08.290  1438  1963 W MediaProvider: 	at android.database.sqlite.SQLiteConnection.open(SQLiteConnection.java:261)
04-23 20:46:08.290  1438  1963 W MediaProvider: 	at android.database.sqlite.SQLiteConnection.open(SQLiteConnection.java:205)
04-23 20:46:08.290  1438  1963 W MediaProvider: 	at android.database.sqlite.SQLiteConnectionPool.openConnectionLocked(SQLiteConnectionPool.java:505)
04-23 20:46:08.290  1438  1963 W MediaProvider: 	at android.database.sqlite.SQLiteConnectionPool.open(SQLiteConnectionPool.java:206)
04-23 20:46:08.290  1438  1963 W MediaProvider: 	at android.database.sqlite.SQLiteConnectionPool.open(SQLiteConnectionPool.java:198)
04-23 20:46:08.290  1438  1963 W MediaProvider: 	at android.database.sqlite.SQLiteDatabase.openInner(SQLiteDatabase.java:918)
04-23 20:46:08.290  1438  1963 W MediaProvider: 	at android.database.sqlite.SQLiteDatabase.open(SQLiteDatabase.java:898)
04-23 20:46:08.290  1438  1963 W MediaProvider: 	at android.database.sqlite.SQLiteDatabase.openDatabase(SQLiteDatabase.java:762)
04-23 20:46:08.290  1438  1963 W MediaProvider: 	at android.database.sqlite.SQLiteDatabase.openDatabase(SQLiteDatabase.java:751)
04-23 20:46:08.290  1438  1963 W MediaProvider: 	at android.database.sqlite.SQLiteOpenHelper.getDatabaseLocked(SQLiteOpenHelper.java:373)
04-23 20:46:08.290  1438  1963 W MediaProvider: 	at android.database.sqlite.SQLiteOpenHelper.getWritableDatabase(SQLiteOpenHelper.java:316)
04-23 20:46:08.290  1438  1963 W MediaProvider: 	at com.android.providers.media.DatabaseHelper.runWithoutTransaction(DatabaseHelper.java:576)
04-23 20:46:08.290  1438  1963 W MediaProvider: 	at com.android.providers.media.MediaProvider.callInternal(MediaProvider.java:4526)
04-23 20:46:08.290  1438  1963 W MediaProvider: 	at com.android.providers.media.MediaProvider.call(MediaProvider.java:4432)
04-23 20:46:08.290  1438  1963 W MediaProvider: 	at android.content.ContentProvider.call(ContentProvider.java:2448)
04-23 20:46:08.290  1438  1963 W MediaProvider: 	at android.content.ContentResolver.call(ContentResolver.java:2395)
04-23 20:46:08.290  1438  1963 W MediaProvider: 	at android.provider.MediaStore.getGeneration(MediaStore.java:3860)
04-23 20:46:08.290  1438  1963 W MediaProvider: 	at com.android.providers.media.scan.ModernMediaScanner$Scan.<init>(ModernMediaScanner.java:316)
04-23 20:46:08.290  1438  1963 W MediaProvider: 	at com.android.providers.media.scan.ModernMediaScanner.scanDirectory(ModernMediaScanner.java:225)
04-23 20:46:08.290  1438  1963 W MediaProvider: 	at com.android.providers.media.MediaProvider.scanDirectory(MediaProvider.java:1111)
04-23 20:46:08.290  1438  1963 W MediaProvider: 	at com.android.providers.media.MediaService.onScanVolume(MediaService.java:148)
04-23 20:46:08.290  1438  1963 W MediaProvider: 	at com.android.providers.media.MediaService.onScanVolume(MediaService.java:117)
04-23 20:46:08.290  1438  1963 W MediaProvider: 	at com.android.providers.media.MediaService.onScanVolume(MediaService.java:108)
04-23 20:46:08.290  1438  1963 W MediaProvider: 	at com.android.providers.media.MediaService.onHandleWork(MediaService.java:71)
04-23 20:46:08.290  1438  1963 W MediaProvider: 	at androidx.core.app.JobIntentService$CommandProcessor.doInBackground(JobIntentService.java:391)
04-23 20:46:08.290  1438  1963 W MediaProvider: 	at androidx.core.app.JobIntentService$CommandProcessor.doInBackground(JobIntentService.java:382)
04-23 20:46:08.290  1438  1963 W MediaProvider: 	at android.os.AsyncTask$3.call(AsyncTask.java:394)
04-23 20:46:08.290  1438  1963 W MediaProvider: 	at java.util.concurrent.FutureTask.run(FutureTask.java:266)
04-23 20:46:08.290  1438  1963 W MediaProvider: 	at java.util.concurrent.ThreadPoolExecutor.runWorker(ThreadPoolExecutor.java:1167)
04-23 20:46:08.290  1438  1963 W MediaProvider: 	at java.util.concurrent.ThreadPoolExecutor$Worker.run(ThreadPoolExecutor.java:641)
04-23 20:46:08.290  1438  1963 W MediaProvider: 	at java.lang.Thread.run(Thread.java:923)
04-23 20:46:08.290  1438  1963 I MediaProvider: End Intent { act=android.intent.action.MEDIA_MOUNTED dat=file:///storage/emulated/0 flg=0x5000010 cmp=com.android.providers.media.module/com.android.providers.media.MediaService (has extras) }
04-23 20:46:08.290  1438  1963 I MediaProvider: Begin Intent { act=android.intent.action.MEDIA_MOUNTED dat=file:///storage/emulated/0 flg=0x5000010 cmp=com.android.providers.media.module/com.android.providers.media.MediaService (has extras) }
04-23 20:46:08.296  1438  1963 W ModernMediaScanner: Failed to visit /system/media: java.nio.file.NoSuchFileException: /system/media
04-23 20:46:08.299  1438  1963 I MediaProvider: Scanned internal due to REASON_MOUNTED, found 0 items in 4ms, 0 inserts 0 updates 0 deletes
04-23 20:46:08.300  1438  1963 W ModernMediaScanner: Failed to visit /oem/media: java.nio.file.NoSuchFileException: /oem/media
04-23 20:46:08.301  1438  1963 I MediaProvider: Scanned internal due to REASON_MOUNTED, found 0 items in 0ms, 0 inserts 0 updates 0 deletes
04-23 20:46:08.406   506   565 I AppsFilter: interaction: PackageSetting{e8f5429 io.github.ylimit.droidbotapp/10130} -> PackageSetting{3aa2204 com.android.camera2/10111} BLOCKED
04-23 20:46:08.407   506   565 I AppsFilter: interaction: PackageSetting{f6183ae co.touchlab.kampkit/10131} -> PackageSetting{3aa2204 com.android.camera2/10111} BLOCKED
04-23 20:46:08.407   506   565 I AppsFilter: interaction: PackageSetting{e8f5429 io.github.ylimit.droidbotapp/10130} -> PackageSetting{8e5e3ed com.android.calendar/10108} BLOCKED
04-23 20:46:08.407   506   565 I AppsFilter: interaction: PackageSetting{f6183ae co.touchlab.kampkit/10131} -> PackageSetting{8e5e3ed com.android.calendar/10108} BLOCKED
04-23 20:46:08.407   506   565 I AppsFilter: interaction: PackageSetting{e8f5429 io.github.ylimit.droidbotapp/10130} -> PackageSetting{ba27222 com.android.gallery3d/10112} BLOCKED
04-23 20:46:08.407   506   565 I AppsFilter: interaction: PackageSetting{f6183ae co.touchlab.kampkit/10131} -> PackageSetting{ba27222 com.android.gallery3d/10112} BLOCKED
04-23 20:46:08.407   506   565 I AppsFilter: interaction: PackageSetting{e8f5429 io.github.ylimit.droidbotapp/10130} -> PackageSetting{b3d24b3 com.android.inputmethod.latin/10105} BLOCKED
04-23 20:46:08.407   506   565 I AppsFilter: interaction: PackageSetting{f6183ae co.touchlab.kampkit/10131} -> PackageSetting{b3d24b3 com.android.inputmethod.latin/10105} BLOCKED
04-23 20:46:08.407   506   565 I AppsFilter: interaction: PackageSetting{e8f5429 io.github.ylimit.droidbotapp/10130} -> PackageSetting{fa95a70 com.android.cellbroadcastreceiver.module/10123} BLOCKED
04-23 20:46:08.407   506   565 I AppsFilter: interaction: PackageSetting{f6183ae co.touchlab.kampkit/10131} -> PackageSetting{fa95a70 com.android.cellbroadcastreceiver.module/10123} BLOCKED
04-23 20:46:08.410   506   506 I Telecom : DefaultDialerCache: Refreshing default dialer for user 0: now com.android.dialer: DDC.oR@AHU
04-23 20:46:08.412   506   598 I InputReader: Reconfiguring input devices, changes=KEYBOARD_LAYOUTS | 
04-23 20:46:08.414   736   755 I PermissionControllerServiceImpl: Updating user sensitive for uid 10103
04-23 20:46:08.416   506   598 I InputReader: Reconfiguring input devices, changes=KEYBOARD_LAYOUTS | 
04-23 20:46:08.417   506   506 I Telecom : DefaultDialerCache: Refreshing default dialer for user 0: now com.android.dialer: DDC.oR@AHY
04-23 20:46:08.416   506   598 I InputReader: Reconfiguring input devices, changes=KEYBOARD_LAYOUTS | 
04-23 20:46:08.419   506   598 I InputReader: Reconfiguring input devices, changes=KEYBOARD_LAYOUTS | 
04-23 20:46:08.420   736   755 I PermissionControllerServiceImpl: Updating user sensitive for uid 10111
04-23 20:46:08.420   506   598 I InputReader: Reconfiguring input devices, changes=KEYBOARD_LAYOUTS | 
04-23 20:46:08.420   506   506 I Telecom : DefaultDialerCache: Refreshing default dialer for user 0: now com.android.dialer: DDC.oR@AHc
04-23 20:46:08.421   506   506 I Telecom : DefaultDialerCache: Refreshing default dialer for user 0: now com.android.dialer: DDC.oR@AHg
04-23 20:46:08.424   506   598 I InputReader: Reconfiguring input devices, changes=KEYBOARD_LAYOUTS | 
04-23 20:46:08.426   506   598 I InputReader: Reconfiguring input devices, changes=KEYBOARD_LAYOUTS | 
04-23 20:46:08.426   506   506 I Telecom : DefaultDialerCache: Refreshing default dialer for user 0: now com.android.dialer: DDC.oR@AHk
04-23 20:46:08.428   506   506 I Telecom : DefaultDialerCache: Refreshing default dialer for user 0: now com.android.dialer: DDC.oR@AHo
04-23 20:46:08.429   506   598 I InputReader: Reconfiguring input devices, changes=KEYBOARD_LAYOUTS | 
04-23 20:46:08.431   506   598 I InputReader: Reconfiguring input devices, changes=KEYBOARD_LAYOUTS | 
04-23 20:46:08.432   506   506 I Telecom : DefaultDialerCache: Refreshing default dialer for user 0: now com.android.dialer: DDC.oR@AHs
04-23 20:46:08.433   506   598 I InputReader: Reconfiguring input devices, changes=KEYBOARD_LAYOUTS | 
04-23 20:46:08.434   506   506 I Telecom : DefaultDialerCache: Refreshing default dialer for user 0: now com.android.dialer: DDC.oR@AHw
04-23 20:46:08.436   506   598 I InputReader: Reconfiguring input devices, changes=KEYBOARD_LAYOUTS | 
04-23 20:46:08.437   506   506 I Telecom : DefaultDialerCache: Refreshing default dialer for user 0: now com.android.dialer: DDC.oR@AH0
04-23 20:46:08.438   506   598 I InputReader: Reconfiguring input devices, changes=KEYBOARD_LAYOUTS | 
04-23 20:46:08.439   506   506 I Telecom : DefaultDialerCache: Refreshing default dialer for user 0: now com.android.dialer: DDC.oR@AH4
04-23 20:46:08.441   506   506 I Telecom : DefaultDialerCache: Refreshing default dialer for user 0: now com.android.dialer: DDC.oR@AH8
04-23 20:46:08.441   506   506 I Telecom : DefaultDialerCache: Refreshing default dialer for user 0: now com.android.dialer: DDC.oR@AIA
04-23 20:46:08.444   506   546 W VoiceInteractionManager: no available voice interaction services found for user 0
04-23 20:46:08.466   736   755 I PermissionControllerServiceImpl: Updating user sensitive for uid 1001
04-23 20:46:08.466   736   755 I PermissionControllerServiceImpl: Updating user sensitive for uid 10116
04-23 20:46:08.485   736  2061 I PermissionControllerServiceImpl: Updating user sensitive for uid 10108
04-23 20:46:08.486   736  2061 I PermissionControllerServiceImpl: Updating user sensitive for uid 10112
04-23 20:46:08.494   736  2061 I PermissionControllerServiceImpl: Updating user sensitive for uid 10105
04-23 20:46:08.495   736  2061 I PermissionControllerServiceImpl: Updating user sensitive for uid 10123
04-23 20:46:08.500   736  2061 I PermissionControllerServiceImpl: Updating user sensitive for uid 1000
04-23 20:46:08.510   736  2061 I PermissionControllerServiceImpl: Updating user sensitive for uid 10121
04-23 20:46:08.510   736  2061 I PermissionControllerServiceImpl: Updating user sensitive for uid 10129
04-23 20:46:08.511   736  2061 I PermissionControllerServiceImpl: Updating user sensitive for uid 10094
04-23 20:46:08.581  1059  1059 I chatty  : uid=1001(radio) com.android.phone identical 4 lines
04-23 20:46:08.600   736  2061 I PermissionControllerServiceImpl: Updating user sensitive for user 0
04-23 20:46:08.602   736   773 I UserPackageInfos: updating UserPackageInfosLiveData for user 0
04-23 20:46:08.602   736   769 I LancherPackagesLiveData: updating LauncherPackageLiveData
04-23 20:46:08.616   506   546 E system_server: No package ID 7f found for ID 0x7f080271.
04-23 20:46:08.616   506   546 E system_server: No package ID 7f found for ID 0x7f1212ec.
04-23 20:46:08.616   506   546 E system_server: No package ID 7f found for ID 0x7f080270.
04-23 20:46:08.616   506   546 E system_server: No package ID 7f found for ID 0x7f120592.
04-23 20:46:08.616   506   546 E system_server: No package ID 7f found for ID 0x7f08026f.
04-23 20:46:08.616   506   546 E system_server: No package ID 7f found for ID 0x7f120c2b.
04-23 20:46:09.150  2455  2457 I cmd     : oneway function results will be dropped but finished with status OK and parcel size 4
04-23 20:46:08.640   506   546 I chatty  : uid=1000(system) android.bg identical 10 lines
04-23 20:46:08.641   506   546 W VoiceInteractionManager: no available voice interaction services found for user 0
04-23 20:46:09.424   159   159 I hwservicemanager: getTransport: Cannot find entry android.hardware.graphics.mapper@4.0::IMapper/default in either framework or device manifest.
04-23 20:46:09.424  2474  2474 I Gralloc4: mapper 4.x is not supported
04-23 20:46:09.498  2479  2481 I cmd     : oneway function results will be dropped but finished with status OK and parcel size 4
04-23 20:46:09.520  1438  1561 I MediaProvider: Deleted 1 items on external_primary due to com.android.shell
04-23 20:46:09.580   506   536 I ActivityManager: Force stopping co.touchlab.kampkit appid=10131 user=0: from pid 2503
04-23 20:46:09.581  2503  2505 I cmd     : oneway function results will be dropped but finished with status OK and parcel size 4
04-23 20:46:09.622  2506  2506 E libc    : Access denied finding property "persist.device_config.runtime_native_boot.profilebootclasspath"
04-23 20:46:09.622  2506  2506 E libc    : Access denied finding property "persist.device_config.runtime_native_boot.enable_apex_image"
04-23 20:46:09.622  2506  2506 I AndroidRuntime: Using default boot image
04-23 20:46:09.622  2506  2506 E libc    : Access denied finding property "persist.device_config.runtime_native_boot.disable_lock_profiling"
04-23 20:46:09.622  2506  2506 I AndroidRuntime: Leaving lock profiling enabled
04-23 20:46:09.622  2506  2506 E libc    : Access denied finding property "persist.device_config.runtime_native_boot.enable_generational_cc"
04-23 20:46:09.623  2506  2506 I app_process: Core platform API reporting enabled, enforcing=false
04-23 20:46:09.616  2506  2506 W app_process: type=1400 audit(0.0:46): avc: denied { read } for name="u:object_r:device_config_runtime_native_boot_prop:s0" dev="tmpfs" ino=263 scontext=u:r:shell:s0 tcontext=u:object_r:device_config_runtime_native_boot_prop:s0 tclass=file permissive=0
04-23 20:46:09.657  2506  2506 W app_process: Unexpected CPU variant for X86 using defaults: x86_64
04-23 20:46:09.658  2506  2506 I app_process: The ClassLoaderContext is a special shared library.
04-23 20:46:09.664  2506  2506 W app_process: JNI RegisterNativeMethods: attempt to register 0 native methods for android.media.AudioAttributes
04-23 20:46:09.668   506   539 I ActivityTaskManager: START u0 {act=android.intent.action.MAIN cat=[android.intent.category.HOME] flg=0x10000100 cmp=com.android.launcher3/.uioverrides.QuickstepLauncher (has extras)} from uid 0
04-23 20:46:09.673   391   391 I perfetto: ing_service_impl.cc:758 Configured tracing session 5, #sources:1, duration:5000 ms, #buffers:1, total buffer size:4096 KB, total sessions:1, uid:1071 session name: ""
04-23 20:46:09.674   385   385 I perfetto: probes_producer.cc:230  Ftrace setup (target_buf=5)
04-23 20:46:09.903     0     0 W perfetto: enabled ftrace
04-23 20:46:09.694   385   385 I perfetto: ftrace_procfs.cc:176    enabled ftrace
04-23 20:46:11.176   159   159 I hwservicemanager: getTransport: Cannot find entry android.hardware.graphics.mapper@4.0::IMapper/default in either framework or device manifest.
04-23 20:46:11.176  2543  2543 I Gralloc4: mapper 4.x is not supported
04-23 20:46:11.246  2547  2549 I cmd     : oneway function results will be dropped but finished with status OK and parcel size 4
04-23 20:46:11.267  1438  1561 I MediaProvider: Deleted 1 items on external_primary due to com.android.shell
04-23 20:46:11.294  2558  2560 I cmd     : oneway function results will be dropped but finished with status OK and parcel size 4
04-23 20:46:11.407   159   159 I hwservicemanager: getTransport: Cannot find entry android.hardware.graphics.mapper@4.0::IMapper/default in either framework or device manifest.
04-23 20:46:11.407  2580  2580 I Gralloc4: mapper 4.x is not supported
04-23 20:46:11.476  2584  2586 I cmd     : oneway function results will be dropped but finished with status OK and parcel size 4
04-23 20:46:11.497  1438  1559 I MediaProvider: Deleted 1 items on external_primary due to com.android.shell
04-23 20:46:11.521  2595  2597 I cmd     : oneway function results will be dropped but finished with status OK and parcel size 4
04-23 20:46:11.641   159   159 I hwservicemanager: getTransport: Cannot find entry android.hardware.graphics.mapper@4.0::IMapper/default in either framework or device manifest.
04-23 20:46:11.641  2617  2617 I Gralloc4: mapper 4.x is not supported
04-23 20:46:11.730  1438  2482 I MediaProvider: Deleted 1 items on external_primary due to com.android.shell
04-23 20:46:11.755  2633  2635 I cmd     : oneway function results will be dropped but finished with status OK and parcel size 4
04-23 20:46:11.790   506   643 I ActivityTaskManager: START u0 {act=android.intent.action.MAIN cat=[android.intent.category.LAUNCHER] flg=0x10000000 cmp=co.touchlab.kampkit/.android.MainActivity} from uid 2000
04-23 20:46:11.791   391   391 I perfetto: ing_service_impl.cc:758 Configured tracing session 6, #sources:1, duration:5000 ms, #buffers:1, total buffer size:4096 KB, total sessions:2, uid:1071 session name: ""
04-23 20:46:11.791   385   385 I perfetto: probes_producer.cc:230  Ftrace setup (target_buf=6)
04-23 20:46:11.813   506   548 I ActivityManager: Start proc 2653:co.touchlab.kampkit/u0a131 for pre-top-activity {co.touchlab.kampkit/co.touchlab.kampkit.android.MainActivity}
04-23 20:46:11.815  2653  2653 I ouchlab.kampki: Late-enabling -Xcheck:jni
04-23 20:46:11.824  2653  2653 I ouchlab.kampki: Unquickening 12 vdex files!
04-23 20:46:11.825  2653  2653 W ouchlab.kampki: Unexpected CPU variant for X86 using defaults: x86_64
04-23 20:46:11.830   381   405 I adbd    : jdwp connection from 2653
04-23 20:46:11.834   506   643 W InputReader: Device virtio_input_multi_touch_10 is associated with display ADISPLAY_ID_NONE.
04-23 20:46:11.834   506   643 W InputReader: Device virtio_input_multi_touch_7 is associated with display ADISPLAY_ID_NONE.
04-23 20:46:11.834   506   643 W InputReader: Device virtio_input_multi_touch_11 is associated with display ADISPLAY_ID_NONE.
04-23 20:46:11.834   506   643 W InputReader: Device virtio_input_multi_touch_5 is associated with display ADISPLAY_ID_NONE.
04-23 20:46:11.834   506   643 W InputReader: Device virtio_input_multi_touch_2 is associated with display ADISPLAY_ID_NONE.
04-23 20:46:11.834   506   643 W InputReader: Device virtio_input_multi_touch_6 is associated with display ADISPLAY_ID_NONE.
04-23 20:46:11.834   506   643 W InputReader: Device virtio_input_multi_touch_3 is associated with display ADISPLAY_ID_NONE.
04-23 20:46:11.834   506   643 W InputReader: Device virtio_input_multi_touch_8 is associated with display ADISPLAY_ID_NONE.
04-23 20:46:11.834   506   643 W InputReader: Device virtio_input_multi_touch_9 is associated with display ADISPLAY_ID_NONE.
04-23 20:46:11.834   506   643 W InputReader: Device virtio_input_multi_touch_4 is associated with display ADISPLAY_ID_NONE.
04-23 20:46:11.834   506   643 W InputReader: Device virtio_input_multi_touch_10 is associated with display ADISPLAY_ID_NONE.
04-23 20:46:11.834   506   643 W InputReader: Device virtio_input_multi_touch_7 is associated with display ADISPLAY_ID_NONE.
04-23 20:46:11.834   506   643 W InputReader: Device virtio_input_multi_touch_11 is associated with display ADISPLAY_ID_NONE.
04-23 20:46:11.834   506   643 W InputReader: Device virtio_input_multi_touch_5 is associated with display ADISPLAY_ID_NONE.
04-23 20:46:11.834   506   643 W InputReader: Device virtio_input_multi_touch_2 is associated with display ADISPLAY_ID_NONE.
04-23 20:46:11.834   506   643 W InputReader: Device virtio_input_multi_touch_6 is associated with display ADISPLAY_ID_NONE.
04-23 20:46:11.834   506   643 W InputReader: Device virtio_input_multi_touch_3 is associated with display ADISPLAY_ID_NONE.
04-23 20:46:11.834   506   643 W InputReader: Device virtio_input_multi_touch_8 is associated with display ADISPLAY_ID_NONE.
04-23 20:46:11.834   506   643 W InputReader: Device virtio_input_multi_touch_9 is associated with display ADISPLAY_ID_NONE.
04-23 20:46:11.834   506   643 W InputReader: Device virtio_input_multi_touch_4 is associated with display ADISPLAY_ID_NONE.
04-23 20:46:12.163  2653  2653 I Startup : Hello from Android/Kotlin!
04-23 20:46:12.329  2653  2653 W ouchlab.kampki: Accessing hidden method Landroid/os/SystemProperties;->addChangeCallback(Ljava/lang/Runnable;)V (greylist, reflection, allowed)
04-23 20:46:12.358  1438  1963 W MediaProvider: Failed operation Intent { act=android.intent.action.MEDIA_MOUNTED dat=file:///storage/emulated/0 flg=0x5000010 cmp=com.android.providers.media.module/com.android.providers.media.MediaService (has extras) }
04-23 20:46:12.358  1438  1963 W MediaProvider: android.database.sqlite.SQLiteDatabaseLockedException: database is locked (code 5 SQLITE_BUSY)
04-23 20:46:12.358  1438  1963 W MediaProvider: 	at android.database.sqlite.SQLiteConnection.nativeExecute(Native Method)
04-23 20:46:12.358  1438  1963 W MediaProvider: 	at android.database.sqlite.SQLiteConnection.execute(SQLiteConnection.java:707)
04-23 20:46:12.358  1438  1963 W MediaProvider: 	at android.database.sqlite.SQLiteSession.beginTransactionUnchecked(SQLiteSession.java:325)
04-23 20:46:12.358  1438  1963 W MediaProvider: 	at android.database.sqlite.SQLiteSession.beginTransaction(SQLiteSession.java:300)
04-23 20:46:12.358  1438  1963 W MediaProvider: 	at android.database.sqlite.SQLiteDatabase.beginTransaction(SQLiteDatabase.java:571)
04-23 20:46:12.358  1438  1963 W MediaProvider: 	at android.database.sqlite.SQLiteDatabase.beginTransaction(SQLiteDatabase.java:481)
04-23 20:46:12.358  1438  1963 W MediaProvider: 	at com.android.providers.media.DatabaseHelper.beginTransactionInternal(DatabaseHelper.java:483)
04-23 20:46:12.358  1438  1963 W MediaProvider: 	at com.android.providers.media.DatabaseHelper.beginTransaction(DatabaseHelper.java:469)
04-23 20:46:12.358  1438  1963 W MediaProvider: 	at com.android.providers.media.MediaProvider.applyBatch(MediaProvider.java:3508)
04-23 20:46:12.358  1438  1963 W MediaProvider: 	at android.content.ContentProvider.applyBatch(ContentProvider.java:2413)
04-23 20:46:12.358  1438  1963 W MediaProvider: 	at android.content.ContentResolver.applyBatch(ContentResolver.java:2186)
04-23 20:46:12.358  1438  1963 W MediaProvider: 	at com.android.providers.media.scan.ModernMediaScanner$Scan.applyPending(ModernMediaScanner.java:699)
04-23 20:46:12.358  1438  1963 W MediaProvider: 	at com.android.providers.media.scan.ModernMediaScanner$Scan.maybeApplyPending(ModernMediaScanner.java:689)
04-23 20:46:12.358  1438  1963 W MediaProvider: 	at com.android.providers.media.scan.ModernMediaScanner$Scan.visitFile(ModernMediaScanner.java:649)
04-23 20:46:12.358  1438  1963 W MediaProvider: 	at com.android.providers.media.scan.ModernMediaScanner$Scan.visitFile(ModernMediaScanner.java:272)
04-23 20:46:12.358  1438  1963 W MediaProvider: 	at java.nio.file.Files.walkFileTree(Files.java:2670)
04-23 20:46:12.358  1438  1963 W MediaProvider: 	at java.nio.file.Files.walkFileTree(Files.java:2742)
04-23 20:46:12.358  1438  1963 W MediaProvider: 	at com.android.providers.media.scan.ModernMediaScanner$Scan.walkFileTree(ModernMediaScanner.java:366)
04-23 20:46:12.358  1438  1963 W MediaProvider: 	at com.android.providers.media.scan.ModernMediaScanner$Scan.run(ModernMediaScanner.java:329)
04-23 20:46:12.358  1438  1963 W MediaProvider: 	at com.android.providers.media.scan.ModernMediaScanner.scanDirectory(ModernMediaScanner.java:226)
04-23 20:46:12.358  1438  1963 W MediaProvider: 	at com.android.providers.media.MediaProvider.scanDirectory(MediaProvider.java:1111)
04-23 20:46:12.358  1438  1963 W MediaProvider: 	at com.android.providers.media.MediaService.onScanVolume(MediaService.java:148)
04-23 20:46:12.358  1438  1963 W MediaProvider: 	at com.android.providers.media.MediaService.onScanVolume(MediaService.java:117)
04-23 20:46:12.358  1438  1963 W MediaProvider: 	at com.android.providers.media.MediaService.onScanVolume(MediaService.java:108)
04-23 20:46:12.358  1438  1963 W MediaProvider: 	at com.android.providers.media.MediaService.onHandleWork(MediaService.java:71)
04-23 20:46:12.358  1438  1963 W MediaProvider: 	at androidx.core.app.JobIntentService$CommandProcessor.doInBackground(JobIntentService.java:391)
04-23 20:46:12.358  1438  1963 W MediaProvider: 	at androidx.core.app.JobIntentService$CommandProcessor.doInBackground(JobIntentService.java:382)
04-23 20:46:12.358  1438  1963 W MediaProvider: 	at android.os.AsyncTask$3.call(AsyncTask.java:394)
04-23 20:46:12.358  1438  1963 W MediaProvider: 	at java.util.concurrent.FutureTask.run(FutureTask.java:266)
04-23 20:46:12.358  1438  1963 W MediaProvider: 	at java.util.concurrent.ThreadPoolExecutor.runWorker(ThreadPoolExecutor.java:1167)
04-23 20:46:12.358  1438  1963 W MediaProvider: 	at java.util.concurrent.ThreadPoolExecutor$Worker.run(ThreadPoolExecutor.java:641)
04-23 20:46:12.358  1438  1963 W MediaProvider: 	at java.lang.Thread.run(Thread.java:923)
04-23 20:46:12.358  1438  1963 I MediaProvider: End Intent { act=android.intent.action.MEDIA_MOUNTED dat=file:///storage/emulated/0 flg=0x5000010 cmp=com.android.providers.media.module/com.android.providers.media.MediaService (has extras) }
04-23 20:46:12.359  1438  1963 I MediaProvider: Begin Intent { act=android.intent.action.MEDIA_SCANNER_SCAN_FILE dat=file:///sdcard/screen_2026-04-23_204609.png flg=0x1400010 cmp=com.android.providers.media.module/com.android.providers.media.MediaService }
04-23 20:46:12.371  2653  2653 W System.err: SLF4J(W): No SLF4J providers were found.
04-23 20:46:12.371  2653  2653 W System.err: SLF4J(W): Defaulting to no-operation (NOP) logger implementation
04-23 20:46:12.371  2653  2653 W System.err: SLF4J(W): See https://www.slf4j.org/codes.html#noProviders for further details.
04-23 20:46:12.372  1438  1963 W ModernMediaScanner: Failed to visit /sdcard/screen_2026-04-23_204609.png: java.nio.file.AccessDeniedException: /sdcard/screen_2026-04-23_204609.png
04-23 20:46:12.372  1438  1963 I MediaProvider: Scanned internal due to REASON_DEMAND, found 0 items in 1ms, 0 inserts 0 updates 0 deletes
04-23 20:46:12.373  1438  1963 I MediaProvider: End Intent { act=android.intent.action.MEDIA_SCANNER_SCAN_FILE dat=file:///sdcard/screen_2026-04-23_204609.png flg=0x1400010 cmp=com.android.providers.media.module/com.android.providers.media.MediaService }
04-23 20:46:12.374  1438  1963 I MediaProvider: Begin Intent { act=android.intent.action.MEDIA_SCANNER_SCAN_FILE dat=file:///sdcard/screen_2026-04-23_204611.png flg=0x1400010 cmp=com.android.providers.media.module/com.android.providers.media.MediaService }
04-23 20:46:12.377  1438  1963 W ModernMediaScanner: Failed to visit /sdcard/screen_2026-04-23_204611.png: java.nio.file.AccessDeniedException: /sdcard/screen_2026-04-23_204611.png
04-23 20:46:12.378  1438  1963 I MediaProvider: Scanned internal due to REASON_DEMAND, found 0 items in 1ms, 0 inserts 0 updates 0 deletes
04-23 20:46:12.378  1438  1963 I MediaProvider: End Intent { act=android.intent.action.MEDIA_SCANNER_SCAN_FILE dat=file:///sdcard/screen_2026-04-23_204611.png flg=0x1400010 cmp=com.android.providers.media.module/com.android.providers.media.MediaService }
04-23 20:46:12.379  1438  1963 I MediaProvider: Begin Intent { act=android.intent.action.MEDIA_SCANNER_SCAN_FILE dat=file:///sdcard/screen_2026-04-23_204612.png flg=0x1400010 cmp=com.android.providers.media.module/com.android.providers.media.MediaService }
04-23 20:46:12.379  1438  1963 W ModernMediaScanner: Failed to visit /sdcard/screen_2026-04-23_204612.png: java.nio.file.AccessDeniedException: /sdcard/screen_2026-04-23_204612.png
04-23 20:46:12.380  1438  1963 I MediaProvider: Scanned internal due to REASON_DEMAND, found 0 items in 0ms, 0 inserts 0 updates 0 deletes
04-23 20:46:12.380  1438  1963 I MediaProvider: End Intent { act=android.intent.action.MEDIA_SCANNER_SCAN_FILE dat=file:///sdcard/screen_2026-04-23_204612.png flg=0x1400010 cmp=com.android.providers.media.module/com.android.providers.media.MediaService }
04-23 20:46:12.381  1438  1963 I MediaProvider: Begin Intent { act=android.intent.action.MEDIA_SCANNER_SCAN_FILE dat=file:///sdcard/screen_2026-04-23_204612.png flg=0x1400010 cmp=com.android.providers.media.module/com.android.providers.media.MediaService }
04-23 20:46:12.381  1438  1963 W ModernMediaScanner: Failed to visit /sdcard/screen_2026-04-23_204612.png: java.nio.file.AccessDeniedException: /sdcard/screen_2026-04-23_204612.png
