04-23 20:46:12.381  1438  1963 I MediaProvider: Scanned internal due to REASON_DEMAND, found 0 items in 0ms, 0 inserts 0 updates 0 deletes
04-23 20:46:12.382  1438  1963 I MediaProvider: End Intent { act=android.intent.action.MEDIA_SCANNER_SCAN_FILE dat=file:///sdcard/screen_2026-04-23_204612.png flg=0x1400010 cmp=com.android.providers.media.module/com.android.providers.media.MediaService }
04-23 20:46:12.585     0     0 W audit   : audit_lost=12 audit_rate_limit=5 audit_backlog_limit=64
04-23 20:46:12.587     0     0 E audit   : rate limit exceeded
04-23 20:46:12.356  1438  1438 W com.android.providers.media.module: type=1400 audit(0.0:50): avc: denied { read } for comm=4173796E635461736B202331 name="primary" dev="tmpfs" ino=22223 scontext=u:r:mediaprovider_app:s0:c122,c256,c512,c768 tcontext=u:object_r:mnt_pass_through_file:s0 tclass=lnk_file permissive=0 app=com.android.providers.media.module
04-23 20:46:12.368  1438  1438 I chatty  : uid=10122(com.android.providers.media.module) identical 3 lines
04-23 20:46:12.368  1438  1438 W com.android.providers.media.module: type=1400 audit(0.0:54): avc: denied { read } for comm=4173796E635461736B202331 name="primary" dev="tmpfs" ino=22223 scontext=u:r:mediaprovider_app:s0:c122,c256,c512,c768 tcontext=u:object_r:mnt_pass_through_file:s0 tclass=lnk_file permissive=0 app=com.android.providers.media.module
04-23 20:46:12.427   698   698 I AvrcpBrowsablePlayerConnector: Successfully connected to 0 browsable players.
04-23 20:46:12.427   698   698 I AvrcpMediaPlayerList: init: Browsable Player list size is 0
04-23 20:46:12.368  1438  1438 W com.android.providers.media.module: type=1400 audit(0.0:55): avc: denied { read } for comm=4173796E635461736B202331 name="primary" dev="tmpfs" ino=22223 scontext=u:r:mediaprovider_app:s0:c122,c256,c512,c768 tcontext=u:object_r:mnt_pass_through_file:s0 tclass=lnk_file permissive=0 app=com.android.providers.media.module
04-23 20:46:12.485   159   159 I hwservicemanager: getTransport: Cannot find entry android.hardware.configstore@1.0::ISurfaceFlingerConfigs/default in either framework or device manifest.
04-23 20:46:12.498   159   159 I hwservicemanager: getTransport: Cannot find entry android.hardware.graphics.mapper@4.0::IMapper/default in either framework or device manifest.
04-23 20:46:12.498  2653  2678 I Gralloc4: mapper 4.x is not supported
04-23 20:46:12.729   506   546 I ActivityTaskManager: Displayed co.touchlab.kampkit/.android.MainActivity: +938ms
04-23 20:46:12.760  2653  2653 I Choreographer: Skipped 31 frames!  The application may be doing too much work on its main thread.
04-23 20:46:12.847   328   562 W ServiceManager: Permission failure: android.permission.ACCESS_SURFACE_FLINGER from uid=10131 pid=2653
04-23 20:46:12.973  2653  2678 I OpenGLRenderer: Davey! duration=733ms; Flags=0, IntendedVsync=33650591011, Vsync=34167257657, OldestInputEvent=9223372036854775807, NewestInputEvent=0, HandleInputStart=34171524164, AnimationStart=34171526018, PerformTraversalsStart=34174272241, DrawStart=34175225290, SyncQueued=34175984285, SyncStart=34176089766, IssueDrawCommandsStart=34176116194, SwapBuffers=34380887189, FrameCompleted=34384239974, DequeueBufferDuration=27171, QueueBufferDuration=188622, GpuCompleted=0, 
04-23 20:46:13.008  2114  2114 E AccessibilityInteractionClient: 1 Disconnected nodes.
04-23 20:46:13.117   159   159 I hwservicemanager: getTransport: Cannot find entry android.hardware.graphics.mapper@4.0::IMapper/default in either framework or device manifest.
04-23 20:46:13.117  2719  2719 I Gralloc4: mapper 4.x is not supported
04-23 20:46:13.154  1438  1963 I MediaProvider: Begin Intent { act=android.intent.action.MEDIA_SCANNER_SCAN_FILE dat=file:///sdcard/screen_2026-04-23_204613.png flg=0x1400010 cmp=com.android.providers.media.module/com.android.providers.media.MediaService }
04-23 20:46:13.155  1438  1963 W ModernMediaScanner: Failed to visit /sdcard/screen_2026-04-23_204613.png: java.nio.file.AccessDeniedException: /sdcard/screen_2026-04-23_204613.png
04-23 20:46:13.156  2723  2725 I cmd     : oneway function results will be dropped but finished with status OK and parcel size 4
04-23 20:46:13.157  1438  1963 I MediaProvider: Scanned internal due to REASON_DEMAND, found 0 items in 3ms, 0 inserts 0 updates 0 deletes
04-23 20:46:13.159  1438  1963 I MediaProvider: End Intent { act=android.intent.action.MEDIA_SCANNER_SCAN_FILE dat=file:///sdcard/screen_2026-04-23_204613.png flg=0x1400010 cmp=com.android.providers.media.module/com.android.providers.media.MediaService }
04-23 20:46:13.182  1438  1561 I MediaProvider: Deleted 1 items on external_primary due to com.android.shell
04-23 20:46:13.326   159   159 I hwservicemanager: getTransport: Cannot find entry android.hardware.graphics.mapper@4.0::IMapper/default in either framework or device manifest.
04-23 20:46:13.326  2760  2760 I Gralloc4: mapper 4.x is not supported
04-23 20:46:13.359  1438  1963 I MediaProvider: Begin Intent { act=android.intent.action.MEDIA_SCANNER_SCAN_FILE dat=file:///sdcard/screen_2026-04-23_204613.png flg=0x1400010 cmp=com.android.providers.media.module/com.android.providers.media.MediaService }
04-23 20:46:13.360  1438  1963 W ModernMediaScanner: Failed to visit /sdcard/screen_2026-04-23_204613.png: java.nio.file.AccessDeniedException: /sdcard/screen_2026-04-23_204613.png
04-23 20:46:13.361  1438  1963 I MediaProvider: Scanned internal due to REASON_DEMAND, found 0 items in 1ms, 0 inserts 0 updates 0 deletes
04-23 20:46:13.362  1438  1963 I MediaProvider: End Intent { act=android.intent.action.MEDIA_SCANNER_SCAN_FILE dat=file:///sdcard/screen_2026-04-23_204613.png flg=0x1400010 cmp=com.android.providers.media.module/com.android.providers.media.MediaService }
04-23 20:46:13.420  1438  1559 I MediaProvider: Deleted 1 items on external_primary due to com.android.shell
04-23 20:46:13.442  2775  2777 I cmd     : oneway function results will be dropped but finished with status OK and parcel size 4
04-23 20:46:13.587   159   159 I hwservicemanager: getTransport: Cannot find entry android.hardware.graphics.mapper@4.0::IMapper/default in either framework or device manifest.
04-23 20:46:13.587  2800  2800 I Gralloc4: mapper 4.x is not supported
04-23 20:46:13.590   158   158 I servicemanager: Notifying apexservice they have clients: 1
04-23 20:46:13.590   158   158 I servicemanager: Notifying apexservice they have clients: 0
04-23 20:46:13.801     0     0 I AidlLazyServiceRegistrar: Process has 1 (of 1 available) client(s) in use after notification android.apex.IApexService has clients: 1
04-23 20:46:13.807     0     0 I AidlLazyServiceRegistrar: Process has 0 (of 1 available) client(s) in use after notification android.apex.IApexService has clients: 0
04-23 20:46:13.818     0     0 I AidlLazyServiceRegistrar: Shutdown prevented by forcePersist override flag.
04-23 20:46:13.647  1438  1963 I MediaProvider: Begin Intent { act=android.intent.action.MEDIA_SCANNER_SCAN_FILE dat=file:///sdcard/screen_2026-04-23_204614.png flg=0x1400010 cmp=com.android.providers.media.module/com.android.providers.media.MediaService }
04-23 20:46:13.644  1438  1438 W com.android.providers.media.module: type=1400 audit(0.0:86): avc: denied { read } for comm=4173796E635461736B202331 name="primary" dev="tmpfs" ino=22223 scontext=u:r:mediaprovider_app:s0:c122,c256,c512,c768 tcontext=u:object_r:mnt_pass_through_file:s0 tclass=lnk_file permissive=0 app=com.android.providers.media.module
04-23 20:46:13.859     0     0 W audit   : audit_lost=42 audit_rate_limit=5 audit_backlog_limit=64
04-23 20:46:13.921     0     0 E audit   : rate limit exceeded
04-23 20:46:13.644  1438  1438 I chatty  : uid=10122(com.android.providers.media.module) identical 3 lines
04-23 20:46:13.644  1438  1438 W com.android.providers.media.module: type=1400 audit(0.0:90): avc: denied { read } for comm=4173796E635461736B202331 name="primary" dev="tmpfs" ino=22223 scontext=u:r:mediaprovider_app:s0:c122,c256,c512,c768 tcontext=u:object_r:mnt_pass_through_file:s0 tclass=lnk_file permissive=0 app=com.android.providers.media.module
04-23 20:46:13.712  1438  1963 W ModernMediaScanner: Failed to visit /sdcard/screen_2026-04-23_204614.png: java.nio.file.AccessDeniedException: /sdcard/screen_2026-04-23_204614.png
04-23 20:46:13.717  1438  1963 I MediaProvider: Scanned internal due to REASON_DEMAND, found 0 items in 67ms, 0 inserts 0 updates 0 deletes
04-23 20:46:13.732  1438  2482 I MediaProvider: Deleted 1 items on external_primary due to com.android.shell
04-23 20:46:13.738  1438  1963 I MediaProvider: End Intent { act=android.intent.action.MEDIA_SCANNER_SCAN_FILE dat=file:///sdcard/screen_2026-04-23_204614.png flg=0x1400010 cmp=com.android.providers.media.module/com.android.providers.media.MediaService }
04-23 20:46:14.364  2888  2888 E libc    : Access denied finding property "persist.device_config.runtime_native_boot.profilebootclasspath"
04-23 20:46:14.364  2888  2888 E libc    : Access denied finding property "persist.device_config.runtime_native_boot.enable_apex_image"
04-23 20:46:14.364  2888  2888 I AndroidRuntime: Using default boot image
04-23 20:46:14.364  2888  2888 E libc    : Access denied finding property "persist.device_config.runtime_native_boot.disable_lock_profiling"
04-23 20:46:14.364  2888  2888 I AndroidRuntime: Leaving lock profiling enabled
04-23 20:46:14.364  2888  2888 E libc    : Access denied finding property "persist.device_config.runtime_native_boot.enable_generational_cc"
04-23 20:46:14.366  2888  2888 I app_process: Core platform API reporting enabled, enforcing=false
04-23 20:46:14.422  2888  2888 W app_process: Unexpected CPU variant for X86 using defaults: x86_64
04-23 20:46:14.423  2888  2888 I app_process: The ClassLoaderContext is a special shared library.
04-23 20:46:14.430  2888  2888 W app_process: JNI RegisterNativeMethods: attempt to register 0 native methods for android.media.AudioAttributes
04-23 20:46:14.642  2653  2653 I DatabaseHelper: Breed 1: Favorited true
04-23 20:46:14.676   385   385 I perfetto: probes_producer.cc:329  Producer stop (id=5)
04-23 20:46:14.677   391   391 I perfetto: ng_service_impl.cc:1948 Tracing session 5 ended, total sessions:1
04-23 20:46:14.829   506  1431 E TaskPersister: File error accessing recents directory (directory doesn't exist?).
04-23 20:46:14.844  2114  2114 E AccessibilityInteractionClient: 2 Disconnected nodes.
04-23 20:46:16.142   159   159 I hwservicemanager: getTransport: Cannot find entry android.hardware.graphics.mapper@4.0::IMapper/default in either framework or device manifest.
04-23 20:46:16.143  2943  2943 I Gralloc4: mapper 4.x is not supported
04-23 20:46:16.183  2947  2950 I cmd     : oneway function results will be dropped but finished with status OK and parcel size 4
04-23 20:46:16.185  1438  1963 I MediaProvider: Begin Intent { act=android.intent.action.MEDIA_SCANNER_SCAN_FILE dat=file:///sdcard/screen_2026-04-23_204616.png flg=0x1400010 cmp=com.android.providers.media.module/com.android.providers.media.MediaService }
04-23 20:46:16.408     0     0 W audit   : audit_lost=47 audit_rate_limit=5 audit_backlog_limit=64
04-23 20:46:16.411     0     0 E audit   : rate limit exceeded
04-23 20:46:16.203  1438  1963 W ModernMediaScanner: Failed to visit /sdcard/screen_2026-04-23_204616.png: java.nio.file.AccessDeniedException: /sdcard/screen_2026-04-23_204616.png
04-23 20:46:16.206  1438  1963 I MediaProvider: Scanned internal due to REASON_DEMAND, found 0 items in 9ms, 0 inserts 0 updates 0 deletes
04-23 20:46:16.208  1438  1963 I MediaProvider: End Intent { act=android.intent.action.MEDIA_SCANNER_SCAN_FILE dat=file:///sdcard/screen_2026-04-23_204616.png flg=0x1400010 cmp=com.android.providers.media.module/com.android.providers.media.MediaService }
04-23 20:46:16.180  1438  1438 W com.android.providers.media.module: type=1400 audit(0.0:96): avc: denied { read } for comm=4173796E635461736B202331 name="primary" dev="tmpfs" ino=22223 scontext=u:r:mediaprovider_app:s0:c122,c256,c512,c768 tcontext=u:object_r:mnt_pass_through_file:s0 tclass=lnk_file permissive=0 app=com.android.providers.media.module
04-23 20:46:16.192  1438  1438 I chatty  : uid=10122(com.android.providers.media.module) identical 2 lines
04-23 20:46:16.192  1438  1438 W com.android.providers.media.module: type=1400 audit(0.0:99): avc: denied { read } for comm=4173796E635461736B202331 name="primary" dev="tmpfs" ino=22223 scontext=u:r:mediaprovider_app:s0:c122,c256,c512,c768 tcontext=u:object_r:mnt_pass_through_file:s0 tclass=lnk_file permissive=0 app=com.android.providers.media.module
04-23 20:46:16.241  1438  1561 I MediaProvider: Deleted 1 items on external_primary due to com.android.shell
04-23 20:46:16.192  1438  1438 W com.android.providers.media.module: type=1400 audit(0.0:100): avc: denied { read } for comm=4173796E635461736B202331 name="primary" dev="tmpfs" ino=22223 scontext=u:r:mediaprovider_app:s0:c122,c256,c512,c768 tcontext=u:object_r:mnt_pass_through_file:s0 tclass=lnk_file permissive=0 app=com.android.providers.media.module
04-23 20:46:16.268  2960  2962 I cmd     : oneway function results will be dropped but finished with status OK and parcel size 4
04-23 20:46:16.394   159   159 I hwservicemanager: getTransport: Cannot find entry android.hardware.graphics.mapper@4.0::IMapper/default in either framework or device manifest.
04-23 20:46:16.394  2982  2982 I Gralloc4: mapper 4.x is not supported
04-23 20:46:16.430  2986  2988 I cmd     : oneway function results will be dropped but finished with status OK and parcel size 4
04-23 20:46:16.430  1438  1963 I MediaProvider: Begin Intent { act=android.intent.action.MEDIA_SCANNER_SCAN_FILE dat=file:///sdcard/screen_2026-04-23_204617.png flg=0x1400010 cmp=com.android.providers.media.module/com.android.providers.media.MediaService }
04-23 20:46:16.431  1438  1963 W ModernMediaScanner: Failed to visit /sdcard/screen_2026-04-23_204617.png: java.nio.file.AccessDeniedException: /sdcard/screen_2026-04-23_204617.png
04-23 20:46:16.432  1438  1963 I MediaProvider: Scanned internal due to REASON_DEMAND, found 0 items in 1ms, 0 inserts 0 updates 0 deletes
04-23 20:46:16.432  1438  1963 I MediaProvider: End Intent { act=android.intent.action.MEDIA_SCANNER_SCAN_FILE dat=file:///sdcard/screen_2026-04-23_204617.png flg=0x1400010 cmp=com.android.providers.media.module/com.android.providers.media.MediaService }
04-23 20:46:16.452  1438  1559 I MediaProvider: Deleted 1 items on external_primary due to com.android.shell
04-23 20:46:16.477  2997  2999 I cmd     : oneway function results will be dropped but finished with status OK and parcel size 4
04-23 20:46:16.592   159   159 I hwservicemanager: getTransport: Cannot find entry android.hardware.graphics.mapper@4.0::IMapper/default in either framework or device manifest.
04-23 20:46:16.592  3019  3019 I Gralloc4: mapper 4.x is not supported
04-23 20:46:16.626  3023  3025 I cmd     : oneway function results will be dropped but finished with status OK and parcel size 4
04-23 20:46:16.626  1438  1963 I MediaProvider: Begin Intent { act=android.intent.action.MEDIA_SCANNER_SCAN_FILE dat=file:///sdcard/screen_2026-04-23_204617.png flg=0x1400010 cmp=com.android.providers.media.module/com.android.providers.media.MediaService }
04-23 20:46:16.629  1438  1963 W ModernMediaScanner: Failed to visit /sdcard/screen_2026-04-23_204617.png: java.nio.file.AccessDeniedException: /sdcard/screen_2026-04-23_204617.png
04-23 20:46:16.629  1438  1963 I MediaProvider: Scanned internal due to REASON_DEMAND, found 0 items in 2ms, 0 inserts 0 updates 0 deletes
04-23 20:46:16.630  1438  1963 I MediaProvider: End Intent { act=android.intent.action.MEDIA_SCANNER_SCAN_FILE dat=file:///sdcard/screen_2026-04-23_204617.png flg=0x1400010 cmp=com.android.providers.media.module/com.android.providers.media.MediaService }
04-23 20:46:16.686  1438  2482 I MediaProvider: Deleted 1 items on external_primary due to com.android.shell
04-23 20:46:16.711  3034  3036 I cmd     : oneway function results will be dropped but finished with status OK and parcel size 4
04-23 20:46:16.757  3049  3051 I cmd     : oneway function results will be dropped but finished with status OK and parcel size 4
04-23 20:46:16.794   385   385 I perfetto: probes_producer.cc:329  Producer stop (id=6)
04-23 20:46:16.795   385   385 I perfetto: ftrace_procfs.cc:183    disabled ftrace
04-23 20:46:17.005     0     0 W perfetto: disabled ftrace
04-23 20:46:16.797   391   391 I perfetto: ng_service_impl.cc:1948 Tracing session 6 ended, total sessions:0
04-23 20:46:16.804  3064  3066 I cmd     : oneway function results will be dropped but finished with status OK and parcel size 4
04-23 20:46:16.922  3091  3091 E libc    : Access denied finding property "persist.device_config.runtime_native_boot.profilebootclasspath"
04-23 20:46:16.922  3091  3091 E libc    : Access denied finding property "persist.device_config.runtime_native_boot.enable_apex_image"
04-23 20:46:16.922  3091  3091 I AndroidRuntime: Using default boot image
04-23 20:46:16.922  3091  3091 E libc    : Access denied finding property "persist.device_config.runtime_native_boot.disable_lock_profiling"
04-23 20:46:16.922  3091  3091 I AndroidRuntime: Leaving lock profiling enabled
04-23 20:46:16.922  3091  3091 E libc    : Access denied finding property "persist.device_config.runtime_native_boot.enable_generational_cc"
04-23 20:46:16.924  3091  3091 I app_process: Core platform API reporting enabled, enforcing=false
04-23 20:46:16.958  3091  3091 W app_process: Unexpected CPU variant for X86 using defaults: x86_64
04-23 20:46:16.959  3091  3091 I app_process: The ClassLoaderContext is a special shared library.
04-23 20:46:16.965  3091  3091 W app_process: JNI RegisterNativeMethods: attempt to register 0 native methods for android.media.AudioAttributes
04-23 20:46:17.175  2653  2653 I DatabaseHelper: Breed 1: Favorited false
04-23 20:46:18.682   159   159 I hwservicemanager: getTransport: Cannot find entry android.hardware.graphics.mapper@4.0::IMapper/default in either framework or device manifest.
04-23 20:46:18.682  3125  3125 I Gralloc4: mapper 4.x is not supported
04-23 20:46:18.718  3129  3131 I cmd     : oneway function results will be dropped but finished with status OK and parcel size 4
04-23 20:46:18.712  1438  1438 W com.android.providers.media.module: type=1400 audit(0.0:118): avc: denied { read } for comm=4173796E635461736B202331 name="primary" dev="tmpfs" ino=22223 scontext=u:r:mediaprovider_app:s0:c122,c256,c512,c768 tcontext=u:object_r:mnt_pass_through_file:s0 tclass=lnk_file permissive=0 app=com.android.providers.media.module
04-23 20:46:18.930     0     0 W audit   : audit_lost=64 audit_rate_limit=5 audit_backlog_limit=64
04-23 20:46:18.718  1438  1963 I MediaProvider: Begin Intent { act=android.intent.action.MEDIA_SCANNER_SCAN_FILE dat=file:///sdcard/screen_2026-04-23_204619.png flg=0x1400010 cmp=com.android.providers.media.module/com.android.providers.media.MediaService }
04-23 20:46:18.712  1438  1438 W com.android.providers.media.module: type=1400 audit(0.0:119): avc: denied { read } for comm=4173796E635461736B202331 name="primary" dev="tmpfs" ino=22223 scontext=u:r:mediaprovider_app:s0:c122,c256,c512,c768 tcontext=u:object_r:mnt_pass_through_file:s0 tclass=lnk_file permissive=0 app=com.android.providers.media.module
04-23 20:46:18.939     0     0 E audit   : rate limit exceeded
04-23 20:46:18.737  1438  1963 W ModernMediaScanner: Failed to visit /sdcard/screen_2026-04-23_204619.png: java.nio.file.AccessDeniedException: /sdcard/screen_2026-04-23_204619.png
04-23 20:46:18.737  1438  1963 I MediaProvider: Scanned internal due to REASON_DEMAND, found 0 items in 19ms, 0 inserts 0 updates 0 deletes
04-23 20:46:18.738  1438  1963 I MediaProvider: End Intent { act=android.intent.action.MEDIA_SCANNER_SCAN_FILE dat=file:///sdcard/screen_2026-04-23_204619.png flg=0x1400010 cmp=com.android.providers.media.module/com.android.providers.media.MediaService }
04-23 20:46:18.716  1438  1438 W com.android.providers.media.module: type=1400 audit(0.0:120): avc: denied { read } for comm=4173796E635461736B202331 name="primary" dev="tmpfs" ino=22223 scontext=u:r:mediaprovider_app:s0:c122,c256,c512,c768 tcontext=u:object_r:mnt_pass_through_file:s0 tclass=lnk_file permissive=0 app=com.android.providers.media.module
04-23 20:46:18.811  1438  2482 I MediaProvider: Deleted 1 items on external_primary due to com.android.shell
04-23 20:46:18.838  3140  3142 I cmd     : oneway function results will be dropped but finished with status OK and parcel size 4
04-23 20:46:18.953   159   159 I hwservicemanager: getTransport: Cannot find entry android.hardware.graphics.mapper@4.0::IMapper/default in either framework or device manifest.
04-23 20:46:18.953  3162  3162 I Gralloc4: mapper 4.x is not supported
04-23 20:46:18.988  3166  3168 I cmd     : oneway function results will be dropped but finished with status OK and parcel size 4
04-23 20:46:18.989  1438  1963 I MediaProvider: Begin Intent { act=android.intent.action.MEDIA_SCANNER_SCAN_FILE dat=file:///sdcard/screen_2026-04-23_204619.png flg=0x1400010 cmp=com.android.providers.media.module/com.android.providers.media.MediaService }
04-23 20:46:18.989  1438  1963 W ModernMediaScanner: Failed to visit /sdcard/screen_2026-04-23_204619.png: java.nio.file.AccessDeniedException: /sdcard/screen_2026-04-23_204619.png
04-23 20:46:18.990  1438  1963 I MediaProvider: Scanned internal due to REASON_DEMAND, found 0 items in 1ms, 0 inserts 0 updates 0 deletes
04-23 20:46:18.991  1438  1963 I MediaProvider: End Intent { act=android.intent.action.MEDIA_SCANNER_SCAN_FILE dat=file:///sdcard/screen_2026-04-23_204619.png flg=0x1400010 cmp=com.android.providers.media.module/com.android.providers.media.MediaService }
04-23 20:46:19.010  1438  2482 I MediaProvider: Deleted 1 items on external_primary due to com.android.shell
04-23 20:46:19.036  3177  3179 I cmd     : oneway function results will be dropped but finished with status OK and parcel size 4
04-23 20:46:19.147   159   159 I hwservicemanager: getTransport: Cannot find entry android.hardware.graphics.mapper@4.0::IMapper/default in either framework or device manifest.
04-23 20:46:19.147  3199  3199 I Gralloc4: mapper 4.x is not supported
04-23 20:46:19.183  1438  1963 I MediaProvider: Begin Intent { act=android.intent.action.MEDIA_SCANNER_SCAN_FILE dat=file:///sdcard/screen_2026-04-23_204619.png flg=0x1400010 cmp=com.android.providers.media.module/com.android.providers.media.MediaService }
04-23 20:46:19.184  1438  1963 W ModernMediaScanner: Failed to visit /sdcard/screen_2026-04-23_204619.png: java.nio.file.AccessDeniedException: /sdcard/screen_2026-04-23_204619.png
04-23 20:46:19.184  1438  1963 I MediaProvider: Scanned internal due to REASON_DEMAND, found 0 items in 1ms, 0 inserts 0 updates 0 deletes
04-23 20:46:19.185  1438  1963 I MediaProvider: End Intent { act=android.intent.action.MEDIA_SCANNER_SCAN_FILE dat=file:///sdcard/screen_2026-04-23_204619.png flg=0x1400010 cmp=com.android.providers.media.module/com.android.providers.media.MediaService }
04-23 20:46:19.203  1438  1561 I MediaProvider: Deleted 1 items on external_primary due to com.android.shell
04-23 20:46:19.229  3214  3216 I cmd     : oneway function results will be dropped but finished with status OK and parcel size 4
04-23 20:46:19.276  3229  3231 I cmd     : oneway function results will be dropped but finished with status OK and parcel size 4
04-23 20:46:19.333  3246  3248 I cmd     : oneway function results will be dropped but finished with status OK and parcel size 4
04-23 20:46:19.379  3261  3263 I cmd     : oneway function results will be dropped but finished with status OK and parcel size 4
04-23 20:46:19.452  3273  3273 E libc    : Access denied finding property "persist.device_config.runtime_native_boot.profilebootclasspath"
04-23 20:46:19.452  3273  3273 E libc    : Access denied finding property "persist.device_config.runtime_native_boot.enable_apex_image"
04-23 20:46:19.452  3273  3273 I AndroidRuntime: Using default boot image
04-23 20:46:19.452  3273  3273 E libc    : Access denied finding property "persist.device_config.runtime_native_boot.disable_lock_profiling"
04-23 20:46:19.452  3273  3273 I AndroidRuntime: Leaving lock profiling enabled
04-23 20:46:19.452  3273  3273 E libc    : Access denied finding property "persist.device_config.runtime_native_boot.enable_generational_cc"
04-23 20:46:19.453  3273  3273 I app_process: Core platform API reporting enabled, enforcing=false
04-23 20:46:19.487  3273  3273 W app_process: Unexpected CPU variant for X86 using defaults: x86_64
04-23 20:46:19.488  3273  3273 I app_process: The ClassLoaderContext is a special shared library.
04-23 20:46:19.494  3273  3273 W app_process: JNI RegisterNativeMethods: attempt to register 0 native methods for android.media.AudioAttributes
04-23 20:46:19.715  2653  2653 I DatabaseHelper: Breed 2: Favorited true
04-23 20:46:19.754  2114  2114 E AccessibilityInteractionClient: 3 Disconnected nodes.
04-23 20:46:20.562   158   158 I BpBinder: onLastStrongRef automatically unlinking death recipients: <uncached descriptor>
04-23 20:46:20.770     0     0 I AidlLazyServiceRegistrar: Trying to shut down the service. No clients in use for any service in process.
04-23 20:46:20.773     0     0 I AidlLazyServiceRegistrar: Unregistered all clients and exiting
04-23 20:46:20.776     0     0 I init    : Service 'apexd' (pid 214) exited with status 0 oneshot service took 30.882000 seconds in background
04-23 20:46:20.780     0     0 I init    : Sending signal 9 to service 'apexd' (pid 214) process group...
04-23 20:46:20.782     0     0 I libprocessgroup: Successfully killed process cgroup uid 0 pid 214 in 0ms
04-23 20:46:20.676  1059  1059 I Telephony: isRttCurrentlySupported -- regular acct, hasVoiceAvailability: false
04-23 20:46:20.676  1059  1059 I Telephony:  isRttSupported: false
04-23 20:46:20.676  1059  1059 I Telephony:  isRoaming: false
04-23 20:46:20.676  1059  1059 I Telephony:  isOnWfc: false
04-23 20:46:20.680   506   548 I ActivityManager: Start proc 3294:com.android.cellbroadcastreceiver.module/u0a123 for broadcast {com.android.cellbroadcastreceiver.module/com.android.cellbroadcastreceiver.CellBroadcastReceiver}
04-23 20:46:20.682  3294  3294 W receiver.modul: Unexpected CPU variant for X86 using defaults: x86_64
04-23 20:46:20.689   381   405 I adbd    : jdwp connection from 3294
04-23 20:46:20.729   506   578 I ActivityManager: Killing 1980:com.android.calendar/u0a108 (adj 985): empty #17
04-23 20:46:20.733   283   283 I Zygote  : Process 1980 exited due to signal 9 (Killed)
04-23 20:46:20.772   506   549 I libprocessgroup: Successfully killed process cgroup uid 10108 pid 1980 in 41ms
04-23 20:46:21.223   159   159 I hwservicemanager: getTransport: Cannot find entry android.hardware.graphics.mapper@4.0::IMapper/default in either framework or device manifest.
04-23 20:46:21.223  3329  3329 I Gralloc4: mapper 4.x is not supported
04-23 20:46:21.259  3333  3335 I cmd     : oneway function results will be dropped but finished with status OK and parcel size 4
04-23 20:46:21.260  1438  1963 I MediaProvider: Begin Intent { act=android.intent.action.MEDIA_SCANNER_SCAN_FILE dat=file:///sdcard/screen_2026-04-23_204621.png flg=0x1400010 cmp=com.android.providers.media.module/com.android.providers.media.MediaService }
04-23 20:46:21.256  1438  1438 W com.android.providers.media.module: type=1400 audit(0.0:140): avc: denied { read } for comm=4173796E635461736B202331 name="primary" dev="tmpfs" ino=22223 scontext=u:r:mediaprovider_app:s0:c122,c256,c512,c768 tcontext=u:object_r:mnt_pass_through_file:s0 tclass=lnk_file permissive=0 app=com.android.providers.media.module
04-23 20:46:21.279  1438  1963 W ModernMediaScanner: Failed to visit /sdcard/screen_2026-04-23_204621.png: java.nio.file.AccessDeniedException: /sdcard/screen_2026-04-23_204621.png
04-23 20:46:21.279  1438  1963 I MediaProvider: Scanned internal due to REASON_DEMAND, found 0 items in 19ms, 0 inserts 0 updates 0 deletes
04-23 20:46:21.472     0     0 W audit   : audit_lost=81 audit_rate_limit=5 audit_backlog_limit=64
04-23 20:46:21.481     0     0 E audit   : rate limit exceeded
04-23 20:46:21.280  1438  1963 I MediaProvider: End Intent { act=android.intent.action.MEDIA_SCANNER_SCAN_FILE dat=file:///sdcard/screen_2026-04-23_204621.png flg=0x1400010 cmp=com.android.providers.media.module/com.android.providers.media.MediaService }
04-23 20:46:21.256  1438  1438 W com.android.providers.media.module: type=1400 audit(0.0:141): avc: denied { read } for comm=4173796E635461736B202331 name="primary" dev="tmpfs" ino=22223 scontext=u:r:mediaprovider_app:s0:c122,c256,c512,c768 tcontext=u:object_r:mnt_pass_through_file:s0 tclass=lnk_file permissive=0 app=com.android.providers.media.module
04-23 20:46:21.339  1438  1559 I MediaProvider: Deleted 1 items on external_primary due to com.android.shell
04-23 20:46:21.502   159   159 I hwservicemanager: getTransport: Cannot find entry android.hardware.graphics.mapper@4.0::IMapper/default in either framework or device manifest.
04-23 20:46:21.502  3368  3368 I Gralloc4: mapper 4.x is not supported
04-23 20:46:21.539  1438  1963 I MediaProvider: Begin Intent { act=android.intent.action.MEDIA_SCANNER_SCAN_FILE dat=file:///sdcard/screen_2026-04-23_204622.png flg=0x1400010 cmp=com.android.providers.media.module/com.android.providers.media.MediaService }
04-23 20:46:21.540  1438  1963 W ModernMediaScanner: Failed to visit /sdcard/screen_2026-04-23_204622.png: java.nio.file.AccessDeniedException: /sdcard/screen_2026-04-23_204622.png
04-23 20:46:21.540  1438  1963 I MediaProvider: Scanned internal due to REASON_DEMAND, found 0 items in 1ms, 0 inserts 0 updates 0 deletes
04-23 20:46:21.542  1438  1963 I MediaProvider: End Intent { act=android.intent.action.MEDIA_SCANNER_SCAN_FILE dat=file:///sdcard/screen_2026-04-23_204622.png flg=0x1400010 cmp=com.android.providers.media.module/com.android.providers.media.MediaService }
04-23 20:46:21.601  1438  2482 I MediaProvider: Deleted 1 items on external_primary due to com.android.shell
04-23 20:46:21.628  3383  3385 I cmd     : oneway function results will be dropped but finished with status OK and parcel size 4
04-23 20:46:21.740   159   159 I hwservicemanager: getTransport: Cannot find entry android.hardware.graphics.mapper@4.0::IMapper/default in either framework or device manifest.
04-23 20:46:21.741  3405  3405 I Gralloc4: mapper 4.x is not supported
04-23 20:46:21.777  1438  1963 I MediaProvider: Begin Intent { act=android.intent.action.MEDIA_SCANNER_SCAN_FILE dat=file:///sdcard/screen_2026-04-23_204622.png flg=0x1400010 cmp=com.android.providers.media.module/com.android.providers.media.MediaService }
04-23 20:46:21.778  1438  1963 W ModernMediaScanner: Failed to visit /sdcard/screen_2026-04-23_204622.png: java.nio.file.AccessDeniedException: /sdcard/screen_2026-04-23_204622.png
04-23 20:46:21.779  1438  1963 I MediaProvider: Scanned internal due to REASON_DEMAND, found 0 items in 1ms, 0 inserts 0 updates 0 deletes
04-23 20:46:21.781  1438  1963 I MediaProvider: End Intent { act=android.intent.action.MEDIA_SCANNER_SCAN_FILE dat=file:///sdcard/screen_2026-04-23_204622.png flg=0x1400010 cmp=com.android.providers.media.module/com.android.providers.media.MediaService }
04-23 20:46:21.839  1438  1561 I MediaProvider: Deleted 1 items on external_primary due to com.android.shell
04-23 20:46:21.866  3420  3422 I cmd     : oneway function results will be dropped but finished with status OK and parcel size 4
04-23 20:46:21.912  3435  3437 I cmd     : oneway function results will be dropped but finished with status OK and parcel size 4
04-23 20:46:21.958  3450  3452 I cmd     : oneway function results will be dropped but finished with status OK and parcel size 4
04-23 20:46:22.008  3465  3467 I cmd     : oneway function results will be dropped but finished with status OK and parcel size 4
04-23 20:46:22.078  3477  3477 E libc    : Access denied finding property "persist.device_config.runtime_native_boot.profilebootclasspath"
04-23 20:46:22.079  3477  3477 E libc    : Access denied finding property "persist.device_config.runtime_native_boot.enable_apex_image"
04-23 20:46:22.079  3477  3477 I AndroidRuntime: Using default boot image
04-23 20:46:22.079  3477  3477 E libc    : Access denied finding property "persist.device_config.runtime_native_boot.disable_lock_profiling"
04-23 20:46:22.079  3477  3477 I AndroidRuntime: Leaving lock profiling enabled
04-23 20:46:22.079  3477  3477 E libc    : Access denied finding property "persist.device_config.runtime_native_boot.enable_generational_cc"
04-23 20:46:22.080  3477  3477 I app_process: Core platform API reporting enabled, enforcing=false
04-23 20:46:22.114  3477  3477 W app_process: Unexpected CPU variant for X86 using defaults: x86_64
04-23 20:46:22.115  3477  3477 I app_process: The ClassLoaderContext is a special shared library.
04-23 20:46:22.121  3477  3477 W app_process: JNI RegisterNativeMethods: attempt to register 0 native methods for android.media.AudioAttributes
04-23 20:46:22.331   506   578 I ActivityManager: Killing 2016:com.android.camera2/u0a111 (adj 975): empty #17
04-23 20:46:22.337   283   283 I Zygote  : Process 2016 exited due to signal 9 (Killed)
04-23 20:46:22.342  2653  2653 I DatabaseHelper: Breed 3: Favorited true
04-23 20:46:22.344  2114  2114 E AccessibilityInteractionClient: 4 Disconnected nodes.
04-23 20:46:22.376   506   549 I libprocessgroup: Successfully killed process cgroup uid 10111 pid 2016 in 44ms
04-23 20:46:23.848   159   159 I hwservicemanager: getTransport: Cannot find entry android.hardware.graphics.mapper@4.0::IMapper/default in either framework or device manifest.
04-23 20:46:23.848  3512  3512 I Gralloc4: mapper 4.x is not supported
04-23 20:46:23.883   506   643 I ActivityManager: Killing 1291:com.android.cellbroadcastreceiver/u0a66 (adj 985): empty #17
04-23 20:46:23.886  3516  3518 I cmd     : oneway function results will be dropped but finished with status OK and parcel size 4
04-23 20:46:23.887  1438  1963 I MediaProvider: Begin Intent { act=android.intent.action.MEDIA_SCANNER_SCAN_FILE dat=file:///sdcard/screen_2026-04-23_204624.png flg=0x1400010 cmp=com.android.providers.media.module/com.android.providers.media.MediaService }
04-23 20:46:23.884  1438  1438 W com.android.providers.media.module: type=1400 audit(0.0:162): avc: denied { read } for comm=4173796E635461736B202331 name="primary" dev="tmpfs" ino=22223 scontext=u:r:mediaprovider_app:s0:c122,c256,c512,c768 tcontext=u:object_r:mnt_pass_through_file:s0 tclass=lnk_file permissive=0 app=com.android.providers.media.module
04-23 20:46:24.098     0     0 I binder  : undelivered transaction 70782, process died.
04-23 20:46:24.099     0     0 W audit   : audit_lost=98 audit_rate_limit=5 audit_backlog_limit=64
04-23 20:46:24.102     0     0 E audit   : rate limit exceeded
04-23 20:46:23.897   283   283 I Zygote  : Process 1291 exited due to signal 9 (Killed)
04-23 20:46:23.898  1438  1963 W ModernMediaScanner: Failed to visit /sdcard/screen_2026-04-23_204624.png: java.nio.file.AccessDeniedException: /sdcard/screen_2026-04-23_204624.png
04-23 20:46:23.899  1438  1963 I MediaProvider: Scanned internal due to REASON_DEMAND, found 0 items in 11ms, 0 inserts 0 updates 0 deletes
04-23 20:46:23.899  1438  1963 I MediaProvider: End Intent { act=android.intent.action.MEDIA_SCANNER_SCAN_FILE dat=file:///sdcard/screen_2026-04-23_204624.png flg=0x1400010 cmp=com.android.providers.media.module/com.android.providers.media.MediaService }
04-23 20:46:23.884  1438  1438 W com.android.providers.media.module: type=1400 audit(0.0:163): avc: denied { read } for comm=4173796E635461736B202331 name="primary" dev="tmpfs" ino=22223 scontext=u:r:mediaprovider_app:s0:c122,c256,c512,c768 tcontext=u:object_r:mnt_pass_through_file:s0 tclass=lnk_file permissive=0 app=com.android.providers.media.module
04-23 20:46:23.927   506   549 I libprocessgroup: Successfully killed process cgroup uid 10066 pid 1291 in 43ms
04-23 20:46:23.884  1438  1438 W com.android.providers.media.module: type=1400 audit(0.0:166): avc: denied { read } for comm=4173796E635461736B202331 name="primary" dev="tmpfs" ino=22223 scontext=u:r:mediaprovider_app:s0:c122,c256,c512,c768 tcontext=u:object_r:mnt_pass_through_file:s0 tclass=lnk_file permissive=0 app=com.android.providers.media.module
04-23 20:46:23.966  1438  1559 I MediaProvider: Deleted 1 items on external_primary due to com.android.shell
04-23 20:46:23.992  3527  3529 I cmd     : oneway function results will be dropped but finished with status OK and parcel size 4
04-23 20:46:24.103   159   159 I hwservicemanager: getTransport: Cannot find entry android.hardware.graphics.mapper@4.0::IMapper/default in either framework or device manifest.
04-23 20:46:24.104  3549  3549 I Gralloc4: mapper 4.x is not supported
04-23 20:46:24.139  3553  3555 I cmd     : oneway function results will be dropped but finished with status OK and parcel size 4
04-23 20:46:24.140  1438  1963 I MediaProvider: Begin Intent { act=android.intent.action.MEDIA_SCANNER_SCAN_FILE dat=file:///sdcard/screen_2026-04-23_204624.png flg=0x1400010 cmp=com.android.providers.media.module/com.android.providers.media.MediaService }
04-23 20:46:24.141  1438  1963 W ModernMediaScanner: Failed to visit /sdcard/screen_2026-04-23_204624.png: java.nio.file.AccessDeniedException: /sdcard/screen_2026-04-23_204624.png
04-23 20:46:24.141  1438  1963 I MediaProvider: Scanned internal due to REASON_DEMAND, found 0 items in 1ms, 0 inserts 0 updates 0 deletes
04-23 20:46:24.142  1438  1963 I MediaProvider: End Intent { act=android.intent.action.MEDIA_SCANNER_SCAN_FILE dat=file:///sdcard/screen_2026-04-23_204624.png flg=0x1400010 cmp=com.android.providers.media.module/com.android.providers.media.MediaService }
04-23 20:46:24.162  1438  2482 I MediaProvider: Deleted 1 items on external_primary due to com.android.shell
04-23 20:46:24.186  3564  3566 I cmd     : oneway function results will be dropped but finished with status OK and parcel size 4
04-23 20:46:24.296   159   159 I hwservicemanager: getTransport: Cannot find entry android.hardware.graphics.mapper@4.0::IMapper/default in either framework or device manifest.
04-23 20:46:24.296  3586  3586 I Gralloc4: mapper 4.x is not supported
04-23 20:46:24.334  1438  1963 I MediaProvider: Begin Intent { act=android.intent.action.MEDIA_SCANNER_SCAN_FILE dat=file:///sdcard/screen_2026-04-23_204624.png flg=0x1400010 cmp=com.android.providers.media.module/com.android.providers.media.MediaService }
04-23 20:46:24.335  1438  1963 W ModernMediaScanner: Failed to visit /sdcard/screen_2026-04-23_204624.png: java.nio.file.AccessDeniedException: /sdcard/screen_2026-04-23_204624.png
04-23 20:46:24.336  1438  1963 I MediaProvider: Scanned internal due to REASON_DEMAND, found 0 items in 1ms, 0 inserts 0 updates 0 deletes
04-23 20:46:24.336  1438  1963 I MediaProvider: End Intent { act=android.intent.action.MEDIA_SCANNER_SCAN_FILE dat=file:///sdcard/screen_2026-04-23_204624.png flg=0x1400010 cmp=com.android.providers.media.module/com.android.providers.media.MediaService }
04-23 20:46:24.355  1438  1561 I MediaProvider: Deleted 1 items on external_primary due to com.android.shell
04-23 20:46:24.381  3601  3603 I cmd     : oneway function results will be dropped but finished with status OK and parcel size 4
04-23 20:46:24.428  3616  3618 I cmd     : oneway function results will be dropped but finished with status OK and parcel size 4
04-23 20:46:24.488  3633  3635 I cmd     : oneway function results will be dropped but finished with status OK and parcel size 4
04-23 20:46:24.532  3648  3650 I cmd     : oneway function results will be dropped but finished with status OK and parcel size 4
04-23 20:46:24.603  3660  3660 E libc    : Access denied finding property "persist.device_config.runtime_native_boot.profilebootclasspath"
04-23 20:46:24.603  3660  3660 E libc    : Access denied finding property "persist.device_config.runtime_native_boot.enable_apex_image"
04-23 20:46:24.603  3660  3660 I AndroidRuntime: Using default boot image
04-23 20:46:24.603  3660  3660 E libc    : Access denied finding property "persist.device_config.runtime_native_boot.disable_lock_profiling"
04-23 20:46:24.603  3660  3660 I AndroidRuntime: Leaving lock profiling enabled
04-23 20:46:24.603  3660  3660 E libc    : Access denied finding property "persist.device_config.runtime_native_boot.enable_generational_cc"
04-23 20:46:24.604  3660  3660 I app_process: Core platform API reporting enabled, enforcing=false
04-23 20:46:24.639  3660  3660 W app_process: Unexpected CPU variant for X86 using defaults: x86_64
04-23 20:46:24.640  3660  3660 I app_process: The ClassLoaderContext is a special shared library.
04-23 20:46:24.646  3660  3660 W app_process: JNI RegisterNativeMethods: attempt to register 0 native methods for android.media.AudioAttributes
04-23 20:46:24.865  2653  2653 I DatabaseHelper: Breed 4: Favorited true
04-23 20:46:24.903  2114  2114 E AccessibilityInteractionClient: 5 Disconnected nodes.
04-23 20:46:25.757  3294  3314 I receiver.modul: Waiting for a blocking GC ProfileSaver
04-23 20:46:25.845   506   650 E WifiHealthMonitor:  Hit PackageManager exception
04-23 20:46:25.845   506   650 E WifiHealthMonitor: android.content.pm.PackageManager$NameNotFoundException: com.google.android.wifi
04-23 20:46:25.845   506   650 E WifiHealthMonitor: 	at android.app.ApplicationPackageManager.getPackageInfoAsUser(ApplicationPackageManager.java:206)
04-23 20:46:25.845   506   650 E WifiHealthMonitor: 	at android.app.ApplicationPackageManager.getPackageInfo(ApplicationPackageManager.java:178)
04-23 20:46:25.845   506   650 E WifiHealthMonitor: 	at com.android.server.wifi.WifiHealthMonitor.extractCurrentSoftwareBuildInfo(WifiHealthMonitor.java:545)
04-23 20:46:25.845   506   650 E WifiHealthMonitor: 	at com.android.server.wifi.WifiHealthMonitor.postBootSwBuildCheck(WifiHealthMonitor.java:477)
04-23 20:46:25.845   506   650 E WifiHealthMonitor: 	at com.android.server.wifi.WifiHealthMonitor.postBootDetectionHandler(WifiHealthMonitor.java:468)
04-23 20:46:25.845   506   650 E WifiHealthMonitor: 	at com.android.server.wifi.WifiHealthMonitor.access$200(WifiHealthMonitor.java:70)
04-23 20:46:25.845   506   650 E WifiHealthMonitor: 	at com.android.server.wifi.WifiHealthMonitor$2.onAlarm(WifiHealthMonitor.java:163)
04-23 20:46:25.845   506   650 E WifiHealthMonitor: 	at android.app.AlarmManager$ListenerWrapper.run(AlarmManager.java:239)
04-23 20:46:25.845   506   650 E WifiHealthMonitor: 	at android.os.Handler.handleCallback(Handler.java:938)
04-23 20:46:25.845   506   650 E WifiHealthMonitor: 	at android.os.Handler.dispatchMessage(Handler.java:99)
04-23 20:46:25.845   506   650 E WifiHealthMonitor: 	at android.os.Looper.loop(Looper.java:223)
04-23 20:46:25.845   506   650 E WifiHealthMonitor: 	at android.os.HandlerThread.run(HandlerThread.java:67)
04-23 20:46:26.357   159   159 I hwservicemanager: getTransport: Cannot find entry android.hardware.graphics.mapper@4.0::IMapper/default in either framework or device manifest.
04-23 20:46:26.357  3693  3693 I Gralloc4: mapper 4.x is not supported
04-23 20:46:26.394   506   578 I ActivityManager: Killing 1685:android.process.acore/u0a64 (adj 985): empty #17
04-23 20:46:26.394   506   578 I ActivityManager: Killing 2039:com.android.contacts/u0a98 (adj 985): empty #18
04-23 20:46:26.395  3697  3699 I cmd     : oneway function results will be dropped but finished with status OK and parcel size 4
04-23 20:46:26.403  1438  1963 I MediaProvider: Begin Intent { act=android.intent.action.MEDIA_SCANNER_SCAN_FILE dat=file:///sdcard/screen_2026-04-23_204627.png flg=0x1400010 cmp=com.android.providers.media.module/com.android.providers.media.MediaService }
04-23 20:46:26.404   283   283 I Zygote  : Process 2039 exited due to signal 9 (Killed)
04-23 20:46:26.405   283   283 I Zygote  : Process 1685 exited due to signal 9 (Killed)
04-23 20:46:26.400  1438  1438 W com.android.providers.media.module: type=1400 audit(0.0:184): avc: denied { read } for comm=4173796E635461736B202331 name="primary" dev="tmpfs" ino=22223 scontext=u:r:mediaprovider_app:s0:c122,c256,c512,c768 tcontext=u:object_r:mnt_pass_through_file:s0 tclass=lnk_file permissive=0 app=com.android.providers.media.module
04-23 20:46:26.618     0     0 W audit   : audit_lost=115 audit_rate_limit=5 audit_backlog_limit=64
04-23 20:46:26.627     0     0 E audit   : rate limit exceeded
04-23 20:46:26.400  1438  1438 W com.android.providers.media.module: type=1400 audit(0.0:185): avc: denied { read } for comm=4173796E635461736B202331 name="primary" dev="tmpfs" ino=22223 scontext=u:r:mediaprovider_app:s0:c122,c256,c512,c768 tcontext=u:object_r:mnt_pass_through_file:s0 tclass=lnk_file permissive=0 app=com.android.providers.media.module
04-23 20:46:26.424  1438  1963 W ModernMediaScanner: Failed to visit /sdcard/screen_2026-04-23_204627.png: java.nio.file.AccessDeniedException: /sdcard/screen_2026-04-23_204627.png
04-23 20:46:26.425  1438  1963 I MediaProvider: Scanned internal due to REASON_DEMAND, found 0 items in 19ms, 0 inserts 0 updates 0 deletes
04-23 20:46:26.426  1438  1963 I MediaProvider: End Intent { act=android.intent.action.MEDIA_SCANNER_SCAN_FILE dat=file:///sdcard/screen_2026-04-23_204627.png flg=0x1400010 cmp=com.android.providers.media.module/com.android.providers.media.MediaService }
04-23 20:46:26.400  1438  1438 W com.android.providers.media.module: type=1400 audit(0.0:186): avc: denied { read } for comm=4173796E635461736B202331 name="primary" dev="tmpfs" ino=22223 scontext=u:r:mediaprovider_app:s0:c122,c256,c512,c768 tcontext=u:object_r:mnt_pass_through_file:s0 tclass=lnk_file permissive=0 app=com.android.providers.media.module
04-23 20:46:26.444   506   549 I libprocessgroup: Successfully killed process cgroup uid 10064 pid 1685 in 49ms
04-23 20:46:26.444   506   549 I libprocessgroup: Successfully killed process cgroup uid 10098 pid 2039 in 0ms
04-23 20:46:26.400  1438  1438 W com.android.providers.media.module: type=1400 audit(0.0:187): avc: denied { read } for comm=4173796E635461736B202331 name="primary" dev="tmpfs" ino=22223 scontext=u:r:mediaprovider_app:s0:c122,c256,c512,c768 tcontext=u:object_r:mnt_pass_through_file:s0 tclass=lnk_file permissive=0 app=com.android.providers.media.module
04-23 20:46:26.465  1438  1559 I MediaProvider: Deleted 1 items on external_primary due to com.android.shell
04-23 20:46:26.492  3709  3711 I cmd     : oneway function results will be dropped but finished with status OK and parcel size 4
04-23 20:46:26.625   159   159 I hwservicemanager: getTransport: Cannot find entry android.hardware.graphics.mapper@4.0::IMapper/default in either framework or device manifest.
04-23 20:46:26.625  3734  3734 I Gralloc4: mapper 4.x is not supported
04-23 20:46:26.661  1438  1963 I MediaProvider: Begin Intent { act=android.intent.action.MEDIA_SCANNER_SCAN_FILE dat=file:///sdcard/screen_2026-04-23_204627.png flg=0x1400010 cmp=com.android.providers.media.module/com.android.providers.media.MediaService }
04-23 20:46:26.662  1438  1963 W ModernMediaScanner: Failed to visit /sdcard/screen_2026-04-23_204627.png: java.nio.file.AccessDeniedException: /sdcard/screen_2026-04-23_204627.png
04-23 20:46:26.663  1438  1963 I MediaProvider: Scanned internal due to REASON_DEMAND, found 0 items in 1ms, 0 inserts 0 updates 0 deletes
04-23 20:46:26.663  1438  1963 I MediaProvider: End Intent { act=android.intent.action.MEDIA_SCANNER_SCAN_FILE dat=file:///sdcard/screen_2026-04-23_204627.png flg=0x1400010 cmp=com.android.providers.media.module/com.android.providers.media.MediaService }
04-23 20:46:26.682  1438  2482 I MediaProvider: Deleted 1 items on external_primary due to com.android.shell
04-23 20:46:26.708  3749  3751 I cmd     : oneway function results will be dropped but finished with status OK and parcel size 4
04-23 20:46:26.818   159   159 I hwservicemanager: getTransport: Cannot find entry android.hardware.graphics.mapper@4.0::IMapper/default in either framework or device manifest.
04-23 20:46:26.818  3771  3771 I Gralloc4: mapper 4.x is not supported
04-23 20:46:26.854  1438  1963 I MediaProvider: Begin Intent { act=android.intent.action.MEDIA_SCANNER_SCAN_FILE dat=file:///sdcard/screen_2026-04-23_204627.png flg=0x1400010 cmp=com.android.providers.media.module/com.android.providers.media.MediaService }
04-23 20:46:26.855  1438  1963 W ModernMediaScanner: Failed to visit /sdcard/screen_2026-04-23_204627.png: java.nio.file.AccessDeniedException: /sdcard/screen_2026-04-23_204627.png
04-23 20:46:26.856  1438  1963 I MediaProvider: Scanned internal due to REASON_DEMAND, found 0 items in 2ms, 0 inserts 0 updates 0 deletes
04-23 20:46:26.856  1438  1963 I MediaProvider: End Intent { act=android.intent.action.MEDIA_SCANNER_SCAN_FILE dat=file:///sdcard/screen_2026-04-23_204627.png flg=0x1400010 cmp=com.android.providers.media.module/com.android.providers.media.MediaService }
04-23 20:46:26.874  1438  1561 I MediaProvider: Deleted 1 items on external_primary due to com.android.shell
04-23 20:46:26.900  3786  3788 I cmd     : oneway function results will be dropped but finished with status OK and parcel size 4
04-23 20:46:26.947  3801  3803 I cmd     : oneway function results will be dropped but finished with status OK and parcel size 4
04-23 20:46:26.995  3816  3818 I cmd     : oneway function results will be dropped but finished with status OK and parcel size 4
04-23 20:46:27.040  3831  3833 I cmd     : oneway function results will be dropped but finished with status OK and parcel size 4
04-23 20:46:27.113  3843  3843 E libc    : Access denied finding property "persist.device_config.runtime_native_boot.profilebootclasspath"
04-23 20:46:27.113  3843  3843 E libc    : Access denied finding property "persist.device_config.runtime_native_boot.enable_apex_image"
