04-23 20:47:20.644     0     0 W audit   : audit_lost=472 audit_rate_limit=5 audit_backlog_limit=64
04-23 20:47:20.646     0     0 E audit   : rate limit exceeded
04-23 20:47:20.432  1438  1438 W com.android.providers.media.module: type=1400 audit(0.0:647): avc: denied { read } for comm=4173796E635461736B202331 name="primary" dev="tmpfs" ino=22223 scontext=u:r:mediaprovider_app:s0:c122,c256,c512,c768 tcontext=u:object_r:mnt_pass_through_file:s0 tclass=lnk_file permissive=0 app=com.android.providers.media.module
04-23 20:47:20.446  1438  1963 W ModernMediaScanner: Failed to visit /sdcard/screen_2026-04-23_204721.png: java.nio.file.AccessDeniedException: /sdcard/screen_2026-04-23_204721.png
04-23 20:47:20.447  1438  1963 I MediaProvider: Scanned internal due to REASON_DEMAND, found 0 items in 14ms, 0 inserts 0 updates 0 deletes
04-23 20:47:20.447  1438  1963 I MediaProvider: End Intent { act=android.intent.action.MEDIA_SCANNER_SCAN_FILE dat=file:///sdcard/screen_2026-04-23_204721.png flg=0x1400010 cmp=com.android.providers.media.module/com.android.providers.media.MediaService }
04-23 20:47:20.432  1438  1438 W com.android.providers.media.module: type=1400 audit(0.0:648): avc: denied { read } for comm=4173796E635461736B202331 name="primary" dev="tmpfs" ino=22223 scontext=u:r:mediaprovider_app:s0:c122,c256,c512,c768 tcontext=u:object_r:mnt_pass_through_file:s0 tclass=lnk_file permissive=0 app=com.android.providers.media.module
04-23 20:47:20.508  1438  1559 I MediaProvider: Deleted 1 items on external_primary due to com.android.shell
04-23 20:47:20.533  7547  7549 I cmd     : oneway function results will be dropped but finished with status OK and parcel size 4
04-23 20:47:20.651   159   159 I hwservicemanager: getTransport: Cannot find entry android.hardware.graphics.mapper@4.0::IMapper/default in either framework or device manifest.
04-23 20:47:20.651  7569  7569 I Gralloc4: mapper 4.x is not supported
04-23 20:47:20.686  1438  1963 I MediaProvider: Begin Intent { act=android.intent.action.MEDIA_SCANNER_SCAN_FILE dat=file:///sdcard/screen_2026-04-23_204721.png flg=0x1400010 cmp=com.android.providers.media.module/com.android.providers.media.MediaService }
04-23 20:47:20.687  1438  1963 W ModernMediaScanner: Failed to visit /sdcard/screen_2026-04-23_204721.png: java.nio.file.AccessDeniedException: /sdcard/screen_2026-04-23_204721.png
04-23 20:47:20.688  1438  1963 I MediaProvider: Scanned internal due to REASON_DEMAND, found 0 items in 1ms, 0 inserts 0 updates 0 deletes
04-23 20:47:20.690  1438  1963 I MediaProvider: End Intent { act=android.intent.action.MEDIA_SCANNER_SCAN_FILE dat=file:///sdcard/screen_2026-04-23_204721.png flg=0x1400010 cmp=com.android.providers.media.module/com.android.providers.media.MediaService }
04-23 20:47:20.707  1438  1561 I MediaProvider: Deleted 1 items on external_primary due to com.android.shell
04-23 20:47:20.733  7584  7586 I cmd     : oneway function results will be dropped but finished with status OK and parcel size 4
04-23 20:47:20.843   159   159 I hwservicemanager: getTransport: Cannot find entry android.hardware.graphics.mapper@4.0::IMapper/default in either framework or device manifest.
04-23 20:47:20.843  7606  7606 I Gralloc4: mapper 4.x is not supported
04-23 20:47:20.879  7610  7612 I cmd     : oneway function results will be dropped but finished with status OK and parcel size 4
04-23 20:47:20.880  1438  1963 I MediaProvider: Begin Intent { act=android.intent.action.MEDIA_SCANNER_SCAN_FILE dat=file:///sdcard/screen_2026-04-23_204721.png flg=0x1400010 cmp=com.android.providers.media.module/com.android.providers.media.MediaService }
04-23 20:47:20.881  1438  1963 W ModernMediaScanner: Failed to visit /sdcard/screen_2026-04-23_204721.png: java.nio.file.AccessDeniedException: /sdcard/screen_2026-04-23_204721.png
04-23 20:47:20.881  1438  1963 I MediaProvider: Scanned internal due to REASON_DEMAND, found 0 items in 1ms, 0 inserts 0 updates 0 deletes
04-23 20:47:20.882  1438  1963 I MediaProvider: End Intent { act=android.intent.action.MEDIA_SCANNER_SCAN_FILE dat=file:///sdcard/screen_2026-04-23_204721.png flg=0x1400010 cmp=com.android.providers.media.module/com.android.providers.media.MediaService }
04-23 20:47:20.942  1438  2482 I MediaProvider: Deleted 1 items on external_primary due to com.android.shell
04-23 20:47:20.967  7623  7625 I cmd     : oneway function results will be dropped but finished with status OK and parcel size 4
04-23 20:47:21.013  7638  7640 I cmd     : oneway function results will be dropped but finished with status OK and parcel size 4
04-23 20:47:21.057  7653  7655 I cmd     : oneway function results will be dropped but finished with status OK and parcel size 4
04-23 20:47:21.102  7668  7670 I cmd     : oneway function results will be dropped but finished with status OK and parcel size 4
04-23 20:47:21.172  7680  7680 E libc    : Access denied finding property "persist.device_config.runtime_native_boot.profilebootclasspath"
04-23 20:47:21.172  7680  7680 E libc    : Access denied finding property "persist.device_config.runtime_native_boot.enable_apex_image"
04-23 20:47:21.172  7680  7680 I AndroidRuntime: Using default boot image
04-23 20:47:21.172  7680  7680 E libc    : Access denied finding property "persist.device_config.runtime_native_boot.disable_lock_profiling"
04-23 20:47:21.172  7680  7680 I AndroidRuntime: Leaving lock profiling enabled
04-23 20:47:21.173  7680  7680 E libc    : Access denied finding property "persist.device_config.runtime_native_boot.enable_generational_cc"
04-23 20:47:21.174  7680  7680 I app_process: Core platform API reporting enabled, enforcing=false
04-23 20:47:21.209  7680  7680 W app_process: Unexpected CPU variant for X86 using defaults: x86_64
04-23 20:47:21.210  7680  7680 I app_process: The ClassLoaderContext is a special shared library.
04-23 20:47:21.216  7680  7680 W app_process: JNI RegisterNativeMethods: attempt to register 0 native methods for android.media.AudioAttributes
04-23 20:47:21.424  2653  2653 I DatabaseHelper: Breed 6: Favorited false
04-23 20:47:22.927   159   159 I hwservicemanager: getTransport: Cannot find entry android.hardware.graphics.mapper@4.0::IMapper/default in either framework or device manifest.
04-23 20:47:22.927  7711  7711 I Gralloc4: mapper 4.x is not supported
04-23 20:47:22.975  7717  7719 I cmd     : oneway function results will be dropped but finished with status OK and parcel size 4
04-23 20:47:22.975  1438  1963 I MediaProvider: Begin Intent { act=android.intent.action.MEDIA_SCANNER_SCAN_FILE dat=file:///sdcard/screen_2026-04-23_204723.png flg=0x1400010 cmp=com.android.providers.media.module/com.android.providers.media.MediaService }
04-23 20:47:22.979  1438  1963 W ModernMediaScanner: Failed to visit /sdcard/screen_2026-04-23_204723.png: java.nio.file.AccessDeniedException: /sdcard/screen_2026-04-23_204723.png
04-23 20:47:22.979  1438  1963 I MediaProvider: Scanned internal due to REASON_DEMAND, found 0 items in 4ms, 0 inserts 0 updates 0 deletes
04-23 20:47:22.980  1438  1963 I MediaProvider: End Intent { act=android.intent.action.MEDIA_SCANNER_SCAN_FILE dat=file:///sdcard/screen_2026-04-23_204723.png flg=0x1400010 cmp=com.android.providers.media.module/com.android.providers.media.MediaService }
04-23 20:47:23.187     0     0 W audit   : audit_lost=489 audit_rate_limit=5 audit_backlog_limit=64
04-23 20:47:23.189     0     0 E audit   : rate limit exceeded
04-23 20:47:22.972  1438  1438 W com.android.providers.media.module: type=1400 audit(0.0:668): avc: denied { read } for comm=4173796E635461736B202331 name="primary" dev="tmpfs" ino=22223 scontext=u:r:mediaprovider_app:s0:c122,c256,c512,c768 tcontext=u:object_r:mnt_pass_through_file:s0 tclass=lnk_file permissive=0 app=com.android.providers.media.module
04-23 20:47:23.049  1438  1559 I MediaProvider: Deleted 1 items on external_primary due to com.android.shell
04-23 20:47:23.077  7728  7730 I cmd     : oneway function results will be dropped but finished with status OK and parcel size 4
04-23 20:47:23.190   159   159 I hwservicemanager: getTransport: Cannot find entry android.hardware.graphics.mapper@4.0::IMapper/default in either framework or device manifest.
04-23 20:47:23.190  7750  7750 I Gralloc4: mapper 4.x is not supported
04-23 20:47:23.225  7754  7756 I cmd     : oneway function results will be dropped but finished with status OK and parcel size 4
04-23 20:47:23.225  1438  1963 I MediaProvider: Begin Intent { act=android.intent.action.MEDIA_SCANNER_SCAN_FILE dat=file:///sdcard/screen_2026-04-23_204723.png flg=0x1400010 cmp=com.android.providers.media.module/com.android.providers.media.MediaService }
04-23 20:47:23.226  1438  1963 W ModernMediaScanner: Failed to visit /sdcard/screen_2026-04-23_204723.png: java.nio.file.AccessDeniedException: /sdcard/screen_2026-04-23_204723.png
04-23 20:47:23.227  1438  1963 I MediaProvider: Scanned internal due to REASON_DEMAND, found 0 items in 1ms, 0 inserts 0 updates 0 deletes
04-23 20:47:23.227  1438  1963 I MediaProvider: End Intent { act=android.intent.action.MEDIA_SCANNER_SCAN_FILE dat=file:///sdcard/screen_2026-04-23_204723.png flg=0x1400010 cmp=com.android.providers.media.module/com.android.providers.media.MediaService }
04-23 20:47:23.286  1438  1561 I MediaProvider: Deleted 1 items on external_primary due to com.android.shell
04-23 20:47:23.312  7765  7767 I cmd     : oneway function results will be dropped but finished with status OK and parcel size 4
04-23 20:47:23.420   159   159 I hwservicemanager: getTransport: Cannot find entry android.hardware.graphics.mapper@4.0::IMapper/default in either framework or device manifest.
04-23 20:47:23.420  7787  7787 I Gralloc4: mapper 4.x is not supported
04-23 20:47:23.456  7791  7793 I cmd     : oneway function results will be dropped but finished with status OK and parcel size 4
04-23 20:47:23.456  1438  1963 I MediaProvider: Begin Intent { act=android.intent.action.MEDIA_SCANNER_SCAN_FILE dat=file:///sdcard/screen_2026-04-23_204724.png flg=0x1400010 cmp=com.android.providers.media.module/com.android.providers.media.MediaService }
04-23 20:47:23.456  1438  1963 W ModernMediaScanner: Failed to visit /sdcard/screen_2026-04-23_204724.png: java.nio.file.AccessDeniedException: /sdcard/screen_2026-04-23_204724.png
04-23 20:47:23.457  1438  1963 I MediaProvider: Scanned internal due to REASON_DEMAND, found 0 items in 1ms, 0 inserts 0 updates 0 deletes
04-23 20:47:23.457  1438  1963 I MediaProvider: End Intent { act=android.intent.action.MEDIA_SCANNER_SCAN_FILE dat=file:///sdcard/screen_2026-04-23_204724.png flg=0x1400010 cmp=com.android.providers.media.module/com.android.providers.media.MediaService }
04-23 20:47:23.477  1438  2482 I MediaProvider: Deleted 1 items on external_primary due to com.android.shell
04-23 20:47:23.503  7802  7804 I cmd     : oneway function results will be dropped but finished with status OK and parcel size 4
04-23 20:47:23.549  7817  7819 I cmd     : oneway function results will be dropped but finished with status OK and parcel size 4
04-23 20:47:23.594  7832  7834 I cmd     : oneway function results will be dropped but finished with status OK and parcel size 4
04-23 20:47:23.639  7847  7849 I cmd     : oneway function results will be dropped but finished with status OK and parcel size 4
04-23 20:47:23.711  7859  7859 E libc    : Access denied finding property "persist.device_config.runtime_native_boot.profilebootclasspath"
04-23 20:47:23.712  7859  7859 E libc    : Access denied finding property "persist.device_config.runtime_native_boot.enable_apex_image"
04-23 20:47:23.712  7859  7859 I AndroidRuntime: Using default boot image
04-23 20:47:23.712  7859  7859 E libc    : Access denied finding property "persist.device_config.runtime_native_boot.disable_lock_profiling"
04-23 20:47:23.712  7859  7859 I AndroidRuntime: Leaving lock profiling enabled
04-23 20:47:23.712  7859  7859 E libc    : Access denied finding property "persist.device_config.runtime_native_boot.enable_generational_cc"
04-23 20:47:23.713  7859  7859 I app_process: Core platform API reporting enabled, enforcing=false
04-23 20:47:23.747  7859  7859 W app_process: Unexpected CPU variant for X86 using defaults: x86_64
04-23 20:47:23.748  7859  7859 I app_process: The ClassLoaderContext is a special shared library.
04-23 20:47:23.753  7859  7859 W app_process: JNI RegisterNativeMethods: attempt to register 0 native methods for android.media.AudioAttributes
04-23 20:47:23.957  2653  2653 I DatabaseHelper: Breed 7: Favorited false
04-23 20:47:25.456   159   159 I hwservicemanager: getTransport: Cannot find entry android.hardware.graphics.mapper@4.0::IMapper/default in either framework or device manifest.
04-23 20:47:25.457  7892  7892 I Gralloc4: mapper 4.x is not supported
04-23 20:47:25.492  1438  1963 I MediaProvider: Begin Intent { act=android.intent.action.MEDIA_SCANNER_SCAN_FILE dat=file:///sdcard/screen_2026-04-23_204726.png flg=0x1400010 cmp=com.android.providers.media.module/com.android.providers.media.MediaService }
04-23 20:47:25.488  1438  1438 W com.android.providers.media.module: type=1400 audit(0.0:690): avc: denied { read } for comm=4173796E635461736B202331 name="primary" dev="tmpfs" ino=22223 scontext=u:r:mediaprovider_app:s0:c122,c256,c512,c768 tcontext=u:object_r:mnt_pass_through_file:s0 tclass=lnk_file permissive=0 app=com.android.providers.media.module
04-23 20:47:25.543  1438  1559 I MediaProvider: Deleted 1 items on external_primary due to com.android.shell
04-23 20:47:25.569  7907  7909 I cmd     : oneway function results will be dropped but finished with status OK and parcel size 4
04-23 20:47:25.688   159   159 I hwservicemanager: getTransport: Cannot find entry android.hardware.graphics.mapper@4.0::IMapper/default in either framework or device manifest.
04-23 20:47:25.688  7929  7929 I Gralloc4: mapper 4.x is not supported
04-23 20:47:25.724  1438  1963 I MediaProvider: Begin Intent { act=android.intent.action.MEDIA_SCANNER_SCAN_FILE dat=file:///sdcard/screen_2026-04-23_204726.png flg=0x1400010 cmp=com.android.providers.media.module/com.android.providers.media.MediaService }
04-23 20:47:25.724  1438  1963 W ModernMediaScanner: Failed to visit /sdcard/screen_2026-04-23_204726.png: java.nio.file.AccessDeniedException: /sdcard/screen_2026-04-23_204726.png
04-23 20:47:25.725  1438  1963 I MediaProvider: Scanned internal due to REASON_DEMAND, found 0 items in 0ms, 0 inserts 0 updates 0 deletes
04-23 20:47:25.725  1438  1963 I MediaProvider: End Intent { act=android.intent.action.MEDIA_SCANNER_SCAN_FILE dat=file:///sdcard/screen_2026-04-23_204726.png flg=0x1400010 cmp=com.android.providers.media.module/com.android.providers.media.MediaService }
04-23 20:47:25.745  1438  1561 I MediaProvider: Deleted 1 items on external_primary due to com.android.shell
04-23 20:47:25.770  7944  7946 I cmd     : oneway function results will be dropped but finished with status OK and parcel size 4
04-23 20:47:25.882   159   159 I hwservicemanager: getTransport: Cannot find entry android.hardware.graphics.mapper@4.0::IMapper/default in either framework or device manifest.
04-23 20:47:25.882  7966  7966 I Gralloc4: mapper 4.x is not supported
04-23 20:47:25.918  7970  7972 I cmd     : oneway function results will be dropped but finished with status OK and parcel size 4
04-23 20:47:25.918  1438  1963 I MediaProvider: Begin Intent { act=android.intent.action.MEDIA_SCANNER_SCAN_FILE dat=file:///sdcard/screen_2026-04-23_204726.png flg=0x1400010 cmp=com.android.providers.media.module/com.android.providers.media.MediaService }
04-23 20:47:25.920  1438  1963 W ModernMediaScanner: Failed to visit /sdcard/screen_2026-04-23_204726.png: java.nio.file.AccessDeniedException: /sdcard/screen_2026-04-23_204726.png
04-23 20:47:25.920  1438  1963 I MediaProvider: Scanned internal due to REASON_DEMAND, found 0 items in 1ms, 0 inserts 0 updates 0 deletes
04-23 20:47:25.920  1438  1963 I MediaProvider: End Intent { act=android.intent.action.MEDIA_SCANNER_SCAN_FILE dat=file:///sdcard/screen_2026-04-23_204726.png flg=0x1400010 cmp=com.android.providers.media.module/com.android.providers.media.MediaService }
04-23 20:47:25.938  1438  2482 I MediaProvider: Deleted 1 items on external_primary due to com.android.shell
04-23 20:47:25.963  7981  7983 I cmd     : oneway function results will be dropped but finished with status OK and parcel size 4
04-23 20:47:26.009  7996  7998 I cmd     : oneway function results will be dropped but finished with status OK and parcel size 4
04-23 20:47:26.063  8013  8015 I cmd     : oneway function results will be dropped but finished with status OK and parcel size 4
04-23 20:47:26.110  8028  8030 I cmd     : oneway function results will be dropped but finished with status OK and parcel size 4
04-23 20:47:26.180  8040  8040 E libc    : Access denied finding property "persist.device_config.runtime_native_boot.profilebootclasspath"
04-23 20:47:26.180  8040  8040 E libc    : Access denied finding property "persist.device_config.runtime_native_boot.enable_apex_image"
04-23 20:47:26.180  8040  8040 I AndroidRuntime: Using default boot image
04-23 20:47:26.180  8040  8040 E libc    : Access denied finding property "persist.device_config.runtime_native_boot.disable_lock_profiling"
04-23 20:47:26.180  8040  8040 I AndroidRuntime: Leaving lock profiling enabled
04-23 20:47:26.180  8040  8040 E libc    : Access denied finding property "persist.device_config.runtime_native_boot.enable_generational_cc"
04-23 20:47:26.181  8040  8040 I app_process: Core platform API reporting enabled, enforcing=false
04-23 20:47:26.215  8040  8040 W app_process: Unexpected CPU variant for X86 using defaults: x86_64
04-23 20:47:26.216  8040  8040 I app_process: The ClassLoaderContext is a special shared library.
04-23 20:47:26.223  8040  8040 W app_process: JNI RegisterNativeMethods: attempt to register 0 native methods for android.media.AudioAttributes
04-23 20:47:26.441  2653  2653 I DatabaseHelper: Breed 8: Favorited false
04-23 20:47:27.940   159   159 I hwservicemanager: getTransport: Cannot find entry android.hardware.graphics.mapper@4.0::IMapper/default in either framework or device manifest.
04-23 20:47:27.940  8071  8071 I Gralloc4: mapper 4.x is not supported
04-23 20:47:27.975  1438  1963 I MediaProvider: Begin Intent { act=android.intent.action.MEDIA_SCANNER_SCAN_FILE dat=file:///sdcard/screen_2026-04-23_204728.png flg=0x1400010 cmp=com.android.providers.media.module/com.android.providers.media.MediaService }
04-23 20:47:27.972  1438  1438 W com.android.providers.media.module: type=1400 audit(0.0:712): avc: denied { read } for comm=4173796E635461736B202331 name="primary" dev="tmpfs" ino=22223 scontext=u:r:mediaprovider_app:s0:c122,c256,c512,c768 tcontext=u:object_r:mnt_pass_through_file:s0 tclass=lnk_file permissive=0 app=com.android.providers.media.module
04-23 20:47:28.188     0     0 W audit   : audit_lost=523 audit_rate_limit=5 audit_backlog_limit=64
04-23 20:47:28.198     0     0 E audit   : rate limit exceeded
04-23 20:47:27.972  1438  1438 W com.android.providers.media.module: type=1400 audit(0.0:713): avc: denied { read } for comm=4173796E635461736B202331 name="primary" dev="tmpfs" ino=22223 scontext=u:r:mediaprovider_app:s0:c122,c256,c512,c768 tcontext=u:object_r:mnt_pass_through_file:s0 tclass=lnk_file permissive=0 app=com.android.providers.media.module
04-23 20:47:27.995  1438  1963 W ModernMediaScanner: Failed to visit /sdcard/screen_2026-04-23_204728.png: java.nio.file.AccessDeniedException: /sdcard/screen_2026-04-23_204728.png
04-23 20:47:27.995  1438  1963 I MediaProvider: Scanned internal due to REASON_DEMAND, found 0 items in 19ms, 0 inserts 0 updates 0 deletes
04-23 20:47:27.996  1438  1963 I MediaProvider: End Intent { act=android.intent.action.MEDIA_SCANNER_SCAN_FILE dat=file:///sdcard/screen_2026-04-23_204728.png flg=0x1400010 cmp=com.android.providers.media.module/com.android.providers.media.MediaService }
04-23 20:47:27.972  1438  1438 W com.android.providers.media.module: type=1400 audit(0.0:714): avc: denied { read } for comm=4173796E635461736B202331 name="primary" dev="tmpfs" ino=22223 scontext=u:r:mediaprovider_app:s0:c122,c256,c512,c768 tcontext=u:object_r:mnt_pass_through_file:s0 tclass=lnk_file permissive=0 app=com.android.providers.media.module
04-23 20:47:28.055  1438  1559 I MediaProvider: Deleted 1 items on external_primary due to com.android.shell
04-23 20:47:28.104  8088  8090 I cmd     : oneway function results will be dropped but finished with status OK and parcel size 4
04-23 20:47:28.221   159   159 I hwservicemanager: getTransport: Cannot find entry android.hardware.graphics.mapper@4.0::IMapper/default in either framework or device manifest.
04-23 20:47:28.221  8110  8110 I Gralloc4: mapper 4.x is not supported
04-23 20:47:28.256  1438  1963 I MediaProvider: Begin Intent { act=android.intent.action.MEDIA_SCANNER_SCAN_FILE dat=file:///sdcard/screen_2026-04-23_204728.png flg=0x1400010 cmp=com.android.providers.media.module/com.android.providers.media.MediaService }
04-23 20:47:28.256  1438  1963 W ModernMediaScanner: Failed to visit /sdcard/screen_2026-04-23_204728.png: java.nio.file.AccessDeniedException: /sdcard/screen_2026-04-23_204728.png
04-23 20:47:28.257  1438  1963 I MediaProvider: Scanned internal due to REASON_DEMAND, found 0 items in 1ms, 0 inserts 0 updates 0 deletes
04-23 20:47:28.257  1438  1963 I MediaProvider: End Intent { act=android.intent.action.MEDIA_SCANNER_SCAN_FILE dat=file:///sdcard/screen_2026-04-23_204728.png flg=0x1400010 cmp=com.android.providers.media.module/com.android.providers.media.MediaService }
04-23 20:47:28.277  1438  1561 I MediaProvider: Deleted 1 items on external_primary due to com.android.shell
04-23 20:47:28.303  8125  8127 I cmd     : oneway function results will be dropped but finished with status OK and parcel size 4
04-23 20:47:28.416   159   159 I hwservicemanager: getTransport: Cannot find entry android.hardware.graphics.mapper@4.0::IMapper/default in either framework or device manifest.
04-23 20:47:28.416  8147  8147 I Gralloc4: mapper 4.x is not supported
04-23 20:47:28.453  1438  1963 I MediaProvider: Begin Intent { act=android.intent.action.MEDIA_SCANNER_SCAN_FILE dat=file:///sdcard/screen_2026-04-23_204729.png flg=0x1400010 cmp=com.android.providers.media.module/com.android.providers.media.MediaService }
04-23 20:47:28.454  1438  1963 W ModernMediaScanner: Failed to visit /sdcard/screen_2026-04-23_204729.png: java.nio.file.AccessDeniedException: /sdcard/screen_2026-04-23_204729.png
04-23 20:47:28.455  1438  1963 I MediaProvider: Scanned internal due to REASON_DEMAND, found 0 items in 1ms, 0 inserts 0 updates 0 deletes
04-23 20:47:28.455  1438  1963 I MediaProvider: End Intent { act=android.intent.action.MEDIA_SCANNER_SCAN_FILE dat=file:///sdcard/screen_2026-04-23_204729.png flg=0x1400010 cmp=com.android.providers.media.module/com.android.providers.media.MediaService }
04-23 20:47:28.475  1438  2482 I MediaProvider: Deleted 1 items on external_primary due to com.android.shell
04-23 20:47:28.500  8162  8164 I cmd     : oneway function results will be dropped but finished with status OK and parcel size 4
04-23 20:47:28.591  8192  8194 I cmd     : oneway function results will be dropped but finished with status OK and parcel size 4
04-23 20:47:28.636  8207  8209 I cmd     : oneway function results will be dropped but finished with status OK and parcel size 4
04-23 20:47:28.708  8219  8219 E libc    : Access denied finding property "persist.device_config.runtime_native_boot.profilebootclasspath"
04-23 20:47:28.708  8219  8219 E libc    : Access denied finding property "persist.device_config.runtime_native_boot.enable_apex_image"
04-23 20:47:28.708  8219  8219 I AndroidRuntime: Using default boot image
04-23 20:47:28.708  8219  8219 E libc    : Access denied finding property "persist.device_config.runtime_native_boot.disable_lock_profiling"
04-23 20:47:28.708  8219  8219 I AndroidRuntime: Leaving lock profiling enabled
04-23 20:47:28.708  8219  8219 E libc    : Access denied finding property "persist.device_config.runtime_native_boot.enable_generational_cc"
04-23 20:47:28.709  8219  8219 I app_process: Core platform API reporting enabled, enforcing=false
04-23 20:47:28.744  8219  8219 W app_process: Unexpected CPU variant for X86 using defaults: x86_64
04-23 20:47:28.745  8219  8219 I app_process: The ClassLoaderContext is a special shared library.
04-23 20:47:28.751  8219  8219 W app_process: JNI RegisterNativeMethods: attempt to register 0 native methods for android.media.AudioAttributes
04-23 20:47:28.957  2653  2653 I DatabaseHelper: Breed 9: Favorited false
04-23 20:47:30.460   159   159 I hwservicemanager: getTransport: Cannot find entry android.hardware.graphics.mapper@4.0::IMapper/default in either framework or device manifest.
04-23 20:47:30.461  8252  8252 I Gralloc4: mapper 4.x is not supported
04-23 20:47:30.498  8256  8258 I cmd     : oneway function results will be dropped but finished with status OK and parcel size 4
04-23 20:47:30.499  1438  1963 I MediaProvider: Begin Intent { act=android.intent.action.MEDIA_SCANNER_SCAN_FILE dat=file:///sdcard/screen_2026-04-23_204731.png flg=0x1400010 cmp=com.android.providers.media.module/com.android.providers.media.MediaService }
04-23 20:47:30.496  1438  1438 W com.android.providers.media.module: type=1400 audit(0.0:734): avc: denied { read } for comm=4173796E635461736B202331 name="primary" dev="tmpfs" ino=22223 scontext=u:r:mediaprovider_app:s0:c122,c256,c512,c768 tcontext=u:object_r:mnt_pass_through_file:s0 tclass=lnk_file permissive=0 app=com.android.providers.media.module
04-23 20:47:30.517  1438  1963 W ModernMediaScanner: Failed to visit /sdcard/screen_2026-04-23_204731.png: java.nio.file.AccessDeniedException: /sdcard/screen_2026-04-23_204731.png
04-23 20:47:30.517  1438  1963 I MediaProvider: Scanned internal due to REASON_DEMAND, found 0 items in 18ms, 0 inserts 0 updates 0 deletes
04-23 20:47:30.518  1438  1963 I MediaProvider: End Intent { act=android.intent.action.MEDIA_SCANNER_SCAN_FILE dat=file:///sdcard/screen_2026-04-23_204731.png flg=0x1400010 cmp=com.android.providers.media.module/com.android.providers.media.MediaService }
04-23 20:47:30.496  1438  1438 W com.android.providers.media.module: type=1400 audit(0.0:736): avc: denied { read } for comm=4173796E635461736B202331 name="primary" dev="tmpfs" ino=22223 scontext=u:r:mediaprovider_app:s0:c122,c256,c512,c768 tcontext=u:object_r:mnt_pass_through_file:s0 tclass=lnk_file permissive=0 app=com.android.providers.media.module
04-23 20:47:30.578  1438  1559 I MediaProvider: Deleted 1 items on external_primary due to com.android.shell
04-23 20:47:30.604  8267  8269 I cmd     : oneway function results will be dropped but finished with status OK and parcel size 4
04-23 20:47:30.719   159   159 I hwservicemanager: getTransport: Cannot find entry android.hardware.graphics.mapper@4.0::IMapper/default in either framework or device manifest.
04-23 20:47:30.719  8289  8289 I Gralloc4: mapper 4.x is not supported
04-23 20:47:30.757  8293  8295 I cmd     : oneway function results will be dropped but finished with status OK and parcel size 4
04-23 20:47:30.758  1438  1963 I MediaProvider: Begin Intent { act=android.intent.action.MEDIA_SCANNER_SCAN_FILE dat=file:///sdcard/screen_2026-04-23_204731.png flg=0x1400010 cmp=com.android.providers.media.module/com.android.providers.media.MediaService }
04-23 20:47:30.760  1438  1963 W ModernMediaScanner: Failed to visit /sdcard/screen_2026-04-23_204731.png: java.nio.file.AccessDeniedException: /sdcard/screen_2026-04-23_204731.png
04-23 20:47:30.761  1438  1963 I MediaProvider: Scanned internal due to REASON_DEMAND, found 0 items in 1ms, 0 inserts 0 updates 0 deletes
04-23 20:47:30.761  1438  1963 I MediaProvider: End Intent { act=android.intent.action.MEDIA_SCANNER_SCAN_FILE dat=file:///sdcard/screen_2026-04-23_204731.png flg=0x1400010 cmp=com.android.providers.media.module/com.android.providers.media.MediaService }
04-23 20:47:30.779  1438  1561 I MediaProvider: Deleted 1 items on external_primary due to com.android.shell
04-23 20:47:30.804  8304  8306 I cmd     : oneway function results will be dropped but finished with status OK and parcel size 4
04-23 20:47:30.913   159   159 I hwservicemanager: getTransport: Cannot find entry android.hardware.graphics.mapper@4.0::IMapper/default in either framework or device manifest.
04-23 20:47:30.913  8326  8326 I Gralloc4: mapper 4.x is not supported
04-23 20:47:30.950  8330  8332 I cmd     : oneway function results will be dropped but finished with status OK and parcel size 4
04-23 20:47:30.951   506  1242 I ActivityManager: Killing 1243:com.android.deskclock/u0a102 (adj 985): empty #17
04-23 20:47:30.956  1438  1963 I MediaProvider: Begin Intent { act=android.intent.action.MEDIA_SCANNER_SCAN_FILE dat=file:///sdcard/screen_2026-04-23_204731.png flg=0x1400010 cmp=com.android.providers.media.module/com.android.providers.media.MediaService }
04-23 20:47:30.957  1438  1963 W ModernMediaScanner: Failed to visit /sdcard/screen_2026-04-23_204731.png: java.nio.file.AccessDeniedException: /sdcard/screen_2026-04-23_204731.png
04-23 20:47:30.958   283   283 I Zygote  : Process 1243 exited due to signal 9 (Killed)
04-23 20:47:30.959  1438  1963 I MediaProvider: Scanned internal due to REASON_DEMAND, found 0 items in 3ms, 0 inserts 0 updates 0 deletes
04-23 20:47:30.961  1438  1963 I MediaProvider: End Intent { act=android.intent.action.MEDIA_SCANNER_SCAN_FILE dat=file:///sdcard/screen_2026-04-23_204731.png flg=0x1400010 cmp=com.android.providers.media.module/com.android.providers.media.MediaService }
04-23 20:47:30.982   506   549 I libprocessgroup: Successfully killed process cgroup uid 10102 pid 1243 in 27ms
04-23 20:47:31.012  1438  2482 I MediaProvider: Deleted 1 items on external_primary due to com.android.shell
04-23 20:47:31.037  8341  8343 I cmd     : oneway function results will be dropped but finished with status OK and parcel size 4
04-23 20:47:31.083  8356  8358 I cmd     : oneway function results will be dropped but finished with status OK and parcel size 4
04-23 20:47:31.128  8371  8373 I cmd     : oneway function results will be dropped but finished with status OK and parcel size 4
04-23 20:47:31.262  8400  8400 E libc    : Access denied finding property "persist.device_config.runtime_native_boot.profilebootclasspath"
04-23 20:47:31.262  8400  8400 E libc    : Access denied finding property "persist.device_config.runtime_native_boot.enable_apex_image"
04-23 20:47:31.262  8400  8400 I AndroidRuntime: Using default boot image
04-23 20:47:31.262  8400  8400 E libc    : Access denied finding property "persist.device_config.runtime_native_boot.disable_lock_profiling"
04-23 20:47:31.262  8400  8400 I AndroidRuntime: Leaving lock profiling enabled
04-23 20:47:31.262  8400  8400 E libc    : Access denied finding property "persist.device_config.runtime_native_boot.enable_generational_cc"
04-23 20:47:31.263  8400  8400 I app_process: Core platform API reporting enabled, enforcing=false
04-23 20:47:31.297  8400  8400 W app_process: Unexpected CPU variant for X86 using defaults: x86_64
04-23 20:47:31.298  8400  8400 I app_process: The ClassLoaderContext is a special shared library.
04-23 20:47:31.303  8400  8400 W app_process: JNI RegisterNativeMethods: attempt to register 0 native methods for android.media.AudioAttributes
04-23 20:47:31.508  2653  2653 I DatabaseHelper: Breed 10: Favorited false
04-23 20:47:33.010   159   159 I hwservicemanager: getTransport: Cannot find entry android.hardware.graphics.mapper@4.0::IMapper/default in either framework or device manifest.
04-23 20:47:33.010  8431  8431 I Gralloc4: mapper 4.x is not supported
04-23 20:47:33.048  1438  1963 I MediaProvider: Begin Intent { act=android.intent.action.MEDIA_SCANNER_SCAN_FILE dat=file:///sdcard/screen_2026-04-23_204733.png flg=0x1400010 cmp=com.android.providers.media.module/com.android.providers.media.MediaService }
04-23 20:47:33.044  1438  1438 W com.android.providers.media.module: type=1400 audit(0.0:756): avc: denied { read } for comm=4173796E635461736B202331 name="primary" dev="tmpfs" ino=22223 scontext=u:r:mediaprovider_app:s0:c122,c256,c512,c768 tcontext=u:object_r:mnt_pass_through_file:s0 tclass=lnk_file permissive=0 app=com.android.providers.media.module
04-23 20:47:33.266     0     0 W audit   : audit_lost=557 audit_rate_limit=5 audit_backlog_limit=64
04-23 20:47:33.271     0     0 E audit   : rate limit exceeded
04-23 20:47:33.071  1438  1963 W ModernMediaScanner: Failed to visit /sdcard/screen_2026-04-23_204733.png: java.nio.file.AccessDeniedException: /sdcard/screen_2026-04-23_204733.png
04-23 20:47:33.072  1438  1963 I MediaProvider: Scanned internal due to REASON_DEMAND, found 0 items in 17ms, 0 inserts 0 updates 0 deletes
04-23 20:47:33.073  1438  1963 I MediaProvider: End Intent { act=android.intent.action.MEDIA_SCANNER_SCAN_FILE dat=file:///sdcard/screen_2026-04-23_204733.png flg=0x1400010 cmp=com.android.providers.media.module/com.android.providers.media.MediaService }
04-23 20:47:33.052  1438  1438 W com.android.providers.media.module: type=1400 audit(0.0:757): avc: denied { read } for comm=4173796E635461736B202331 name="primary" dev="tmpfs" ino=22223 scontext=u:r:mediaprovider_app:s0:c122,c256,c512,c768 tcontext=u:object_r:mnt_pass_through_file:s0 tclass=lnk_file permissive=0 app=com.android.providers.media.module
04-23 20:47:33.139  1438  1559 I MediaProvider: Deleted 1 items on external_primary due to com.android.shell
04-23 20:47:33.166  8446  8448 I cmd     : oneway function results will be dropped but finished with status OK and parcel size 4
04-23 20:47:33.291   159   159 I hwservicemanager: getTransport: Cannot find entry android.hardware.graphics.mapper@4.0::IMapper/default in either framework or device manifest.
04-23 20:47:33.291  8470  8470 I Gralloc4: mapper 4.x is not supported
04-23 20:47:33.327  8474  8476 I cmd     : oneway function results will be dropped but finished with status OK and parcel size 4
04-23 20:47:33.328  1438  1963 I MediaProvider: Begin Intent { act=android.intent.action.MEDIA_SCANNER_SCAN_FILE dat=file:///sdcard/screen_2026-04-23_204733.png flg=0x1400010 cmp=com.android.providers.media.module/com.android.providers.media.MediaService }
04-23 20:47:33.329  1438  1963 W ModernMediaScanner: Failed to visit /sdcard/screen_2026-04-23_204733.png: java.nio.file.AccessDeniedException: /sdcard/screen_2026-04-23_204733.png
04-23 20:47:33.329  1438  1963 I MediaProvider: Scanned internal due to REASON_DEMAND, found 0 items in 1ms, 0 inserts 0 updates 0 deletes
04-23 20:47:33.329  1438  1963 I MediaProvider: End Intent { act=android.intent.action.MEDIA_SCANNER_SCAN_FILE dat=file:///sdcard/screen_2026-04-23_204733.png flg=0x1400010 cmp=com.android.providers.media.module/com.android.providers.media.MediaService }
04-23 20:47:33.347  1438  1561 I MediaProvider: Deleted 1 items on external_primary due to com.android.shell
04-23 20:47:33.373  8485  8487 I cmd     : oneway function results will be dropped but finished with status OK and parcel size 4
04-23 20:47:33.483   159   159 I hwservicemanager: getTransport: Cannot find entry android.hardware.graphics.mapper@4.0::IMapper/default in either framework or device manifest.
04-23 20:47:33.484  8507  8507 I Gralloc4: mapper 4.x is not supported
04-23 20:47:33.521  1438  1963 I MediaProvider: Begin Intent { act=android.intent.action.MEDIA_SCANNER_SCAN_FILE dat=file:///sdcard/screen_2026-04-23_204734.png flg=0x1400010 cmp=com.android.providers.media.module/com.android.providers.media.MediaService }
04-23 20:47:33.523  8511  8513 I cmd     : oneway function results will be dropped but finished with status OK and parcel size 4
04-23 20:47:33.523  1438  1963 W ModernMediaScanner: Failed to visit /sdcard/screen_2026-04-23_204734.png: java.nio.file.AccessDeniedException: /sdcard/screen_2026-04-23_204734.png
04-23 20:47:33.524  1438  1963 I MediaProvider: Scanned internal due to REASON_DEMAND, found 0 items in 2ms, 0 inserts 0 updates 0 deletes
04-23 20:47:33.525  1438  1963 I MediaProvider: End Intent { act=android.intent.action.MEDIA_SCANNER_SCAN_FILE dat=file:///sdcard/screen_2026-04-23_204734.png flg=0x1400010 cmp=com.android.providers.media.module/com.android.providers.media.MediaService }
04-23 20:47:33.545  1438  2482 I MediaProvider: Deleted 1 items on external_primary due to com.android.shell
04-23 20:47:33.616  8537  8539 I cmd     : oneway function results will be dropped but finished with status OK and parcel size 4
04-23 20:47:33.662  8552  8554 I cmd     : oneway function results will be dropped but finished with status OK and parcel size 4
04-23 20:47:33.713  8567  8569 I cmd     : oneway function results will be dropped but finished with status OK and parcel size 4
04-23 20:47:33.783  8579  8579 E libc    : Access denied finding property "persist.device_config.runtime_native_boot.profilebootclasspath"
04-23 20:47:33.783  8579  8579 E libc    : Access denied finding property "persist.device_config.runtime_native_boot.enable_apex_image"
04-23 20:47:33.783  8579  8579 I AndroidRuntime: Using default boot image
04-23 20:47:33.783  8579  8579 E libc    : Access denied finding property "persist.device_config.runtime_native_boot.disable_lock_profiling"
04-23 20:47:33.783  8579  8579 I AndroidRuntime: Leaving lock profiling enabled
04-23 20:47:33.783  8579  8579 E libc    : Access denied finding property "persist.device_config.runtime_native_boot.enable_generational_cc"
04-23 20:47:33.784  8579  8579 I app_process: Core platform API reporting enabled, enforcing=false
04-23 20:47:33.818  8579  8579 W app_process: Unexpected CPU variant for X86 using defaults: x86_64
04-23 20:47:33.819  8579  8579 I app_process: The ClassLoaderContext is a special shared library.
04-23 20:47:33.826  8579  8579 W app_process: JNI RegisterNativeMethods: attempt to register 0 native methods for android.media.AudioAttributes
04-23 20:47:34.041  2653  2653 I DatabaseHelper: Breed 11: Favorited false
