04-23 20:48:48.145  1599  1972 I MediaProvider: Begin Intent { act=android.intent.action.MEDIA_SCANNER_SCAN_FILE dat=file:///sdcard/screen_2026-04-23_204849.png flg=0x1400010 cmp=com.android.providers.media.module/com.android.providers.media.MediaService }
04-23 20:48:48.146  1599  1972 W ModernMediaScanner: Failed to visit /sdcard/screen_2026-04-23_204849.png: java.nio.file.AccessDeniedException: /sdcard/screen_2026-04-23_204849.png
04-23 20:48:48.147  1599  1972 I MediaProvider: Scanned internal due to REASON_DEMAND, found 0 items in 1ms, 0 inserts 0 updates 0 deletes
04-23 20:48:48.152  1599  1972 I MediaProvider: End Intent { act=android.intent.action.MEDIA_SCANNER_SCAN_FILE dat=file:///sdcard/screen_2026-04-23_204849.png flg=0x1400010 cmp=com.android.providers.media.module/com.android.providers.media.MediaService }
04-23 20:48:48.174  1599  1799 I MediaProvider: Deleted 1 items on external_primary due to com.android.shell
04-23 20:48:48.279  9106  9108 I cmd     : oneway function results will be dropped but finished with status OK and parcel size 4
04-23 20:48:48.345  9121  9123 I cmd     : oneway function results will be dropped but finished with status OK and parcel size 4
04-23 20:48:48.409  9136  9138 I cmd     : oneway function results will be dropped but finished with status OK and parcel size 4
04-23 20:48:48.507  9148  9148 E libc    : Access denied finding property "persist.device_config.runtime_native_boot.profilebootclasspath"
04-23 20:48:48.507  9148  9148 E libc    : Access denied finding property "persist.device_config.runtime_native_boot.enable_apex_image"
04-23 20:48:48.507  9148  9148 I AndroidRuntime: Using default boot image
04-23 20:48:48.507  9148  9148 E libc    : Access denied finding property "persist.device_config.runtime_native_boot.disable_lock_profiling"
04-23 20:48:48.507  9148  9148 I AndroidRuntime: Leaving lock profiling enabled
04-23 20:48:48.507  9148  9148 E libc    : Access denied finding property "persist.device_config.runtime_native_boot.enable_generational_cc"
04-23 20:48:48.509  9148  9148 I app_process: Core platform API reporting enabled, enforcing=false
04-23 20:48:48.504  9148  9148 W app_process: type=1400 audit(0.0:845): avc: denied { read } for name="u:object_r:device_config_runtime_native_boot_prop:s0" dev="tmpfs" ino=8290 scontext=u:r:shell:s0 tcontext=u:object_r:device_config_runtime_native_boot_prop:s0 tclass=file permissive=0
04-23 20:48:48.504  9148  9148 W app_process: type=1400 audit(0.0:847): avc: denied { read } for name="u:object_r:device_config_runtime_native_boot_prop:s0" dev="tmpfs" ino=8290 scontext=u:r:shell:s0 tcontext=u:object_r:device_config_runtime_native_boot_prop:s0 tclass=file permissive=0
04-23 20:48:48.560  9148  9148 W app_process: Unexpected CPU variant for X86 using defaults: x86_64
04-23 20:48:48.561  9148  9148 I app_process: The ClassLoaderContext is a special shared library.
04-23 20:48:48.568  9148  9148 W app_process: JNI RegisterNativeMethods: attempt to register 0 native methods for android.media.AudioAttributes
04-23 20:48:48.504  9148  9148 W app_process: type=1400 audit(0.0:848): avc: denied { read } for name="u:object_r:device_config_runtime_native_boot_prop:s0" dev="tmpfs" ino=8290 scontext=u:r:shell:s0 tcontext=u:object_r:device_config_runtime_native_boot_prop:s0 tclass=file permissive=0
04-23 20:48:48.777  8530  8530 I DatabaseHelper: Breed 2: Favorited true
04-23 20:48:48.890  2103  2103 E AccessibilityInteractionClient: 3 Disconnected nodes.
04-23 20:48:48.903  8111  8111 I ProvidersCache: Updating roots due to change on user 0at content://com.android.providers.media.documents/root
04-23 20:48:49.720   504  1271 I ActivityManager: Killing 2117:com.android.deskclock/u0a107 (adj 975): empty #17
04-23 20:48:49.201  8111  8111 I chatty  : uid=10076(com.android.documentsui) identical 1 line
04-23 20:48:49.507  8111  8111 I ProvidersCache: Updating roots due to change on user 0at content://com.android.providers.media.documents/root
04-23 20:48:49.727   285   285 I Zygote  : Process 2117 exited due to signal 9 (Killed)
04-23 20:48:49.755   504   548 I libprocessgroup: Successfully killed process cgroup uid 10107 pid 2117 in 31ms
04-23 20:48:50.312   158   158 I hwservicemanager: getTransport: Cannot find entry android.hardware.graphics.mapper@4.0::IMapper/default in either framework or device manifest.
04-23 20:48:50.312  9183  9183 I Gralloc4: mapper 4.x is not supported
04-23 20:48:50.359  1599  1972 I MediaProvider: Begin Intent { act=android.intent.action.MEDIA_SCANNER_SCAN_FILE dat=file:///sdcard/screen_2026-04-23_204851.png flg=0x1400010 cmp=com.android.providers.media.module/com.android.providers.media.MediaService }
04-23 20:48:50.362  1599  1972 W ModernMediaScanner: Failed to visit /sdcard/screen_2026-04-23_204851.png: java.nio.file.AccessDeniedException: /sdcard/screen_2026-04-23_204851.png
04-23 20:48:50.362  1599  1972 I MediaProvider: Scanned internal due to REASON_DEMAND, found 0 items in 1ms, 0 inserts 0 updates 0 deletes
04-23 20:48:50.363  1599  1972 I MediaProvider: End Intent { act=android.intent.action.MEDIA_SCANNER_SCAN_FILE dat=file:///sdcard/screen_2026-04-23_204851.png flg=0x1400010 cmp=com.android.providers.media.module/com.android.providers.media.MediaService }
04-23 20:48:50.352  1599  1599 W com.android.providers.media.module: type=1400 audit(0.0:849): avc: denied { read } for comm=4173796E635461736B202331 name="primary" dev="tmpfs" ino=28662 scontext=u:r:mediaprovider_app:s0:c123,c256,c512,c768 tcontext=u:object_r:mnt_pass_through_file:s0 tclass=lnk_file permissive=0 app=com.android.providers.media.module
04-23 20:48:50.356  1599  1599 W com.android.providers.media.module: type=1400 audit(0.0:851): avc: denied { read } for comm=4173796E635461736B202331 name="primary" dev="tmpfs" ino=28662 scontext=u:r:mediaprovider_app:s0:c123,c256,c512,c768 tcontext=u:object_r:mnt_pass_through_file:s0 tclass=lnk_file permissive=0 app=com.android.providers.media.module
04-23 20:48:50.431  1599  1799 I MediaProvider: Deleted 1 items on external_primary due to com.android.shell
04-23 20:48:50.356  1599  1599 W com.android.providers.media.module: type=1400 audit(0.0:852): avc: denied { read } for comm=4173796E635461736B202331 name="primary" dev="tmpfs" ino=28662 scontext=u:r:mediaprovider_app:s0:c123,c256,c512,c768 tcontext=u:object_r:mnt_pass_through_file:s0 tclass=lnk_file permissive=0 app=com.android.providers.media.module
04-23 20:48:50.467  9198  9200 I cmd     : oneway function results will be dropped but finished with status OK and parcel size 4
04-23 20:48:50.618   158   158 I hwservicemanager: getTransport: Cannot find entry android.hardware.graphics.mapper@4.0::IMapper/default in either framework or device manifest.
04-23 20:48:50.618  9220  9220 I Gralloc4: mapper 4.x is not supported
04-23 20:48:50.670  9224  9226 I cmd     : oneway function results will be dropped but finished with status OK and parcel size 4
04-23 20:48:50.671  1599  1972 I MediaProvider: Begin Intent { act=android.intent.action.MEDIA_SCANNER_SCAN_FILE dat=file:///sdcard/screen_2026-04-23_204851.png flg=0x1400010 cmp=com.android.providers.media.module/com.android.providers.media.MediaService }
04-23 20:48:51.227     0     0 W audit   : audit_lost=541 audit_rate_limit=5 audit_backlog_limit=64
04-23 20:48:51.232     0     0 E audit   : rate limit exceeded
04-23 20:48:50.680  1599  1972 W ModernMediaScanner: Failed to visit /sdcard/screen_2026-04-23_204851.png: java.nio.file.AccessDeniedException: /sdcard/screen_2026-04-23_204851.png
04-23 20:48:50.680  1599  1972 I MediaProvider: Scanned internal due to REASON_DEMAND, found 0 items in 2ms, 0 inserts 0 updates 0 deletes
04-23 20:48:50.681  1599  1972 I MediaProvider: End Intent { act=android.intent.action.MEDIA_SCANNER_SCAN_FILE dat=file:///sdcard/screen_2026-04-23_204851.png flg=0x1400010 cmp=com.android.providers.media.module/com.android.providers.media.MediaService }
04-23 20:48:50.738  1599  1799 I MediaProvider: Deleted 1 items on external_primary due to com.android.shell
04-23 20:48:50.772  9235  9237 I cmd     : oneway function results will be dropped but finished with status OK and parcel size 4
04-23 20:48:50.921   158   158 I hwservicemanager: getTransport: Cannot find entry android.hardware.graphics.mapper@4.0::IMapper/default in either framework or device manifest.
04-23 20:48:50.921  9257  9257 I Gralloc4: mapper 4.x is not supported
04-23 20:48:50.989  1599  1972 I MediaProvider: Begin Intent { act=android.intent.action.MEDIA_SCANNER_SCAN_FILE dat=file:///sdcard/screen_2026-04-23_204851.png flg=0x1400010 cmp=com.android.providers.media.module/com.android.providers.media.MediaService }
04-23 20:48:50.989  9263  9265 I cmd     : oneway function results will be dropped but finished with status OK and parcel size 4
04-23 20:48:50.989  1599  1972 W ModernMediaScanner: Failed to visit /sdcard/screen_2026-04-23_204851.png: java.nio.file.AccessDeniedException: /sdcard/screen_2026-04-23_204851.png
04-23 20:48:50.990  1599  1972 I MediaProvider: Scanned internal due to REASON_DEMAND, found 0 items in 1ms, 0 inserts 0 updates 0 deletes
04-23 20:48:50.992  1599  1972 I MediaProvider: End Intent { act=android.intent.action.MEDIA_SCANNER_SCAN_FILE dat=file:///sdcard/screen_2026-04-23_204851.png flg=0x1400010 cmp=com.android.providers.media.module/com.android.providers.media.MediaService }
04-23 20:48:51.024  1599  2495 I MediaProvider: Deleted 1 items on external_primary due to com.android.shell
04-23 20:48:51.058  9274  9276 I cmd     : oneway function results will be dropped but finished with status OK and parcel size 4
04-23 20:48:51.128  9289  9291 I cmd     : oneway function results will be dropped but finished with status OK and parcel size 4
04-23 20:48:51.192  9304  9306 I cmd     : oneway function results will be dropped but finished with status OK and parcel size 4
04-23 20:48:51.231  8111  8111 I ProvidersCache: Updating roots due to change on user 0at content://com.android.providers.media.documents/root
04-23 20:48:51.257  9319  9321 I cmd     : oneway function results will be dropped but finished with status OK and parcel size 4
04-23 20:48:51.353  9331  9331 E libc    : Access denied finding property "persist.device_config.runtime_native_boot.profilebootclasspath"
04-23 20:48:51.353  9331  9331 E libc    : Access denied finding property "persist.device_config.runtime_native_boot.enable_apex_image"
04-23 20:48:51.353  9331  9331 I AndroidRuntime: Using default boot image
04-23 20:48:51.353  9331  9331 E libc    : Access denied finding property "persist.device_config.runtime_native_boot.disable_lock_profiling"
04-23 20:48:51.353  9331  9331 I AndroidRuntime: Leaving lock profiling enabled
04-23 20:48:51.353  9331  9331 E libc    : Access denied finding property "persist.device_config.runtime_native_boot.enable_generational_cc"
04-23 20:48:51.355  9331  9331 I app_process: Core platform API reporting enabled, enforcing=false
04-23 20:48:51.405  9331  9331 W app_process: Unexpected CPU variant for X86 using defaults: x86_64
04-23 20:48:51.406  9331  9331 I app_process: The ClassLoaderContext is a special shared library.
04-23 20:48:51.413  9331  9331 W app_process: JNI RegisterNativeMethods: attempt to register 0 native methods for android.media.AudioAttributes
04-23 20:48:51.634  8530  8530 I DatabaseHelper: Breed 3: Favorited true
04-23 20:48:51.648  2103  2103 E AccessibilityInteractionClient: 4 Disconnected nodes.
04-23 20:48:51.874  8111  8111 I ProvidersCache: Updating roots due to change on user 0at content://com.android.providers.media.documents/root
04-23 20:48:52.207  8111  8111 I chatty  : uid=10076(com.android.documentsui) identical 1 line
04-23 20:48:52.395  8111  8111 I ProvidersCache: Updating roots due to change on user 0at content://com.android.providers.media.documents/root
04-23 20:48:53.166   158   158 I hwservicemanager: getTransport: Cannot find entry android.hardware.graphics.mapper@4.0::IMapper/default in either framework or device manifest.
04-23 20:48:53.166  9366  9366 I Gralloc4: mapper 4.x is not supported
04-23 20:48:53.223   504  1000 I ActivityManager: Killing 2157:com.android.dynsystem/1000 (adj 985): empty #17
04-23 20:48:53.224  9370  9372 I cmd     : oneway function results will be dropped but finished with status OK and parcel size 4
04-23 20:48:53.225  1599  1972 I MediaProvider: Begin Intent { act=android.intent.action.MEDIA_SCANNER_SCAN_FILE dat=file:///sdcard/screen_2026-04-23_204854.png flg=0x1400010 cmp=com.android.providers.media.module/com.android.providers.media.MediaService }
04-23 20:48:53.220  1599  1599 W com.android.providers.media.module: type=1400 audit(0.0:871): avc: denied { read } for comm=4173796E635461736B202331 name="primary" dev="tmpfs" ino=28662 scontext=u:r:mediaprovider_app:s0:c123,c256,c512,c768 tcontext=u:object_r:mnt_pass_through_file:s0 tclass=lnk_file permissive=0 app=com.android.providers.media.module
04-23 20:48:53.782     0     0 W audit   : audit_lost=557 audit_rate_limit=5 audit_backlog_limit=64
04-23 20:48:53.788     0     0 E audit   : rate limit exceeded
04-23 20:48:53.252   285   285 I Zygote  : Process 2157 exited due to signal 9 (Killed)
04-23 20:48:53.253  1599  1972 W ModernMediaScanner: Failed to visit /sdcard/screen_2026-04-23_204854.png: java.nio.file.AccessDeniedException: /sdcard/screen_2026-04-23_204854.png
04-23 20:48:53.253  1599  1972 I MediaProvider: Scanned internal due to REASON_DEMAND, found 0 items in 28ms, 0 inserts 0 updates 0 deletes
04-23 20:48:53.254  1599  1972 I MediaProvider: End Intent { act=android.intent.action.MEDIA_SCANNER_SCAN_FILE dat=file:///sdcard/screen_2026-04-23_204854.png flg=0x1400010 cmp=com.android.providers.media.module/com.android.providers.media.MediaService }
04-23 20:48:53.267   504   548 I libprocessgroup: Successfully killed process cgroup uid 1000 pid 2157 in 43ms
04-23 20:48:53.220  1599  1599 W com.android.providers.media.module: type=1400 audit(0.0:872): avc: denied { read } for comm=4173796E635461736B202331 name="primary" dev="tmpfs" ino=28662 scontext=u:r:mediaprovider_app:s0:c123,c256,c512,c768 tcontext=u:object_r:mnt_pass_through_file:s0 tclass=lnk_file permissive=0 app=com.android.providers.media.module
04-23 20:48:53.349  1599  1800 I MediaProvider: Deleted 1 items on external_primary due to com.android.shell
04-23 20:48:53.389  9381  9383 I cmd     : oneway function results will be dropped but finished with status OK and parcel size 4
04-23 20:48:53.548   158   158 I hwservicemanager: getTransport: Cannot find entry android.hardware.graphics.mapper@4.0::IMapper/default in either framework or device manifest.
04-23 20:48:53.548  9403  9403 I Gralloc4: mapper 4.x is not supported
04-23 20:48:53.603  9407  9409 I cmd     : oneway function results will be dropped but finished with status OK and parcel size 4
04-23 20:48:53.604  1599  1972 I MediaProvider: Begin Intent { act=android.intent.action.MEDIA_SCANNER_SCAN_FILE dat=file:///sdcard/screen_2026-04-23_204854.png flg=0x1400010 cmp=com.android.providers.media.module/com.android.providers.media.MediaService }
04-23 20:48:53.605  1599  1972 W ModernMediaScanner: Failed to visit /sdcard/screen_2026-04-23_204854.png: java.nio.file.AccessDeniedException: /sdcard/screen_2026-04-23_204854.png
04-23 20:48:53.605  1599  1972 I MediaProvider: Scanned internal due to REASON_DEMAND, found 0 items in 1ms, 0 inserts 0 updates 0 deletes
04-23 20:48:53.606  1599  1972 I MediaProvider: End Intent { act=android.intent.action.MEDIA_SCANNER_SCAN_FILE dat=file:///sdcard/screen_2026-04-23_204854.png flg=0x1400010 cmp=com.android.providers.media.module/com.android.providers.media.MediaService }
04-23 20:48:53.632  1599  2495 I MediaProvider: Deleted 1 items on external_primary due to com.android.shell
04-23 20:48:53.665  9418  9420 I cmd     : oneway function results will be dropped but finished with status OK and parcel size 4
04-23 20:48:53.816   158   158 I hwservicemanager: getTransport: Cannot find entry android.hardware.graphics.mapper@4.0::IMapper/default in either framework or device manifest.
04-23 20:48:53.816  9440  9440 I Gralloc4: mapper 4.x is not supported
04-23 20:48:53.863  9444  9446 I cmd     : oneway function results will be dropped but finished with status OK and parcel size 4
04-23 20:48:53.863  1599  1972 I MediaProvider: Begin Intent { act=android.intent.action.MEDIA_SCANNER_SCAN_FILE dat=file:///sdcard/screen_2026-04-23_204854.png flg=0x1400010 cmp=com.android.providers.media.module/com.android.providers.media.MediaService }
04-23 20:48:53.864  1599  1972 W ModernMediaScanner: Failed to visit /sdcard/screen_2026-04-23_204854.png: java.nio.file.AccessDeniedException: /sdcard/screen_2026-04-23_204854.png
04-23 20:48:53.865  1599  1972 I MediaProvider: Scanned internal due to REASON_DEMAND, found 0 items in 1ms, 0 inserts 0 updates 0 deletes
04-23 20:48:53.866  1599  1972 I MediaProvider: End Intent { act=android.intent.action.MEDIA_SCANNER_SCAN_FILE dat=file:///sdcard/screen_2026-04-23_204854.png flg=0x1400010 cmp=com.android.providers.media.module/com.android.providers.media.MediaService }
04-23 20:48:53.893  1599  1799 I MediaProvider: Deleted 1 items on external_primary due to com.android.shell
04-23 20:48:53.927  9455  9457 I cmd     : oneway function results will be dropped but finished with status OK and parcel size 4
04-23 20:48:53.990  9470  9472 I cmd     : oneway function results will be dropped but finished with status OK and parcel size 4
04-23 20:48:54.065  9487  9489 I cmd     : oneway function results will be dropped but finished with status OK and parcel size 4
04-23 20:48:54.129  9502  9504 I cmd     : oneway function results will be dropped but finished with status OK and parcel size 4
04-23 20:48:54.225  9514  9514 E libc    : Access denied finding property "persist.device_config.runtime_native_boot.profilebootclasspath"
04-23 20:48:54.225  9514  9514 E libc    : Access denied finding property "persist.device_config.runtime_native_boot.enable_apex_image"
04-23 20:48:54.225  9514  9514 I AndroidRuntime: Using default boot image
04-23 20:48:54.225  9514  9514 E libc    : Access denied finding property "persist.device_config.runtime_native_boot.disable_lock_profiling"
04-23 20:48:54.225  9514  9514 I AndroidRuntime: Leaving lock profiling enabled
04-23 20:48:54.225  9514  9514 E libc    : Access denied finding property "persist.device_config.runtime_native_boot.enable_generational_cc"
04-23 20:48:54.227  9514  9514 I app_process: Core platform API reporting enabled, enforcing=false
04-23 20:48:54.277  9514  9514 W app_process: Unexpected CPU variant for X86 using defaults: x86_64
04-23 20:48:54.278  9514  9514 I app_process: The ClassLoaderContext is a special shared library.
04-23 20:48:54.285  9514  9514 W app_process: JNI RegisterNativeMethods: attempt to register 0 native methods for android.media.AudioAttributes
04-23 20:48:54.493  8530  8530 I DatabaseHelper: Breed 4: Favorited true
04-23 20:48:54.581  2103  2103 E AccessibilityInteractionClient: 5 Disconnected nodes.
04-23 20:48:54.755  8111  8111 I ProvidersCache: Updating roots due to change on user 0at content://com.android.providers.media.documents/root
04-23 20:48:55.081  8111  8111 I chatty  : uid=10076(com.android.documentsui) identical 1 line
04-23 20:48:55.330  8111  8111 I ProvidersCache: Updating roots due to change on user 0at content://com.android.providers.media.documents/root
04-23 20:48:56.034   158   158 I hwservicemanager: getTransport: Cannot find entry android.hardware.graphics.mapper@4.0::IMapper/default in either framework or device manifest.
04-23 20:48:56.034  9550  9550 I Gralloc4: mapper 4.x is not supported
04-23 20:48:56.087  1599  1972 I MediaProvider: Begin Intent { act=android.intent.action.MEDIA_SCANNER_SCAN_FILE dat=file:///sdcard/screen_2026-04-23_204857.png flg=0x1400010 cmp=com.android.providers.media.module/com.android.providers.media.MediaService }
04-23 20:48:56.095  1599  1972 W ModernMediaScanner: Failed to visit /sdcard/screen_2026-04-23_204857.png: java.nio.file.AccessDeniedException: /sdcard/screen_2026-04-23_204857.png
04-23 20:48:56.643     0     0 W audit   : audit_lost=574 audit_rate_limit=5 audit_backlog_limit=64
04-23 20:48:56.648     0     0 E audit   : rate limit exceeded
04-23 20:48:56.095  1599  1972 I MediaProvider: Scanned internal due to REASON_DEMAND, found 0 items in 8ms, 0 inserts 0 updates 0 deletes
04-23 20:48:56.096  1599  1972 I MediaProvider: End Intent { act=android.intent.action.MEDIA_SCANNER_SCAN_FILE dat=file:///sdcard/screen_2026-04-23_204857.png flg=0x1400010 cmp=com.android.providers.media.module/com.android.providers.media.MediaService }
04-23 20:48:56.080  1599  1599 W com.android.providers.media.module: type=1400 audit(0.0:893): avc: denied { read } for comm=4173796E635461736B202331 name="primary" dev="tmpfs" ino=28662 scontext=u:r:mediaprovider_app:s0:c123,c256,c512,c768 tcontext=u:object_r:mnt_pass_through_file:s0 tclass=lnk_file permissive=0 app=com.android.providers.media.module
04-23 20:48:56.084  1599  1599 I chatty  : uid=10123(com.android.providers.media.module) identical 3 lines
04-23 20:48:56.084  1599  1599 W com.android.providers.media.module: type=1400 audit(0.0:897): avc: denied { read } for comm=4173796E635461736B202331 name="primary" dev="tmpfs" ino=28662 scontext=u:r:mediaprovider_app:s0:c123,c256,c512,c768 tcontext=u:object_r:mnt_pass_through_file:s0 tclass=lnk_file permissive=0 app=com.android.providers.media.module
04-23 20:48:56.203  1599  1800 I MediaProvider: Deleted 1 items on external_primary due to com.android.shell
04-23 20:48:56.239  9567  9569 I cmd     : oneway function results will be dropped but finished with status OK and parcel size 4
04-23 20:48:56.402   158   158 I hwservicemanager: getTransport: Cannot find entry android.hardware.graphics.mapper@4.0::IMapper/default in either framework or device manifest.
04-23 20:48:56.402  9589  9589 I Gralloc4: mapper 4.x is not supported
04-23 20:48:56.459  9593  9595 I cmd     : oneway function results will be dropped but finished with status OK and parcel size 4
04-23 20:48:56.459  1599  1972 I MediaProvider: Begin Intent { act=android.intent.action.MEDIA_SCANNER_SCAN_FILE dat=file:///sdcard/screen_2026-04-23_204857.png flg=0x1400010 cmp=com.android.providers.media.module/com.android.providers.media.MediaService }
04-23 20:48:56.460  1599  1972 W ModernMediaScanner: Failed to visit /sdcard/screen_2026-04-23_204857.png: java.nio.file.AccessDeniedException: /sdcard/screen_2026-04-23_204857.png
04-23 20:48:56.461  1599  1972 I MediaProvider: Scanned internal due to REASON_DEMAND, found 0 items in 0ms, 0 inserts 0 updates 0 deletes
04-23 20:48:56.462  1599  1972 I MediaProvider: End Intent { act=android.intent.action.MEDIA_SCANNER_SCAN_FILE dat=file:///sdcard/screen_2026-04-23_204857.png flg=0x1400010 cmp=com.android.providers.media.module/com.android.providers.media.MediaService }
04-23 20:48:56.488  1599  2495 I MediaProvider: Deleted 1 items on external_primary due to com.android.shell
04-23 20:48:56.521  9604  9606 I cmd     : oneway function results will be dropped but finished with status OK and parcel size 4
04-23 20:48:56.669   158   158 I hwservicemanager: getTransport: Cannot find entry android.hardware.graphics.mapper@4.0::IMapper/default in either framework or device manifest.
04-23 20:48:56.669  9626  9626 I Gralloc4: mapper 4.x is not supported
04-23 20:48:56.726  1599  1972 I MediaProvider: Begin Intent { act=android.intent.action.MEDIA_SCANNER_SCAN_FILE dat=file:///sdcard/screen_2026-04-23_204857.png flg=0x1400010 cmp=com.android.providers.media.module/com.android.providers.media.MediaService }
04-23 20:48:56.727  1599  1972 W ModernMediaScanner: Failed to visit /sdcard/screen_2026-04-23_204857.png: java.nio.file.AccessDeniedException: /sdcard/screen_2026-04-23_204857.png
04-23 20:48:56.727  1599  1972 I MediaProvider: Scanned internal due to REASON_DEMAND, found 0 items in 1ms, 0 inserts 0 updates 0 deletes
04-23 20:48:56.731  1599  1972 I MediaProvider: End Intent { act=android.intent.action.MEDIA_SCANNER_SCAN_FILE dat=file:///sdcard/screen_2026-04-23_204857.png flg=0x1400010 cmp=com.android.providers.media.module/com.android.providers.media.MediaService }
04-23 20:48:56.758  1599  1799 I MediaProvider: Deleted 1 items on external_primary due to com.android.shell
04-23 20:48:56.793  9641  9643 I cmd     : oneway function results will be dropped but finished with status OK and parcel size 4
04-23 20:48:56.866  9656  9658 I cmd     : oneway function results will be dropped but finished with status OK and parcel size 4
04-23 20:48:56.995  9686  9688 I cmd     : oneway function results will be dropped but finished with status OK and parcel size 4
04-23 20:48:57.092  9698  9698 E libc    : Access denied finding property "persist.device_config.runtime_native_boot.profilebootclasspath"
04-23 20:48:57.092  9698  9698 E libc    : Access denied finding property "persist.device_config.runtime_native_boot.enable_apex_image"
04-23 20:48:57.092  9698  9698 I AndroidRuntime: Using default boot image
04-23 20:48:57.092  9698  9698 E libc    : Access denied finding property "persist.device_config.runtime_native_boot.disable_lock_profiling"
04-23 20:48:57.092  9698  9698 I AndroidRuntime: Leaving lock profiling enabled
04-23 20:48:57.092  9698  9698 E libc    : Access denied finding property "persist.device_config.runtime_native_boot.enable_generational_cc"
04-23 20:48:57.093  9698  9698 I app_process: Core platform API reporting enabled, enforcing=false
04-23 20:48:57.088  9698  9698 W app_process: type=1400 audit(0.0:911): avc: denied { read } for name="u:object_r:device_config_runtime_native_boot_prop:s0" dev="tmpfs" ino=8290 scontext=u:r:shell:s0 tcontext=u:object_r:device_config_runtime_native_boot_prop:s0 tclass=file permissive=0
04-23 20:48:57.146  9698  9698 W app_process: Unexpected CPU variant for X86 using defaults: x86_64
04-23 20:48:57.146  9698  9698 I app_process: The ClassLoaderContext is a special shared library.
04-23 20:48:57.088  9698  9698 W app_process: type=1400 audit(0.0:913): avc: denied { read } for name="u:object_r:device_config_runtime_native_boot_prop:s0" dev="tmpfs" ino=8290 scontext=u:r:shell:s0 tcontext=u:object_r:device_config_runtime_native_boot_prop:s0 tclass=file permissive=0
04-23 20:48:57.170  9698  9698 W app_process: JNI RegisterNativeMethods: attempt to register 0 native methods for android.media.AudioAttributes
04-23 20:48:57.377  8530  8530 I DatabaseHelper: Breed 5: Favorited true
04-23 20:48:57.463  2103  2103 E AccessibilityInteractionClient: 6 Disconnected nodes.
04-23 20:48:57.463  8111  8111 I ProvidersCache: Updating roots due to change on user 0at content://com.android.providers.media.documents/root
04-23 20:48:57.937  8111  8111 I chatty  : uid=10076(com.android.documentsui) identical 2 lines
04-23 20:48:58.215  8111  8111 I ProvidersCache: Updating roots due to change on user 0at content://com.android.providers.media.documents/root
04-23 20:48:58.908   158   158 I hwservicemanager: getTransport: Cannot find entry android.hardware.graphics.mapper@4.0::IMapper/default in either framework or device manifest.
04-23 20:48:58.908  9734  9734 I Gralloc4: mapper 4.x is not supported
04-23 20:48:58.963  1599  1972 I MediaProvider: Begin Intent { act=android.intent.action.MEDIA_SCANNER_SCAN_FILE dat=file:///sdcard/screen_2026-04-23_204859.png flg=0x1400010 cmp=com.android.providers.media.module/com.android.providers.media.MediaService }
04-23 20:48:58.974  1599  1972 W ModernMediaScanner: Failed to visit /sdcard/screen_2026-04-23_204859.png: java.nio.file.AccessDeniedException: /sdcard/screen_2026-04-23_204859.png
04-23 20:48:58.975  1599  1972 I MediaProvider: Scanned internal due to REASON_DEMAND, found 0 items in 11ms, 0 inserts 0 updates 0 deletes
04-23 20:48:58.960  1599  1599 W com.android.providers.media.module: type=1400 audit(0.0:915): avc: denied { read } for comm=4173796E635461736B202331 name="primary" dev="tmpfs" ino=28662 scontext=u:r:mediaprovider_app:s0:c123,c256,c512,c768 tcontext=u:object_r:mnt_pass_through_file:s0 tclass=lnk_file permissive=0 app=com.android.providers.media.module
04-23 20:48:58.976  1599  1972 I MediaProvider: End Intent { act=android.intent.action.MEDIA_SCANNER_SCAN_FILE dat=file:///sdcard/screen_2026-04-23_204859.png flg=0x1400010 cmp=com.android.providers.media.module/com.android.providers.media.MediaService }
04-23 20:48:58.960  1599  1599 W com.android.providers.media.module: type=1400 audit(0.0:916): avc: denied { read } for comm=4173796E635461736B202331 name="primary" dev="tmpfs" ino=28662 scontext=u:r:mediaprovider_app:s0:c123,c256,c512,c768 tcontext=u:object_r:mnt_pass_through_file:s0 tclass=lnk_file permissive=0 app=com.android.providers.media.module
04-23 20:48:58.972  1599  1599 W com.android.providers.media.module: type=1400 audit(0.0:920): avc: denied { read } for comm=4173796E635461736B202331 name="primary" dev="tmpfs" ino=28662 scontext=u:r:mediaprovider_app:s0:c123,c256,c512,c768 tcontext=u:object_r:mnt_pass_through_file:s0 tclass=lnk_file permissive=0 app=com.android.providers.media.module
04-23 20:48:59.074  1599  1800 I MediaProvider: Deleted 1 items on external_primary due to com.android.shell
04-23 20:48:59.282   158   158 I hwservicemanager: getTransport: Cannot find entry android.hardware.graphics.mapper@4.0::IMapper/default in either framework or device manifest.
04-23 20:48:59.283  9773  9773 I Gralloc4: mapper 4.x is not supported
04-23 20:48:59.338  9777  9779 I cmd     : oneway function results will be dropped but finished with status OK and parcel size 4
04-23 20:48:59.340  1599  1972 I MediaProvider: Begin Intent { act=android.intent.action.MEDIA_SCANNER_SCAN_FILE dat=file:///sdcard/screen_2026-04-23_204900.png flg=0x1400010 cmp=com.android.providers.media.module/com.android.providers.media.MediaService }
04-23 20:48:59.896     0     0 W audit   : audit_lost=587 audit_rate_limit=5 audit_backlog_limit=64
04-23 20:48:59.902     0     0 E audit   : rate limit exceeded
04-23 20:48:59.349  1599  1972 W ModernMediaScanner: Failed to visit /sdcard/screen_2026-04-23_204900.png: java.nio.file.AccessDeniedException: /sdcard/screen_2026-04-23_204900.png
04-23 20:48:59.349  1599  1972 I MediaProvider: Scanned internal due to REASON_DEMAND, found 0 items in 1ms, 0 inserts 0 updates 0 deletes
04-23 20:48:59.350  1599  1972 I MediaProvider: End Intent { act=android.intent.action.MEDIA_SCANNER_SCAN_FILE dat=file:///sdcard/screen_2026-04-23_204900.png flg=0x1400010 cmp=com.android.providers.media.module/com.android.providers.media.MediaService }
04-23 20:48:59.374  1599  2495 I MediaProvider: Deleted 1 items on external_primary due to com.android.shell
04-23 20:48:59.556   158   158 I hwservicemanager: getTransport: Cannot find entry android.hardware.graphics.mapper@4.0::IMapper/default in either framework or device manifest.
04-23 20:48:59.556  9810  9810 I Gralloc4: mapper 4.x is not supported
04-23 20:48:59.613  9814  9816 I cmd     : oneway function results will be dropped but finished with status OK and parcel size 4
04-23 20:48:59.613  1599  1972 I MediaProvider: Begin Intent { act=android.intent.action.MEDIA_SCANNER_SCAN_FILE dat=file:///sdcard/screen_2026-04-23_204900.png flg=0x1400010 cmp=com.android.providers.media.module/com.android.providers.media.MediaService }
04-23 20:48:59.614  1599  1972 W ModernMediaScanner: Failed to visit /sdcard/screen_2026-04-23_204900.png: java.nio.file.AccessDeniedException: /sdcard/screen_2026-04-23_204900.png
04-23 20:48:59.615  1599  1972 I MediaProvider: Scanned internal due to REASON_DEMAND, found 0 items in 2ms, 0 inserts 0 updates 0 deletes
04-23 20:48:59.616  1599  1972 I MediaProvider: End Intent { act=android.intent.action.MEDIA_SCANNER_SCAN_FILE dat=file:///sdcard/screen_2026-04-23_204900.png flg=0x1400010 cmp=com.android.providers.media.module/com.android.providers.media.MediaService }
04-23 20:48:59.641  1599  1799 I MediaProvider: Deleted 1 items on external_primary due to com.android.shell
04-23 20:48:59.675  9825  9827 I cmd     : oneway function results will be dropped but finished with status OK and parcel size 4
04-23 20:48:59.743  9840  9842 I cmd     : oneway function results will be dropped but finished with status OK and parcel size 4
04-23 20:48:59.807  9855  9857 I cmd     : oneway function results will be dropped but finished with status OK and parcel size 4
04-23 20:48:59.871  9870  9872 I cmd     : oneway function results will be dropped but finished with status OK and parcel size 4
04-23 20:48:59.970  9882  9882 E libc    : Access denied finding property "persist.device_config.runtime_native_boot.profilebootclasspath"
04-23 20:48:59.970  9882  9882 E libc    : Access denied finding property "persist.device_config.runtime_native_boot.enable_apex_image"
04-23 20:48:59.970  9882  9882 I AndroidRuntime: Using default boot image
04-23 20:48:59.970  9882  9882 E libc    : Access denied finding property "persist.device_config.runtime_native_boot.disable_lock_profiling"
04-23 20:48:59.970  9882  9882 I AndroidRuntime: Leaving lock profiling enabled
04-23 20:48:59.970  9882  9882 E libc    : Access denied finding property "persist.device_config.runtime_native_boot.enable_generational_cc"
04-23 20:48:59.971  9882  9882 I app_process: Core platform API reporting enabled, enforcing=false
04-23 20:48:59.964  9882  9882 W app_process: type=1400 audit(0.0:933): avc: denied { read } for name="u:object_r:device_config_runtime_native_boot_prop:s0" dev="tmpfs" ino=8290 scontext=u:r:shell:s0 tcontext=u:object_r:device_config_runtime_native_boot_prop:s0 tclass=file permissive=0
04-23 20:49:00.026  9882  9882 W app_process: Unexpected CPU variant for X86 using defaults: x86_64
04-23 20:49:00.027  9882  9882 I app_process: The ClassLoaderContext is a special shared library.
04-23 20:48:59.964  9882  9882 W app_process: type=1400 audit(0.0:934): avc: denied { read } for name="u:object_r:device_config_runtime_native_boot_prop:s0" dev="tmpfs" ino=8290 scontext=u:r:shell:s0 tcontext=u:object_r:device_config_runtime_native_boot_prop:s0 tclass=file permissive=0
04-23 20:49:00.036  9882  9882 W app_process: JNI RegisterNativeMethods: attempt to register 0 native methods for android.media.AudioAttributes
04-23 20:48:59.964  9882  9882 W app_process: type=1400 audit(0.0:935): avc: denied { read } for name="u:object_r:device_config_runtime_native_boot_prop:s0" dev="tmpfs" ino=8290 scontext=u:r:shell:s0 tcontext=u:object_r:device_config_runtime_native_boot_prop:s0 tclass=file permissive=0
04-23 20:48:59.964  9882  9882 W app_process: type=1400 audit(0.0:936): avc: denied { read } for name="u:object_r:device_config_runtime_native_boot_prop:s0" dev="tmpfs" ino=8290 scontext=u:r:shell:s0 tcontext=u:object_r:device_config_runtime_native_boot_prop:s0 tclass=file permissive=0
04-23 20:49:00.245  8530  8530 I DatabaseHelper: Breed 6: Favorited true
04-23 20:49:00.347  8111  8111 I ProvidersCache: Updating roots due to change on user 0at content://com.android.providers.media.documents/root
04-23 20:49:00.776  8111  8111 I chatty  : uid=10076(com.android.documentsui) identical 2 lines
04-23 20:49:01.035  8111  8111 I ProvidersCache: Updating roots due to change on user 0at content://com.android.providers.media.documents/root
04-23 20:49:01.785   158   158 I hwservicemanager: getTransport: Cannot find entry android.hardware.graphics.mapper@4.0::IMapper/default in either framework or device manifest.
04-23 20:49:01.786  9918  9918 I Gralloc4: mapper 4.x is not supported
04-23 20:49:01.838  9922  9924 I cmd     : oneway function results will be dropped but finished with status OK and parcel size 4
04-23 20:49:01.839  1599  1972 I MediaProvider: Begin Intent { act=android.intent.action.MEDIA_SCANNER_SCAN_FILE dat=file:///sdcard/screen_2026-04-23_204902.png flg=0x1400010 cmp=com.android.providers.media.module/com.android.providers.media.MediaService }
04-23 20:49:01.840  1599  1972 W ModernMediaScanner: Failed to visit /sdcard/screen_2026-04-23_204902.png: java.nio.file.AccessDeniedException: /sdcard/screen_2026-04-23_204902.png
04-23 20:49:01.841  1599  1972 I MediaProvider: Scanned internal due to REASON_DEMAND, found 0 items in 1ms, 0 inserts 0 updates 0 deletes
04-23 20:49:01.841  1599  1972 I MediaProvider: End Intent { act=android.intent.action.MEDIA_SCANNER_SCAN_FILE dat=file:///sdcard/screen_2026-04-23_204902.png flg=0x1400010 cmp=com.android.providers.media.module/com.android.providers.media.MediaService }
04-23 20:49:01.832  1599  1599 W com.android.providers.media.module: type=1400 audit(0.0:937): avc: denied { read } for comm=4173796E635461736B202331 name="primary" dev="tmpfs" ino=28662 scontext=u:r:mediaprovider_app:s0:c123,c256,c512,c768 tcontext=u:object_r:mnt_pass_through_file:s0 tclass=lnk_file permissive=0 app=com.android.providers.media.module
04-23 20:49:01.836  1599  1599 I chatty  : uid=10123(com.android.providers.media.module) identical 3 lines
04-23 20:49:01.836  1599  1599 W com.android.providers.media.module: type=1400 audit(0.0:941): avc: denied { read } for comm=4173796E635461736B202331 name="primary" dev="tmpfs" ino=28662 scontext=u:r:mediaprovider_app:s0:c123,c256,c512,c768 tcontext=u:object_r:mnt_pass_through_file:s0 tclass=lnk_file permissive=0 app=com.android.providers.media.module
04-23 20:49:01.930  1599  1800 I MediaProvider: Deleted 1 items on external_primary due to com.android.shell
04-23 20:49:01.836  1599  1599 W com.android.providers.media.module: type=1400 audit(0.0:942): avc: denied { read } for comm=4173796E635461736B202331 name="primary" dev="tmpfs" ino=28662 scontext=u:r:mediaprovider_app:s0:c123,c256,c512,c768 tcontext=u:object_r:mnt_pass_through_file:s0 tclass=lnk_file permissive=0 app=com.android.providers.media.module
04-23 20:49:01.972  9934  9936 I cmd     : oneway function results will be dropped but finished with status OK and parcel size 4
04-23 20:49:02.122   158   158 I hwservicemanager: getTransport: Cannot find entry android.hardware.graphics.mapper@4.0::IMapper/default in either framework or device manifest.
04-23 20:49:02.122  9956  9956 I Gralloc4: mapper 4.x is not supported
04-23 20:49:02.175  9960  9962 I cmd     : oneway function results will be dropped but finished with status OK and parcel size 4
04-23 20:49:02.176  1599  1972 I MediaProvider: Begin Intent { act=android.intent.action.MEDIA_SCANNER_SCAN_FILE dat=file:///sdcard/screen_2026-04-23_204903.png flg=0x1400010 cmp=com.android.providers.media.module/com.android.providers.media.MediaService }
04-23 20:49:02.732     0     0 W audit   : audit_lost=599 audit_rate_limit=5 audit_backlog_limit=64
04-23 20:49:02.735     0     0 E audit   : rate limit exceeded
04-23 20:49:02.182  1599  1972 W ModernMediaScanner: Failed to visit /sdcard/screen_2026-04-23_204903.png: java.nio.file.AccessDeniedException: /sdcard/screen_2026-04-23_204903.png
04-23 20:49:02.183  1599  1972 I MediaProvider: Scanned internal due to REASON_DEMAND, found 0 items in 1ms, 0 inserts 0 updates 0 deletes
04-23 20:49:02.184  1599  1972 I MediaProvider: End Intent { act=android.intent.action.MEDIA_SCANNER_SCAN_FILE dat=file:///sdcard/screen_2026-04-23_204903.png flg=0x1400010 cmp=com.android.providers.media.module/com.android.providers.media.MediaService }
04-23 20:49:02.209  1599  1799 I MediaProvider: Deleted 1 items on external_primary due to com.android.shell
04-23 20:49:02.245  9971  9973 I cmd     : oneway function results will be dropped but finished with status OK and parcel size 4
04-23 20:49:02.406   158   158 I hwservicemanager: getTransport: Cannot find entry android.hardware.graphics.mapper@4.0::IMapper/default in either framework or device manifest.
04-23 20:49:02.406  9993  9993 I Gralloc4: mapper 4.x is not supported
04-23 20:49:02.472  9999 10001 I cmd     : oneway function results will be dropped but finished with status OK and parcel size 4
04-23 20:49:02.473  1599  1972 I MediaProvider: Begin Intent { act=android.intent.action.MEDIA_SCANNER_SCAN_FILE dat=file:///sdcard/screen_2026-04-23_204903.png flg=0x1400010 cmp=com.android.providers.media.module/com.android.providers.media.MediaService }
04-23 20:49:02.474  1599  1972 W ModernMediaScanner: Failed to visit /sdcard/screen_2026-04-23_204903.png: java.nio.file.AccessDeniedException: /sdcard/screen_2026-04-23_204903.png
04-23 20:49:02.474  1599  1972 I MediaProvider: Scanned internal due to REASON_DEMAND, found 0 items in 1ms, 0 inserts 0 updates 0 deletes
04-23 20:49:02.475  1599  1972 I MediaProvider: End Intent { act=android.intent.action.MEDIA_SCANNER_SCAN_FILE dat=file:///sdcard/screen_2026-04-23_204903.png flg=0x1400010 cmp=com.android.providers.media.module/com.android.providers.media.MediaService }
04-23 20:49:02.499  1599  2495 I MediaProvider: Deleted 1 items on external_primary due to com.android.shell
04-23 20:49:02.597 10025 10027 I cmd     : oneway function results will be dropped but finished with status OK and parcel size 4
04-23 20:49:02.660 10040 10042 I cmd     : oneway function results will be dropped but finished with status OK and parcel size 4
04-23 20:49:02.724 10055 10057 I cmd     : oneway function results will be dropped but finished with status OK and parcel size 4
04-23 20:49:02.822 10067 10067 E libc    : Access denied finding property "persist.device_config.runtime_native_boot.profilebootclasspath"
04-23 20:49:02.822 10067 10067 E libc    : Access denied finding property "persist.device_config.runtime_native_boot.enable_apex_image"
04-23 20:49:02.822 10067 10067 I AndroidRuntime: Using default boot image
04-23 20:49:02.822 10067 10067 E libc    : Access denied finding property "persist.device_config.runtime_native_boot.disable_lock_profiling"
04-23 20:49:02.822 10067 10067 I AndroidRuntime: Leaving lock profiling enabled
04-23 20:49:02.822 10067 10067 E libc    : Access denied finding property "persist.device_config.runtime_native_boot.enable_generational_cc"
04-23 20:49:02.824 10067 10067 I app_process: Core platform API reporting enabled, enforcing=false
04-23 20:49:02.875 10067 10067 W app_process: Unexpected CPU variant for X86 using defaults: x86_64
04-23 20:49:02.877 10067 10067 I app_process: The ClassLoaderContext is a special shared library.
04-23 20:49:02.884 10067 10067 W app_process: JNI RegisterNativeMethods: attempt to register 0 native methods for android.media.AudioAttributes
04-23 20:49:03.093  8530  8530 I DatabaseHelper: Breed 7: Favorited true
04-23 20:49:03.205  8111  8111 I ProvidersCache: Updating roots due to change on user 0at content://com.android.providers.media.documents/root
04-23 20:49:03.676  8111  8111 I chatty  : uid=10076(com.android.documentsui) identical 2 lines
04-23 20:49:03.930  8111  8111 I ProvidersCache: Updating roots due to change on user 0at content://com.android.providers.media.documents/root
04-23 20:49:04.632   158   158 I hwservicemanager: getTransport: Cannot find entry android.hardware.graphics.mapper@4.0::IMapper/default in either framework or device manifest.
04-23 20:49:04.632 10100 10100 I Gralloc4: mapper 4.x is not supported
04-23 20:49:04.685 10104 10106 I cmd     : oneway function results will be dropped but finished with status OK and parcel size 4
04-23 20:49:04.686  1599  1972 I MediaProvider: Begin Intent { act=android.intent.action.MEDIA_SCANNER_SCAN_FILE dat=file:///sdcard/screen_2026-04-23_204905.png flg=0x1400010 cmp=com.android.providers.media.module/com.android.providers.media.MediaService }
04-23 20:49:04.680  1599  1599 W com.android.providers.media.module: type=1400 audit(0.0:959): avc: denied { read } for comm=4173796E635461736B202331 name="primary" dev="tmpfs" ino=28662 scontext=u:r:mediaprovider_app:s0:c123,c256,c512,c768 tcontext=u:object_r:mnt_pass_through_file:s0 tclass=lnk_file permissive=0 app=com.android.providers.media.module
04-23 20:49:05.249     0     0 W audit   : audit_lost=615 audit_rate_limit=5 audit_backlog_limit=64
04-23 20:49:05.258     0     0 E audit   : rate limit exceeded
04-23 20:49:04.688  1599  1599 W com.android.providers.media.module: type=1400 audit(0.0:960): avc: denied { read } for comm=4173796E635461736B202331 name="primary" dev="tmpfs" ino=28662 scontext=u:r:mediaprovider_app:s0:c123,c256,c512,c768 tcontext=u:object_r:mnt_pass_through_file:s0 tclass=lnk_file permissive=0 app=com.android.providers.media.module
04-23 20:49:04.714  1599  1972 W ModernMediaScanner: Failed to visit /sdcard/screen_2026-04-23_204905.png: java.nio.file.AccessDeniedException: /sdcard/screen_2026-04-23_204905.png
04-23 20:49:04.715  1599  1972 I MediaProvider: Scanned internal due to REASON_DEMAND, found 0 items in 22ms, 0 inserts 0 updates 0 deletes
04-23 20:49:04.716  1599  1972 I MediaProvider: End Intent { act=android.intent.action.MEDIA_SCANNER_SCAN_FILE dat=file:///sdcard/screen_2026-04-23_204905.png flg=0x1400010 cmp=com.android.providers.media.module/com.android.providers.media.MediaService }
04-23 20:49:04.688  1599  1599 W com.android.providers.media.module: type=1400 audit(0.0:961): avc: denied { read } for comm=4173796E635461736B202331 name="primary" dev="tmpfs" ino=28662 scontext=u:r:mediaprovider_app:s0:c123,c256,c512,c768 tcontext=u:object_r:mnt_pass_through_file:s0 tclass=lnk_file permissive=0 app=com.android.providers.media.module
04-23 20:49:04.795  1599  1800 I MediaProvider: Deleted 1 items on external_primary due to com.android.shell
04-23 20:49:04.834 10115 10117 I cmd     : oneway function results will be dropped but finished with status OK and parcel size 4
04-23 20:49:04.989   158   158 I hwservicemanager: getTransport: Cannot find entry android.hardware.graphics.mapper@4.0::IMapper/default in either framework or device manifest.
04-23 20:49:04.989 10137 10137 I Gralloc4: mapper 4.x is not supported
04-23 20:49:05.040 10141 10143 I cmd     : oneway function results will be dropped but finished with status OK and parcel size 4
04-23 20:49:05.041  1599  1972 I MediaProvider: Begin Intent { act=android.intent.action.MEDIA_SCANNER_SCAN_FILE dat=file:///sdcard/screen_2026-04-23_204906.png flg=0x1400010 cmp=com.android.providers.media.module/com.android.providers.media.MediaService }
04-23 20:49:05.042  1599  1972 W ModernMediaScanner: Failed to visit /sdcard/screen_2026-04-23_204906.png: java.nio.file.AccessDeniedException: /sdcard/screen_2026-04-23_204906.png
04-23 20:49:05.043  1599  1972 I MediaProvider: Scanned internal due to REASON_DEMAND, found 0 items in 1ms, 0 inserts 0 updates 0 deletes
04-23 20:49:05.044  1599  1972 I MediaProvider: End Intent { act=android.intent.action.MEDIA_SCANNER_SCAN_FILE dat=file:///sdcard/screen_2026-04-23_204906.png flg=0x1400010 cmp=com.android.providers.media.module/com.android.providers.media.MediaService }
04-23 20:49:05.069  1599  1799 I MediaProvider: Deleted 1 items on external_primary due to com.android.shell
04-23 20:49:05.104 10152 10154 I cmd     : oneway function results will be dropped but finished with status OK and parcel size 4
04-23 20:49:05.252   158   158 I hwservicemanager: getTransport: Cannot find entry android.hardware.graphics.mapper@4.0::IMapper/default in either framework or device manifest.
04-23 20:49:05.252 10174 10174 I Gralloc4: mapper 4.x is not supported
04-23 20:49:05.304 10178 10180 I cmd     : oneway function results will be dropped but finished with status OK and parcel size 4
04-23 20:49:05.305  1599  1972 I MediaProvider: Begin Intent { act=android.intent.action.MEDIA_SCANNER_SCAN_FILE dat=file:///sdcard/screen_2026-04-23_204906.png flg=0x1400010 cmp=com.android.providers.media.module/com.android.providers.media.MediaService }
04-23 20:49:05.307  1599  1972 W ModernMediaScanner: Failed to visit /sdcard/screen_2026-04-23_204906.png: java.nio.file.AccessDeniedException: /sdcard/screen_2026-04-23_204906.png
04-23 20:49:05.308  1599  1972 I MediaProvider: Scanned internal due to REASON_DEMAND, found 0 items in 1ms, 0 inserts 0 updates 0 deletes
04-23 20:49:05.308  1599  1972 I MediaProvider: End Intent { act=android.intent.action.MEDIA_SCANNER_SCAN_FILE dat=file:///sdcard/screen_2026-04-23_204906.png flg=0x1400010 cmp=com.android.providers.media.module/com.android.providers.media.MediaService }
04-23 20:49:05.334  1599  1799 I MediaProvider: Deleted 1 items on external_primary due to com.android.shell
04-23 20:49:05.368 10189 10191 I cmd     : oneway function results will be dropped but finished with status OK and parcel size 4
04-23 20:49:05.432 10204 10206 I cmd     : oneway function results will be dropped but finished with status OK and parcel size 4
04-23 20:49:05.515 10221 10223 I cmd     : oneway function results will be dropped but finished with status OK and parcel size 4
04-23 20:49:05.578 10236 10238 I cmd     : oneway function results will be dropped but finished with status OK and parcel size 4
04-23 20:49:05.674 10248 10248 E libc    : Access denied finding property "persist.device_config.runtime_native_boot.profilebootclasspath"
04-23 20:49:05.674 10248 10248 E libc    : Access denied finding property "persist.device_config.runtime_native_boot.enable_apex_image"
04-23 20:49:05.674 10248 10248 I AndroidRuntime: Using default boot image
04-23 20:49:05.674 10248 10248 E libc    : Access denied finding property "persist.device_config.runtime_native_boot.disable_lock_profiling"
04-23 20:49:05.674 10248 10248 I AndroidRuntime: Leaving lock profiling enabled
04-23 20:49:05.674 10248 10248 E libc    : Access denied finding property "persist.device_config.runtime_native_boot.enable_generational_cc"
04-23 20:49:05.675 10248 10248 I app_process: Core platform API reporting enabled, enforcing=false
04-23 20:49:05.727 10248 10248 W app_process: Unexpected CPU variant for X86 using defaults: x86_64
04-23 20:49:05.728 10248 10248 I app_process: The ClassLoaderContext is a special shared library.
