04-23 20:49:44.896     0     0 W healthd : battery l=100 v=5000 t=25.0 h=2 st=2 c=900000 fc=300000 cc=10 chg=a
04-23 20:49:44.335  8111  8111 I ProvidersCache: Updating roots due to change on user 0at content://com.android.providers.media.documents/root
04-23 20:49:44.393  8530  8530 I DatabaseHelper: Breed 1: Favorited true
04-23 20:49:44.642  8111  8111 I ProvidersCache: Updating roots due to change on user 0at content://com.android.providers.media.documents/root
04-23 20:49:44.823  8111  8111 I chatty  : uid=10076(com.android.documentsui) identical 1 line
04-23 20:49:44.938  8111  8111 I ProvidersCache: Updating roots due to change on user 0at content://com.android.providers.media.documents/root
04-23 20:49:45.929   158   158 I hwservicemanager: getTransport: Cannot find entry android.hardware.graphics.mapper@4.0::IMapper/default in either framework or device manifest.
04-23 20:49:45.929 12635 12635 I Gralloc4: mapper 4.x is not supported
04-23 20:49:45.987 12639 12641 I cmd     : oneway function results will be dropped but finished with status OK and parcel size 4
04-23 20:49:45.988  1599  1972 I MediaProvider: Begin Intent { act=android.intent.action.MEDIA_SCANNER_SCAN_FILE dat=file:///sdcard/screen_2026-04-23_204947.png flg=0x1400010 cmp=com.android.providers.media.module/com.android.providers.media.MediaService }
04-23 20:49:45.989  1599  1972 W ModernMediaScanner: Failed to visit /sdcard/screen_2026-04-23_204947.png: java.nio.file.AccessDeniedException: /sdcard/screen_2026-04-23_204947.png
04-23 20:49:45.989  1599  1972 I MediaProvider: Scanned internal due to REASON_DEMAND, found 0 items in 1ms, 0 inserts 0 updates 0 deletes
04-23 20:49:45.990  1599  1972 I MediaProvider: End Intent { act=android.intent.action.MEDIA_SCANNER_SCAN_FILE dat=file:///sdcard/screen_2026-04-23_204947.png flg=0x1400010 cmp=com.android.providers.media.module/com.android.providers.media.MediaService }
04-23 20:49:45.984  1599  1599 W com.android.providers.media.module: type=1400 audit(0.0:1267): avc: denied { read } for comm=4173796E635461736B202331 name="primary" dev="tmpfs" ino=28662 scontext=u:r:mediaprovider_app:s0:c123,c256,c512,c768 tcontext=u:object_r:mnt_pass_through_file:s0 tclass=lnk_file permissive=0 app=com.android.providers.media.module
04-23 20:49:46.112  1599  2495 I MediaProvider: Deleted 1 items on external_primary due to com.android.shell
04-23 20:49:46.147 12652 12654 I cmd     : oneway function results will be dropped but finished with status OK and parcel size 4
04-23 20:49:46.297   158   158 I hwservicemanager: getTransport: Cannot find entry android.hardware.graphics.mapper@4.0::IMapper/default in either framework or device manifest.
04-23 20:49:46.298 12674 12674 I Gralloc4: mapper 4.x is not supported
04-23 20:49:46.344 12678 12680 I cmd     : oneway function results will be dropped but finished with status OK and parcel size 4
04-23 20:49:46.345  1599  1972 I MediaProvider: Begin Intent { act=android.intent.action.MEDIA_SCANNER_SCAN_FILE dat=file:///sdcard/screen_2026-04-23_204947.png flg=0x1400010 cmp=com.android.providers.media.module/com.android.providers.media.MediaService }
04-23 20:49:46.901     0     0 W audit   : audit_lost=819 audit_rate_limit=5 audit_backlog_limit=64
04-23 20:49:46.905     0     0 E audit   : rate limit exceeded
04-23 20:49:46.353  1599  1972 W ModernMediaScanner: Failed to visit /sdcard/screen_2026-04-23_204947.png: java.nio.file.AccessDeniedException: /sdcard/screen_2026-04-23_204947.png
04-23 20:49:46.353  1599  1972 I MediaProvider: Scanned internal due to REASON_DEMAND, found 0 items in 1ms, 0 inserts 0 updates 0 deletes
04-23 20:49:46.354  1599  1972 I MediaProvider: End Intent { act=android.intent.action.MEDIA_SCANNER_SCAN_FILE dat=file:///sdcard/screen_2026-04-23_204947.png flg=0x1400010 cmp=com.android.providers.media.module/com.android.providers.media.MediaService }
04-23 20:49:46.375  1599  1799 I MediaProvider: Deleted 1 items on external_primary due to com.android.shell
04-23 20:49:46.409 12689 12691 I cmd     : oneway function results will be dropped but finished with status OK and parcel size 4
04-23 20:49:46.565   158   158 I hwservicemanager: getTransport: Cannot find entry android.hardware.graphics.mapper@4.0::IMapper/default in either framework or device manifest.
04-23 20:49:46.565 12711 12711 I Gralloc4: mapper 4.x is not supported
04-23 20:49:46.587   461   461 E netmgr  : qemu_pipe_open_ns:62: Could not connect to the 'pipe:qemud:network' service: Invalid argument
04-23 20:49:46.587   461   461 E netmgr  : Failed to open QEMU pipe 'qemud:network': Invalid argument
04-23 20:49:46.612 12715 12717 I cmd     : oneway function results will be dropped but finished with status OK and parcel size 4
04-23 20:49:46.613  1599  1972 I MediaProvider: Begin Intent { act=android.intent.action.MEDIA_SCANNER_SCAN_FILE dat=file:///sdcard/screen_2026-04-23_204947.png flg=0x1400010 cmp=com.android.providers.media.module/com.android.providers.media.MediaService }
04-23 20:49:46.614  1599  1972 W ModernMediaScanner: Failed to visit /sdcard/screen_2026-04-23_204947.png: java.nio.file.AccessDeniedException: /sdcard/screen_2026-04-23_204947.png
04-23 20:49:46.619  1599  1972 I MediaProvider: Scanned internal due to REASON_DEMAND, found 0 items in 1ms, 0 inserts 0 updates 0 deletes
04-23 20:49:46.620  1599  1972 I MediaProvider: End Intent { act=android.intent.action.MEDIA_SCANNER_SCAN_FILE dat=file:///sdcard/screen_2026-04-23_204947.png flg=0x1400010 cmp=com.android.providers.media.module/com.android.providers.media.MediaService }
04-23 20:49:46.641  1599  1800 I MediaProvider: Deleted 1 items on external_primary due to com.android.shell
04-23 20:49:46.715   481   481 E wifi_forwarder: qemu_pipe_open_ns:62: Could not connect to the 'pipe:qemud:wififorward' service: Invalid argument
04-23 20:49:46.715   481   481 E wifi_forwarder: RemoteConnection failed to initialize: RemoteConnection failed to open pipe
04-23 20:49:46.738 12741 12743 I cmd     : oneway function results will be dropped but finished with status OK and parcel size 4
04-23 20:49:46.800 12756 12758 I cmd     : oneway function results will be dropped but finished with status OK and parcel size 4
04-23 20:49:46.860 12771 12773 I cmd     : oneway function results will be dropped but finished with status OK and parcel size 4
04-23 20:49:46.957 12783 12783 E libc    : Access denied finding property "persist.device_config.runtime_native_boot.profilebootclasspath"
04-23 20:49:46.957 12783 12783 E libc    : Access denied finding property "persist.device_config.runtime_native_boot.enable_apex_image"
04-23 20:49:46.957 12783 12783 I AndroidRuntime: Using default boot image
04-23 20:49:46.957 12783 12783 E libc    : Access denied finding property "persist.device_config.runtime_native_boot.disable_lock_profiling"
04-23 20:49:46.957 12783 12783 I AndroidRuntime: Leaving lock profiling enabled
04-23 20:49:46.958 12783 12783 E libc    : Access denied finding property "persist.device_config.runtime_native_boot.enable_generational_cc"
04-23 20:49:46.959 12783 12783 I app_process: Core platform API reporting enabled, enforcing=false
04-23 20:49:47.010 12783 12783 W app_process: Unexpected CPU variant for X86 using defaults: x86_64
04-23 20:49:47.011 12783 12783 I app_process: The ClassLoaderContext is a special shared library.
04-23 20:49:47.019 12783 12783 W app_process: JNI RegisterNativeMethods: attempt to register 0 native methods for android.media.AudioAttributes
04-23 20:49:47.226  8530  8530 I DatabaseHelper: Breed 2: Favorited false
04-23 20:49:47.348  8111  8111 I ProvidersCache: Updating roots due to change on user 0at content://com.android.providers.media.documents/root
04-23 20:49:47.936  8111  8111 I chatty  : uid=10076(com.android.documentsui) identical 3 lines
04-23 20:49:48.091  8111  8111 I ProvidersCache: Updating roots due to change on user 0at content://com.android.providers.media.documents/root
04-23 20:49:48.762   158   158 I hwservicemanager: getTransport: Cannot find entry android.hardware.graphics.mapper@4.0::IMapper/default in either framework or device manifest.
04-23 20:49:48.762 12817 12817 I Gralloc4: mapper 4.x is not supported
04-23 20:49:48.814 12821 12823 I cmd     : oneway function results will be dropped but finished with status OK and parcel size 4
04-23 20:49:48.815  1599  1972 I MediaProvider: Begin Intent { act=android.intent.action.MEDIA_SCANNER_SCAN_FILE dat=file:///sdcard/screen_2026-04-23_204949.png flg=0x1400010 cmp=com.android.providers.media.module/com.android.providers.media.MediaService }
04-23 20:49:48.812  1599  1599 W com.android.providers.media.module: type=1400 audit(0.0:1289): avc: denied { read } for comm=4173796E635461736B202331 name="primary" dev="tmpfs" ino=28662 scontext=u:r:mediaprovider_app:s0:c123,c256,c512,c768 tcontext=u:object_r:mnt_pass_through_file:s0 tclass=lnk_file permissive=0 app=com.android.providers.media.module
04-23 20:49:49.373     0     0 W audit   : audit_lost=835 audit_rate_limit=5 audit_backlog_limit=64
04-23 20:49:49.385     0     0 E audit   : rate limit exceeded
04-23 20:49:48.812  1599  1599 W com.android.providers.media.module: type=1400 audit(0.0:1290): avc: denied { read } for comm=4173796E635461736B202331 name="primary" dev="tmpfs" ino=28662 scontext=u:r:mediaprovider_app:s0:c123,c256,c512,c768 tcontext=u:object_r:mnt_pass_through_file:s0 tclass=lnk_file permissive=0 app=com.android.providers.media.module
04-23 20:49:48.847  1599  1972 W ModernMediaScanner: Failed to visit /sdcard/screen_2026-04-23_204949.png: java.nio.file.AccessDeniedException: /sdcard/screen_2026-04-23_204949.png
04-23 20:49:48.848  1599  1972 I MediaProvider: Scanned internal due to REASON_DEMAND, found 0 items in 31ms, 0 inserts 0 updates 0 deletes
04-23 20:49:48.848  1599  1972 I MediaProvider: End Intent { act=android.intent.action.MEDIA_SCANNER_SCAN_FILE dat=file:///sdcard/screen_2026-04-23_204949.png flg=0x1400010 cmp=com.android.providers.media.module/com.android.providers.media.MediaService }
04-23 20:49:48.812  1599  1599 W com.android.providers.media.module: type=1400 audit(0.0:1291): avc: denied { read } for comm=4173796E635461736B202331 name="primary" dev="tmpfs" ino=28662 scontext=u:r:mediaprovider_app:s0:c123,c256,c512,c768 tcontext=u:object_r:mnt_pass_through_file:s0 tclass=lnk_file permissive=0 app=com.android.providers.media.module
04-23 20:49:48.954  1599  2495 I MediaProvider: Deleted 1 items on external_primary due to com.android.shell
04-23 20:49:48.989 12832 12834 I cmd     : oneway function results will be dropped but finished with status OK and parcel size 4
04-23 20:49:49.137   158   158 I hwservicemanager: getTransport: Cannot find entry android.hardware.graphics.mapper@4.0::IMapper/default in either framework or device manifest.
04-23 20:49:49.138 12854 12854 I Gralloc4: mapper 4.x is not supported
04-23 20:49:49.200 12860 12862 I cmd     : oneway function results will be dropped but finished with status OK and parcel size 4
04-23 20:49:49.201  1599  1972 I MediaProvider: Begin Intent { act=android.intent.action.MEDIA_SCANNER_SCAN_FILE dat=file:///sdcard/screen_2026-04-23_204950.png flg=0x1400010 cmp=com.android.providers.media.module/com.android.providers.media.MediaService }
04-23 20:49:49.203  1599  1972 W ModernMediaScanner: Failed to visit /sdcard/screen_2026-04-23_204950.png: java.nio.file.AccessDeniedException: /sdcard/screen_2026-04-23_204950.png
04-23 20:49:49.203  1599  1972 I MediaProvider: Scanned internal due to REASON_DEMAND, found 0 items in 1ms, 0 inserts 0 updates 0 deletes
04-23 20:49:49.204  1599  1972 I MediaProvider: End Intent { act=android.intent.action.MEDIA_SCANNER_SCAN_FILE dat=file:///sdcard/screen_2026-04-23_204950.png flg=0x1400010 cmp=com.android.providers.media.module/com.android.providers.media.MediaService }
04-23 20:49:49.229  1599  1799 I MediaProvider: Deleted 1 items on external_primary due to com.android.shell
04-23 20:49:49.261 12871 12873 I cmd     : oneway function results will be dropped but finished with status OK and parcel size 4
04-23 20:49:49.408   158   158 I hwservicemanager: getTransport: Cannot find entry android.hardware.graphics.mapper@4.0::IMapper/default in either framework or device manifest.
04-23 20:49:49.408 12893 12893 I Gralloc4: mapper 4.x is not supported
04-23 20:49:49.461 12897 12899 I cmd     : oneway function results will be dropped but finished with status OK and parcel size 4
04-23 20:49:49.462  1599  1972 I MediaProvider: Begin Intent { act=android.intent.action.MEDIA_SCANNER_SCAN_FILE dat=file:///sdcard/screen_2026-04-23_204950.png flg=0x1400010 cmp=com.android.providers.media.module/com.android.providers.media.MediaService }
04-23 20:49:49.463  1599  1972 W ModernMediaScanner: Failed to visit /sdcard/screen_2026-04-23_204950.png: java.nio.file.AccessDeniedException: /sdcard/screen_2026-04-23_204950.png
04-23 20:49:49.464  1599  1972 I MediaProvider: Scanned internal due to REASON_DEMAND, found 0 items in 1ms, 0 inserts 0 updates 0 deletes
04-23 20:49:49.467  1599  1972 I MediaProvider: End Intent { act=android.intent.action.MEDIA_SCANNER_SCAN_FILE dat=file:///sdcard/screen_2026-04-23_204950.png flg=0x1400010 cmp=com.android.providers.media.module/com.android.providers.media.MediaService }
04-23 20:49:49.491  1599  1800 I MediaProvider: Deleted 1 items on external_primary due to com.android.shell
04-23 20:49:49.585 12923 12925 I cmd     : oneway function results will be dropped but finished with status OK and parcel size 4
04-23 20:49:49.646 12938 12940 I cmd     : oneway function results will be dropped but finished with status OK and parcel size 4
04-23 20:49:49.708 12953 12955 I cmd     : oneway function results will be dropped but finished with status OK and parcel size 4
04-23 20:49:49.803 12965 12965 E libc    : Access denied finding property "persist.device_config.runtime_native_boot.profilebootclasspath"
04-23 20:49:49.803 12965 12965 E libc    : Access denied finding property "persist.device_config.runtime_native_boot.enable_apex_image"
04-23 20:49:49.803 12965 12965 I AndroidRuntime: Using default boot image
04-23 20:49:49.803 12965 12965 E libc    : Access denied finding property "persist.device_config.runtime_native_boot.disable_lock_profiling"
04-23 20:49:49.803 12965 12965 I AndroidRuntime: Leaving lock profiling enabled
04-23 20:49:49.803 12965 12965 E libc    : Access denied finding property "persist.device_config.runtime_native_boot.enable_generational_cc"
04-23 20:49:49.805 12965 12965 I app_process: Core platform API reporting enabled, enforcing=false
04-23 20:49:49.857 12965 12965 W app_process: Unexpected CPU variant for X86 using defaults: x86_64
04-23 20:49:49.858 12965 12965 I app_process: The ClassLoaderContext is a special shared library.
04-23 20:49:49.865 12965 12965 W app_process: JNI RegisterNativeMethods: attempt to register 0 native methods for android.media.AudioAttributes
04-23 20:49:50.076  8530  8530 I DatabaseHelper: Breed 3: Favorited false
04-23 20:49:50.211  8111  8111 I ProvidersCache: Updating roots due to change on user 0at content://com.android.providers.media.documents/root
04-23 20:49:50.611  8111  8111 I chatty  : uid=10076(com.android.documentsui) identical 2 lines
04-23 20:49:50.916  8111  8111 I ProvidersCache: Updating roots due to change on user 0at content://com.android.providers.media.documents/root
04-23 20:49:51.611   158   158 I hwservicemanager: getTransport: Cannot find entry android.hardware.graphics.mapper@4.0::IMapper/default in either framework or device manifest.
04-23 20:49:51.612 12998 12998 I Gralloc4: mapper 4.x is not supported
04-23 20:49:51.666 13002 13004 I cmd     : oneway function results will be dropped but finished with status OK and parcel size 4
04-23 20:49:51.666  1599  1972 I MediaProvider: Begin Intent { act=android.intent.action.MEDIA_SCANNER_SCAN_FILE dat=file:///sdcard/screen_2026-04-23_204952.png flg=0x1400010 cmp=com.android.providers.media.module/com.android.providers.media.MediaService }
04-23 20:49:51.660  1599  1599 W com.android.providers.media.module: type=1400 audit(0.0:1311): avc: denied { read } for comm=4173796E635461736B202331 name="primary" dev="tmpfs" ino=28662 scontext=u:r:mediaprovider_app:s0:c123,c256,c512,c768 tcontext=u:object_r:mnt_pass_through_file:s0 tclass=lnk_file permissive=0 app=com.android.providers.media.module
04-23 20:49:52.232     0     0 W audit   : audit_lost=852 audit_rate_limit=5 audit_backlog_limit=64
04-23 20:49:52.246     0     0 E audit   : rate limit exceeded
04-23 20:49:51.660  1599  1599 W com.android.providers.media.module: type=1400 audit(0.0:1312): avc: denied { read } for comm=4173796E635461736B202331 name="primary" dev="tmpfs" ino=28662 scontext=u:r:mediaprovider_app:s0:c123,c256,c512,c768 tcontext=u:object_r:mnt_pass_through_file:s0 tclass=lnk_file permissive=0 app=com.android.providers.media.module
04-23 20:49:51.712  1599  1972 W ModernMediaScanner: Failed to visit /sdcard/screen_2026-04-23_204952.png: java.nio.file.AccessDeniedException: /sdcard/screen_2026-04-23_204952.png
04-23 20:49:51.713  1599  1972 I MediaProvider: Scanned internal due to REASON_DEMAND, found 0 items in 37ms, 0 inserts 0 updates 0 deletes
04-23 20:49:51.713  1599  1972 I MediaProvider: End Intent { act=android.intent.action.MEDIA_SCANNER_SCAN_FILE dat=file:///sdcard/screen_2026-04-23_204952.png flg=0x1400010 cmp=com.android.providers.media.module/com.android.providers.media.MediaService }
04-23 20:49:51.672  1599  1599 W com.android.providers.media.module: type=1400 audit(0.0:1313): avc: denied { read } for comm=4173796E635461736B202331 name="primary" dev="tmpfs" ino=28662 scontext=u:r:mediaprovider_app:s0:c123,c256,c512,c768 tcontext=u:object_r:mnt_pass_through_file:s0 tclass=lnk_file permissive=0 app=com.android.providers.media.module
04-23 20:49:51.782  1599  2495 I MediaProvider: Deleted 1 items on external_primary due to com.android.shell
04-23 20:49:51.816 13013 13015 I cmd     : oneway function results will be dropped but finished with status OK and parcel size 4
04-23 20:49:51.963   158   158 I hwservicemanager: getTransport: Cannot find entry android.hardware.graphics.mapper@4.0::IMapper/default in either framework or device manifest.
04-23 20:49:51.963 13035 13035 I Gralloc4: mapper 4.x is not supported
04-23 20:49:52.018 13039 13041 I cmd     : oneway function results will be dropped but finished with status OK and parcel size 4
04-23 20:49:52.019  1599  1972 I MediaProvider: Begin Intent { act=android.intent.action.MEDIA_SCANNER_SCAN_FILE dat=file:///sdcard/screen_2026-04-23_204953.png flg=0x1400010 cmp=com.android.providers.media.module/com.android.providers.media.MediaService }
04-23 20:49:52.020  1599  1972 W ModernMediaScanner: Failed to visit /sdcard/screen_2026-04-23_204953.png: java.nio.file.AccessDeniedException: /sdcard/screen_2026-04-23_204953.png
04-23 20:49:52.021  1599  1972 I MediaProvider: Scanned internal due to REASON_DEMAND, found 0 items in 1ms, 0 inserts 0 updates 0 deletes
04-23 20:49:52.021  1599  1972 I MediaProvider: End Intent { act=android.intent.action.MEDIA_SCANNER_SCAN_FILE dat=file:///sdcard/screen_2026-04-23_204953.png flg=0x1400010 cmp=com.android.providers.media.module/com.android.providers.media.MediaService }
04-23 20:49:52.049  1599  2495 I MediaProvider: Deleted 1 items on external_primary due to com.android.shell
04-23 20:49:52.085 13050 13052 I cmd     : oneway function results will be dropped but finished with status OK and parcel size 4
04-23 20:49:52.234   158   158 I hwservicemanager: getTransport: Cannot find entry android.hardware.graphics.mapper@4.0::IMapper/default in either framework or device manifest.
04-23 20:49:52.234 13072 13072 I Gralloc4: mapper 4.x is not supported
04-23 20:49:52.300  1599  1972 I MediaProvider: Begin Intent { act=android.intent.action.MEDIA_SCANNER_SCAN_FILE dat=file:///sdcard/screen_2026-04-23_204953.png flg=0x1400010 cmp=com.android.providers.media.module/com.android.providers.media.MediaService }
04-23 20:49:52.302  1599  1972 W ModernMediaScanner: Failed to visit /sdcard/screen_2026-04-23_204953.png: java.nio.file.AccessDeniedException: /sdcard/screen_2026-04-23_204953.png
04-23 20:49:52.305  1599  1972 I MediaProvider: Scanned internal due to REASON_DEMAND, found 0 items in 3ms, 0 inserts 0 updates 0 deletes
04-23 20:49:52.306  1599  1972 I MediaProvider: End Intent { act=android.intent.action.MEDIA_SCANNER_SCAN_FILE dat=file:///sdcard/screen_2026-04-23_204953.png flg=0x1400010 cmp=com.android.providers.media.module/com.android.providers.media.MediaService }
04-23 20:49:52.336  1599  1800 I MediaProvider: Deleted 1 items on external_primary due to com.android.shell
04-23 20:49:52.369 13090 13092 I cmd     : oneway function results will be dropped but finished with status OK and parcel size 4
04-23 20:49:52.431 13105 13107 I cmd     : oneway function results will be dropped but finished with status OK and parcel size 4
04-23 20:49:52.491 13120 13122 I cmd     : oneway function results will be dropped but finished with status OK and parcel size 4
04-23 20:49:52.555 13135 13137 I cmd     : oneway function results will be dropped but finished with status OK and parcel size 4
04-23 20:49:52.652 13147 13147 E libc    : Access denied finding property "persist.device_config.runtime_native_boot.profilebootclasspath"
04-23 20:49:52.652 13147 13147 E libc    : Access denied finding property "persist.device_config.runtime_native_boot.enable_apex_image"
04-23 20:49:52.652 13147 13147 I AndroidRuntime: Using default boot image
04-23 20:49:52.652 13147 13147 E libc    : Access denied finding property "persist.device_config.runtime_native_boot.disable_lock_profiling"
04-23 20:49:52.652 13147 13147 I AndroidRuntime: Leaving lock profiling enabled
04-23 20:49:52.652 13147 13147 E libc    : Access denied finding property "persist.device_config.runtime_native_boot.enable_generational_cc"
04-23 20:49:52.653 13147 13147 I app_process: Core platform API reporting enabled, enforcing=false
04-23 20:49:52.704 13147 13147 W app_process: Unexpected CPU variant for X86 using defaults: x86_64
04-23 20:49:52.705 13147 13147 I app_process: The ClassLoaderContext is a special shared library.
04-23 20:49:52.712 13147 13147 W app_process: JNI RegisterNativeMethods: attempt to register 0 native methods for android.media.AudioAttributes
04-23 20:49:52.926  8530  8530 I DatabaseHelper: Breed 4: Favorited false
04-23 20:49:53.077  8111  8111 I ProvidersCache: Updating roots due to change on user 0at content://com.android.providers.media.documents/root
04-23 20:49:53.265  8111  8111 I ProvidersCache: Updating roots due to change on user 0at content://com.android.providers.media.documents/root
04-23 20:49:53.521  8111  8111 I chatty  : uid=10076(com.android.documentsui) identical 1 line
04-23 20:49:53.797  8111  8111 I ProvidersCache: Updating roots due to change on user 0at content://com.android.providers.media.documents/root
04-23 20:49:54.476   158   158 I hwservicemanager: getTransport: Cannot find entry android.hardware.graphics.mapper@4.0::IMapper/default in either framework or device manifest.
04-23 20:49:54.476 13180 13180 I Gralloc4: mapper 4.x is not supported
04-23 20:49:54.531 13184 13186 I cmd     : oneway function results will be dropped but finished with status OK and parcel size 4
04-23 20:49:54.532  1599  1972 I MediaProvider: Begin Intent { act=android.intent.action.MEDIA_SCANNER_SCAN_FILE dat=file:///sdcard/screen_2026-04-23_204955.png flg=0x1400010 cmp=com.android.providers.media.module/com.android.providers.media.MediaService }
04-23 20:49:54.528  1599  1599 W com.android.providers.media.module: type=1400 audit(0.0:1333): avc: denied { read } for comm=4173796E635461736B202331 name="primary" dev="tmpfs" ino=28662 scontext=u:r:mediaprovider_app:s0:c123,c256,c512,c768 tcontext=u:object_r:mnt_pass_through_file:s0 tclass=lnk_file permissive=0 app=com.android.providers.media.module
04-23 20:49:54.628  1599  1799 I MediaProvider: Deleted 1 items on external_primary due to com.android.shell
04-23 20:49:54.662 13195 13197 I cmd     : oneway function results will be dropped but finished with status OK and parcel size 4
04-23 20:49:54.809   158   158 I hwservicemanager: getTransport: Cannot find entry android.hardware.graphics.mapper@4.0::IMapper/default in either framework or device manifest.
04-23 20:49:54.809 13217 13217 I Gralloc4: mapper 4.x is not supported
04-23 20:49:54.862 13221 13223 I cmd     : oneway function results will be dropped but finished with status OK and parcel size 4
04-23 20:49:54.863  1599  1972 I MediaProvider: Begin Intent { act=android.intent.action.MEDIA_SCANNER_SCAN_FILE dat=file:///sdcard/screen_2026-04-23_204955.png flg=0x1400010 cmp=com.android.providers.media.module/com.android.providers.media.MediaService }
04-23 20:49:54.864  1599  1972 W ModernMediaScanner: Failed to visit /sdcard/screen_2026-04-23_204955.png: java.nio.file.AccessDeniedException: /sdcard/screen_2026-04-23_204955.png
04-23 20:49:54.867  1599  1972 I MediaProvider: Scanned internal due to REASON_DEMAND, found 0 items in 4ms, 0 inserts 0 updates 0 deletes
04-23 20:49:54.868  1599  1972 I MediaProvider: End Intent { act=android.intent.action.MEDIA_SCANNER_SCAN_FILE dat=file:///sdcard/screen_2026-04-23_204955.png flg=0x1400010 cmp=com.android.providers.media.module/com.android.providers.media.MediaService }
04-23 20:49:54.891  1599  1799 I MediaProvider: Deleted 1 items on external_primary due to com.android.shell
04-23 20:49:54.922 13232 13234 I cmd     : oneway function results will be dropped but finished with status OK and parcel size 4
04-23 20:49:55.067   158   158 I hwservicemanager: getTransport: Cannot find entry android.hardware.graphics.mapper@4.0::IMapper/default in either framework or device manifest.
04-23 20:49:55.067 13254 13254 I Gralloc4: mapper 4.x is not supported
04-23 20:49:55.121 13258 13260 I cmd     : oneway function results will be dropped but finished with status OK and parcel size 4
04-23 20:49:55.122  1599  1972 I MediaProvider: Begin Intent { act=android.intent.action.MEDIA_SCANNER_SCAN_FILE dat=file:///sdcard/screen_2026-04-23_204956.png flg=0x1400010 cmp=com.android.providers.media.module/com.android.providers.media.MediaService }
04-23 20:49:55.124  1599  1972 W ModernMediaScanner: Failed to visit /sdcard/screen_2026-04-23_204956.png: java.nio.file.AccessDeniedException: /sdcard/screen_2026-04-23_204956.png
04-23 20:49:55.125  1599  1972 I MediaProvider: Scanned internal due to REASON_DEMAND, found 0 items in 2ms, 0 inserts 0 updates 0 deletes
04-23 20:49:55.130  1599  1972 I MediaProvider: End Intent { act=android.intent.action.MEDIA_SCANNER_SCAN_FILE dat=file:///sdcard/screen_2026-04-23_204956.png flg=0x1400010 cmp=com.android.providers.media.module/com.android.providers.media.MediaService }
04-23 20:49:55.154  1599  1800 I MediaProvider: Deleted 1 items on external_primary due to com.android.shell
04-23 20:49:55.188 13269 13271 I cmd     : oneway function results will be dropped but finished with status OK and parcel size 4
04-23 20:49:55.251 13284 13286 I cmd     : oneway function results will be dropped but finished with status OK and parcel size 4
04-23 20:49:55.313 13299 13301 I cmd     : oneway function results will be dropped but finished with status OK and parcel size 4
04-23 20:49:55.497 13328 13328 E libc    : Access denied finding property "persist.device_config.runtime_native_boot.profilebootclasspath"
04-23 20:49:55.497 13328 13328 E libc    : Access denied finding property "persist.device_config.runtime_native_boot.enable_apex_image"
04-23 20:49:55.497 13328 13328 I AndroidRuntime: Using default boot image
04-23 20:49:55.497 13328 13328 E libc    : Access denied finding property "persist.device_config.runtime_native_boot.disable_lock_profiling"
04-23 20:49:55.497 13328 13328 I AndroidRuntime: Leaving lock profiling enabled
04-23 20:49:55.497 13328 13328 E libc    : Access denied finding property "persist.device_config.runtime_native_boot.enable_generational_cc"
04-23 20:49:55.499 13328 13328 I app_process: Core platform API reporting enabled, enforcing=false
04-23 20:49:55.550 13328 13328 W app_process: Unexpected CPU variant for X86 using defaults: x86_64
04-23 20:49:55.551 13328 13328 I app_process: The ClassLoaderContext is a special shared library.
04-23 20:49:55.558 13328 13328 W app_process: JNI RegisterNativeMethods: attempt to register 0 native methods for android.media.AudioAttributes
04-23 20:49:55.776  8530  8530 I DatabaseHelper: Breed 5: Favorited false
04-23 20:49:55.957  8111  8111 I ProvidersCache: Updating roots due to change on user 0at content://com.android.providers.media.documents/root
04-23 20:49:56.415  8111  8111 I chatty  : uid=10076(com.android.documentsui) identical 2 lines
04-23 20:49:56.686  8111  8111 I ProvidersCache: Updating roots due to change on user 0at content://com.android.providers.media.documents/root
04-23 20:49:57.313   158   158 I hwservicemanager: getTransport: Cannot find entry android.hardware.graphics.mapper@4.0::IMapper/default in either framework or device manifest.
04-23 20:49:57.313 13359 13359 I Gralloc4: mapper 4.x is not supported
04-23 20:49:57.368  1599  1972 I MediaProvider: Begin Intent { act=android.intent.action.MEDIA_SCANNER_SCAN_FILE dat=file:///sdcard/screen_2026-04-23_204958.png flg=0x1400010 cmp=com.android.providers.media.module/com.android.providers.media.MediaService }
04-23 20:49:57.925     0     0 W audit   : audit_lost=886 audit_rate_limit=5 audit_backlog_limit=64
04-23 20:49:57.929     0     0 E audit   : rate limit exceeded
04-23 20:49:57.364  1599  1599 W com.android.providers.media.module: type=1400 audit(0.0:1355): avc: denied { read } for comm=4173796E635461736B202331 name="primary" dev="tmpfs" ino=28662 scontext=u:r:mediaprovider_app:s0:c123,c256,c512,c768 tcontext=u:object_r:mnt_pass_through_file:s0 tclass=lnk_file permissive=0 app=com.android.providers.media.module
04-23 20:49:57.385  1599  1972 W ModernMediaScanner: Failed to visit /sdcard/screen_2026-04-23_204958.png: java.nio.file.AccessDeniedException: /sdcard/screen_2026-04-23_204958.png
04-23 20:49:57.386  1599  1972 I MediaProvider: Scanned internal due to REASON_DEMAND, found 0 items in 17ms, 0 inserts 0 updates 0 deletes
04-23 20:49:57.387  1599  1972 I MediaProvider: End Intent { act=android.intent.action.MEDIA_SCANNER_SCAN_FILE dat=file:///sdcard/screen_2026-04-23_204958.png flg=0x1400010 cmp=com.android.providers.media.module/com.android.providers.media.MediaService }
04-23 20:49:57.364  1599  1599 W com.android.providers.media.module: type=1400 audit(0.0:1356): avc: denied { read } for comm=4173796E635461736B202331 name="primary" dev="tmpfs" ino=28662 scontext=u:r:mediaprovider_app:s0:c123,c256,c512,c768 tcontext=u:object_r:mnt_pass_through_file:s0 tclass=lnk_file permissive=0 app=com.android.providers.media.module
04-23 20:49:57.455  1599  2495 I MediaProvider: Deleted 1 items on external_primary due to com.android.shell
04-23 20:49:57.364  1599  1599 W com.android.providers.media.module: type=1400 audit(0.0:1359): avc: denied { read } for comm=4173796E635461736B202331 name="primary" dev="tmpfs" ino=28662 scontext=u:r:mediaprovider_app:s0:c123,c256,c512,c768 tcontext=u:object_r:mnt_pass_through_file:s0 tclass=lnk_file permissive=0 app=com.android.providers.media.module
04-23 20:49:57.511 13376 13378 I cmd     : oneway function results will be dropped but finished with status OK and parcel size 4
04-23 20:49:57.655   158   158 I hwservicemanager: getTransport: Cannot find entry android.hardware.graphics.mapper@4.0::IMapper/default in either framework or device manifest.
04-23 20:49:57.656 13398 13398 I Gralloc4: mapper 4.x is not supported
04-23 20:49:57.703  1599  1972 I MediaProvider: Begin Intent { act=android.intent.action.MEDIA_SCANNER_SCAN_FILE dat=file:///sdcard/screen_2026-04-23_204958.png flg=0x1400010 cmp=com.android.providers.media.module/com.android.providers.media.MediaService }
04-23 20:49:57.704  1599  1972 W ModernMediaScanner: Failed to visit /sdcard/screen_2026-04-23_204958.png: java.nio.file.AccessDeniedException: /sdcard/screen_2026-04-23_204958.png
04-23 20:49:57.705  1599  1972 I MediaProvider: Scanned internal due to REASON_DEMAND, found 0 items in 0ms, 0 inserts 0 updates 0 deletes
04-23 20:49:57.706  1599  1972 I MediaProvider: End Intent { act=android.intent.action.MEDIA_SCANNER_SCAN_FILE dat=file:///sdcard/screen_2026-04-23_204958.png flg=0x1400010 cmp=com.android.providers.media.module/com.android.providers.media.MediaService }
04-23 20:49:57.729  1599  1799 I MediaProvider: Deleted 1 items on external_primary due to com.android.shell
04-23 20:49:57.762 13413 13415 I cmd     : oneway function results will be dropped but finished with status OK and parcel size 4
04-23 20:49:57.906   158   158 I hwservicemanager: getTransport: Cannot find entry android.hardware.graphics.mapper@4.0::IMapper/default in either framework or device manifest.
04-23 20:49:57.906 13435 13435 I Gralloc4: mapper 4.x is not supported
04-23 20:49:57.962 13439 13441 I cmd     : oneway function results will be dropped but finished with status OK and parcel size 4
04-23 20:49:57.963  1599  1972 I MediaProvider: Begin Intent { act=android.intent.action.MEDIA_SCANNER_SCAN_FILE dat=file:///sdcard/screen_2026-04-23_204958.png flg=0x1400010 cmp=com.android.providers.media.module/com.android.providers.media.MediaService }
04-23 20:49:57.965  1599  1972 W ModernMediaScanner: Failed to visit /sdcard/screen_2026-04-23_204958.png: java.nio.file.AccessDeniedException: /sdcard/screen_2026-04-23_204958.png
04-23 20:49:57.965  1599  1972 I MediaProvider: Scanned internal due to REASON_DEMAND, found 0 items in 1ms, 0 inserts 0 updates 0 deletes
04-23 20:49:57.966  1599  1972 I MediaProvider: End Intent { act=android.intent.action.MEDIA_SCANNER_SCAN_FILE dat=file:///sdcard/screen_2026-04-23_204958.png flg=0x1400010 cmp=com.android.providers.media.module/com.android.providers.media.MediaService }
04-23 20:49:57.990  1599  1800 I MediaProvider: Deleted 1 items on external_primary due to com.android.shell
04-23 20:49:58.022 13450 13452 I cmd     : oneway function results will be dropped but finished with status OK and parcel size 4
04-23 20:49:58.083 13465 13467 I cmd     : oneway function results will be dropped but finished with status OK and parcel size 4
04-23 20:49:58.206 13495 13497 I cmd     : oneway function results will be dropped but finished with status OK and parcel size 4
04-23 20:49:58.299 13507 13507 E libc    : Access denied finding property "persist.device_config.runtime_native_boot.profilebootclasspath"
04-23 20:49:58.299 13507 13507 E libc    : Access denied finding property "persist.device_config.runtime_native_boot.enable_apex_image"
04-23 20:49:58.299 13507 13507 I AndroidRuntime: Using default boot image
04-23 20:49:58.299 13507 13507 E libc    : Access denied finding property "persist.device_config.runtime_native_boot.disable_lock_profiling"
04-23 20:49:58.299 13507 13507 I AndroidRuntime: Leaving lock profiling enabled
04-23 20:49:58.299 13507 13507 E libc    : Access denied finding property "persist.device_config.runtime_native_boot.enable_generational_cc"
04-23 20:49:58.301 13507 13507 I app_process: Core platform API reporting enabled, enforcing=false
04-23 20:49:58.352 13507 13507 W app_process: Unexpected CPU variant for X86 using defaults: x86_64
04-23 20:49:58.353 13507 13507 I app_process: The ClassLoaderContext is a special shared library.
04-23 20:49:58.360 13507 13507 W app_process: JNI RegisterNativeMethods: attempt to register 0 native methods for android.media.AudioAttributes
04-23 20:49:58.576  8530  8530 I DatabaseHelper: Breed 6: Favorited false
04-23 20:49:58.797  8111  8111 I ProvidersCache: Updating roots due to change on user 0at content://com.android.providers.media.documents/root
04-23 20:49:59.265  8111  8111 I chatty  : uid=10076(com.android.documentsui) identical 2 lines
04-23 20:49:59.522  8111  8111 I ProvidersCache: Updating roots due to change on user 0at content://com.android.providers.media.documents/root
04-23 20:50:00.136   158   158 I hwservicemanager: getTransport: Cannot find entry android.hardware.graphics.mapper@4.0::IMapper/default in either framework or device manifest.
04-23 20:50:00.136 13541 13541 I Gralloc4: mapper 4.x is not supported
04-23 20:50:00.183 13546 13548 I cmd     : oneway function results will be dropped but finished with status OK and parcel size 4
04-23 20:50:00.184  1599  1972 I MediaProvider: Begin Intent { act=android.intent.action.MEDIA_SCANNER_SCAN_FILE dat=file:///sdcard/screen_2026-04-23_205001.png flg=0x1400010 cmp=com.android.providers.media.module/com.android.providers.media.MediaService }
04-23 20:50:00.180  1599  1599 W com.android.providers.media.module: type=1400 audit(0.0:1377): avc: denied { read } for comm=4173796E635461736B202331 name="primary" dev="tmpfs" ino=28662 scontext=u:r:mediaprovider_app:s0:c123,c256,c512,c768 tcontext=u:object_r:mnt_pass_through_file:s0 tclass=lnk_file permissive=0 app=com.android.providers.media.module
04-23 20:50:00.752     0     0 W audit   : audit_lost=903 audit_rate_limit=5 audit_backlog_limit=64
04-23 20:50:00.764     0     0 E audit   : rate limit exceeded
04-23 20:50:00.192  1599  1599 W com.android.providers.media.module: type=1400 audit(0.0:1378): avc: denied { read } for comm=4173796E635461736B202331 name="primary" dev="tmpfs" ino=28662 scontext=u:r:mediaprovider_app:s0:c123,c256,c512,c768 tcontext=u:object_r:mnt_pass_through_file:s0 tclass=lnk_file permissive=0 app=com.android.providers.media.module
04-23 20:50:00.226  1599  1972 W ModernMediaScanner: Failed to visit /sdcard/screen_2026-04-23_205001.png: java.nio.file.AccessDeniedException: /sdcard/screen_2026-04-23_205001.png
04-23 20:50:00.227  1599  1972 I MediaProvider: Scanned internal due to REASON_DEMAND, found 0 items in 33ms, 0 inserts 0 updates 0 deletes
04-23 20:50:00.228  1599  1972 I MediaProvider: End Intent { act=android.intent.action.MEDIA_SCANNER_SCAN_FILE dat=file:///sdcard/screen_2026-04-23_205001.png flg=0x1400010 cmp=com.android.providers.media.module/com.android.providers.media.MediaService }
04-23 20:50:00.192  1599  1599 W com.android.providers.media.module: type=1400 audit(0.0:1379): avc: denied { read } for comm=4173796E635461736B202331 name="primary" dev="tmpfs" ino=28662 scontext=u:r:mediaprovider_app:s0:c123,c256,c512,c768 tcontext=u:object_r:mnt_pass_through_file:s0 tclass=lnk_file permissive=0 app=com.android.providers.media.module
04-23 20:50:00.266  1599  2495 I MediaProvider: Deleted 1 items on external_primary due to com.android.shell
04-23 20:50:00.301 13557 13559 I cmd     : oneway function results will be dropped but finished with status OK and parcel size 4
04-23 20:50:00.447   158   158 I hwservicemanager: getTransport: Cannot find entry android.hardware.graphics.mapper@4.0::IMapper/default in either framework or device manifest.
04-23 20:50:00.447 13579 13579 I Gralloc4: mapper 4.x is not supported
04-23 20:50:00.502  1599  1972 I MediaProvider: Begin Intent { act=android.intent.action.MEDIA_SCANNER_SCAN_FILE dat=file:///sdcard/screen_2026-04-23_205001.png flg=0x1400010 cmp=com.android.providers.media.module/com.android.providers.media.MediaService }
04-23 20:50:00.505  1599  1972 W ModernMediaScanner: Failed to visit /sdcard/screen_2026-04-23_205001.png: java.nio.file.AccessDeniedException: /sdcard/screen_2026-04-23_205001.png
04-23 20:50:00.506  1599  1972 I MediaProvider: Scanned internal due to REASON_DEMAND, found 0 items in 3ms, 0 inserts 0 updates 0 deletes
04-23 20:50:00.506  1599  1972 I MediaProvider: End Intent { act=android.intent.action.MEDIA_SCANNER_SCAN_FILE dat=file:///sdcard/screen_2026-04-23_205001.png flg=0x1400010 cmp=com.android.providers.media.module/com.android.providers.media.MediaService }
04-23 20:50:00.530  1599  1799 I MediaProvider: Deleted 1 items on external_primary due to com.android.shell
04-23 20:50:00.566 13594 13596 I cmd     : oneway function results will be dropped but finished with status OK and parcel size 4
04-23 20:50:00.728   158   158 I hwservicemanager: getTransport: Cannot find entry android.hardware.graphics.mapper@4.0::IMapper/default in either framework or device manifest.
04-23 20:50:00.728 13618 13618 I Gralloc4: mapper 4.x is not supported
04-23 20:50:00.777 13622 13624 I cmd     : oneway function results will be dropped but finished with status OK and parcel size 4
04-23 20:50:00.778  1599  1972 I MediaProvider: Begin Intent { act=android.intent.action.MEDIA_SCANNER_SCAN_FILE dat=file:///sdcard/screen_2026-04-23_205001.png flg=0x1400010 cmp=com.android.providers.media.module/com.android.providers.media.MediaService }
04-23 20:50:00.779  1599  1972 W ModernMediaScanner: Failed to visit /sdcard/screen_2026-04-23_205001.png: java.nio.file.AccessDeniedException: /sdcard/screen_2026-04-23_205001.png
04-23 20:50:00.780  1599  1972 I MediaProvider: Scanned internal due to REASON_DEMAND, found 0 items in 2ms, 0 inserts 0 updates 0 deletes
04-23 20:50:00.781  1599  1972 I MediaProvider: End Intent { act=android.intent.action.MEDIA_SCANNER_SCAN_FILE dat=file:///sdcard/screen_2026-04-23_205001.png flg=0x1400010 cmp=com.android.providers.media.module/com.android.providers.media.MediaService }
04-23 20:50:00.807  1599  1800 I MediaProvider: Deleted 1 items on external_primary due to com.android.shell
04-23 20:50:00.841 13633 13635 I cmd     : oneway function results will be dropped but finished with status OK and parcel size 4
04-23 20:50:00.906 13648 13650 I cmd     : oneway function results will be dropped but finished with status OK and parcel size 4
04-23 20:50:00.972 13663 13665 I cmd     : oneway function results will be dropped but finished with status OK and parcel size 4
04-23 20:50:01.037 13678 13680 I cmd     : oneway function results will be dropped but finished with status OK and parcel size 4
04-23 20:50:01.141 13690 13690 E libc    : Access denied finding property "persist.device_config.runtime_native_boot.profilebootclasspath"
04-23 20:50:01.141 13690 13690 E libc    : Access denied finding property "persist.device_config.runtime_native_boot.enable_apex_image"
04-23 20:50:01.141 13690 13690 I AndroidRuntime: Using default boot image
04-23 20:50:01.141 13690 13690 E libc    : Access denied finding property "persist.device_config.runtime_native_boot.disable_lock_profiling"
04-23 20:50:01.141 13690 13690 I AndroidRuntime: Leaving lock profiling enabled
04-23 20:50:01.141 13690 13690 E libc    : Access denied finding property "persist.device_config.runtime_native_boot.enable_generational_cc"
04-23 20:50:01.143 13690 13690 I app_process: Core platform API reporting enabled, enforcing=false
04-23 20:50:01.194 13690 13690 W app_process: Unexpected CPU variant for X86 using defaults: x86_64
04-23 20:50:01.195 13690 13690 I app_process: The ClassLoaderContext is a special shared library.
04-23 20:50:01.201 13690 13690 W app_process: JNI RegisterNativeMethods: attempt to register 0 native methods for android.media.AudioAttributes
04-23 20:50:01.409  8530  8530 I DatabaseHelper: Breed 7: Favorited false
04-23 20:50:01.646  8111  8111 I ProvidersCache: Updating roots due to change on user 0at content://com.android.providers.media.documents/root
