04-23 20:49:05.735 10248 10248 W app_process: JNI RegisterNativeMethods: attempt to register 0 native methods for android.media.AudioAttributes
04-23 20:49:05.943  8530  8530 I DatabaseHelper: Breed 8: Favorited true
04-23 20:49:06.065  8111  8111 I ProvidersCache: Updating roots due to change on user 0at content://com.android.providers.media.documents/root
04-23 20:49:06.198  1536  1980 I Dialer  : OmtpVvmCarrierCfgHlpr - OmtpEvent:CONFIG_STATUS_SMS_TIME_OUT
04-23 20:49:06.198  1536  1536 I Dialer  : RetryPolicy - discarding deferred status: configuration_state=4
04-23 20:49:06.199  1536  1536 I Dialer  : VvmTaskExecutor - no more tasks, stopping service if no task are added in 5000 millis
04-23 20:49:06.199  1536  1536 I Dialer  : VvmTaskReceiver - task received
04-23 20:49:06.199  1536  1536 I Dialer  : VvmTaskReceiver - TaskExecutor already running
04-23 20:49:06.199  1536  1536 I Dialer  : Task.createTask - create task:com.android.voicemail.impl.ActivationTask
04-23 20:49:06.199  1536  1536 I Dialer  : RetryPolicy - retry #2 for com.android.voicemail.impl.ActivationTask@f5a9665 queued, executing in 5000
04-23 20:49:06.200  1536  1536 I Dialer  : VvmTaskExecutor - com.android.voicemail.impl.ActivationTask@f5a9665 added
04-23 20:49:06.200  1536  1536 I Dialer  : VvmTaskExecutor - minimal wait time:5000
04-23 20:49:06.200  1536  1536 I Dialer  : VvmTaskExecutor - sleep for 5000 millis
04-23 20:49:06.224  8111  8111 I ProvidersCache: Updating roots due to change on user 0at content://com.android.providers.media.documents/root
04-23 20:49:06.503  8111  8111 I chatty  : uid=10076(com.android.documentsui) identical 1 line
04-23 20:49:06.765  8111  8111 I ProvidersCache: Updating roots due to change on user 0at content://com.android.providers.media.documents/root
04-23 20:49:07.482   158   158 I hwservicemanager: getTransport: Cannot find entry android.hardware.graphics.mapper@4.0::IMapper/default in either framework or device manifest.
04-23 20:49:07.482 10279 10279 I Gralloc4: mapper 4.x is not supported
04-23 20:49:07.537 10283 10285 I cmd     : oneway function results will be dropped but finished with status OK and parcel size 4
04-23 20:49:07.539  1599  1972 I MediaProvider: Begin Intent { act=android.intent.action.MEDIA_SCANNER_SCAN_FILE dat=file:///sdcard/screen_2026-04-23_204908.png flg=0x1400010 cmp=com.android.providers.media.module/com.android.providers.media.MediaService }
04-23 20:49:07.532  1599  1599 W com.android.providers.media.module: type=1400 audit(0.0:981): avc: denied { read } for comm=4173796E635461736B202331 name="primary" dev="tmpfs" ino=28662 scontext=u:r:mediaprovider_app:s0:c123,c256,c512,c768 tcontext=u:object_r:mnt_pass_through_file:s0 tclass=lnk_file permissive=0 app=com.android.providers.media.module
04-23 20:49:08.095     0     0 W audit   : audit_lost=632 audit_rate_limit=5 audit_backlog_limit=64
04-23 20:49:07.532  1599  1599 W com.android.providers.media.module: type=1400 audit(0.0:982): avc: denied { read } for comm=4173796E635461736B202331 name="primary" dev="tmpfs" ino=28662 scontext=u:r:mediaprovider_app:s0:c123,c256,c512,c768 tcontext=u:object_r:mnt_pass_through_file:s0 tclass=lnk_file permissive=0 app=com.android.providers.media.module
04-23 20:49:07.581  1599  1972 W ModernMediaScanner: Failed to visit /sdcard/screen_2026-04-23_204908.png: java.nio.file.AccessDeniedException: /sdcard/screen_2026-04-23_204908.png
04-23 20:49:07.582  1599  1972 I MediaProvider: Scanned internal due to REASON_DEMAND, found 0 items in 42ms, 0 inserts 0 updates 0 deletes
04-23 20:49:07.582  1599  1972 I MediaProvider: End Intent { act=android.intent.action.MEDIA_SCANNER_SCAN_FILE dat=file:///sdcard/screen_2026-04-23_204908.png flg=0x1400010 cmp=com.android.providers.media.module/com.android.providers.media.MediaService }
04-23 20:49:08.135     0     0 E audit   : rate limit exceeded
04-23 20:49:07.536  1599  1599 W com.android.providers.media.module: type=1400 audit(0.0:983): avc: denied { read } for comm=4173796E635461736B202331 name="primary" dev="tmpfs" ino=28662 scontext=u:r:mediaprovider_app:s0:c123,c256,c512,c768 tcontext=u:object_r:mnt_pass_through_file:s0 tclass=lnk_file permissive=0 app=com.android.providers.media.module
04-23 20:49:07.653  1599  1800 I MediaProvider: Deleted 1 items on external_primary due to com.android.shell
04-23 20:49:07.687 10296 10298 I cmd     : oneway function results will be dropped but finished with status OK and parcel size 4
04-23 20:49:07.844   158   158 I hwservicemanager: getTransport: Cannot find entry android.hardware.graphics.mapper@4.0::IMapper/default in either framework or device manifest.
04-23 20:49:07.844 10318 10318 I Gralloc4: mapper 4.x is not supported
04-23 20:49:07.899 10323 10325 I cmd     : oneway function results will be dropped but finished with status OK and parcel size 4
04-23 20:49:07.900  1599  1972 I MediaProvider: Begin Intent { act=android.intent.action.MEDIA_SCANNER_SCAN_FILE dat=file:///sdcard/screen_2026-04-23_204908.png flg=0x1400010 cmp=com.android.providers.media.module/com.android.providers.media.MediaService }
04-23 20:49:07.901  1599  1972 W ModernMediaScanner: Failed to visit /sdcard/screen_2026-04-23_204908.png: java.nio.file.AccessDeniedException: /sdcard/screen_2026-04-23_204908.png
04-23 20:49:07.902  1599  1972 I MediaProvider: Scanned internal due to REASON_DEMAND, found 0 items in 0ms, 0 inserts 0 updates 0 deletes
04-23 20:49:07.903  1599  1972 I MediaProvider: End Intent { act=android.intent.action.MEDIA_SCANNER_SCAN_FILE dat=file:///sdcard/screen_2026-04-23_204908.png flg=0x1400010 cmp=com.android.providers.media.module/com.android.providers.media.MediaService }
04-23 20:49:07.932  1599  2495 I MediaProvider: Deleted 1 items on external_primary due to com.android.shell
04-23 20:49:07.966 10334 10336 I cmd     : oneway function results will be dropped but finished with status OK and parcel size 4
04-23 20:49:08.119   158   158 I hwservicemanager: getTransport: Cannot find entry android.hardware.graphics.mapper@4.0::IMapper/default in either framework or device manifest.
04-23 20:49:08.120 10356 10356 I Gralloc4: mapper 4.x is not supported
04-23 20:49:08.173  1599  1972 I MediaProvider: Begin Intent { act=android.intent.action.MEDIA_SCANNER_SCAN_FILE dat=file:///sdcard/screen_2026-04-23_204909.png flg=0x1400010 cmp=com.android.providers.media.module/com.android.providers.media.MediaService }
04-23 20:49:08.174  1599  1972 W ModernMediaScanner: Failed to visit /sdcard/screen_2026-04-23_204909.png: java.nio.file.AccessDeniedException: /sdcard/screen_2026-04-23_204909.png
04-23 20:49:08.175  1599  1972 I MediaProvider: Scanned internal due to REASON_DEMAND, found 0 items in 2ms, 0 inserts 0 updates 0 deletes
04-23 20:49:08.176  1599  1972 I MediaProvider: End Intent { act=android.intent.action.MEDIA_SCANNER_SCAN_FILE dat=file:///sdcard/screen_2026-04-23_204909.png flg=0x1400010 cmp=com.android.providers.media.module/com.android.providers.media.MediaService }
04-23 20:49:08.200  1599  1799 I MediaProvider: Deleted 1 items on external_primary due to com.android.shell
04-23 20:49:08.232 10371 10373 I cmd     : oneway function results will be dropped but finished with status OK and parcel size 4
04-23 20:49:08.292 10386 10388 I cmd     : oneway function results will be dropped but finished with status OK and parcel size 4
04-23 20:49:08.352 10401 10403 I cmd     : oneway function results will be dropped but finished with status OK and parcel size 4
04-23 20:49:08.412 10416 10418 I cmd     : oneway function results will be dropped but finished with status OK and parcel size 4
04-23 20:49:08.507 10428 10428 E libc    : Access denied finding property "persist.device_config.runtime_native_boot.profilebootclasspath"
04-23 20:49:08.507 10428 10428 E libc    : Access denied finding property "persist.device_config.runtime_native_boot.enable_apex_image"
04-23 20:49:08.507 10428 10428 I AndroidRuntime: Using default boot image
04-23 20:49:08.507 10428 10428 E libc    : Access denied finding property "persist.device_config.runtime_native_boot.disable_lock_profiling"
04-23 20:49:08.507 10428 10428 I AndroidRuntime: Leaving lock profiling enabled
04-23 20:49:08.507 10428 10428 E libc    : Access denied finding property "persist.device_config.runtime_native_boot.enable_generational_cc"
04-23 20:49:08.509 10428 10428 I app_process: Core platform API reporting enabled, enforcing=false
04-23 20:49:08.562 10428 10428 W app_process: Unexpected CPU variant for X86 using defaults: x86_64
04-23 20:49:08.563 10428 10428 I app_process: The ClassLoaderContext is a special shared library.
04-23 20:49:08.569 10428 10428 W app_process: JNI RegisterNativeMethods: attempt to register 0 native methods for android.media.AudioAttributes
04-23 20:49:08.777  8530  8530 I DatabaseHelper: Breed 9: Favorited true
04-23 20:49:08.945  8111  8111 I ProvidersCache: Updating roots due to change on user 0at content://com.android.providers.media.documents/root
04-23 20:49:09.416  8111  8111 I chatty  : uid=10076(com.android.documentsui) identical 2 lines
04-23 20:49:09.685  8111  8111 I ProvidersCache: Updating roots due to change on user 0at content://com.android.providers.media.documents/root
04-23 20:49:10.316   158   158 I hwservicemanager: getTransport: Cannot find entry android.hardware.graphics.mapper@4.0::IMapper/default in either framework or device manifest.
04-23 20:49:10.316 10462 10462 I Gralloc4: mapper 4.x is not supported
04-23 20:49:10.370  1599  1972 I MediaProvider: Begin Intent { act=android.intent.action.MEDIA_SCANNER_SCAN_FILE dat=file:///sdcard/screen_2026-04-23_204911.png flg=0x1400010 cmp=com.android.providers.media.module/com.android.providers.media.MediaService }
04-23 20:49:10.364  1599  1599 W com.android.providers.media.module: type=1400 audit(0.0:1003): avc: denied { read } for comm=4173796E635461736B202331 name="primary" dev="tmpfs" ino=28662 scontext=u:r:mediaprovider_app:s0:c123,c256,c512,c768 tcontext=u:object_r:mnt_pass_through_file:s0 tclass=lnk_file permissive=0 app=com.android.providers.media.module
04-23 20:49:10.927     0     0 W audit   : audit_lost=649 audit_rate_limit=5 audit_backlog_limit=64
04-23 20:49:10.948     0     0 E audit   : rate limit exceeded
04-23 20:49:10.364  1599  1599 W com.android.providers.media.module: type=1400 audit(0.0:1004): avc: denied { read } for comm=4173796E635461736B202331 name="primary" dev="tmpfs" ino=28662 scontext=u:r:mediaprovider_app:s0:c123,c256,c512,c768 tcontext=u:object_r:mnt_pass_through_file:s0 tclass=lnk_file permissive=0 app=com.android.providers.media.module
04-23 20:49:10.412  1599  1972 W ModernMediaScanner: Failed to visit /sdcard/screen_2026-04-23_204911.png: java.nio.file.AccessDeniedException: /sdcard/screen_2026-04-23_204911.png
04-23 20:49:10.412  1599  1972 I MediaProvider: Scanned internal due to REASON_DEMAND, found 0 items in 42ms, 0 inserts 0 updates 0 deletes
04-23 20:49:10.413  1599  1972 I MediaProvider: End Intent { act=android.intent.action.MEDIA_SCANNER_SCAN_FILE dat=file:///sdcard/screen_2026-04-23_204911.png flg=0x1400010 cmp=com.android.providers.media.module/com.android.providers.media.MediaService }
04-23 20:49:10.364  1599  1599 W com.android.providers.media.module: type=1400 audit(0.0:1005): avc: denied { read } for comm=4173796E635461736B202331 name="primary" dev="tmpfs" ino=28662 scontext=u:r:mediaprovider_app:s0:c123,c256,c512,c768 tcontext=u:object_r:mnt_pass_through_file:s0 tclass=lnk_file permissive=0 app=com.android.providers.media.module
04-23 20:49:10.488  1599  1800 I MediaProvider: Deleted 1 items on external_primary due to com.android.shell
04-23 20:49:10.522 10477 10479 I cmd     : oneway function results will be dropped but finished with status OK and parcel size 4
04-23 20:49:10.676   158   158 I hwservicemanager: getTransport: Cannot find entry android.hardware.graphics.mapper@4.0::IMapper/default in either framework or device manifest.
04-23 20:49:10.677 10499 10499 I Gralloc4: mapper 4.x is not supported
04-23 20:49:10.739 10505 10507 I cmd     : oneway function results will be dropped but finished with status OK and parcel size 4
04-23 20:49:10.740  1599  1972 I MediaProvider: Begin Intent { act=android.intent.action.MEDIA_SCANNER_SCAN_FILE dat=file:///sdcard/screen_2026-04-23_204911.png flg=0x1400010 cmp=com.android.providers.media.module/com.android.providers.media.MediaService }
04-23 20:49:10.741  1599  1972 W ModernMediaScanner: Failed to visit /sdcard/screen_2026-04-23_204911.png: java.nio.file.AccessDeniedException: /sdcard/screen_2026-04-23_204911.png
04-23 20:49:10.742  1599  1972 I MediaProvider: Scanned internal due to REASON_DEMAND, found 0 items in 2ms, 0 inserts 0 updates 0 deletes
04-23 20:49:10.747  1599  1972 I MediaProvider: End Intent { act=android.intent.action.MEDIA_SCANNER_SCAN_FILE dat=file:///sdcard/screen_2026-04-23_204911.png flg=0x1400010 cmp=com.android.providers.media.module/com.android.providers.media.MediaService }
04-23 20:49:10.769  1599  2495 I MediaProvider: Deleted 1 items on external_primary due to com.android.shell
04-23 20:49:10.804 10516 10518 I cmd     : oneway function results will be dropped but finished with status OK and parcel size 4
04-23 20:49:10.953   158   158 I hwservicemanager: getTransport: Cannot find entry android.hardware.graphics.mapper@4.0::IMapper/default in either framework or device manifest.
04-23 20:49:10.954 10538 10538 I Gralloc4: mapper 4.x is not supported
04-23 20:49:11.006 10542 10544 I cmd     : oneway function results will be dropped but finished with status OK and parcel size 4
04-23 20:49:11.007  1599  1972 I MediaProvider: Begin Intent { act=android.intent.action.MEDIA_SCANNER_SCAN_FILE dat=file:///sdcard/screen_2026-04-23_204912.png flg=0x1400010 cmp=com.android.providers.media.module/com.android.providers.media.MediaService }
04-23 20:49:11.009  1599  1972 W ModernMediaScanner: Failed to visit /sdcard/screen_2026-04-23_204912.png: java.nio.file.AccessDeniedException: /sdcard/screen_2026-04-23_204912.png
04-23 20:49:11.010  1599  1972 I MediaProvider: Scanned internal due to REASON_DEMAND, found 0 items in 1ms, 0 inserts 0 updates 0 deletes
04-23 20:49:11.011  1599  1972 I MediaProvider: End Intent { act=android.intent.action.MEDIA_SCANNER_SCAN_FILE dat=file:///sdcard/screen_2026-04-23_204912.png flg=0x1400010 cmp=com.android.providers.media.module/com.android.providers.media.MediaService }
04-23 20:49:11.036  1599  1799 I MediaProvider: Deleted 1 items on external_primary due to com.android.shell
04-23 20:49:11.069 10553 10555 I cmd     : oneway function results will be dropped but finished with status OK and parcel size 4
04-23 20:49:11.133 10568 10570 I cmd     : oneway function results will be dropped but finished with status OK and parcel size 4
04-23 20:49:11.195 10583 10585 I cmd     : oneway function results will be dropped but finished with status OK and parcel size 4
04-23 20:49:11.240  1536  1980 I Dialer  : VvmTaskExecutor - executing task com.android.voicemail.impl.ActivationTask@f5a9665
04-23 20:49:11.240  1536  1980 I Dialer  : PreOMigrationHandler - ComponentInfo{com.android.phone/com.android.services.telephony.TelephonyConnectionService}, ***, UserHandle{0} already migrated
04-23 20:49:11.254  1713  1761 I VoicemailNotifier: receivers for android.intent.action.PROVIDER_CHANGED :[]
04-23 20:49:11.256  1536  1980 I Dialer  : VvmActivationTask - VVM content provider configured - vvm_type_cvvm
04-23 20:49:11.256  1536  1980 I Dialer  : OmtpVvmCarrierCfgHlpr - OmtpEvent:CONFIG_ACTIVATING
04-23 20:49:11.259  1713  1761 I VoicemailNotifier: receivers for android.intent.action.PROVIDER_CHANGED :[]
04-23 20:49:11.367 10610 10610 E libc    : Access denied finding property "persist.device_config.runtime_native_boot.profilebootclasspath"
04-23 20:49:11.367 10610 10610 E libc    : Access denied finding property "persist.device_config.runtime_native_boot.enable_apex_image"
04-23 20:49:11.368 10610 10610 I AndroidRuntime: Using default boot image
04-23 20:49:11.368 10610 10610 E libc    : Access denied finding property "persist.device_config.runtime_native_boot.disable_lock_profiling"
04-23 20:49:11.368 10610 10610 I AndroidRuntime: Leaving lock profiling enabled
04-23 20:49:11.368 10610 10610 E libc    : Access denied finding property "persist.device_config.runtime_native_boot.enable_generational_cc"
04-23 20:49:11.370 10610 10610 I app_process: Core platform API reporting enabled, enforcing=false
04-23 20:49:11.421 10610 10610 W app_process: Unexpected CPU variant for X86 using defaults: x86_64
04-23 20:49:11.422 10610 10610 I app_process: The ClassLoaderContext is a special shared library.
04-23 20:49:11.430 10610 10610 W app_process: JNI RegisterNativeMethods: attempt to register 0 native methods for android.media.AudioAttributes
04-23 20:49:11.643  8530  8530 I DatabaseHelper: Breed 10: Favorited true
04-23 20:49:11.824  8111  8111 I ProvidersCache: Updating roots due to change on user 0at content://com.android.providers.media.documents/root
04-23 20:49:12.224  8111  8111 I chatty  : uid=10076(com.android.documentsui) identical 2 lines
04-23 20:49:12.541  8111  8111 I ProvidersCache: Updating roots due to change on user 0at content://com.android.providers.media.documents/root
04-23 20:49:13.182   158   158 I hwservicemanager: getTransport: Cannot find entry android.hardware.graphics.mapper@4.0::IMapper/default in either framework or device manifest.
04-23 20:49:13.183 10643 10643 I Gralloc4: mapper 4.x is not supported
04-23 20:49:13.238 10647 10649 I cmd     : oneway function results will be dropped but finished with status OK and parcel size 4
04-23 20:49:13.239  1599  1972 I MediaProvider: Begin Intent { act=android.intent.action.MEDIA_SCANNER_SCAN_FILE dat=file:///sdcard/screen_2026-04-23_204914.png flg=0x1400010 cmp=com.android.providers.media.module/com.android.providers.media.MediaService }
04-23 20:49:13.236  1599  1599 W com.android.providers.media.module: type=1400 audit(0.0:1025): avc: denied { read } for comm=4173796E635461736B202331 name="primary" dev="tmpfs" ino=28662 scontext=u:r:mediaprovider_app:s0:c123,c256,c512,c768 tcontext=u:object_r:mnt_pass_through_file:s0 tclass=lnk_file permissive=0 app=com.android.providers.media.module
04-23 20:49:13.799     0     0 W audit   : audit_lost=666 audit_rate_limit=5 audit_backlog_limit=64
04-23 20:49:13.819     0     0 E audit   : rate limit exceeded
04-23 20:49:13.282  1599  1972 W ModernMediaScanner: Failed to visit /sdcard/screen_2026-04-23_204914.png: java.nio.file.AccessDeniedException: /sdcard/screen_2026-04-23_204914.png
04-23 20:49:13.284  1599  1972 I MediaProvider: Scanned internal due to REASON_DEMAND, found 0 items in 40ms, 0 inserts 0 updates 0 deletes
04-23 20:49:13.285  1599  1972 I MediaProvider: End Intent { act=android.intent.action.MEDIA_SCANNER_SCAN_FILE dat=file:///sdcard/screen_2026-04-23_204914.png flg=0x1400010 cmp=com.android.providers.media.module/com.android.providers.media.MediaService }
04-23 20:49:13.236  1599  1599 W com.android.providers.media.module: type=1400 audit(0.0:1026): avc: denied { read } for comm=4173796E635461736B202331 name="primary" dev="tmpfs" ino=28662 scontext=u:r:mediaprovider_app:s0:c123,c256,c512,c768 tcontext=u:object_r:mnt_pass_through_file:s0 tclass=lnk_file permissive=0 app=com.android.providers.media.module
04-23 20:49:13.366  1599  1800 I MediaProvider: Deleted 1 items on external_primary due to com.android.shell
04-23 20:49:13.410 10658 10660 I cmd     : oneway function results will be dropped but finished with status OK and parcel size 4
04-23 20:49:13.567   158   158 I hwservicemanager: getTransport: Cannot find entry android.hardware.graphics.mapper@4.0::IMapper/default in either framework or device manifest.
04-23 20:49:13.568 10680 10680 I Gralloc4: mapper 4.x is not supported
04-23 20:49:13.620 10684 10686 I cmd     : oneway function results will be dropped but finished with status OK and parcel size 4
04-23 20:49:13.621  1599  1972 I MediaProvider: Begin Intent { act=android.intent.action.MEDIA_SCANNER_SCAN_FILE dat=file:///sdcard/screen_2026-04-23_204914.png flg=0x1400010 cmp=com.android.providers.media.module/com.android.providers.media.MediaService }
04-23 20:49:13.622  1599  1972 W ModernMediaScanner: Failed to visit /sdcard/screen_2026-04-23_204914.png: java.nio.file.AccessDeniedException: /sdcard/screen_2026-04-23_204914.png
04-23 20:49:13.623  1599  1972 I MediaProvider: Scanned internal due to REASON_DEMAND, found 0 items in 0ms, 0 inserts 0 updates 0 deletes
04-23 20:49:13.632  1599  1972 I MediaProvider: End Intent { act=android.intent.action.MEDIA_SCANNER_SCAN_FILE dat=file:///sdcard/screen_2026-04-23_204914.png flg=0x1400010 cmp=com.android.providers.media.module/com.android.providers.media.MediaService }
04-23 20:49:13.655  1599  2495 I MediaProvider: Deleted 1 items on external_primary due to com.android.shell
04-23 20:49:13.691 10696 10698 I cmd     : oneway function results will be dropped but finished with status OK and parcel size 4
04-23 20:49:13.870   158   158 I hwservicemanager: getTransport: Cannot find entry android.hardware.graphics.mapper@4.0::IMapper/default in either framework or device manifest.
04-23 20:49:13.870 10720 10720 I Gralloc4: mapper 4.x is not supported
04-23 20:49:13.925  1599  1972 I MediaProvider: Begin Intent { act=android.intent.action.MEDIA_SCANNER_SCAN_FILE dat=file:///sdcard/screen_2026-04-23_204914.png flg=0x1400010 cmp=com.android.providers.media.module/com.android.providers.media.MediaService }
04-23 20:49:13.926  1599  1972 W ModernMediaScanner: Failed to visit /sdcard/screen_2026-04-23_204914.png: java.nio.file.AccessDeniedException: /sdcard/screen_2026-04-23_204914.png
04-23 20:49:13.927  1599  1972 I MediaProvider: Scanned internal due to REASON_DEMAND, found 0 items in 2ms, 0 inserts 0 updates 0 deletes
04-23 20:49:13.930  1599  1972 I MediaProvider: End Intent { act=android.intent.action.MEDIA_SCANNER_SCAN_FILE dat=file:///sdcard/screen_2026-04-23_204914.png flg=0x1400010 cmp=com.android.providers.media.module/com.android.providers.media.MediaService }
04-23 20:49:13.954  1599  1799 I MediaProvider: Deleted 1 items on external_primary due to com.android.shell
04-23 20:49:13.987 10735 10737 I cmd     : oneway function results will be dropped but finished with status OK and parcel size 4
04-23 20:49:14.050 10750 10752 I cmd     : oneway function results will be dropped but finished with status OK and parcel size 4
04-23 20:49:14.174 10780 10782 I cmd     : oneway function results will be dropped but finished with status OK and parcel size 4
04-23 20:49:14.268 10792 10792 E libc    : Access denied finding property "persist.device_config.runtime_native_boot.profilebootclasspath"
04-23 20:49:14.268 10792 10792 E libc    : Access denied finding property "persist.device_config.runtime_native_boot.enable_apex_image"
04-23 20:49:14.268 10792 10792 I AndroidRuntime: Using default boot image
04-23 20:49:14.268 10792 10792 E libc    : Access denied finding property "persist.device_config.runtime_native_boot.disable_lock_profiling"
04-23 20:49:14.268 10792 10792 I AndroidRuntime: Leaving lock profiling enabled
04-23 20:49:14.269 10792 10792 E libc    : Access denied finding property "persist.device_config.runtime_native_boot.enable_generational_cc"
04-23 20:49:14.270 10792 10792 I app_process: Core platform API reporting enabled, enforcing=false
04-23 20:49:14.264 10792 10792 W app_process: type=1400 audit(0.0:1043): avc: denied { read } for name="u:object_r:device_config_runtime_native_boot_prop:s0" dev="tmpfs" ino=8290 scontext=u:r:shell:s0 tcontext=u:object_r:device_config_runtime_native_boot_prop:s0 tclass=file permissive=0
04-23 20:49:14.320 10792 10792 W app_process: Unexpected CPU variant for X86 using defaults: x86_64
04-23 20:49:14.321 10792 10792 I app_process: The ClassLoaderContext is a special shared library.
04-23 20:49:14.327 10792 10792 W app_process: JNI RegisterNativeMethods: attempt to register 0 native methods for android.media.AudioAttributes
04-23 20:49:14.264 10792 10792 W app_process: type=1400 audit(0.0:1046): avc: denied { read } for name="u:object_r:device_config_runtime_native_boot_prop:s0" dev="tmpfs" ino=8290 scontext=u:r:shell:s0 tcontext=u:object_r:device_config_runtime_native_boot_prop:s0 tclass=file permissive=0
04-23 20:49:14.543  8530  8530 I DatabaseHelper: Breed 11: Favorited true
04-23 20:49:14.665  8111  8111 I ProvidersCache: Updating roots due to change on user 0at content://com.android.providers.media.documents/root
04-23 20:49:15.113  8111  8111 I chatty  : uid=10076(com.android.documentsui) identical 2 lines
04-23 20:49:15.345  8111  8111 I ProvidersCache: Updating roots due to change on user 0at content://com.android.providers.media.documents/root
04-23 20:49:16.088   158   158 I hwservicemanager: getTransport: Cannot find entry android.hardware.graphics.mapper@4.0::IMapper/default in either framework or device manifest.
04-23 20:49:16.088 10826 10826 I Gralloc4: mapper 4.x is not supported
04-23 20:49:16.142 10830 10832 I cmd     : oneway function results will be dropped but finished with status OK and parcel size 4
04-23 20:49:16.143  1599  1972 I MediaProvider: Begin Intent { act=android.intent.action.MEDIA_SCANNER_SCAN_FILE dat=file:///sdcard/screen_2026-04-23_204917.png flg=0x1400010 cmp=com.android.providers.media.module/com.android.providers.media.MediaService }
04-23 20:49:16.146  1599  1972 W ModernMediaScanner: Failed to visit /sdcard/screen_2026-04-23_204917.png: java.nio.file.AccessDeniedException: /sdcard/screen_2026-04-23_204917.png
04-23 20:49:16.147  1599  1972 I MediaProvider: Scanned internal due to REASON_DEMAND, found 0 items in 0ms, 0 inserts 0 updates 0 deletes
04-23 20:49:16.148  1599  1972 I MediaProvider: End Intent { act=android.intent.action.MEDIA_SCANNER_SCAN_FILE dat=file:///sdcard/screen_2026-04-23_204917.png flg=0x1400010 cmp=com.android.providers.media.module/com.android.providers.media.MediaService }
04-23 20:49:16.140  1599  1599 W com.android.providers.media.module: type=1400 audit(0.0:1047): avc: denied { read } for comm=4173796E635461736B202331 name="primary" dev="tmpfs" ino=28662 scontext=u:r:mediaprovider_app:s0:c123,c256,c512,c768 tcontext=u:object_r:mnt_pass_through_file:s0 tclass=lnk_file permissive=0 app=com.android.providers.media.module
04-23 20:49:16.233  1599  1800 I MediaProvider: Deleted 1 items on external_primary due to com.android.shell
04-23 20:49:16.140  1599  1599 W com.android.providers.media.module: type=1400 audit(0.0:1052): avc: denied { read } for comm=4173796E635461736B202331 name="primary" dev="tmpfs" ino=28662 scontext=u:r:mediaprovider_app:s0:c123,c256,c512,c768 tcontext=u:object_r:mnt_pass_through_file:s0 tclass=lnk_file permissive=0 app=com.android.providers.media.module
04-23 20:49:16.268 10841 10843 I cmd     : oneway function results will be dropped but finished with status OK and parcel size 4
04-23 20:49:16.418   158   158 I hwservicemanager: getTransport: Cannot find entry android.hardware.graphics.mapper@4.0::IMapper/default in either framework or device manifest.
04-23 20:49:16.418 10863 10863 I Gralloc4: mapper 4.x is not supported
04-23 20:49:16.473 10867 10869 I cmd     : oneway function results will be dropped but finished with status OK and parcel size 4
04-23 20:49:16.473  1599  1972 I MediaProvider: Begin Intent { act=android.intent.action.MEDIA_SCANNER_SCAN_FILE dat=file:///sdcard/screen_2026-04-23_204917.png flg=0x1400010 cmp=com.android.providers.media.module/com.android.providers.media.MediaService }
04-23 20:49:16.481  1599  1972 W ModernMediaScanner: Failed to visit /sdcard/screen_2026-04-23_204917.png: java.nio.file.AccessDeniedException: /sdcard/screen_2026-04-23_204917.png
04-23 20:49:16.482  1599  1972 I MediaProvider: Scanned internal due to REASON_DEMAND, found 0 items in 1ms, 0 inserts 0 updates 0 deletes
04-23 20:49:16.482  1599  1972 I MediaProvider: End Intent { act=android.intent.action.MEDIA_SCANNER_SCAN_FILE dat=file:///sdcard/screen_2026-04-23_204917.png flg=0x1400010 cmp=com.android.providers.media.module/com.android.providers.media.MediaService }
04-23 20:49:17.029     0     0 W audit   : audit_lost=679 audit_rate_limit=5 audit_backlog_limit=64
04-23 20:49:17.034     0     0 E audit   : rate limit exceeded
04-23 20:49:16.507  1599  2495 I MediaProvider: Deleted 1 items on external_primary due to com.android.shell
04-23 20:49:16.540 10878 10880 I cmd     : oneway function results will be dropped but finished with status OK and parcel size 4
04-23 20:49:16.693   158   158 I hwservicemanager: getTransport: Cannot find entry android.hardware.graphics.mapper@4.0::IMapper/default in either framework or device manifest.
04-23 20:49:16.693 10900 10900 I Gralloc4: mapper 4.x is not supported
04-23 20:49:16.749 10904 10906 I cmd     : oneway function results will be dropped but finished with status OK and parcel size 4
04-23 20:49:16.750  1599  1972 I MediaProvider: Begin Intent { act=android.intent.action.MEDIA_SCANNER_SCAN_FILE dat=file:///sdcard/screen_2026-04-23_204917.png flg=0x1400010 cmp=com.android.providers.media.module/com.android.providers.media.MediaService }
04-23 20:49:16.750  1599  1972 W ModernMediaScanner: Failed to visit /sdcard/screen_2026-04-23_204917.png: java.nio.file.AccessDeniedException: /sdcard/screen_2026-04-23_204917.png
04-23 20:49:16.755  1599  1972 I MediaProvider: Scanned internal due to REASON_DEMAND, found 0 items in 5ms, 0 inserts 0 updates 0 deletes
04-23 20:49:16.756  1599  1972 I MediaProvider: End Intent { act=android.intent.action.MEDIA_SCANNER_SCAN_FILE dat=file:///sdcard/screen_2026-04-23_204917.png flg=0x1400010 cmp=com.android.providers.media.module/com.android.providers.media.MediaService }
04-23 20:49:16.776  1599  1799 I MediaProvider: Deleted 1 items on external_primary due to com.android.shell
04-23 20:49:16.809 10915 10917 I cmd     : oneway function results will be dropped but finished with status OK and parcel size 4
04-23 20:49:16.868 10930 10932 I cmd     : oneway function results will be dropped but finished with status OK and parcel size 4
04-23 20:49:16.934 10945 10947 I cmd     : oneway function results will be dropped but finished with status OK and parcel size 4
04-23 20:49:17.013 10962 10964 I cmd     : oneway function results will be dropped but finished with status OK and parcel size 4
04-23 20:49:17.108 10974 10974 E libc    : Access denied finding property "persist.device_config.runtime_native_boot.profilebootclasspath"
04-23 20:49:17.108 10974 10974 E libc    : Access denied finding property "persist.device_config.runtime_native_boot.enable_apex_image"
04-23 20:49:17.108 10974 10974 I AndroidRuntime: Using default boot image
04-23 20:49:17.108 10974 10974 E libc    : Access denied finding property "persist.device_config.runtime_native_boot.disable_lock_profiling"
04-23 20:49:17.108 10974 10974 I AndroidRuntime: Leaving lock profiling enabled
04-23 20:49:17.109 10974 10974 E libc    : Access denied finding property "persist.device_config.runtime_native_boot.enable_generational_cc"
04-23 20:49:17.111 10974 10974 I app_process: Core platform API reporting enabled, enforcing=false
04-23 20:49:17.162 10974 10974 W app_process: Unexpected CPU variant for X86 using defaults: x86_64
04-23 20:49:17.163 10974 10974 I app_process: The ClassLoaderContext is a special shared library.
04-23 20:49:17.170 10974 10974 W app_process: JNI RegisterNativeMethods: attempt to register 0 native methods for android.media.AudioAttributes
04-23 20:49:17.377  8530  8530 I DatabaseHelper: Breed 12: Favorited true
04-23 20:49:17.515  8111  8111 I ProvidersCache: Updating roots due to change on user 0at content://com.android.providers.media.documents/root
04-23 20:49:17.976  8111  8111 I chatty  : uid=10076(com.android.documentsui) identical 2 lines
04-23 20:49:18.240  8111  8111 I ProvidersCache: Updating roots due to change on user 0at content://com.android.providers.media.documents/root
04-23 20:49:18.918   158   158 I hwservicemanager: getTransport: Cannot find entry android.hardware.graphics.mapper@4.0::IMapper/default in either framework or device manifest.
04-23 20:49:18.918 11005 11005 I Gralloc4: mapper 4.x is not supported
04-23 20:49:18.973 11009 11011 I cmd     : oneway function results will be dropped but finished with status OK and parcel size 4
04-23 20:49:18.974  1599  1972 I MediaProvider: Begin Intent { act=android.intent.action.MEDIA_SCANNER_SCAN_FILE dat=file:///sdcard/screen_2026-04-23_204919.png flg=0x1400010 cmp=com.android.providers.media.module/com.android.providers.media.MediaService }
04-23 20:49:18.968  1599  1599 W com.android.providers.media.module: type=1400 audit(0.0:1069): avc: denied { read } for comm=4173796E635461736B202331 name="primary" dev="tmpfs" ino=28662 scontext=u:r:mediaprovider_app:s0:c123,c256,c512,c768 tcontext=u:object_r:mnt_pass_through_file:s0 tclass=lnk_file permissive=0 app=com.android.providers.media.module
04-23 20:49:19.531     0     0 W audit   : audit_lost=695 audit_rate_limit=5 audit_backlog_limit=64
04-23 20:49:19.555     0     0 E audit   : rate limit exceeded
04-23 20:49:18.968  1599  1599 W com.android.providers.media.module: type=1400 audit(0.0:1070): avc: denied { read } for comm=4173796E635461736B202331 name="primary" dev="tmpfs" ino=28662 scontext=u:r:mediaprovider_app:s0:c123,c256,c512,c768 tcontext=u:object_r:mnt_pass_through_file:s0 tclass=lnk_file permissive=0 app=com.android.providers.media.module
04-23 20:49:19.021  1599  1972 W ModernMediaScanner: Failed to visit /sdcard/screen_2026-04-23_204919.png: java.nio.file.AccessDeniedException: /sdcard/screen_2026-04-23_204919.png
04-23 20:49:19.022  1599  1972 I MediaProvider: Scanned internal due to REASON_DEMAND, found 0 items in 47ms, 0 inserts 0 updates 0 deletes
04-23 20:49:19.022  1599  1972 I MediaProvider: End Intent { act=android.intent.action.MEDIA_SCANNER_SCAN_FILE dat=file:///sdcard/screen_2026-04-23_204919.png flg=0x1400010 cmp=com.android.providers.media.module/com.android.providers.media.MediaService }
04-23 20:49:18.968  1599  1599 W com.android.providers.media.module: type=1400 audit(0.0:1071): avc: denied { read } for comm=4173796E635461736B202331 name="primary" dev="tmpfs" ino=28662 scontext=u:r:mediaprovider_app:s0:c123,c256,c512,c768 tcontext=u:object_r:mnt_pass_through_file:s0 tclass=lnk_file permissive=0 app=com.android.providers.media.module
04-23 20:49:19.081  1599  1800 I MediaProvider: Deleted 1 items on external_primary due to com.android.shell
04-23 20:49:19.116 11022 11024 I cmd     : oneway function results will be dropped but finished with status OK and parcel size 4
04-23 20:49:19.272   158   158 I hwservicemanager: getTransport: Cannot find entry android.hardware.graphics.mapper@4.0::IMapper/default in either framework or device manifest.
04-23 20:49:19.272 11044 11044 I Gralloc4: mapper 4.x is not supported
04-23 20:49:19.326 11048 11050 I cmd     : oneway function results will be dropped but finished with status OK and parcel size 4
04-23 20:49:19.327  1599  1972 I MediaProvider: Begin Intent { act=android.intent.action.MEDIA_SCANNER_SCAN_FILE dat=file:///sdcard/screen_2026-04-23_204920.png flg=0x1400010 cmp=com.android.providers.media.module/com.android.providers.media.MediaService }
04-23 20:49:19.328  1599  1972 W ModernMediaScanner: Failed to visit /sdcard/screen_2026-04-23_204920.png: java.nio.file.AccessDeniedException: /sdcard/screen_2026-04-23_204920.png
04-23 20:49:19.329  1599  1972 I MediaProvider: Scanned internal due to REASON_DEMAND, found 0 items in 1ms, 0 inserts 0 updates 0 deletes
04-23 20:49:19.329  1599  1972 I MediaProvider: End Intent { act=android.intent.action.MEDIA_SCANNER_SCAN_FILE dat=file:///sdcard/screen_2026-04-23_204920.png flg=0x1400010 cmp=com.android.providers.media.module/com.android.providers.media.MediaService }
04-23 20:49:19.357  1599  1800 I MediaProvider: Deleted 1 items on external_primary due to com.android.shell
04-23 20:49:19.391 11059 11061 I cmd     : oneway function results will be dropped but finished with status OK and parcel size 4
04-23 20:49:19.542   158   158 I hwservicemanager: getTransport: Cannot find entry android.hardware.graphics.mapper@4.0::IMapper/default in either framework or device manifest.
04-23 20:49:19.542 11081 11081 I Gralloc4: mapper 4.x is not supported
04-23 20:49:19.601 11085 11087 I cmd     : oneway function results will be dropped but finished with status OK and parcel size 4
04-23 20:49:19.602  1599  1972 I MediaProvider: Begin Intent { act=android.intent.action.MEDIA_SCANNER_SCAN_FILE dat=file:///sdcard/screen_2026-04-23_204920.png flg=0x1400010 cmp=com.android.providers.media.module/com.android.providers.media.MediaService }
04-23 20:49:19.603  1599  1972 W ModernMediaScanner: Failed to visit /sdcard/screen_2026-04-23_204920.png: java.nio.file.AccessDeniedException: /sdcard/screen_2026-04-23_204920.png
04-23 20:49:19.603  1599  1972 I MediaProvider: Scanned internal due to REASON_DEMAND, found 0 items in 1ms, 0 inserts 0 updates 0 deletes
04-23 20:49:19.604  1599  1972 I MediaProvider: End Intent { act=android.intent.action.MEDIA_SCANNER_SCAN_FILE dat=file:///sdcard/screen_2026-04-23_204920.png flg=0x1400010 cmp=com.android.providers.media.module/com.android.providers.media.MediaService }
04-23 20:49:19.630  1599  1799 I MediaProvider: Deleted 1 items on external_primary due to com.android.shell
04-23 20:49:19.729 11111 11113 I cmd     : oneway function results will be dropped but finished with status OK and parcel size 4
04-23 20:49:19.794 11126 11128 I cmd     : oneway function results will be dropped but finished with status OK and parcel size 4
04-23 20:49:19.857 11141 11143 I cmd     : oneway function results will be dropped but finished with status OK and parcel size 4
04-23 20:49:19.954 11153 11153 E libc    : Access denied finding property "persist.device_config.runtime_native_boot.profilebootclasspath"
04-23 20:49:19.954 11153 11153 E libc    : Access denied finding property "persist.device_config.runtime_native_boot.enable_apex_image"
04-23 20:49:19.954 11153 11153 I AndroidRuntime: Using default boot image
04-23 20:49:19.954 11153 11153 E libc    : Access denied finding property "persist.device_config.runtime_native_boot.disable_lock_profiling"
04-23 20:49:19.954 11153 11153 I AndroidRuntime: Leaving lock profiling enabled
04-23 20:49:19.955 11153 11153 E libc    : Access denied finding property "persist.device_config.runtime_native_boot.enable_generational_cc"
04-23 20:49:19.956 11153 11153 I app_process: Core platform API reporting enabled, enforcing=false
04-23 20:49:20.009 11153 11153 W app_process: Unexpected CPU variant for X86 using defaults: x86_64
04-23 20:49:20.010 11153 11153 I app_process: The ClassLoaderContext is a special shared library.
04-23 20:49:20.017 11153 11153 W app_process: JNI RegisterNativeMethods: attempt to register 0 native methods for android.media.AudioAttributes
04-23 20:49:20.226  8530  8530 I DatabaseHelper: Breed 13: Favorited true
04-23 20:49:20.340  8111  8111 I ProvidersCache: Updating roots due to change on user 0at content://com.android.providers.media.documents/root
04-23 20:49:20.797  8111  8111 I chatty  : uid=10076(com.android.documentsui) identical 2 lines
04-23 20:49:21.056  8111  8111 I ProvidersCache: Updating roots due to change on user 0at content://com.android.providers.media.documents/root
04-23 20:49:21.761   158   158 I hwservicemanager: getTransport: Cannot find entry android.hardware.graphics.mapper@4.0::IMapper/default in either framework or device manifest.
04-23 20:49:21.762 11187 11187 I Gralloc4: mapper 4.x is not supported
04-23 20:49:21.815  1599  1972 I MediaProvider: Begin Intent { act=android.intent.action.MEDIA_SCANNER_SCAN_FILE dat=file:///sdcard/screen_2026-04-23_204922.png flg=0x1400010 cmp=com.android.providers.media.module/com.android.providers.media.MediaService }
04-23 20:49:21.808  1599  1599 W com.android.providers.media.module: type=1400 audit(0.0:1091): avc: denied { read } for comm=4173796E635461736B202331 name="primary" dev="tmpfs" ino=28662 scontext=u:r:mediaprovider_app:s0:c123,c256,c512,c768 tcontext=u:object_r:mnt_pass_through_file:s0 tclass=lnk_file permissive=0 app=com.android.providers.media.module
04-23 20:49:22.372     0     0 W audit   : audit_lost=712 audit_rate_limit=5 audit_backlog_limit=64
04-23 20:49:22.395     0     0 E audit   : rate limit exceeded
04-23 20:49:21.860  1599  1972 W ModernMediaScanner: Failed to visit /sdcard/screen_2026-04-23_204922.png: java.nio.file.AccessDeniedException: /sdcard/screen_2026-04-23_204922.png
04-23 20:49:21.861  1599  1972 I MediaProvider: Scanned internal due to REASON_DEMAND, found 0 items in 45ms, 0 inserts 0 updates 0 deletes
04-23 20:49:21.862  1599  1972 I MediaProvider: End Intent { act=android.intent.action.MEDIA_SCANNER_SCAN_FILE dat=file:///sdcard/screen_2026-04-23_204922.png flg=0x1400010 cmp=com.android.providers.media.module/com.android.providers.media.MediaService }
04-23 20:49:21.812  1599  1599 W com.android.providers.media.module: type=1400 audit(0.0:1092): avc: denied { read } for comm=4173796E635461736B202331 name="primary" dev="tmpfs" ino=28662 scontext=u:r:mediaprovider_app:s0:c123,c256,c512,c768 tcontext=u:object_r:mnt_pass_through_file:s0 tclass=lnk_file permissive=0 app=com.android.providers.media.module
04-23 20:49:21.934  1599  1799 I MediaProvider: Deleted 1 items on external_primary due to com.android.shell
04-23 20:49:21.968 11202 11204 I cmd     : oneway function results will be dropped but finished with status OK and parcel size 4
04-23 20:49:22.118   158   158 I hwservicemanager: getTransport: Cannot find entry android.hardware.graphics.mapper@4.0::IMapper/default in either framework or device manifest.
04-23 20:49:22.119 11224 11224 I Gralloc4: mapper 4.x is not supported
04-23 20:49:22.177  1599  1972 I MediaProvider: Begin Intent { act=android.intent.action.MEDIA_SCANNER_SCAN_FILE dat=file:///sdcard/screen_2026-04-23_204923.png flg=0x1400010 cmp=com.android.providers.media.module/com.android.providers.media.MediaService }
04-23 20:49:22.177  1599  1972 W ModernMediaScanner: Failed to visit /sdcard/screen_2026-04-23_204923.png: java.nio.file.AccessDeniedException: /sdcard/screen_2026-04-23_204923.png
04-23 20:49:22.178  1599  1972 I MediaProvider: Scanned internal due to REASON_DEMAND, found 0 items in 0ms, 0 inserts 0 updates 0 deletes
04-23 20:49:22.185  1599  1972 I MediaProvider: End Intent { act=android.intent.action.MEDIA_SCANNER_SCAN_FILE dat=file:///sdcard/screen_2026-04-23_204923.png flg=0x1400010 cmp=com.android.providers.media.module/com.android.providers.media.MediaService }
04-23 20:49:22.252  1599  1800 I MediaProvider: Deleted 1 items on external_primary due to com.android.shell
04-23 20:49:22.285 11241 11243 I cmd     : oneway function results will be dropped but finished with status OK and parcel size 4
04-23 20:49:22.433   158   158 I hwservicemanager: getTransport: Cannot find entry android.hardware.graphics.mapper@4.0::IMapper/default in either framework or device manifest.
04-23 20:49:22.433 11263 11263 I Gralloc4: mapper 4.x is not supported
04-23 20:49:22.478 11267 11269 I cmd     : oneway function results will be dropped but finished with status OK and parcel size 4
04-23 20:49:22.479  1599  1972 I MediaProvider: Begin Intent { act=android.intent.action.MEDIA_SCANNER_SCAN_FILE dat=file:///sdcard/screen_2026-04-23_204923.png flg=0x1400010 cmp=com.android.providers.media.module/com.android.providers.media.MediaService }
04-23 20:49:22.480  1599  1972 W ModernMediaScanner: Failed to visit /sdcard/screen_2026-04-23_204923.png: java.nio.file.AccessDeniedException: /sdcard/screen_2026-04-23_204923.png
04-23 20:49:22.483  1599  1972 I MediaProvider: Scanned internal due to REASON_DEMAND, found 0 items in 4ms, 0 inserts 0 updates 0 deletes
04-23 20:49:22.484  1599  1972 I MediaProvider: End Intent { act=android.intent.action.MEDIA_SCANNER_SCAN_FILE dat=file:///sdcard/screen_2026-04-23_204923.png flg=0x1400010 cmp=com.android.providers.media.module/com.android.providers.media.MediaService }
04-23 20:49:22.506  1599  2495 I MediaProvider: Deleted 1 items on external_primary due to com.android.shell
04-23 20:49:22.603 11293 11295 I cmd     : oneway function results will be dropped but finished with status OK and parcel size 4
04-23 20:49:22.669 11308 11310 I cmd     : oneway function results will be dropped but finished with status OK and parcel size 4
04-23 20:49:22.732 11323 11325 I cmd     : oneway function results will be dropped but finished with status OK and parcel size 4
04-23 20:49:22.828 11335 11335 E libc    : Access denied finding property "persist.device_config.runtime_native_boot.profilebootclasspath"
04-23 20:49:22.828 11335 11335 E libc    : Access denied finding property "persist.device_config.runtime_native_boot.enable_apex_image"
04-23 20:49:22.828 11335 11335 I AndroidRuntime: Using default boot image
04-23 20:49:22.828 11335 11335 E libc    : Access denied finding property "persist.device_config.runtime_native_boot.disable_lock_profiling"
04-23 20:49:22.828 11335 11335 I AndroidRuntime: Leaving lock profiling enabled
04-23 20:49:22.828 11335 11335 E libc    : Access denied finding property "persist.device_config.runtime_native_boot.enable_generational_cc"
04-23 20:49:22.830 11335 11335 I app_process: Core platform API reporting enabled, enforcing=false
04-23 20:49:22.824 11335 11335 W app_process: type=1400 audit(0.0:1109): avc: denied { read } for name="u:object_r:device_config_runtime_native_boot_prop:s0" dev="tmpfs" ino=8290 scontext=u:r:shell:s0 tcontext=u:object_r:device_config_runtime_native_boot_prop:s0 tclass=file permissive=0
04-23 20:49:22.887 11335 11335 W app_process: Unexpected CPU variant for X86 using defaults: x86_64
04-23 20:49:22.888 11335 11335 I app_process: The ClassLoaderContext is a special shared library.
04-23 20:49:22.895 11335 11335 W app_process: JNI RegisterNativeMethods: attempt to register 0 native methods for android.media.AudioAttributes
04-23 20:49:23.110  8530  8530 I DatabaseHelper: Breed 14: Favorited true
04-23 20:49:23.222  8111  8111 I ProvidersCache: Updating roots due to change on user 0at content://com.android.providers.media.documents/root
04-23 20:49:23.696  8111  8111 I chatty  : uid=10076(com.android.documentsui) identical 2 lines
04-23 20:49:23.997  8111  8111 I ProvidersCache: Updating roots due to change on user 0at content://com.android.providers.media.documents/root
04-23 20:49:24.646   158   158 I hwservicemanager: getTransport: Cannot find entry android.hardware.graphics.mapper@4.0::IMapper/default in either framework or device manifest.
04-23 20:49:24.646 11368 11368 I Gralloc4: mapper 4.x is not supported
04-23 20:49:24.700 11372 11374 I cmd     : oneway function results will be dropped but finished with status OK and parcel size 4
04-23 20:49:24.701  1599  1972 I MediaProvider: Begin Intent { act=android.intent.action.MEDIA_SCANNER_SCAN_FILE dat=file:///sdcard/screen_2026-04-23_204925.png flg=0x1400010 cmp=com.android.providers.media.module/com.android.providers.media.MediaService }
04-23 20:49:24.702  1599  1972 W ModernMediaScanner: Failed to visit /sdcard/screen_2026-04-23_204925.png: java.nio.file.AccessDeniedException: /sdcard/screen_2026-04-23_204925.png
04-23 20:49:24.703  1599  1972 I MediaProvider: Scanned internal due to REASON_DEMAND, found 0 items in 1ms, 0 inserts 0 updates 0 deletes
04-23 20:49:24.704  1599  1972 I MediaProvider: End Intent { act=android.intent.action.MEDIA_SCANNER_SCAN_FILE dat=file:///sdcard/screen_2026-04-23_204925.png flg=0x1400010 cmp=com.android.providers.media.module/com.android.providers.media.MediaService }
04-23 20:49:24.696  1599  1599 W com.android.providers.media.module: type=1400 audit(0.0:1113): avc: denied { read } for comm=4173796E635461736B202331 name="primary" dev="tmpfs" ino=28662 scontext=u:r:mediaprovider_app:s0:c123,c256,c512,c768 tcontext=u:object_r:mnt_pass_through_file:s0 tclass=lnk_file permissive=0 app=com.android.providers.media.module
04-23 20:49:24.825  1599  1799 I MediaProvider: Deleted 1 items on external_primary due to com.android.shell
04-23 20:49:24.860 11383 11385 I cmd     : oneway function results will be dropped but finished with status OK and parcel size 4
04-23 20:49:25.015   158   158 I hwservicemanager: getTransport: Cannot find entry android.hardware.graphics.mapper@4.0::IMapper/default in either framework or device manifest.
04-23 20:49:25.016 11405 11405 I Gralloc4: mapper 4.x is not supported
04-23 20:49:25.067  1599  1972 I MediaProvider: Begin Intent { act=android.intent.action.MEDIA_SCANNER_SCAN_FILE dat=file:///sdcard/screen_2026-04-23_204926.png flg=0x1400010 cmp=com.android.providers.media.module/com.android.providers.media.MediaService }
04-23 20:49:25.067 11409 11411 I cmd     : oneway function results will be dropped but finished with status OK and parcel size 4
04-23 20:49:25.624     0     0 W audit   : audit_lost=725 audit_rate_limit=5 audit_backlog_limit=64
04-23 20:49:25.626     0     0 E audit   : rate limit exceeded
04-23 20:49:25.074  1599  1972 W ModernMediaScanner: Failed to visit /sdcard/screen_2026-04-23_204926.png: java.nio.file.AccessDeniedException: /sdcard/screen_2026-04-23_204926.png
04-23 20:49:25.075  1599  1972 I MediaProvider: Scanned internal due to REASON_DEMAND, found 0 items in 1ms, 0 inserts 0 updates 0 deletes
04-23 20:49:25.080  1599  1972 I MediaProvider: End Intent { act=android.intent.action.MEDIA_SCANNER_SCAN_FILE dat=file:///sdcard/screen_2026-04-23_204926.png flg=0x1400010 cmp=com.android.providers.media.module/com.android.providers.media.MediaService }
04-23 20:49:25.143  1599  1800 I MediaProvider: Deleted 1 items on external_primary due to com.android.shell
04-23 20:49:25.178 11420 11422 I cmd     : oneway function results will be dropped but finished with status OK and parcel size 4
