04-23 20:49:25.342   158   158 I hwservicemanager: getTransport: Cannot find entry android.hardware.graphics.mapper@4.0::IMapper/default in either framework or device manifest.
04-23 20:49:25.343 11444 11444 I Gralloc4: mapper 4.x is not supported
04-23 20:49:25.398 11448 11450 I cmd     : oneway function results will be dropped but finished with status OK and parcel size 4
04-23 20:49:25.400  1599  1972 I MediaProvider: Begin Intent { act=android.intent.action.MEDIA_SCANNER_SCAN_FILE dat=file:///sdcard/screen_2026-04-23_204926.png flg=0x1400010 cmp=com.android.providers.media.module/com.android.providers.media.MediaService }
04-23 20:49:25.400  1599  1972 W ModernMediaScanner: Failed to visit /sdcard/screen_2026-04-23_204926.png: java.nio.file.AccessDeniedException: /sdcard/screen_2026-04-23_204926.png
04-23 20:49:25.401  1599  1972 I MediaProvider: Scanned internal due to REASON_DEMAND, found 0 items in 0ms, 0 inserts 0 updates 0 deletes
04-23 20:49:25.401  1599  1972 I MediaProvider: End Intent { act=android.intent.action.MEDIA_SCANNER_SCAN_FILE dat=file:///sdcard/screen_2026-04-23_204926.png flg=0x1400010 cmp=com.android.providers.media.module/com.android.providers.media.MediaService }
04-23 20:49:25.427  1599  2495 I MediaProvider: Deleted 1 items on external_primary due to com.android.shell
04-23 20:49:25.458 11459 11461 I cmd     : oneway function results will be dropped but finished with status OK and parcel size 4
04-23 20:49:25.519 11474 11476 I cmd     : oneway function results will be dropped but finished with status OK and parcel size 4
04-23 20:49:25.582 11489 11491 I cmd     : oneway function results will be dropped but finished with status OK and parcel size 4
04-23 20:49:25.644 11504 11506 I cmd     : oneway function results will be dropped but finished with status OK and parcel size 4
04-23 20:49:25.739 11516 11516 E libc    : Access denied finding property "persist.device_config.runtime_native_boot.profilebootclasspath"
04-23 20:49:25.739 11516 11516 E libc    : Access denied finding property "persist.device_config.runtime_native_boot.enable_apex_image"
04-23 20:49:25.739 11516 11516 I AndroidRuntime: Using default boot image
04-23 20:49:25.739 11516 11516 E libc    : Access denied finding property "persist.device_config.runtime_native_boot.disable_lock_profiling"
04-23 20:49:25.739 11516 11516 I AndroidRuntime: Leaving lock profiling enabled
04-23 20:49:25.739 11516 11516 E libc    : Access denied finding property "persist.device_config.runtime_native_boot.enable_generational_cc"
04-23 20:49:25.740 11516 11516 I app_process: Core platform API reporting enabled, enforcing=false
04-23 20:49:25.732 11516 11516 W app_process: type=1400 audit(0.0:1131): avc: denied { read } for name="u:object_r:device_config_runtime_native_boot_prop:s0" dev="tmpfs" ino=8290 scontext=u:r:shell:s0 tcontext=u:object_r:device_config_runtime_native_boot_prop:s0 tclass=file permissive=0
04-23 20:49:25.791 11516 11516 W app_process: Unexpected CPU variant for X86 using defaults: x86_64
04-23 20:49:25.792 11516 11516 I app_process: The ClassLoaderContext is a special shared library.
04-23 20:49:25.732 11516 11516 W app_process: type=1400 audit(0.0:1133): avc: denied { read } for name="u:object_r:device_config_runtime_native_boot_prop:s0" dev="tmpfs" ino=8290 scontext=u:r:shell:s0 tcontext=u:object_r:device_config_runtime_native_boot_prop:s0 tclass=file permissive=0
04-23 20:49:25.799 11516 11516 W app_process: JNI RegisterNativeMethods: attempt to register 0 native methods for android.media.AudioAttributes
04-23 20:49:25.736 11516 11516 W app_process: type=1400 audit(0.0:1134): avc: denied { read } for name="u:object_r:device_config_runtime_native_boot_prop:s0" dev="tmpfs" ino=8290 scontext=u:r:shell:s0 tcontext=u:object_r:device_config_runtime_native_boot_prop:s0 tclass=file permissive=0
04-23 20:49:26.091  8111  8111 I ProvidersCache: Updating roots due to change on user 0at content://com.android.providers.media.documents/root
04-23 20:49:26.263  8111  8111 I ProvidersCache: Updating roots due to change on user 0at content://com.android.providers.media.documents/root
04-23 20:49:26.310  8530  8530 I DatabaseHelper: Breed 7: Favorited false
04-23 20:49:26.541  8111  8111 I ProvidersCache: Updating roots due to change on user 0at content://com.android.providers.media.documents/root
04-23 20:49:26.816  8111  8111 I ProvidersCache: Updating roots due to change on user 0at content://com.android.providers.media.documents/root
04-23 20:49:27.848   158   158 I hwservicemanager: getTransport: Cannot find entry android.hardware.graphics.mapper@4.0::IMapper/default in either framework or device manifest.
04-23 20:49:27.848 11549 11549 I Gralloc4: mapper 4.x is not supported
04-23 20:49:27.899 11553 11555 I cmd     : oneway function results will be dropped but finished with status OK and parcel size 4
04-23 20:49:27.900  1599  1972 I MediaProvider: Begin Intent { act=android.intent.action.MEDIA_SCANNER_SCAN_FILE dat=file:///sdcard/screen_2026-04-23_204928.png flg=0x1400010 cmp=com.android.providers.media.module/com.android.providers.media.MediaService }
04-23 20:49:27.902  1599  1972 W ModernMediaScanner: Failed to visit /sdcard/screen_2026-04-23_204928.png: java.nio.file.AccessDeniedException: /sdcard/screen_2026-04-23_204928.png
04-23 20:49:27.903  1599  1972 I MediaProvider: Scanned internal due to REASON_DEMAND, found 0 items in 1ms, 0 inserts 0 updates 0 deletes
04-23 20:49:27.904  1599  1972 I MediaProvider: End Intent { act=android.intent.action.MEDIA_SCANNER_SCAN_FILE dat=file:///sdcard/screen_2026-04-23_204928.png flg=0x1400010 cmp=com.android.providers.media.module/com.android.providers.media.MediaService }
04-23 20:49:27.896  1599  1599 W com.android.providers.media.module: type=1400 audit(0.0:1135): avc: denied { read } for comm=4173796E635461736B202331 name="primary" dev="tmpfs" ino=28662 scontext=u:r:mediaprovider_app:s0:c123,c256,c512,c768 tcontext=u:object_r:mnt_pass_through_file:s0 tclass=lnk_file permissive=0 app=com.android.providers.media.module
04-23 20:49:28.002  1599  1799 I MediaProvider: Deleted 1 items on external_primary due to com.android.shell
04-23 20:49:28.038 11564 11566 I cmd     : oneway function results will be dropped but finished with status OK and parcel size 4
04-23 20:49:28.195   158   158 I hwservicemanager: getTransport: Cannot find entry android.hardware.graphics.mapper@4.0::IMapper/default in either framework or device manifest.
04-23 20:49:28.195 11586 11586 I Gralloc4: mapper 4.x is not supported
04-23 20:49:28.251  1599  1972 I MediaProvider: Begin Intent { act=android.intent.action.MEDIA_SCANNER_SCAN_FILE dat=file:///sdcard/screen_2026-04-23_204929.png flg=0x1400010 cmp=com.android.providers.media.module/com.android.providers.media.MediaService }
04-23 20:49:28.807     0     0 W audit   : audit_lost=737 audit_rate_limit=5 audit_backlog_limit=64
04-23 20:49:28.812     0     0 E audit   : rate limit exceeded
04-23 20:49:28.259  1599  1972 W ModernMediaScanner: Failed to visit /sdcard/screen_2026-04-23_204929.png: java.nio.file.AccessDeniedException: /sdcard/screen_2026-04-23_204929.png
04-23 20:49:28.260  1599  1972 I MediaProvider: Scanned internal due to REASON_DEMAND, found 0 items in 1ms, 0 inserts 0 updates 0 deletes
04-23 20:49:28.260  1599  1972 I MediaProvider: End Intent { act=android.intent.action.MEDIA_SCANNER_SCAN_FILE dat=file:///sdcard/screen_2026-04-23_204929.png flg=0x1400010 cmp=com.android.providers.media.module/com.android.providers.media.MediaService }
04-23 20:49:28.281  1599  1800 I MediaProvider: Deleted 1 items on external_primary due to com.android.shell
04-23 20:49:28.317 11601 11603 I cmd     : oneway function results will be dropped but finished with status OK and parcel size 4
04-23 20:49:28.485   158   158 I hwservicemanager: getTransport: Cannot find entry android.hardware.graphics.mapper@4.0::IMapper/default in either framework or device manifest.
04-23 20:49:28.485 11625 11625 I Gralloc4: mapper 4.x is not supported
04-23 20:49:28.536 11629 11631 I cmd     : oneway function results will be dropped but finished with status OK and parcel size 4
04-23 20:49:28.537  1599  1972 I MediaProvider: Begin Intent { act=android.intent.action.MEDIA_SCANNER_SCAN_FILE dat=file:///sdcard/screen_2026-04-23_204929.png flg=0x1400010 cmp=com.android.providers.media.module/com.android.providers.media.MediaService }
04-23 20:49:28.538  1599  1972 W ModernMediaScanner: Failed to visit /sdcard/screen_2026-04-23_204929.png: java.nio.file.AccessDeniedException: /sdcard/screen_2026-04-23_204929.png
04-23 20:49:28.539  1599  1972 I MediaProvider: Scanned internal due to REASON_DEMAND, found 0 items in 2ms, 0 inserts 0 updates 0 deletes
04-23 20:49:28.540  1599  1972 I MediaProvider: End Intent { act=android.intent.action.MEDIA_SCANNER_SCAN_FILE dat=file:///sdcard/screen_2026-04-23_204929.png flg=0x1400010 cmp=com.android.providers.media.module/com.android.providers.media.MediaService }
04-23 20:49:28.567  1599  2495 I MediaProvider: Deleted 1 items on external_primary due to com.android.shell
04-23 20:49:28.600 11640 11642 I cmd     : oneway function results will be dropped but finished with status OK and parcel size 4
04-23 20:49:28.665 11655 11657 I cmd     : oneway function results will be dropped but finished with status OK and parcel size 4
04-23 20:49:28.729 11670 11672 I cmd     : oneway function results will be dropped but finished with status OK and parcel size 4
04-23 20:49:28.794 11685 11687 I cmd     : oneway function results will be dropped but finished with status OK and parcel size 4
04-23 20:49:28.888 11697 11697 E libc    : Access denied finding property "persist.device_config.runtime_native_boot.profilebootclasspath"
04-23 20:49:28.888 11697 11697 E libc    : Access denied finding property "persist.device_config.runtime_native_boot.enable_apex_image"
04-23 20:49:28.888 11697 11697 I AndroidRuntime: Using default boot image
04-23 20:49:28.888 11697 11697 E libc    : Access denied finding property "persist.device_config.runtime_native_boot.disable_lock_profiling"
04-23 20:49:28.888 11697 11697 I AndroidRuntime: Leaving lock profiling enabled
04-23 20:49:28.888 11697 11697 E libc    : Access denied finding property "persist.device_config.runtime_native_boot.enable_generational_cc"
04-23 20:49:28.890 11697 11697 I app_process: Core platform API reporting enabled, enforcing=false
04-23 20:49:28.942 11697 11697 W app_process: Unexpected CPU variant for X86 using defaults: x86_64
04-23 20:49:28.943 11697 11697 I app_process: The ClassLoaderContext is a special shared library.
04-23 20:49:28.950 11697 11697 W app_process: JNI RegisterNativeMethods: attempt to register 0 native methods for android.media.AudioAttributes
04-23 20:49:28.955  8111  8111 I ProvidersCache: Updating roots due to change on user 0at content://com.android.providers.media.documents/root
04-23 20:49:29.124  8111  8111 I chatty  : uid=10076(com.android.documentsui) identical 1 line
04-23 20:49:29.397  8111  8111 I ProvidersCache: Updating roots due to change on user 0at content://com.android.providers.media.documents/root
04-23 20:49:29.460  8530  8530 I DatabaseHelper: Breed 7: Favorited true
04-23 20:49:29.665  8111  8111 I ProvidersCache: Updating roots due to change on user 0at content://com.android.providers.media.documents/root
04-23 20:49:30.992   158   158 I hwservicemanager: getTransport: Cannot find entry android.hardware.graphics.mapper@4.0::IMapper/default in either framework or device manifest.
04-23 20:49:30.993 11730 11730 I Gralloc4: mapper 4.x is not supported
04-23 20:49:31.049 11734 11736 I cmd     : oneway function results will be dropped but finished with status OK and parcel size 4
04-23 20:49:31.049  1599  1972 I MediaProvider: Begin Intent { act=android.intent.action.MEDIA_SCANNER_SCAN_FILE dat=file:///sdcard/screen_2026-04-23_204932.png flg=0x1400010 cmp=com.android.providers.media.module/com.android.providers.media.MediaService }
04-23 20:49:31.044  1599  1599 W com.android.providers.media.module: type=1400 audit(0.0:1157): avc: denied { read } for comm=4173796E635461736B202331 name="primary" dev="tmpfs" ino=28662 scontext=u:r:mediaprovider_app:s0:c123,c256,c512,c768 tcontext=u:object_r:mnt_pass_through_file:s0 tclass=lnk_file permissive=0 app=com.android.providers.media.module
04-23 20:49:31.606     0     0 W audit   : audit_lost=753 audit_rate_limit=5 audit_backlog_limit=64
04-23 20:49:31.630     0     0 E audit   : rate limit exceeded
04-23 20:49:31.086  1599  1972 W ModernMediaScanner: Failed to visit /sdcard/screen_2026-04-23_204932.png: java.nio.file.AccessDeniedException: /sdcard/screen_2026-04-23_204932.png
04-23 20:49:31.088  1599  1972 I MediaProvider: Scanned internal due to REASON_DEMAND, found 0 items in 39ms, 0 inserts 0 updates 0 deletes
04-23 20:49:31.089  1599  1972 I MediaProvider: End Intent { act=android.intent.action.MEDIA_SCANNER_SCAN_FILE dat=file:///sdcard/screen_2026-04-23_204932.png flg=0x1400010 cmp=com.android.providers.media.module/com.android.providers.media.MediaService }
04-23 20:49:31.044  1599  1599 W com.android.providers.media.module: type=1400 audit(0.0:1158): avc: denied { read } for comm=4173796E635461736B202331 name="primary" dev="tmpfs" ino=28662 scontext=u:r:mediaprovider_app:s0:c123,c256,c512,c768 tcontext=u:object_r:mnt_pass_through_file:s0 tclass=lnk_file permissive=0 app=com.android.providers.media.module
04-23 20:49:31.154  1599  1799 I MediaProvider: Deleted 1 items on external_primary due to com.android.shell
04-23 20:49:31.189 11745 11747 I cmd     : oneway function results will be dropped but finished with status OK and parcel size 4
04-23 20:49:31.343   158   158 I hwservicemanager: getTransport: Cannot find entry android.hardware.graphics.mapper@4.0::IMapper/default in either framework or device manifest.
04-23 20:49:31.344 11767 11767 I Gralloc4: mapper 4.x is not supported
04-23 20:49:31.402  1599  1972 I MediaProvider: Begin Intent { act=android.intent.action.MEDIA_SCANNER_SCAN_FILE dat=file:///sdcard/screen_2026-04-23_204932.png flg=0x1400010 cmp=com.android.providers.media.module/com.android.providers.media.MediaService }
04-23 20:49:31.403  1599  1972 W ModernMediaScanner: Failed to visit /sdcard/screen_2026-04-23_204932.png: java.nio.file.AccessDeniedException: /sdcard/screen_2026-04-23_204932.png
04-23 20:49:31.404  1599  1972 I MediaProvider: Scanned internal due to REASON_DEMAND, found 0 items in 1ms, 0 inserts 0 updates 0 deletes
04-23 20:49:31.404  1599  1972 I MediaProvider: End Intent { act=android.intent.action.MEDIA_SCANNER_SCAN_FILE dat=file:///sdcard/screen_2026-04-23_204932.png flg=0x1400010 cmp=com.android.providers.media.module/com.android.providers.media.MediaService }
04-23 20:49:31.429  1599  1800 I MediaProvider: Deleted 1 items on external_primary due to com.android.shell
04-23 20:49:31.462 11782 11784 I cmd     : oneway function results will be dropped but finished with status OK and parcel size 4
04-23 20:49:31.623   158   158 I hwservicemanager: getTransport: Cannot find entry android.hardware.graphics.mapper@4.0::IMapper/default in either framework or device manifest.
04-23 20:49:31.623 11806 11806 I Gralloc4: mapper 4.x is not supported
04-23 20:49:31.679 11810 11812 I cmd     : oneway function results will be dropped but finished with status OK and parcel size 4
04-23 20:49:31.680  1599  1972 I MediaProvider: Begin Intent { act=android.intent.action.MEDIA_SCANNER_SCAN_FILE dat=file:///sdcard/screen_2026-04-23_204932.png flg=0x1400010 cmp=com.android.providers.media.module/com.android.providers.media.MediaService }
04-23 20:49:31.681  1599  1972 W ModernMediaScanner: Failed to visit /sdcard/screen_2026-04-23_204932.png: java.nio.file.AccessDeniedException: /sdcard/screen_2026-04-23_204932.png
04-23 20:49:31.681  1599  1972 I MediaProvider: Scanned internal due to REASON_DEMAND, found 0 items in 1ms, 0 inserts 0 updates 0 deletes
04-23 20:49:31.682  1599  1972 I MediaProvider: End Intent { act=android.intent.action.MEDIA_SCANNER_SCAN_FILE dat=file:///sdcard/screen_2026-04-23_204932.png flg=0x1400010 cmp=com.android.providers.media.module/com.android.providers.media.MediaService }
04-23 20:49:31.708  1599  2495 I MediaProvider: Deleted 1 items on external_primary due to com.android.shell
04-23 20:49:31.741 11821 11823 I cmd     : oneway function results will be dropped but finished with status OK and parcel size 4
04-23 20:49:31.797  8111  8111 I ProvidersCache: Updating roots due to change on user 0at content://com.android.providers.media.documents/root
04-23 20:49:31.818 11836 11838 I cmd     : oneway function results will be dropped but finished with status OK and parcel size 4
04-23 20:49:31.883 11851 11853 I cmd     : oneway function results will be dropped but finished with status OK and parcel size 4
04-23 20:49:31.948 11866 11868 I cmd     : oneway function results will be dropped but finished with status OK and parcel size 4
04-23 20:49:31.976  8111  8111 I ProvidersCache: Updating roots due to change on user 0at content://com.android.providers.media.documents/root
04-23 20:49:32.049 11878 11878 E libc    : Access denied finding property "persist.device_config.runtime_native_boot.profilebootclasspath"
04-23 20:49:32.049 11878 11878 E libc    : Access denied finding property "persist.device_config.runtime_native_boot.enable_apex_image"
04-23 20:49:32.049 11878 11878 I AndroidRuntime: Using default boot image
04-23 20:49:32.049 11878 11878 E libc    : Access denied finding property "persist.device_config.runtime_native_boot.disable_lock_profiling"
04-23 20:49:32.049 11878 11878 I AndroidRuntime: Leaving lock profiling enabled
04-23 20:49:32.049 11878 11878 E libc    : Access denied finding property "persist.device_config.runtime_native_boot.enable_generational_cc"
04-23 20:49:32.051 11878 11878 I app_process: Core platform API reporting enabled, enforcing=false
04-23 20:49:32.101 11878 11878 W app_process: Unexpected CPU variant for X86 using defaults: x86_64
04-23 20:49:32.102 11878 11878 I app_process: The ClassLoaderContext is a special shared library.
04-23 20:49:32.109 11878 11878 W app_process: JNI RegisterNativeMethods: attempt to register 0 native methods for android.media.AudioAttributes
04-23 20:49:32.291  8111  8111 I ProvidersCache: Updating roots due to change on user 0at content://com.android.providers.media.documents/root
04-23 20:49:32.547  8111  8111 I ProvidersCache: Updating roots due to change on user 0at content://com.android.providers.media.documents/root
04-23 20:49:32.626  8530  8530 I DatabaseHelper: Breed 7: Favorited false
04-23 20:49:34.159   158   158 I hwservicemanager: getTransport: Cannot find entry android.hardware.graphics.mapper@4.0::IMapper/default in either framework or device manifest.
04-23 20:49:34.159 11911 11911 I Gralloc4: mapper 4.x is not supported
04-23 20:49:34.204 11915 11917 I cmd     : oneway function results will be dropped but finished with status OK and parcel size 4
04-23 20:49:34.205  1599  1972 I MediaProvider: Begin Intent { act=android.intent.action.MEDIA_SCANNER_SCAN_FILE dat=file:///sdcard/screen_2026-04-23_204935.png flg=0x1400010 cmp=com.android.providers.media.module/com.android.providers.media.MediaService }
04-23 20:49:34.200  1599  1599 W com.android.providers.media.module: type=1400 audit(0.0:1179): avc: denied { read } for comm=4173796E635461736B202331 name="primary" dev="tmpfs" ino=28662 scontext=u:r:mediaprovider_app:s0:c123,c256,c512,c768 tcontext=u:object_r:mnt_pass_through_file:s0 tclass=lnk_file permissive=0 app=com.android.providers.media.module
04-23 20:49:34.762     0     0 W audit   : audit_lost=770 audit_rate_limit=5 audit_backlog_limit=64
04-23 20:49:34.784     0     0 E audit   : rate limit exceeded
04-23 20:49:34.249  1599  1972 W ModernMediaScanner: Failed to visit /sdcard/screen_2026-04-23_204935.png: java.nio.file.AccessDeniedException: /sdcard/screen_2026-04-23_204935.png
04-23 20:49:34.250  1599  1972 I MediaProvider: Scanned internal due to REASON_DEMAND, found 0 items in 44ms, 0 inserts 0 updates 0 deletes
04-23 20:49:34.250  1599  1972 I MediaProvider: End Intent { act=android.intent.action.MEDIA_SCANNER_SCAN_FILE dat=file:///sdcard/screen_2026-04-23_204935.png flg=0x1400010 cmp=com.android.providers.media.module/com.android.providers.media.MediaService }
04-23 20:49:34.200  1599  1599 W com.android.providers.media.module: type=1400 audit(0.0:1180): avc: denied { read } for comm=4173796E635461736B202331 name="primary" dev="tmpfs" ino=28662 scontext=u:r:mediaprovider_app:s0:c123,c256,c512,c768 tcontext=u:object_r:mnt_pass_through_file:s0 tclass=lnk_file permissive=0 app=com.android.providers.media.module
04-23 20:49:34.322  1599  1799 I MediaProvider: Deleted 1 items on external_primary due to com.android.shell
04-23 20:49:34.357 11926 11928 I cmd     : oneway function results will be dropped but finished with status OK and parcel size 4
04-23 20:49:34.501   158   158 I hwservicemanager: getTransport: Cannot find entry android.hardware.graphics.mapper@4.0::IMapper/default in either framework or device manifest.
04-23 20:49:34.502 11948 11948 I Gralloc4: mapper 4.x is not supported
04-23 20:49:34.557 11952 11954 I cmd     : oneway function results will be dropped but finished with status OK and parcel size 4
04-23 20:49:34.558  1599  1972 I MediaProvider: Begin Intent { act=android.intent.action.MEDIA_SCANNER_SCAN_FILE dat=file:///sdcard/screen_2026-04-23_204935.png flg=0x1400010 cmp=com.android.providers.media.module/com.android.providers.media.MediaService }
04-23 20:49:34.559  1599  1972 W ModernMediaScanner: Failed to visit /sdcard/screen_2026-04-23_204935.png: java.nio.file.AccessDeniedException: /sdcard/screen_2026-04-23_204935.png
04-23 20:49:34.560  1599  1972 I MediaProvider: Scanned internal due to REASON_DEMAND, found 0 items in 2ms, 0 inserts 0 updates 0 deletes
04-23 20:49:34.561  1599  1972 I MediaProvider: End Intent { act=android.intent.action.MEDIA_SCANNER_SCAN_FILE dat=file:///sdcard/screen_2026-04-23_204935.png flg=0x1400010 cmp=com.android.providers.media.module/com.android.providers.media.MediaService }
04-23 20:49:34.602  1599  1800 I MediaProvider: Deleted 1 items on external_primary due to com.android.shell
04-23 20:49:34.658 11965 11967 I cmd     : oneway function results will be dropped but finished with status OK and parcel size 4
04-23 20:49:34.679  8111  8111 I ProvidersCache: Updating roots due to change on user 0at content://com.android.providers.media.documents/root
04-23 20:49:34.807   158   158 I hwservicemanager: getTransport: Cannot find entry android.hardware.graphics.mapper@4.0::IMapper/default in either framework or device manifest.
04-23 20:49:34.807 11987 11987 I Gralloc4: mapper 4.x is not supported
04-23 20:49:34.864 11991 11993 I cmd     : oneway function results will be dropped but finished with status OK and parcel size 4
04-23 20:49:34.864  1599  1972 I MediaProvider: Begin Intent { act=android.intent.action.MEDIA_SCANNER_SCAN_FILE dat=file:///sdcard/screen_2026-04-23_204935.png flg=0x1400010 cmp=com.android.providers.media.module/com.android.providers.media.MediaService }
04-23 20:49:34.865  1599  1972 W ModernMediaScanner: Failed to visit /sdcard/screen_2026-04-23_204935.png: java.nio.file.AccessDeniedException: /sdcard/screen_2026-04-23_204935.png
04-23 20:49:34.866  1599  1972 I MediaProvider: Scanned internal due to REASON_DEMAND, found 0 items in 1ms, 0 inserts 0 updates 0 deletes
04-23 20:49:34.867  1599  1972 I MediaProvider: End Intent { act=android.intent.action.MEDIA_SCANNER_SCAN_FILE dat=file:///sdcard/screen_2026-04-23_204935.png flg=0x1400010 cmp=com.android.providers.media.module/com.android.providers.media.MediaService }
04-23 20:49:34.867  8111  8111 I ProvidersCache: Updating roots due to change on user 0at content://com.android.providers.media.documents/root
04-23 20:49:34.893  1599  1799 I MediaProvider: Deleted 1 items on external_primary due to com.android.shell
04-23 20:49:34.926 12002 12004 I cmd     : oneway function results will be dropped but finished with status OK and parcel size 4
04-23 20:49:34.985 12017 12019 I cmd     : oneway function results will be dropped but finished with status OK and parcel size 4
04-23 20:49:35.185  8111  8111 I ProvidersCache: Updating roots due to change on user 0at content://com.android.providers.media.documents/root
04-23 20:49:35.208 12059 12059 E libc    : Access denied finding property "persist.device_config.runtime_native_boot.profilebootclasspath"
04-23 20:49:35.208 12059 12059 E libc    : Access denied finding property "persist.device_config.runtime_native_boot.enable_apex_image"
04-23 20:49:35.208 12059 12059 I AndroidRuntime: Using default boot image
04-23 20:49:35.208 12059 12059 E libc    : Access denied finding property "persist.device_config.runtime_native_boot.disable_lock_profiling"
04-23 20:49:35.208 12059 12059 I AndroidRuntime: Leaving lock profiling enabled
04-23 20:49:35.208 12059 12059 E libc    : Access denied finding property "persist.device_config.runtime_native_boot.enable_generational_cc"
04-23 20:49:35.209 12059 12059 I app_process: Core platform API reporting enabled, enforcing=false
04-23 20:49:35.204 12059 12059 W app_process: type=1400 audit(0.0:1197): avc: denied { read } for name="u:object_r:device_config_runtime_native_boot_prop:s0" dev="tmpfs" ino=8290 scontext=u:r:shell:s0 tcontext=u:object_r:device_config_runtime_native_boot_prop:s0 tclass=file permissive=0
04-23 20:49:35.260 12059 12059 W app_process: Unexpected CPU variant for X86 using defaults: x86_64
04-23 20:49:35.260 12059 12059 I app_process: The ClassLoaderContext is a special shared library.
04-23 20:49:35.204 12059 12059 W app_process: type=1400 audit(0.0:1199): avc: denied { read } for name="u:object_r:device_config_runtime_native_boot_prop:s0" dev="tmpfs" ino=8290 scontext=u:r:shell:s0 tcontext=u:object_r:device_config_runtime_native_boot_prop:s0 tclass=file permissive=0
04-23 20:49:35.267 12059 12059 W app_process: JNI RegisterNativeMethods: attempt to register 0 native methods for android.media.AudioAttributes
04-23 20:49:35.204 12059 12059 W app_process: type=1400 audit(0.0:1200): avc: denied { read } for name="u:object_r:device_config_runtime_native_boot_prop:s0" dev="tmpfs" ino=8290 scontext=u:r:shell:s0 tcontext=u:object_r:device_config_runtime_native_boot_prop:s0 tclass=file permissive=0
04-23 20:49:35.465  8111  8111 I ProvidersCache: Updating roots due to change on user 0at content://com.android.providers.media.documents/root
04-23 20:49:35.776  8530  8530 I DatabaseHelper: Breed 7: Favorited true
04-23 20:49:37.310   158   158 I hwservicemanager: getTransport: Cannot find entry android.hardware.graphics.mapper@4.0::IMapper/default in either framework or device manifest.
04-23 20:49:37.310 12092 12092 I Gralloc4: mapper 4.x is not supported
04-23 20:49:37.362 12096 12098 I cmd     : oneway function results will be dropped but finished with status OK and parcel size 4
04-23 20:49:37.364  1599  1972 I MediaProvider: Begin Intent { act=android.intent.action.MEDIA_SCANNER_SCAN_FILE dat=file:///sdcard/screen_2026-04-23_204938.png flg=0x1400010 cmp=com.android.providers.media.module/com.android.providers.media.MediaService }
04-23 20:49:37.364  1599  1972 W ModernMediaScanner: Failed to visit /sdcard/screen_2026-04-23_204938.png: java.nio.file.AccessDeniedException: /sdcard/screen_2026-04-23_204938.png
04-23 20:49:37.365  1599  1972 I MediaProvider: Scanned internal due to REASON_DEMAND, found 0 items in 0ms, 0 inserts 0 updates 0 deletes
04-23 20:49:37.370  1599  1972 I MediaProvider: End Intent { act=android.intent.action.MEDIA_SCANNER_SCAN_FILE dat=file:///sdcard/screen_2026-04-23_204938.png flg=0x1400010 cmp=com.android.providers.media.module/com.android.providers.media.MediaService }
04-23 20:49:37.360  1599  1599 W com.android.providers.media.module: type=1400 audit(0.0:1201): avc: denied { read } for comm=4173796E635461736B202331 name="primary" dev="tmpfs" ino=28662 scontext=u:r:mediaprovider_app:s0:c123,c256,c512,c768 tcontext=u:object_r:mnt_pass_through_file:s0 tclass=lnk_file permissive=0 app=com.android.providers.media.module
04-23 20:49:37.443  1599  2495 I MediaProvider: Deleted 1 items on external_primary due to com.android.shell
04-23 20:49:37.360  1599  1599 W com.android.providers.media.module: type=1400 audit(0.0:1205): avc: denied { read } for comm=4173796E635461736B202331 name="primary" dev="tmpfs" ino=28662 scontext=u:r:mediaprovider_app:s0:c123,c256,c512,c768 tcontext=u:object_r:mnt_pass_through_file:s0 tclass=lnk_file permissive=0 app=com.android.providers.media.module
04-23 20:49:37.485 12107 12109 I cmd     : oneway function results will be dropped but finished with status OK and parcel size 4
04-23 20:49:37.628   158   158 I hwservicemanager: getTransport: Cannot find entry android.hardware.graphics.mapper@4.0::IMapper/default in either framework or device manifest.
04-23 20:49:37.628 12129 12129 I Gralloc4: mapper 4.x is not supported
04-23 20:49:37.680 12133 12135 I cmd     : oneway function results will be dropped but finished with status OK and parcel size 4
04-23 20:49:37.680  1599  1972 I MediaProvider: Begin Intent { act=android.intent.action.MEDIA_SCANNER_SCAN_FILE dat=file:///sdcard/screen_2026-04-23_204938.png flg=0x1400010 cmp=com.android.providers.media.module/com.android.providers.media.MediaService }
04-23 20:49:38.236     0     0 W audit   : audit_lost=783 audit_rate_limit=5 audit_backlog_limit=64
04-23 20:49:38.241     0     0 E audit   : rate limit exceeded
04-23 20:49:37.688  1599  1972 W ModernMediaScanner: Failed to visit /sdcard/screen_2026-04-23_204938.png: java.nio.file.AccessDeniedException: /sdcard/screen_2026-04-23_204938.png
04-23 20:49:37.690  1599  1972 I MediaProvider: Scanned internal due to REASON_DEMAND, found 0 items in 2ms, 0 inserts 0 updates 0 deletes
04-23 20:49:37.691  1599  1972 I MediaProvider: End Intent { act=android.intent.action.MEDIA_SCANNER_SCAN_FILE dat=file:///sdcard/screen_2026-04-23_204938.png flg=0x1400010 cmp=com.android.providers.media.module/com.android.providers.media.MediaService }
04-23 20:49:37.734  1599  1800 I MediaProvider: Deleted 1 items on external_primary due to com.android.shell
04-23 20:49:37.768 12147 12149 I cmd     : oneway function results will be dropped but finished with status OK and parcel size 4
04-23 20:49:37.887  8111  8111 I ProvidersCache: Updating roots due to change on user 0at content://com.android.providers.media.documents/root
04-23 20:49:37.928   158   158 I hwservicemanager: getTransport: Cannot find entry android.hardware.graphics.mapper@4.0::IMapper/default in either framework or device manifest.
04-23 20:49:37.928 12169 12169 I Gralloc4: mapper 4.x is not supported
04-23 20:49:37.982 12173 12175 I cmd     : oneway function results will be dropped but finished with status OK and parcel size 4
04-23 20:49:37.983  1599  1972 I MediaProvider: Begin Intent { act=android.intent.action.MEDIA_SCANNER_SCAN_FILE dat=file:///sdcard/screen_2026-04-23_204939.png flg=0x1400010 cmp=com.android.providers.media.module/com.android.providers.media.MediaService }
04-23 20:49:37.984  1599  1972 W ModernMediaScanner: Failed to visit /sdcard/screen_2026-04-23_204939.png: java.nio.file.AccessDeniedException: /sdcard/screen_2026-04-23_204939.png
04-23 20:49:37.984  1599  1972 I MediaProvider: Scanned internal due to REASON_DEMAND, found 0 items in 1ms, 0 inserts 0 updates 0 deletes
04-23 20:49:37.985  1599  1972 I MediaProvider: End Intent { act=android.intent.action.MEDIA_SCANNER_SCAN_FILE dat=file:///sdcard/screen_2026-04-23_204939.png flg=0x1400010 cmp=com.android.providers.media.module/com.android.providers.media.MediaService }
04-23 20:49:38.025  8111  8111 I ProvidersCache: Updating roots due to change on user 0at content://com.android.providers.media.documents/root
04-23 20:49:38.051  1599  1799 I MediaProvider: Deleted 1 items on external_primary due to com.android.shell
04-23 20:49:38.087 12184 12186 I cmd     : oneway function results will be dropped but finished with status OK and parcel size 4
04-23 20:49:38.148 12199 12201 I cmd     : oneway function results will be dropped but finished with status OK and parcel size 4
04-23 20:49:38.210 12214 12216 I cmd     : oneway function results will be dropped but finished with status OK and parcel size 4
04-23 20:49:38.272 12229 12231 I cmd     : oneway function results will be dropped but finished with status OK and parcel size 4
04-23 20:49:38.325  8111  8111 I ProvidersCache: Updating roots due to change on user 0at content://com.android.providers.media.documents/root
04-23 20:49:38.374 12241 12241 E libc    : Access denied finding property "persist.device_config.runtime_native_boot.profilebootclasspath"
04-23 20:49:38.374 12241 12241 E libc    : Access denied finding property "persist.device_config.runtime_native_boot.enable_apex_image"
04-23 20:49:38.374 12241 12241 I AndroidRuntime: Using default boot image
04-23 20:49:38.374 12241 12241 E libc    : Access denied finding property "persist.device_config.runtime_native_boot.disable_lock_profiling"
04-23 20:49:38.374 12241 12241 I AndroidRuntime: Leaving lock profiling enabled
04-23 20:49:38.374 12241 12241 E libc    : Access denied finding property "persist.device_config.runtime_native_boot.enable_generational_cc"
04-23 20:49:38.376 12241 12241 I app_process: Core platform API reporting enabled, enforcing=false
04-23 20:49:38.368 12241 12241 W app_process: type=1400 audit(0.0:1219): avc: denied { read } for name="u:object_r:device_config_runtime_native_boot_prop:s0" dev="tmpfs" ino=8290 scontext=u:r:shell:s0 tcontext=u:object_r:device_config_runtime_native_boot_prop:s0 tclass=file permissive=0
04-23 20:49:38.426 12241 12241 W app_process: Unexpected CPU variant for X86 using defaults: x86_64
04-23 20:49:38.427 12241 12241 I app_process: The ClassLoaderContext is a special shared library.
04-23 20:49:38.434 12241 12241 W app_process: JNI RegisterNativeMethods: attempt to register 0 native methods for android.media.AudioAttributes
04-23 20:49:38.368 12241 12241 W app_process: type=1400 audit(0.0:1222): avc: denied { read } for name="u:object_r:device_config_runtime_native_boot_prop:s0" dev="tmpfs" ino=8290 scontext=u:r:shell:s0 tcontext=u:object_r:device_config_runtime_native_boot_prop:s0 tclass=file permissive=0
04-23 20:49:38.597  8111  8111 I ProvidersCache: Updating roots due to change on user 0at content://com.android.providers.media.documents/root
04-23 20:49:38.643  8530  8530 I DatabaseHelper: Breed 1: Favorited true
04-23 20:49:40.176   158   158 I hwservicemanager: getTransport: Cannot find entry android.hardware.graphics.mapper@4.0::IMapper/default in either framework or device manifest.
04-23 20:49:40.176 12274 12274 I Gralloc4: mapper 4.x is not supported
04-23 20:49:40.227 12278 12280 I cmd     : oneway function results will be dropped but finished with status OK and parcel size 4
04-23 20:49:40.228  1599  1972 I MediaProvider: Begin Intent { act=android.intent.action.MEDIA_SCANNER_SCAN_FILE dat=file:///sdcard/screen_2026-04-23_204941.png flg=0x1400010 cmp=com.android.providers.media.module/com.android.providers.media.MediaService }
04-23 20:49:40.229  1599  1972 W ModernMediaScanner: Failed to visit /sdcard/screen_2026-04-23_204941.png: java.nio.file.AccessDeniedException: /sdcard/screen_2026-04-23_204941.png
04-23 20:49:40.230  1599  1972 I MediaProvider: Scanned internal due to REASON_DEMAND, found 0 items in 0ms, 0 inserts 0 updates 0 deletes
04-23 20:49:40.230  1599  1972 I MediaProvider: End Intent { act=android.intent.action.MEDIA_SCANNER_SCAN_FILE dat=file:///sdcard/screen_2026-04-23_204941.png flg=0x1400010 cmp=com.android.providers.media.module/com.android.providers.media.MediaService }
04-23 20:49:40.224  1599  1599 W com.android.providers.media.module: type=1400 audit(0.0:1223): avc: denied { read } for comm=4173796E635461736B202331 name="primary" dev="tmpfs" ino=28662 scontext=u:r:mediaprovider_app:s0:c123,c256,c512,c768 tcontext=u:object_r:mnt_pass_through_file:s0 tclass=lnk_file permissive=0 app=com.android.providers.media.module
04-23 20:49:40.303  1599  2495 I MediaProvider: Deleted 1 items on external_primary due to com.android.shell
04-23 20:49:40.224  1599  1599 W com.android.providers.media.module: type=1400 audit(0.0:1228): avc: denied { read } for comm=4173796E635461736B202331 name="primary" dev="tmpfs" ino=28662 scontext=u:r:mediaprovider_app:s0:c123,c256,c512,c768 tcontext=u:object_r:mnt_pass_through_file:s0 tclass=lnk_file permissive=0 app=com.android.providers.media.module
04-23 20:49:40.338 12289 12291 I cmd     : oneway function results will be dropped but finished with status OK and parcel size 4
04-23 20:49:40.487   158   158 I hwservicemanager: getTransport: Cannot find entry android.hardware.graphics.mapper@4.0::IMapper/default in either framework or device manifest.
04-23 20:49:40.487 12311 12311 I Gralloc4: mapper 4.x is not supported
04-23 20:49:40.540  1599  1972 I MediaProvider: Begin Intent { act=android.intent.action.MEDIA_SCANNER_SCAN_FILE dat=file:///sdcard/screen_2026-04-23_204941.png flg=0x1400010 cmp=com.android.providers.media.module/com.android.providers.media.MediaService }
04-23 20:49:40.545  1599  1972 W ModernMediaScanner: Failed to visit /sdcard/screen_2026-04-23_204941.png: java.nio.file.AccessDeniedException: /sdcard/screen_2026-04-23_204941.png
04-23 20:49:40.546  1599  1972 I MediaProvider: Scanned internal due to REASON_DEMAND, found 0 items in 0ms, 0 inserts 0 updates 0 deletes
04-23 20:49:40.546  1599  1972 I MediaProvider: End Intent { act=android.intent.action.MEDIA_SCANNER_SCAN_FILE dat=file:///sdcard/screen_2026-04-23_204941.png flg=0x1400010 cmp=com.android.providers.media.module/com.android.providers.media.MediaService }
04-23 20:49:41.096     0     0 W audit   : audit_lost=795 audit_rate_limit=5 audit_backlog_limit=64
04-23 20:49:41.099     0     0 E audit   : rate limit exceeded
04-23 20:49:40.567  1599  1799 I MediaProvider: Deleted 1 items on external_primary due to com.android.shell
04-23 20:49:40.599 12326 12328 I cmd     : oneway function results will be dropped but finished with status OK and parcel size 4
04-23 20:49:40.754   158   158 I hwservicemanager: getTransport: Cannot find entry android.hardware.graphics.mapper@4.0::IMapper/default in either framework or device manifest.
04-23 20:49:40.755 12348 12348 I Gralloc4: mapper 4.x is not supported
04-23 20:49:40.832  1599  1972 I MediaProvider: Begin Intent { act=android.intent.action.MEDIA_SCANNER_SCAN_FILE dat=file:///sdcard/screen_2026-04-23_204941.png flg=0x1400010 cmp=com.android.providers.media.module/com.android.providers.media.MediaService }
04-23 20:49:40.832  1599  1972 W ModernMediaScanner: Failed to visit /sdcard/screen_2026-04-23_204941.png: java.nio.file.AccessDeniedException: /sdcard/screen_2026-04-23_204941.png
04-23 20:49:40.833  1599  1972 I MediaProvider: Scanned internal due to REASON_DEMAND, found 0 items in 1ms, 0 inserts 0 updates 0 deletes
04-23 20:49:40.836  1599  1972 I MediaProvider: End Intent { act=android.intent.action.MEDIA_SCANNER_SCAN_FILE dat=file:///sdcard/screen_2026-04-23_204941.png flg=0x1400010 cmp=com.android.providers.media.module/com.android.providers.media.MediaService }
04-23 20:49:40.908  1599  1800 I MediaProvider: Deleted 1 items on external_primary due to com.android.shell
04-23 20:49:40.940 12365 12367 I cmd     : oneway function results will be dropped but finished with status OK and parcel size 4
04-23 20:49:41.003 12380 12382 I cmd     : oneway function results will be dropped but finished with status OK and parcel size 4
04-23 20:49:41.032  8111  8111 I ProvidersCache: Updating roots due to change on user 0at content://com.android.providers.media.documents/root
04-23 20:49:41.071 12395 12397 I cmd     : oneway function results will be dropped but finished with status OK and parcel size 4
04-23 20:49:41.136 12410 12412 I cmd     : oneway function results will be dropped but finished with status OK and parcel size 4
04-23 20:49:41.195  8111  8111 I ProvidersCache: Updating roots due to change on user 0at content://com.android.providers.media.documents/root
04-23 20:49:41.237 12422 12422 E libc    : Access denied finding property "persist.device_config.runtime_native_boot.profilebootclasspath"
04-23 20:49:41.237 12422 12422 E libc    : Access denied finding property "persist.device_config.runtime_native_boot.enable_apex_image"
04-23 20:49:41.237 12422 12422 I AndroidRuntime: Using default boot image
04-23 20:49:41.237 12422 12422 E libc    : Access denied finding property "persist.device_config.runtime_native_boot.disable_lock_profiling"
04-23 20:49:41.237 12422 12422 I AndroidRuntime: Leaving lock profiling enabled
04-23 20:49:41.237 12422 12422 E libc    : Access denied finding property "persist.device_config.runtime_native_boot.enable_generational_cc"
04-23 20:49:41.239 12422 12422 I app_process: Core platform API reporting enabled, enforcing=false
04-23 20:49:41.232 12422 12422 W app_process: type=1400 audit(0.0:1241): avc: denied { read } for name="u:object_r:device_config_runtime_native_boot_prop:s0" dev="tmpfs" ino=8290 scontext=u:r:shell:s0 tcontext=u:object_r:device_config_runtime_native_boot_prop:s0 tclass=file permissive=0
04-23 20:49:41.292 12422 12422 W app_process: Unexpected CPU variant for X86 using defaults: x86_64
04-23 20:49:41.292 12422 12422 I app_process: The ClassLoaderContext is a special shared library.
04-23 20:49:41.299 12422 12422 W app_process: JNI RegisterNativeMethods: attempt to register 0 native methods for android.media.AudioAttributes
04-23 20:49:41.232 12422 12422 W app_process: type=1400 audit(0.0:1244): avc: denied { read } for name="u:object_r:device_config_runtime_native_boot_prop:s0" dev="tmpfs" ino=8290 scontext=u:r:shell:s0 tcontext=u:object_r:device_config_runtime_native_boot_prop:s0 tclass=file permissive=0
04-23 20:49:41.471  8111  8111 I ProvidersCache: Updating roots due to change on user 0at content://com.android.providers.media.documents/root
04-23 20:49:41.509  8530  8530 I DatabaseHelper: Breed 1: Favorited false
04-23 20:49:41.750  8111  8111 I ProvidersCache: Updating roots due to change on user 0at content://com.android.providers.media.documents/root
04-23 20:49:43.040   158   158 I hwservicemanager: getTransport: Cannot find entry android.hardware.graphics.mapper@4.0::IMapper/default in either framework or device manifest.
04-23 20:49:43.041 12455 12455 I Gralloc4: mapper 4.x is not supported
04-23 20:49:43.095  1599  1972 I MediaProvider: Begin Intent { act=android.intent.action.MEDIA_SCANNER_SCAN_FILE dat=file:///sdcard/screen_2026-04-23_204944.png flg=0x1400010 cmp=com.android.providers.media.module/com.android.providers.media.MediaService }
04-23 20:49:43.096  1599  1972 W ModernMediaScanner: Failed to visit /sdcard/screen_2026-04-23_204944.png: java.nio.file.AccessDeniedException: /sdcard/screen_2026-04-23_204944.png
04-23 20:49:43.096  1599  1972 I MediaProvider: Scanned internal due to REASON_DEMAND, found 0 items in 1ms, 0 inserts 0 updates 0 deletes
04-23 20:49:43.103  1599  1972 I MediaProvider: End Intent { act=android.intent.action.MEDIA_SCANNER_SCAN_FILE dat=file:///sdcard/screen_2026-04-23_204944.png flg=0x1400010 cmp=com.android.providers.media.module/com.android.providers.media.MediaService }
04-23 20:49:43.088  1599  1599 W com.android.providers.media.module: type=1400 audit(0.0:1245): avc: denied { read } for comm=4173796E635461736B202331 name="primary" dev="tmpfs" ino=28662 scontext=u:r:mediaprovider_app:s0:c123,c256,c512,c768 tcontext=u:object_r:mnt_pass_through_file:s0 tclass=lnk_file permissive=0 app=com.android.providers.media.module
04-23 20:49:43.092  1599  1599 I chatty  : uid=10123(com.android.providers.media.module) identical 4 lines
04-23 20:49:43.092  1599  1599 W com.android.providers.media.module: type=1400 audit(0.0:1250): avc: denied { read } for comm=4173796E635461736B202331 name="primary" dev="tmpfs" ino=28662 scontext=u:r:mediaprovider_app:s0:c123,c256,c512,c768 tcontext=u:object_r:mnt_pass_through_file:s0 tclass=lnk_file permissive=0 app=com.android.providers.media.module
04-23 20:49:43.226  1599  2495 I MediaProvider: Deleted 1 items on external_primary due to com.android.shell
04-23 20:49:43.261 12471 12473 I cmd     : oneway function results will be dropped but finished with status OK and parcel size 4
04-23 20:49:43.414   158   158 I hwservicemanager: getTransport: Cannot find entry android.hardware.graphics.mapper@4.0::IMapper/default in either framework or device manifest.
04-23 20:49:43.414 12493 12493 I Gralloc4: mapper 4.x is not supported
04-23 20:49:43.467  1599  1972 I MediaProvider: Begin Intent { act=android.intent.action.MEDIA_SCANNER_SCAN_FILE dat=file:///sdcard/screen_2026-04-23_204944.png flg=0x1400010 cmp=com.android.providers.media.module/com.android.providers.media.MediaService }
04-23 20:49:44.024     0     0 W audit   : audit_lost=807 audit_rate_limit=5 audit_backlog_limit=64
04-23 20:49:44.029     0     0 E audit   : rate limit exceeded
04-23 20:49:43.476  1599  1972 W ModernMediaScanner: Failed to visit /sdcard/screen_2026-04-23_204944.png: java.nio.file.AccessDeniedException: /sdcard/screen_2026-04-23_204944.png
04-23 20:49:43.476  1599  1972 I MediaProvider: Scanned internal due to REASON_DEMAND, found 0 items in 1ms, 0 inserts 0 updates 0 deletes
04-23 20:49:43.477  1599  1972 I MediaProvider: End Intent { act=android.intent.action.MEDIA_SCANNER_SCAN_FILE dat=file:///sdcard/screen_2026-04-23_204944.png flg=0x1400010 cmp=com.android.providers.media.module/com.android.providers.media.MediaService }
04-23 20:49:43.495  1599  1799 I MediaProvider: Deleted 1 items on external_primary due to com.android.shell
04-23 20:49:43.528 12508 12510 I cmd     : oneway function results will be dropped but finished with status OK and parcel size 4
04-23 20:49:43.675   158   158 I hwservicemanager: getTransport: Cannot find entry android.hardware.graphics.mapper@4.0::IMapper/default in either framework or device manifest.
04-23 20:49:43.675 12530 12530 I Gralloc4: mapper 4.x is not supported
04-23 20:49:43.732 12534 12536 I cmd     : oneway function results will be dropped but finished with status OK and parcel size 4
04-23 20:49:43.732  1599  1972 I MediaProvider: Begin Intent { act=android.intent.action.MEDIA_SCANNER_SCAN_FILE dat=file:///sdcard/screen_2026-04-23_204944.png flg=0x1400010 cmp=com.android.providers.media.module/com.android.providers.media.MediaService }
04-23 20:49:43.733  1599  1972 W ModernMediaScanner: Failed to visit /sdcard/screen_2026-04-23_204944.png: java.nio.file.AccessDeniedException: /sdcard/screen_2026-04-23_204944.png
04-23 20:49:43.733  1599  1972 I MediaProvider: Scanned internal due to REASON_DEMAND, found 0 items in 1ms, 0 inserts 0 updates 0 deletes
04-23 20:49:43.734  1599  1972 I MediaProvider: End Intent { act=android.intent.action.MEDIA_SCANNER_SCAN_FILE dat=file:///sdcard/screen_2026-04-23_204944.png flg=0x1400010 cmp=com.android.providers.media.module/com.android.providers.media.MediaService }
04-23 20:49:43.760  1599  1800 I MediaProvider: Deleted 1 items on external_primary due to com.android.shell
04-23 20:49:43.795 12545 12547 I cmd     : oneway function results will be dropped but finished with status OK and parcel size 4
04-23 20:49:43.862 12560 12562 I cmd     : oneway function results will be dropped but finished with status OK and parcel size 4
04-23 20:49:43.926 12575 12577 I cmd     : oneway function results will be dropped but finished with status OK and parcel size 4
04-23 20:49:44.018 12592 12594 I cmd     : oneway function results will be dropped but finished with status OK and parcel size 4
04-23 20:49:44.116 12604 12604 E libc    : Access denied finding property "persist.device_config.runtime_native_boot.profilebootclasspath"
04-23 20:49:44.116 12604 12604 E libc    : Access denied finding property "persist.device_config.runtime_native_boot.enable_apex_image"
04-23 20:49:44.116 12604 12604 I AndroidRuntime: Using default boot image
04-23 20:49:44.116 12604 12604 E libc    : Access denied finding property "persist.device_config.runtime_native_boot.disable_lock_profiling"
04-23 20:49:44.116 12604 12604 I AndroidRuntime: Leaving lock profiling enabled
04-23 20:49:44.116 12604 12604 E libc    : Access denied finding property "persist.device_config.runtime_native_boot.enable_generational_cc"
04-23 20:49:44.117 12604 12604 I app_process: Core platform API reporting enabled, enforcing=false
04-23 20:49:44.112 12604 12604 W app_process: type=1400 audit(0.0:1263): avc: denied { read } for name="u:object_r:device_config_runtime_native_boot_prop:s0" dev="tmpfs" ino=8290 scontext=u:r:shell:s0 tcontext=u:object_r:device_config_runtime_native_boot_prop:s0 tclass=file permissive=0
04-23 20:49:44.169 12604 12604 W app_process: Unexpected CPU variant for X86 using defaults: x86_64
04-23 20:49:44.169 12604 12604 I app_process: The ClassLoaderContext is a special shared library.
04-23 20:49:44.112 12604 12604 W app_process: type=1400 audit(0.0:1265): avc: denied { read } for name="u:object_r:device_config_runtime_native_boot_prop:s0" dev="tmpfs" ino=8290 scontext=u:r:shell:s0 tcontext=u:object_r:device_config_runtime_native_boot_prop:s0 tclass=file permissive=0
04-23 20:49:44.176 12604 12604 W app_process: JNI RegisterNativeMethods: attempt to register 0 native methods for android.media.AudioAttributes
04-23 20:49:44.112 12604 12604 W app_process: type=1400 audit(0.0:1266): avc: denied { read } for name="u:object_r:device_config_runtime_native_boot_prop:s0" dev="tmpfs" ino=8290 scontext=u:r:shell:s0 tcontext=u:object_r:device_config_runtime_native_boot_prop:s0 tclass=file permissive=0
04-23 20:49:44.195  8111  8111 I ProvidersCache: Updating roots due to change on user 0at content://com.android.providers.media.documents/root
