04-23 20:41:26.736  1491  1491 W com.android.providers.media.module: type=1400 audit(0.0:581): avc: denied { read } for comm=4173796E635461736B202331 name="primary" dev="tmpfs" ino=28604 scontext=u:r:mediaprovider_app:s0:c129,c256,c512,c768 tcontext=u:object_r:mnt_pass_through_file:s0 tclass=lnk_file permissive=0 app=com.android.providers.media.module
04-23 20:41:26.753  1491  1905 W ModernMediaScanner: Failed to visit /sdcard/screen_2026-04-23_204127.png: java.nio.file.AccessDeniedException: /sdcard/screen_2026-04-23_204127.png
04-23 20:41:26.754  1491  1905 I MediaProvider: Scanned internal due to REASON_DEMAND, found 0 items in 14ms, 0 inserts 0 updates 0 deletes
04-23 20:41:26.754  1491  1905 I MediaProvider: End Intent { act=android.intent.action.MEDIA_SCANNER_SCAN_FILE dat=file:///sdcard/screen_2026-04-23_204127.png flg=0x1400010 cmp=com.android.providers.media.module/com.android.providers.media.MediaService }
04-23 20:41:26.736  1491  1491 W com.android.providers.media.module: type=1400 audit(0.0:582): avc: denied { read } for comm=4173796E635461736B202331 name="primary" dev="tmpfs" ino=28604 scontext=u:r:mediaprovider_app:s0:c129,c256,c512,c768 tcontext=u:object_r:mnt_pass_through_file:s0 tclass=lnk_file permissive=0 app=com.android.providers.media.module
04-23 20:41:26.792  1491  1613 I MediaProvider: Deleted 1 items on external_primary due to com.android.shell
04-23 20:41:26.821  7005  7007 I cmd     : oneway function results will be dropped but finished with status OK and parcel size 4
04-23 20:41:26.943   160   160 I hwservicemanager: getTransport: Cannot find entry android.hardware.graphics.mapper@4.0::IMapper/default in either framework or device manifest.
04-23 20:41:26.943  7027  7027 I Gralloc4: mapper 4.x is not supported
04-23 20:41:26.979  7031  7033 I cmd     : oneway function results will be dropped but finished with status OK and parcel size 4
04-23 20:41:26.979  1491  1905 I MediaProvider: Begin Intent { act=android.intent.action.MEDIA_SCANNER_SCAN_FILE dat=file:///sdcard/screen_2026-04-23_204127.png flg=0x1400010 cmp=com.android.providers.media.module/com.android.providers.media.MediaService }
04-23 20:41:26.980  1491  1905 W ModernMediaScanner: Failed to visit /sdcard/screen_2026-04-23_204127.png: java.nio.file.AccessDeniedException: /sdcard/screen_2026-04-23_204127.png
04-23 20:41:26.981  1491  1905 I MediaProvider: Scanned internal due to REASON_DEMAND, found 0 items in 1ms, 0 inserts 0 updates 0 deletes
04-23 20:41:26.983  1491  1905 I MediaProvider: End Intent { act=android.intent.action.MEDIA_SCANNER_SCAN_FILE dat=file:///sdcard/screen_2026-04-23_204127.png flg=0x1400010 cmp=com.android.providers.media.module/com.android.providers.media.MediaService }
04-23 20:41:27.001  1491  1612 I MediaProvider: Deleted 1 items on external_primary due to com.android.shell
04-23 20:41:27.029  7042  7044 I cmd     : oneway function results will be dropped but finished with status OK and parcel size 4
04-23 20:41:27.150   160   160 I hwservicemanager: getTransport: Cannot find entry android.hardware.graphics.mapper@4.0::IMapper/default in either framework or device manifest.
04-23 20:41:27.150  7064  7064 I Gralloc4: mapper 4.x is not supported
04-23 20:41:27.189  1491  1905 I MediaProvider: Begin Intent { act=android.intent.action.MEDIA_SCANNER_SCAN_FILE dat=file:///sdcard/screen_2026-04-23_204128.png flg=0x1400010 cmp=com.android.providers.media.module/com.android.providers.media.MediaService }
04-23 20:41:27.190  1491  1905 W ModernMediaScanner: Failed to visit /sdcard/screen_2026-04-23_204128.png: java.nio.file.AccessDeniedException: /sdcard/screen_2026-04-23_204128.png
04-23 20:41:27.191  1491  1905 I MediaProvider: Scanned internal due to REASON_DEMAND, found 0 items in 1ms, 0 inserts 0 updates 0 deletes
04-23 20:41:27.191  1491  1905 I MediaProvider: End Intent { act=android.intent.action.MEDIA_SCANNER_SCAN_FILE dat=file:///sdcard/screen_2026-04-23_204128.png flg=0x1400010 cmp=com.android.providers.media.module/com.android.providers.media.MediaService }
04-23 20:41:27.214  1491  2541 I MediaProvider: Deleted 1 items on external_primary due to com.android.shell
04-23 20:41:27.241  7079  7081 I cmd     : oneway function results will be dropped but finished with status OK and parcel size 4
04-23 20:41:27.292  7094  7096 I cmd     : oneway function results will be dropped but finished with status OK and parcel size 4
04-23 20:41:27.343  7109  7111 I cmd     : oneway function results will be dropped but finished with status OK and parcel size 4
04-23 20:41:27.392  7124  7126 I cmd     : oneway function results will be dropped but finished with status OK and parcel size 4
04-23 20:41:27.473  7136  7136 E libc    : Access denied finding property "persist.device_config.runtime_native_boot.profilebootclasspath"
04-23 20:41:27.473  7136  7136 E libc    : Access denied finding property "persist.device_config.runtime_native_boot.enable_apex_image"
04-23 20:41:27.473  7136  7136 I AndroidRuntime: Using default boot image
04-23 20:41:27.473  7136  7136 E libc    : Access denied finding property "persist.device_config.runtime_native_boot.disable_lock_profiling"
04-23 20:41:27.473  7136  7136 I AndroidRuntime: Leaving lock profiling enabled
04-23 20:41:27.474  7136  7136 E libc    : Access denied finding property "persist.device_config.runtime_native_boot.enable_generational_cc"
04-23 20:41:27.475  7136  7136 I app_process: Core platform API reporting enabled, enforcing=false
04-23 20:41:27.519  7136  7136 W app_process: Unexpected CPU variant for X86 using defaults: x86_64
04-23 20:41:27.519  7136  7136 I app_process: The ClassLoaderContext is a special shared library.
04-23 20:41:27.528  7136  7136 W app_process: JNI RegisterNativeMethods: attempt to register 0 native methods for android.media.AudioAttributes
04-23 20:41:27.743  2646  2646 I DatabaseHelper: Breed 3: Favorited false
04-23 20:41:29.250   160   160 I hwservicemanager: getTransport: Cannot find entry android.hardware.graphics.mapper@4.0::IMapper/default in either framework or device manifest.
04-23 20:41:29.250  7169  7169 I Gralloc4: mapper 4.x is not supported
04-23 20:41:29.286  7173  7175 I cmd     : oneway function results will be dropped but finished with status OK and parcel size 4
04-23 20:41:29.286  1491  1905 I MediaProvider: Begin Intent { act=android.intent.action.MEDIA_SCANNER_SCAN_FILE dat=file:///sdcard/screen_2026-04-23_204130.png flg=0x1400010 cmp=com.android.providers.media.module/com.android.providers.media.MediaService }
04-23 20:41:29.280  1491  1491 W com.android.providers.media.module: type=1400 audit(0.0:602): avc: denied { read } for comm=4173796E635461736B202331 name="primary" dev="tmpfs" ino=28604 scontext=u:r:mediaprovider_app:s0:c129,c256,c512,c768 tcontext=u:object_r:mnt_pass_through_file:s0 tclass=lnk_file permissive=0 app=com.android.providers.media.module
04-23 20:41:29.509     0     0 W audit   : audit_lost=433 audit_rate_limit=5 audit_backlog_limit=64
04-23 20:41:29.518     0     0 E audit   : rate limit exceeded
04-23 20:41:29.305  1491  1905 W ModernMediaScanner: Failed to visit /sdcard/screen_2026-04-23_204130.png: java.nio.file.AccessDeniedException: /sdcard/screen_2026-04-23_204130.png
04-23 20:41:29.306  1491  1905 I MediaProvider: Scanned internal due to REASON_DEMAND, found 0 items in 18ms, 0 inserts 0 updates 0 deletes
04-23 20:41:29.306  1491  1905 I MediaProvider: End Intent { act=android.intent.action.MEDIA_SCANNER_SCAN_FILE dat=file:///sdcard/screen_2026-04-23_204130.png flg=0x1400010 cmp=com.android.providers.media.module/com.android.providers.media.MediaService }
04-23 20:41:29.280  1491  1491 W com.android.providers.media.module: type=1400 audit(0.0:603): avc: denied { read } for comm=4173796E635461736B202331 name="primary" dev="tmpfs" ino=28604 scontext=u:r:mediaprovider_app:s0:c129,c256,c512,c768 tcontext=u:object_r:mnt_pass_through_file:s0 tclass=lnk_file permissive=0 app=com.android.providers.media.module
04-23 20:41:29.284  1491  1491 I chatty  : uid=10129(com.android.providers.media.module) identical 2 lines
04-23 20:41:29.284  1491  1491 W com.android.providers.media.module: type=1400 audit(0.0:606): avc: denied { read } for comm=4173796E635461736B202331 name="primary" dev="tmpfs" ino=28604 scontext=u:r:mediaprovider_app:s0:c129,c256,c512,c768 tcontext=u:object_r:mnt_pass_through_file:s0 tclass=lnk_file permissive=0 app=com.android.providers.media.module
04-23 20:41:29.344  1491  1613 I MediaProvider: Deleted 1 items on external_primary due to com.android.shell
04-23 20:41:29.375  7184  7186 I cmd     : oneway function results will be dropped but finished with status OK and parcel size 4
04-23 20:41:29.500   160   160 I hwservicemanager: getTransport: Cannot find entry android.hardware.graphics.mapper@4.0::IMapper/default in either framework or device manifest.
04-23 20:41:29.500  7206  7206 I Gralloc4: mapper 4.x is not supported
04-23 20:41:29.537  7210  7212 I cmd     : oneway function results will be dropped but finished with status OK and parcel size 4
04-23 20:41:29.538  1491  1905 I MediaProvider: Begin Intent { act=android.intent.action.MEDIA_SCANNER_SCAN_FILE dat=file:///sdcard/screen_2026-04-23_204130.png flg=0x1400010 cmp=com.android.providers.media.module/com.android.providers.media.MediaService }
04-23 20:41:29.539  1491  1905 W ModernMediaScanner: Failed to visit /sdcard/screen_2026-04-23_204130.png: java.nio.file.AccessDeniedException: /sdcard/screen_2026-04-23_204130.png
04-23 20:41:29.540  1491  1905 I MediaProvider: Scanned internal due to REASON_DEMAND, found 0 items in 2ms, 0 inserts 0 updates 0 deletes
04-23 20:41:29.541  1491  1905 I MediaProvider: End Intent { act=android.intent.action.MEDIA_SCANNER_SCAN_FILE dat=file:///sdcard/screen_2026-04-23_204130.png flg=0x1400010 cmp=com.android.providers.media.module/com.android.providers.media.MediaService }
04-23 20:41:29.602  1491  1612 I MediaProvider: Deleted 1 items on external_primary due to com.android.shell
04-23 20:41:29.629  7223  7225 I cmd     : oneway function results will be dropped but finished with status OK and parcel size 4
04-23 20:41:29.750   160   160 I hwservicemanager: getTransport: Cannot find entry android.hardware.graphics.mapper@4.0::IMapper/default in either framework or device manifest.
04-23 20:41:29.750  7245  7245 I Gralloc4: mapper 4.x is not supported
04-23 20:41:29.787  1491  1905 I MediaProvider: Begin Intent { act=android.intent.action.MEDIA_SCANNER_SCAN_FILE dat=file:///sdcard/screen_2026-04-23_204130.png flg=0x1400010 cmp=com.android.providers.media.module/com.android.providers.media.MediaService }
04-23 20:41:29.788  1491  1905 W ModernMediaScanner: Failed to visit /sdcard/screen_2026-04-23_204130.png: java.nio.file.AccessDeniedException: /sdcard/screen_2026-04-23_204130.png
04-23 20:41:29.791  1491  1905 I MediaProvider: Scanned internal due to REASON_DEMAND, found 0 items in 3ms, 0 inserts 0 updates 0 deletes
04-23 20:41:29.791  1491  1905 I MediaProvider: End Intent { act=android.intent.action.MEDIA_SCANNER_SCAN_FILE dat=file:///sdcard/screen_2026-04-23_204130.png flg=0x1400010 cmp=com.android.providers.media.module/com.android.providers.media.MediaService }
04-23 20:41:29.808  1491  1612 I MediaProvider: Deleted 1 items on external_primary due to com.android.shell
04-23 20:41:29.835  7260  7262 I cmd     : oneway function results will be dropped but finished with status OK and parcel size 4
04-23 20:41:29.887  7275  7277 I cmd     : oneway function results will be dropped but finished with status OK and parcel size 4
04-23 20:41:29.938  7290  7292 I cmd     : oneway function results will be dropped but finished with status OK and parcel size 4
04-23 20:41:30.066  7317  7317 E libc    : Access denied finding property "persist.device_config.runtime_native_boot.profilebootclasspath"
04-23 20:41:30.066  7317  7317 E libc    : Access denied finding property "persist.device_config.runtime_native_boot.enable_apex_image"
04-23 20:41:30.066  7317  7317 I AndroidRuntime: Using default boot image
04-23 20:41:30.066  7317  7317 E libc    : Access denied finding property "persist.device_config.runtime_native_boot.disable_lock_profiling"
04-23 20:41:30.066  7317  7317 I AndroidRuntime: Leaving lock profiling enabled
04-23 20:41:30.066  7317  7317 E libc    : Access denied finding property "persist.device_config.runtime_native_boot.enable_generational_cc"
04-23 20:41:30.067  7317  7317 I app_process: Core platform API reporting enabled, enforcing=false
04-23 20:41:30.106  7317  7317 W app_process: Unexpected CPU variant for X86 using defaults: x86_64
04-23 20:41:30.107  7317  7317 I app_process: The ClassLoaderContext is a special shared library.
04-23 20:41:30.113  7317  7317 W app_process: JNI RegisterNativeMethods: attempt to register 0 native methods for android.media.AudioAttributes
04-23 20:41:30.326  2646  2646 I DatabaseHelper: Breed 4: Favorited false
04-23 20:41:31.831   160   160 I hwservicemanager: getTransport: Cannot find entry android.hardware.graphics.mapper@4.0::IMapper/default in either framework or device manifest.
04-23 20:41:31.831  7350  7350 I Gralloc4: mapper 4.x is not supported
04-23 20:41:31.867  7354  7356 I cmd     : oneway function results will be dropped but finished with status OK and parcel size 4
04-23 20:41:31.867  1491  1905 I MediaProvider: Begin Intent { act=android.intent.action.MEDIA_SCANNER_SCAN_FILE dat=file:///sdcard/screen_2026-04-23_204132.png flg=0x1400010 cmp=com.android.providers.media.module/com.android.providers.media.MediaService }
04-23 20:41:31.864  1491  1491 W com.android.providers.media.module: type=1400 audit(0.0:624): avc: denied { read } for comm=4173796E635461736B202331 name="primary" dev="tmpfs" ino=28604 scontext=u:r:mediaprovider_app:s0:c129,c256,c512,c768 tcontext=u:object_r:mnt_pass_through_file:s0 tclass=lnk_file permissive=0 app=com.android.providers.media.module
04-23 20:41:31.887  1491  1905 W ModernMediaScanner: Failed to visit /sdcard/screen_2026-04-23_204132.png: java.nio.file.AccessDeniedException: /sdcard/screen_2026-04-23_204132.png
04-23 20:41:31.888  1491  1905 I MediaProvider: Scanned internal due to REASON_DEMAND, found 0 items in 20ms, 0 inserts 0 updates 0 deletes
04-23 20:41:31.888  1491  1905 I MediaProvider: End Intent { act=android.intent.action.MEDIA_SCANNER_SCAN_FILE dat=file:///sdcard/screen_2026-04-23_204132.png flg=0x1400010 cmp=com.android.providers.media.module/com.android.providers.media.MediaService }
04-23 20:41:31.864  1491  1491 W com.android.providers.media.module: type=1400 audit(0.0:626): avc: denied { read } for comm=4173796E635461736B202331 name="primary" dev="tmpfs" ino=28604 scontext=u:r:mediaprovider_app:s0:c129,c256,c512,c768 tcontext=u:object_r:mnt_pass_through_file:s0 tclass=lnk_file permissive=0 app=com.android.providers.media.module
04-23 20:41:31.924  1491  1613 I MediaProvider: Deleted 1 items on external_primary due to com.android.shell
04-23 20:41:31.953  7365  7367 I cmd     : oneway function results will be dropped but finished with status OK and parcel size 4
04-23 20:41:32.081   160   160 I hwservicemanager: getTransport: Cannot find entry android.hardware.graphics.mapper@4.0::IMapper/default in either framework or device manifest.
04-23 20:41:32.081  7387  7387 I Gralloc4: mapper 4.x is not supported
04-23 20:41:32.119  1491  1905 I MediaProvider: Begin Intent { act=android.intent.action.MEDIA_SCANNER_SCAN_FILE dat=file:///sdcard/screen_2026-04-23_204132.png flg=0x1400010 cmp=com.android.providers.media.module/com.android.providers.media.MediaService }
04-23 20:41:32.119  1491  1905 W ModernMediaScanner: Failed to visit /sdcard/screen_2026-04-23_204132.png: java.nio.file.AccessDeniedException: /sdcard/screen_2026-04-23_204132.png
04-23 20:41:32.120  1491  1905 I MediaProvider: Scanned internal due to REASON_DEMAND, found 0 items in 0ms, 0 inserts 0 updates 0 deletes
04-23 20:41:32.120  1491  1905 I MediaProvider: End Intent { act=android.intent.action.MEDIA_SCANNER_SCAN_FILE dat=file:///sdcard/screen_2026-04-23_204132.png flg=0x1400010 cmp=com.android.providers.media.module/com.android.providers.media.MediaService }
04-23 20:41:32.142  1491  2541 I MediaProvider: Deleted 1 items on external_primary due to com.android.shell
04-23 20:41:32.172  7402  7404 I cmd     : oneway function results will be dropped but finished with status OK and parcel size 4
04-23 20:41:32.299   160   160 I hwservicemanager: getTransport: Cannot find entry android.hardware.graphics.mapper@4.0::IMapper/default in either framework or device manifest.
04-23 20:41:32.299  7424  7424 I Gralloc4: mapper 4.x is not supported
04-23 20:41:32.338  7428  7430 I cmd     : oneway function results will be dropped but finished with status OK and parcel size 4
04-23 20:41:32.340  1491  1905 I MediaProvider: Begin Intent { act=android.intent.action.MEDIA_SCANNER_SCAN_FILE dat=file:///sdcard/screen_2026-04-23_204133.png flg=0x1400010 cmp=com.android.providers.media.module/com.android.providers.media.MediaService }
04-23 20:41:32.342  1491  1905 W ModernMediaScanner: Failed to visit /sdcard/screen_2026-04-23_204133.png: java.nio.file.AccessDeniedException: /sdcard/screen_2026-04-23_204133.png
04-23 20:41:32.342  1491  1905 I MediaProvider: Scanned internal due to REASON_DEMAND, found 0 items in 2ms, 0 inserts 0 updates 0 deletes
04-23 20:41:32.343  1491  1905 I MediaProvider: End Intent { act=android.intent.action.MEDIA_SCANNER_SCAN_FILE dat=file:///sdcard/screen_2026-04-23_204133.png flg=0x1400010 cmp=com.android.providers.media.module/com.android.providers.media.MediaService }
04-23 20:41:32.365  1491  1612 I MediaProvider: Deleted 1 items on external_primary due to com.android.shell
04-23 20:41:32.394  7439  7441 I cmd     : oneway function results will be dropped but finished with status OK and parcel size 4
04-23 20:41:32.445  7454  7456 I cmd     : oneway function results will be dropped but finished with status OK and parcel size 4
04-23 20:41:32.495  7469  7471 I cmd     : oneway function results will be dropped but finished with status OK and parcel size 4
04-23 20:41:32.546  7484  7486 I cmd     : oneway function results will be dropped but finished with status OK and parcel size 4
04-23 20:41:32.629  7496  7496 E libc    : Access denied finding property "persist.device_config.runtime_native_boot.profilebootclasspath"
04-23 20:41:32.629  7496  7496 E libc    : Access denied finding property "persist.device_config.runtime_native_boot.enable_apex_image"
04-23 20:41:32.629  7496  7496 I AndroidRuntime: Using default boot image
04-23 20:41:32.629  7496  7496 E libc    : Access denied finding property "persist.device_config.runtime_native_boot.disable_lock_profiling"
04-23 20:41:32.629  7496  7496 I AndroidRuntime: Leaving lock profiling enabled
04-23 20:41:32.629  7496  7496 E libc    : Access denied finding property "persist.device_config.runtime_native_boot.enable_generational_cc"
04-23 20:41:32.631  7496  7496 I app_process: Core platform API reporting enabled, enforcing=false
04-23 20:41:32.683  7496  7496 W app_process: Unexpected CPU variant for X86 using defaults: x86_64
04-23 20:41:32.684  7496  7496 I app_process: The ClassLoaderContext is a special shared library.
04-23 20:41:32.691  7496  7496 W app_process: JNI RegisterNativeMethods: attempt to register 0 native methods for android.media.AudioAttributes
04-23 20:41:32.910  2646  2646 I DatabaseHelper: Breed 5: Favorited false
04-23 20:41:34.420   160   160 I hwservicemanager: getTransport: Cannot find entry android.hardware.graphics.mapper@4.0::IMapper/default in either framework or device manifest.
04-23 20:41:34.420  7529  7529 I Gralloc4: mapper 4.x is not supported
04-23 20:41:34.456  7533  7535 I cmd     : oneway function results will be dropped but finished with status OK and parcel size 4
04-23 20:41:34.457  1491  1905 I MediaProvider: Begin Intent { act=android.intent.action.MEDIA_SCANNER_SCAN_FILE dat=file:///sdcard/screen_2026-04-23_204135.png flg=0x1400010 cmp=com.android.providers.media.module/com.android.providers.media.MediaService }
04-23 20:41:34.452  1491  1491 W com.android.providers.media.module: type=1400 audit(0.0:646): avc: denied { read } for comm=4173796E635461736B202331 name="primary" dev="tmpfs" ino=28604 scontext=u:r:mediaprovider_app:s0:c129,c256,c512,c768 tcontext=u:object_r:mnt_pass_through_file:s0 tclass=lnk_file permissive=0 app=com.android.providers.media.module
04-23 20:41:34.679     0     0 W audit   : audit_lost=467 audit_rate_limit=5 audit_backlog_limit=64
04-23 20:41:34.688     0     0 E audit   : rate limit exceeded
04-23 20:41:34.474  1491  1905 W ModernMediaScanner: Failed to visit /sdcard/screen_2026-04-23_204135.png: java.nio.file.AccessDeniedException: /sdcard/screen_2026-04-23_204135.png
04-23 20:41:34.475  1491  1905 I MediaProvider: Scanned internal due to REASON_DEMAND, found 0 items in 17ms, 0 inserts 0 updates 0 deletes
04-23 20:41:34.475  1491  1905 I MediaProvider: End Intent { act=android.intent.action.MEDIA_SCANNER_SCAN_FILE dat=file:///sdcard/screen_2026-04-23_204135.png flg=0x1400010 cmp=com.android.providers.media.module/com.android.providers.media.MediaService }
04-23 20:41:34.452  1491  1491 W com.android.providers.media.module: type=1400 audit(0.0:647): avc: denied { read } for comm=4173796E635461736B202331 name="primary" dev="tmpfs" ino=28604 scontext=u:r:mediaprovider_app:s0:c129,c256,c512,c768 tcontext=u:object_r:mnt_pass_through_file:s0 tclass=lnk_file permissive=0 app=com.android.providers.media.module
04-23 20:41:34.548  1491  1613 I MediaProvider: Deleted 1 items on external_primary due to com.android.shell
04-23 20:41:34.577  7544  7546 I cmd     : oneway function results will be dropped but finished with status OK and parcel size 4
04-23 20:41:34.708   160   160 I hwservicemanager: getTransport: Cannot find entry android.hardware.graphics.mapper@4.0::IMapper/default in either framework or device manifest.
04-23 20:41:34.708  7566  7566 I Gralloc4: mapper 4.x is not supported
04-23 20:41:34.761  1491  1905 I MediaProvider: Begin Intent { act=android.intent.action.MEDIA_SCANNER_SCAN_FILE dat=file:///sdcard/screen_2026-04-23_204135.png flg=0x1400010 cmp=com.android.providers.media.module/com.android.providers.media.MediaService }
04-23 20:41:34.765  1491  1905 W ModernMediaScanner: Failed to visit /sdcard/screen_2026-04-23_204135.png: java.nio.file.AccessDeniedException: /sdcard/screen_2026-04-23_204135.png
04-23 20:41:34.765  1491  1905 I MediaProvider: Scanned internal due to REASON_DEMAND, found 0 items in 4ms, 0 inserts 0 updates 0 deletes
04-23 20:41:34.766  1491  1905 I MediaProvider: End Intent { act=android.intent.action.MEDIA_SCANNER_SCAN_FILE dat=file:///sdcard/screen_2026-04-23_204135.png flg=0x1400010 cmp=com.android.providers.media.module/com.android.providers.media.MediaService }
04-23 20:41:34.786  1491  2541 I MediaProvider: Deleted 1 items on external_primary due to com.android.shell
04-23 20:41:34.816  7583  7585 I cmd     : oneway function results will be dropped but finished with status OK and parcel size 4
04-23 20:41:34.943   160   160 I hwservicemanager: getTransport: Cannot find entry android.hardware.graphics.mapper@4.0::IMapper/default in either framework or device manifest.
04-23 20:41:34.943  7605  7605 I Gralloc4: mapper 4.x is not supported
04-23 20:41:34.983  1491  1905 I MediaProvider: Begin Intent { act=android.intent.action.MEDIA_SCANNER_SCAN_FILE dat=file:///sdcard/screen_2026-04-23_204135.png flg=0x1400010 cmp=com.android.providers.media.module/com.android.providers.media.MediaService }
04-23 20:41:34.984  1491  1905 W ModernMediaScanner: Failed to visit /sdcard/screen_2026-04-23_204135.png: java.nio.file.AccessDeniedException: /sdcard/screen_2026-04-23_204135.png
04-23 20:41:34.987  1491  1905 I MediaProvider: Scanned internal due to REASON_DEMAND, found 0 items in 3ms, 0 inserts 0 updates 0 deletes
04-23 20:41:34.988  1491  1905 I MediaProvider: End Intent { act=android.intent.action.MEDIA_SCANNER_SCAN_FILE dat=file:///sdcard/screen_2026-04-23_204135.png flg=0x1400010 cmp=com.android.providers.media.module/com.android.providers.media.MediaService }
04-23 20:41:35.006  1491  1612 I MediaProvider: Deleted 1 items on external_primary due to com.android.shell
04-23 20:41:35.035  7620  7622 I cmd     : oneway function results will be dropped but finished with status OK and parcel size 4
04-23 20:41:35.086  7635  7637 I cmd     : oneway function results will be dropped but finished with status OK and parcel size 4
04-23 20:41:35.135  7650  7652 I cmd     : oneway function results will be dropped but finished with status OK and parcel size 4
04-23 20:41:35.186  7665  7667 I cmd     : oneway function results will be dropped but finished with status OK and parcel size 4
04-23 20:41:35.264  7677  7677 E libc    : Access denied finding property "persist.device_config.runtime_native_boot.profilebootclasspath"
04-23 20:41:35.264  7677  7677 E libc    : Access denied finding property "persist.device_config.runtime_native_boot.enable_apex_image"
04-23 20:41:35.264  7677  7677 I AndroidRuntime: Using default boot image
04-23 20:41:35.264  7677  7677 E libc    : Access denied finding property "persist.device_config.runtime_native_boot.disable_lock_profiling"
04-23 20:41:35.264  7677  7677 I AndroidRuntime: Leaving lock profiling enabled
04-23 20:41:35.264  7677  7677 E libc    : Access denied finding property "persist.device_config.runtime_native_boot.enable_generational_cc"
04-23 20:41:35.265  7677  7677 I app_process: Core platform API reporting enabled, enforcing=false
04-23 20:41:35.304  7677  7677 W app_process: Unexpected CPU variant for X86 using defaults: x86_64
04-23 20:41:35.305  7677  7677 I app_process: The ClassLoaderContext is a special shared library.
04-23 20:41:35.312  7677  7677 W app_process: JNI RegisterNativeMethods: attempt to register 0 native methods for android.media.AudioAttributes
04-23 20:41:35.526  2646  2646 I DatabaseHelper: Breed 6: Favorited false
04-23 20:41:37.031   160   160 I hwservicemanager: getTransport: Cannot find entry android.hardware.graphics.mapper@4.0::IMapper/default in either framework or device manifest.
04-23 20:41:37.031  7710  7710 I Gralloc4: mapper 4.x is not supported
04-23 20:41:37.067  1491  1905 I MediaProvider: Begin Intent { act=android.intent.action.MEDIA_SCANNER_SCAN_FILE dat=file:///sdcard/screen_2026-04-23_204137.png flg=0x1400010 cmp=com.android.providers.media.module/com.android.providers.media.MediaService }
04-23 20:41:37.064  1491  1491 W com.android.providers.media.module: type=1400 audit(0.0:668): avc: denied { read } for comm=4173796E635461736B202331 name="primary" dev="tmpfs" ino=28604 scontext=u:r:mediaprovider_app:s0:c129,c256,c512,c768 tcontext=u:object_r:mnt_pass_through_file:s0 tclass=lnk_file permissive=0 app=com.android.providers.media.module
04-23 20:41:37.293     0     0 W audit   : audit_lost=484 audit_rate_limit=5 audit_backlog_limit=64
04-23 20:41:37.299     0     0 E audit   : rate limit exceeded
04-23 20:41:37.064  1491  1491 W com.android.providers.media.module: type=1400 audit(0.0:669): avc: denied { read } for comm=4173796E635461736B202331 name="primary" dev="tmpfs" ino=28604 scontext=u:r:mediaprovider_app:s0:c129,c256,c512,c768 tcontext=u:object_r:mnt_pass_through_file:s0 tclass=lnk_file permissive=0 app=com.android.providers.media.module
04-23 20:41:37.087  1491  1905 W ModernMediaScanner: Failed to visit /sdcard/screen_2026-04-23_204137.png: java.nio.file.AccessDeniedException: /sdcard/screen_2026-04-23_204137.png
04-23 20:41:37.088  1491  1905 I MediaProvider: Scanned internal due to REASON_DEMAND, found 0 items in 20ms, 0 inserts 0 updates 0 deletes
04-23 20:41:37.088  1491  1905 I MediaProvider: End Intent { act=android.intent.action.MEDIA_SCANNER_SCAN_FILE dat=file:///sdcard/screen_2026-04-23_204137.png flg=0x1400010 cmp=com.android.providers.media.module/com.android.providers.media.MediaService }
04-23 20:41:37.064  1491  1491 W com.android.providers.media.module: type=1400 audit(0.0:670): avc: denied { read } for comm=4173796E635461736B202331 name="primary" dev="tmpfs" ino=28604 scontext=u:r:mediaprovider_app:s0:c129,c256,c512,c768 tcontext=u:object_r:mnt_pass_through_file:s0 tclass=lnk_file permissive=0 app=com.android.providers.media.module
04-23 20:41:37.117  1491  1613 I MediaProvider: Deleted 1 items on external_primary due to com.android.shell
04-23 20:41:37.146  7725  7727 I cmd     : oneway function results will be dropped but finished with status OK and parcel size 4
04-23 20:41:37.271   160   160 I hwservicemanager: getTransport: Cannot find entry android.hardware.graphics.mapper@4.0::IMapper/default in either framework or device manifest.
04-23 20:41:37.271  7747  7747 I Gralloc4: mapper 4.x is not supported
04-23 20:41:37.307  7751  7753 I cmd     : oneway function results will be dropped but finished with status OK and parcel size 4
04-23 20:41:37.308  1491  1905 I MediaProvider: Begin Intent { act=android.intent.action.MEDIA_SCANNER_SCAN_FILE dat=file:///sdcard/screen_2026-04-23_204138.png flg=0x1400010 cmp=com.android.providers.media.module/com.android.providers.media.MediaService }
04-23 20:41:37.309  1491  1905 W ModernMediaScanner: Failed to visit /sdcard/screen_2026-04-23_204138.png: java.nio.file.AccessDeniedException: /sdcard/screen_2026-04-23_204138.png
04-23 20:41:37.309  1491  1905 I MediaProvider: Scanned internal due to REASON_DEMAND, found 0 items in 1ms, 0 inserts 0 updates 0 deletes
04-23 20:41:37.309  1491  1905 I MediaProvider: End Intent { act=android.intent.action.MEDIA_SCANNER_SCAN_FILE dat=file:///sdcard/screen_2026-04-23_204138.png flg=0x1400010 cmp=com.android.providers.media.module/com.android.providers.media.MediaService }
04-23 20:41:37.329  1491  2541 I MediaProvider: Deleted 1 items on external_primary due to com.android.shell
04-23 20:41:37.357  7762  7764 I cmd     : oneway function results will be dropped but finished with status OK and parcel size 4
04-23 20:41:37.476   160   160 I hwservicemanager: getTransport: Cannot find entry android.hardware.graphics.mapper@4.0::IMapper/default in either framework or device manifest.
04-23 20:41:37.476  7784  7784 I Gralloc4: mapper 4.x is not supported
04-23 20:41:37.513  7788  7790 I cmd     : oneway function results will be dropped but finished with status OK and parcel size 4
04-23 20:41:37.513  1491  1905 I MediaProvider: Begin Intent { act=android.intent.action.MEDIA_SCANNER_SCAN_FILE dat=file:///sdcard/screen_2026-04-23_204138.png flg=0x1400010 cmp=com.android.providers.media.module/com.android.providers.media.MediaService }
04-23 20:41:37.514  1491  1905 W ModernMediaScanner: Failed to visit /sdcard/screen_2026-04-23_204138.png: java.nio.file.AccessDeniedException: /sdcard/screen_2026-04-23_204138.png
04-23 20:41:37.515  1491  1905 I MediaProvider: Scanned internal due to REASON_DEMAND, found 0 items in 0ms, 0 inserts 0 updates 0 deletes
04-23 20:41:37.516  1491  1905 I MediaProvider: End Intent { act=android.intent.action.MEDIA_SCANNER_SCAN_FILE dat=file:///sdcard/screen_2026-04-23_204138.png flg=0x1400010 cmp=com.android.providers.media.module/com.android.providers.media.MediaService }
04-23 20:41:37.536  1491  1612 I MediaProvider: Deleted 1 items on external_primary due to com.android.shell
04-23 20:41:37.563  7799  7801 I cmd     : oneway function results will be dropped but finished with status OK and parcel size 4
04-23 20:41:37.614  7814  7816 I cmd     : oneway function results will be dropped but finished with status OK and parcel size 4
04-23 20:41:37.664  7829  7831 I cmd     : oneway function results will be dropped but finished with status OK and parcel size 4
04-23 20:41:37.713  7844  7846 I cmd     : oneway function results will be dropped but finished with status OK and parcel size 4
04-23 20:41:37.792  7856  7856 E libc    : Access denied finding property "persist.device_config.runtime_native_boot.profilebootclasspath"
04-23 20:41:37.792  7856  7856 E libc    : Access denied finding property "persist.device_config.runtime_native_boot.enable_apex_image"
04-23 20:41:37.792  7856  7856 I AndroidRuntime: Using default boot image
04-23 20:41:37.792  7856  7856 E libc    : Access denied finding property "persist.device_config.runtime_native_boot.disable_lock_profiling"
04-23 20:41:37.792  7856  7856 I AndroidRuntime: Leaving lock profiling enabled
04-23 20:41:37.792  7856  7856 E libc    : Access denied finding property "persist.device_config.runtime_native_boot.enable_generational_cc"
04-23 20:41:37.793  7856  7856 I app_process: Core platform API reporting enabled, enforcing=false
04-23 20:41:37.832  7856  7856 W app_process: Unexpected CPU variant for X86 using defaults: x86_64
04-23 20:41:37.833  7856  7856 I app_process: The ClassLoaderContext is a special shared library.
04-23 20:41:37.839  7856  7856 W app_process: JNI RegisterNativeMethods: attempt to register 0 native methods for android.media.AudioAttributes
04-23 20:41:38.059  2646  2646 I DatabaseHelper: Breed 7: Favorited false
04-23 20:41:39.568   160   160 I hwservicemanager: getTransport: Cannot find entry android.hardware.graphics.mapper@4.0::IMapper/default in either framework or device manifest.
04-23 20:41:39.568  7889  7889 I Gralloc4: mapper 4.x is not supported
04-23 20:41:39.604  1491  1905 I MediaProvider: Begin Intent { act=android.intent.action.MEDIA_SCANNER_SCAN_FILE dat=file:///sdcard/screen_2026-04-23_204140.png flg=0x1400010 cmp=com.android.providers.media.module/com.android.providers.media.MediaService }
04-23 20:41:39.600  1491  1491 W com.android.providers.media.module: type=1400 audit(0.0:690): avc: denied { read } for comm=4173796E635461736B202331 name="primary" dev="tmpfs" ino=28604 scontext=u:r:mediaprovider_app:s0:c129,c256,c512,c768 tcontext=u:object_r:mnt_pass_through_file:s0 tclass=lnk_file permissive=0 app=com.android.providers.media.module
04-23 20:41:39.829     0     0 W audit   : audit_lost=501 audit_rate_limit=5 audit_backlog_limit=64
04-23 20:41:39.837     0     0 E audit   : rate limit exceeded
04-23 20:41:39.600  1491  1491 W com.android.providers.media.module: type=1400 audit(0.0:691): avc: denied { read } for comm=4173796E635461736B202331 name="primary" dev="tmpfs" ino=28604 scontext=u:r:mediaprovider_app:s0:c129,c256,c512,c768 tcontext=u:object_r:mnt_pass_through_file:s0 tclass=lnk_file permissive=0 app=com.android.providers.media.module
04-23 20:41:39.625  1491  1905 W ModernMediaScanner: Failed to visit /sdcard/screen_2026-04-23_204140.png: java.nio.file.AccessDeniedException: /sdcard/screen_2026-04-23_204140.png
04-23 20:41:39.626  1491  1905 I MediaProvider: Scanned internal due to REASON_DEMAND, found 0 items in 19ms, 0 inserts 0 updates 0 deletes
04-23 20:41:39.626  1491  1905 I MediaProvider: End Intent { act=android.intent.action.MEDIA_SCANNER_SCAN_FILE dat=file:///sdcard/screen_2026-04-23_204140.png flg=0x1400010 cmp=com.android.providers.media.module/com.android.providers.media.MediaService }
04-23 20:41:39.600  1491  1491 W com.android.providers.media.module: type=1400 audit(0.0:692): avc: denied { read } for comm=4173796E635461736B202331 name="primary" dev="tmpfs" ino=28604 scontext=u:r:mediaprovider_app:s0:c129,c256,c512,c768 tcontext=u:object_r:mnt_pass_through_file:s0 tclass=lnk_file permissive=0 app=com.android.providers.media.module
04-23 20:41:39.662  1491  1613 I MediaProvider: Deleted 1 items on external_primary due to com.android.shell
04-23 20:41:39.816   160   160 I hwservicemanager: getTransport: Cannot find entry android.hardware.graphics.mapper@4.0::IMapper/default in either framework or device manifest.
04-23 20:41:39.816  7926  7926 I Gralloc4: mapper 4.x is not supported
04-23 20:41:39.854  1491  1905 I MediaProvider: Begin Intent { act=android.intent.action.MEDIA_SCANNER_SCAN_FILE dat=file:///sdcard/screen_2026-04-23_204140.png flg=0x1400010 cmp=com.android.providers.media.module/com.android.providers.media.MediaService }
04-23 20:41:39.854  7930  7932 I cmd     : oneway function results will be dropped but finished with status OK and parcel size 4
04-23 20:41:39.855  1491  1905 W ModernMediaScanner: Failed to visit /sdcard/screen_2026-04-23_204140.png: java.nio.file.AccessDeniedException: /sdcard/screen_2026-04-23_204140.png
04-23 20:41:39.855  1491  1905 I MediaProvider: Scanned internal due to REASON_DEMAND, found 0 items in 1ms, 0 inserts 0 updates 0 deletes
04-23 20:41:39.856  1491  1905 I MediaProvider: End Intent { act=android.intent.action.MEDIA_SCANNER_SCAN_FILE dat=file:///sdcard/screen_2026-04-23_204140.png flg=0x1400010 cmp=com.android.providers.media.module/com.android.providers.media.MediaService }
04-23 20:41:39.880  1491  2541 I MediaProvider: Deleted 1 items on external_primary due to com.android.shell
04-23 20:41:39.924  7943  7945 I cmd     : oneway function results will be dropped but finished with status OK and parcel size 4
04-23 20:41:40.042   160   160 I hwservicemanager: getTransport: Cannot find entry android.hardware.graphics.mapper@4.0::IMapper/default in either framework or device manifest.
04-23 20:41:40.042  7965  7965 I Gralloc4: mapper 4.x is not supported
04-23 20:41:40.078  7969  7971 I cmd     : oneway function results will be dropped but finished with status OK and parcel size 4
04-23 20:41:40.078  1491  1905 I MediaProvider: Begin Intent { act=android.intent.action.MEDIA_SCANNER_SCAN_FILE dat=file:///sdcard/screen_2026-04-23_204140.png flg=0x1400010 cmp=com.android.providers.media.module/com.android.providers.media.MediaService }
04-23 20:41:40.079  1491  1905 W ModernMediaScanner: Failed to visit /sdcard/screen_2026-04-23_204140.png: java.nio.file.AccessDeniedException: /sdcard/screen_2026-04-23_204140.png
04-23 20:41:40.082  1491  1905 I MediaProvider: Scanned internal due to REASON_DEMAND, found 0 items in 4ms, 0 inserts 0 updates 0 deletes
04-23 20:41:40.083  1491  1905 I MediaProvider: End Intent { act=android.intent.action.MEDIA_SCANNER_SCAN_FILE dat=file:///sdcard/screen_2026-04-23_204140.png flg=0x1400010 cmp=com.android.providers.media.module/com.android.providers.media.MediaService }
04-23 20:41:40.100  1491  1612 I MediaProvider: Deleted 1 items on external_primary due to com.android.shell
04-23 20:41:40.128  7980  7982 I cmd     : oneway function results will be dropped but finished with status OK and parcel size 4
04-23 20:41:40.231  8010  8012 I cmd     : oneway function results will be dropped but finished with status OK and parcel size 4
04-23 20:41:40.281  8025  8027 I cmd     : oneway function results will be dropped but finished with status OK and parcel size 4
04-23 20:41:40.358  8037  8037 E libc    : Access denied finding property "persist.device_config.runtime_native_boot.profilebootclasspath"
04-23 20:41:40.358  8037  8037 E libc    : Access denied finding property "persist.device_config.runtime_native_boot.enable_apex_image"
04-23 20:41:40.358  8037  8037 I AndroidRuntime: Using default boot image
04-23 20:41:40.358  8037  8037 E libc    : Access denied finding property "persist.device_config.runtime_native_boot.disable_lock_profiling"
04-23 20:41:40.358  8037  8037 I AndroidRuntime: Leaving lock profiling enabled
04-23 20:41:40.358  8037  8037 E libc    : Access denied finding property "persist.device_config.runtime_native_boot.enable_generational_cc"
04-23 20:41:40.360  8037  8037 I app_process: Core platform API reporting enabled, enforcing=false
04-23 20:41:40.398  8037  8037 W app_process: Unexpected CPU variant for X86 using defaults: x86_64
04-23 20:41:40.399  8037  8037 I app_process: The ClassLoaderContext is a special shared library.
04-23 20:41:40.405  8037  8037 W app_process: JNI RegisterNativeMethods: attempt to register 0 native methods for android.media.AudioAttributes
04-23 20:41:40.609  2646  2646 I DatabaseHelper: Breed 8: Favorited false
04-23 20:41:42.121   160   160 I hwservicemanager: getTransport: Cannot find entry android.hardware.graphics.mapper@4.0::IMapper/default in either framework or device manifest.
04-23 20:41:42.122  8070  8070 I Gralloc4: mapper 4.x is not supported
04-23 20:41:42.157   508  6996 I ActivityManager: Killing 1241:com.android.deskclock/u0a104 (adj 985): empty #17
04-23 20:41:42.161  1491  1905 I MediaProvider: Begin Intent { act=android.intent.action.MEDIA_SCANNER_SCAN_FILE dat=file:///sdcard/screen_2026-04-23_204142.png flg=0x1400010 cmp=com.android.providers.media.module/com.android.providers.media.MediaService }
04-23 20:41:42.156  1491  1491 W com.android.providers.media.module: type=1400 audit(0.0:712): avc: denied { read } for comm=4173796E635461736B202331 name="primary" dev="tmpfs" ino=28604 scontext=u:r:mediaprovider_app:s0:c129,c256,c512,c768 tcontext=u:object_r:mnt_pass_through_file:s0 tclass=lnk_file permissive=0 app=com.android.providers.media.module
04-23 20:41:42.177  8074  8076 I cmd     : oneway function results will be dropped but finished with status OK and parcel size 4
04-23 20:41:42.383     0     0 W audit   : audit_lost=518 audit_rate_limit=5 audit_backlog_limit=64
04-23 20:41:42.392     0     0 E audit   : rate limit exceeded
04-23 20:41:42.177   282   282 I Zygote  : Process 1241 exited due to signal 9 (Killed)
04-23 20:41:42.178  1491  1905 W ModernMediaScanner: Failed to visit /sdcard/screen_2026-04-23_204142.png: java.nio.file.AccessDeniedException: /sdcard/screen_2026-04-23_204142.png
04-23 20:41:42.179  1491  1905 I MediaProvider: Scanned internal due to REASON_DEMAND, found 0 items in 18ms, 0 inserts 0 updates 0 deletes
04-23 20:41:42.156  1491  1491 W com.android.providers.media.module: type=1400 audit(0.0:713): avc: denied { read } for comm=4173796E635461736B202331 name="primary" dev="tmpfs" ino=28604 scontext=u:r:mediaprovider_app:s0:c129,c256,c512,c768 tcontext=u:object_r:mnt_pass_through_file:s0 tclass=lnk_file permissive=0 app=com.android.providers.media.module
04-23 20:41:42.187  1491  1905 I MediaProvider: End Intent { act=android.intent.action.MEDIA_SCANNER_SCAN_FILE dat=file:///sdcard/screen_2026-04-23_204142.png flg=0x1400010 cmp=com.android.providers.media.module/com.android.providers.media.MediaService }
04-23 20:41:42.156  1491  1491 W com.android.providers.media.module: type=1400 audit(0.0:714): avc: denied { read } for comm=4173796E635461736B202331 name="primary" dev="tmpfs" ino=28604 scontext=u:r:mediaprovider_app:s0:c129,c256,c512,c768 tcontext=u:object_r:mnt_pass_through_file:s0 tclass=lnk_file permissive=0 app=com.android.providers.media.module
04-23 20:41:42.202   508   551 I libprocessgroup: Successfully killed process cgroup uid 10104 pid 1241 in 45ms
04-23 20:41:42.156  1491  1491 W com.android.providers.media.module: type=1400 audit(0.0:716): avc: denied { read } for comm=4173796E635461736B202331 name="primary" dev="tmpfs" ino=28604 scontext=u:r:mediaprovider_app:s0:c129,c256,c512,c768 tcontext=u:object_r:mnt_pass_through_file:s0 tclass=lnk_file permissive=0 app=com.android.providers.media.module
04-23 20:41:42.220  1491  1613 I MediaProvider: Deleted 1 items on external_primary due to com.android.shell
04-23 20:41:42.250  8086  8088 I cmd     : oneway function results will be dropped but finished with status OK and parcel size 4
04-23 20:41:42.383   160   160 I hwservicemanager: getTransport: Cannot find entry android.hardware.graphics.mapper@4.0::IMapper/default in either framework or device manifest.
04-23 20:41:42.383  8108  8108 I Gralloc4: mapper 4.x is not supported
04-23 20:41:42.420  8112  8114 I cmd     : oneway function results will be dropped but finished with status OK and parcel size 4
04-23 20:41:42.420  1491  1905 I MediaProvider: Begin Intent { act=android.intent.action.MEDIA_SCANNER_SCAN_FILE dat=file:///sdcard/screen_2026-04-23_204143.png flg=0x1400010 cmp=com.android.providers.media.module/com.android.providers.media.MediaService }
04-23 20:41:42.421  1491  1905 W ModernMediaScanner: Failed to visit /sdcard/screen_2026-04-23_204143.png: java.nio.file.AccessDeniedException: /sdcard/screen_2026-04-23_204143.png
04-23 20:41:42.422  1491  1905 I MediaProvider: Scanned internal due to REASON_DEMAND, found 0 items in 1ms, 0 inserts 0 updates 0 deletes
04-23 20:41:42.422  1491  1905 I MediaProvider: End Intent { act=android.intent.action.MEDIA_SCANNER_SCAN_FILE dat=file:///sdcard/screen_2026-04-23_204143.png flg=0x1400010 cmp=com.android.providers.media.module/com.android.providers.media.MediaService }
04-23 20:41:42.444  1491  2541 I MediaProvider: Deleted 1 items on external_primary due to com.android.shell
04-23 20:41:42.594   160   160 I hwservicemanager: getTransport: Cannot find entry android.hardware.graphics.mapper@4.0::IMapper/default in either framework or device manifest.
04-23 20:41:42.594  8145  8145 I Gralloc4: mapper 4.x is not supported
04-23 20:41:42.632  1491  1905 I MediaProvider: Begin Intent { act=android.intent.action.MEDIA_SCANNER_SCAN_FILE dat=file:///sdcard/screen_2026-04-23_204143.png flg=0x1400010 cmp=com.android.providers.media.module/com.android.providers.media.MediaService }
04-23 20:41:42.633  1491  1905 W ModernMediaScanner: Failed to visit /sdcard/screen_2026-04-23_204143.png: java.nio.file.AccessDeniedException: /sdcard/screen_2026-04-23_204143.png
04-23 20:41:42.634  1491  1905 I MediaProvider: Scanned internal due to REASON_DEMAND, found 0 items in 1ms, 0 inserts 0 updates 0 deletes
04-23 20:41:42.634  1491  1905 I MediaProvider: End Intent { act=android.intent.action.MEDIA_SCANNER_SCAN_FILE dat=file:///sdcard/screen_2026-04-23_204143.png flg=0x1400010 cmp=com.android.providers.media.module/com.android.providers.media.MediaService }
04-23 20:41:42.656  1491  1612 I MediaProvider: Deleted 1 items on external_primary due to com.android.shell
04-23 20:41:42.685  8160  8162 I cmd     : oneway function results will be dropped but finished with status OK and parcel size 4
04-23 20:41:42.738  8175  8177 I cmd     : oneway function results will be dropped but finished with status OK and parcel size 4
04-23 20:41:42.789  8190  8192 I cmd     : oneway function results will be dropped but finished with status OK and parcel size 4
04-23 20:41:42.840  8205  8207 I cmd     : oneway function results will be dropped but finished with status OK and parcel size 4
04-23 20:41:42.922  8217  8217 E libc    : Access denied finding property "persist.device_config.runtime_native_boot.profilebootclasspath"
04-23 20:41:42.922  8217  8217 E libc    : Access denied finding property "persist.device_config.runtime_native_boot.enable_apex_image"
04-23 20:41:42.922  8217  8217 I AndroidRuntime: Using default boot image
04-23 20:41:42.922  8217  8217 E libc    : Access denied finding property "persist.device_config.runtime_native_boot.disable_lock_profiling"
04-23 20:41:42.922  8217  8217 I AndroidRuntime: Leaving lock profiling enabled
04-23 20:41:42.922  8217  8217 E libc    : Access denied finding property "persist.device_config.runtime_native_boot.enable_generational_cc"
04-23 20:41:42.923  8217  8217 I app_process: Core platform API reporting enabled, enforcing=false
04-23 20:41:42.964  8217  8217 W app_process: Unexpected CPU variant for X86 using defaults: x86_64
04-23 20:41:42.965  8217  8217 I app_process: The ClassLoaderContext is a special shared library.
04-23 20:41:42.974  8217  8217 W app_process: JNI RegisterNativeMethods: attempt to register 0 native methods for android.media.AudioAttributes
04-23 20:41:43.193  2646  2646 I DatabaseHelper: Breed 9: Favorited false
04-23 20:41:44.700   160   160 I hwservicemanager: getTransport: Cannot find entry android.hardware.graphics.mapper@4.0::IMapper/default in either framework or device manifest.
04-23 20:41:44.700  8250  8250 I Gralloc4: mapper 4.x is not supported
04-23 20:41:44.737  8254  8256 I cmd     : oneway function results will be dropped but finished with status OK and parcel size 4
04-23 20:41:44.737  1491  1905 I MediaProvider: Begin Intent { act=android.intent.action.MEDIA_SCANNER_SCAN_FILE dat=file:///sdcard/screen_2026-04-23_204145.png flg=0x1400010 cmp=com.android.providers.media.module/com.android.providers.media.MediaService }
04-23 20:41:44.732  1491  1491 W com.android.providers.media.module: type=1400 audit(0.0:734): avc: denied { read } for comm=4173796E635461736B202331 name="primary" dev="tmpfs" ino=28604 scontext=u:r:mediaprovider_app:s0:c129,c256,c512,c768 tcontext=u:object_r:mnt_pass_through_file:s0 tclass=lnk_file permissive=0 app=com.android.providers.media.module
04-23 20:41:44.960     0     0 W audit   : audit_lost=535 audit_rate_limit=5 audit_backlog_limit=64
04-23 20:41:44.970     0     0 E audit   : rate limit exceeded
04-23 20:41:44.732  1491  1491 W com.android.providers.media.module: type=1400 audit(0.0:735): avc: denied { read } for comm=4173796E635461736B202331 name="primary" dev="tmpfs" ino=28604 scontext=u:r:mediaprovider_app:s0:c129,c256,c512,c768 tcontext=u:object_r:mnt_pass_through_file:s0 tclass=lnk_file permissive=0 app=com.android.providers.media.module
04-23 20:41:44.758  1491  1905 W ModernMediaScanner: Failed to visit /sdcard/screen_2026-04-23_204145.png: java.nio.file.AccessDeniedException: /sdcard/screen_2026-04-23_204145.png
04-23 20:41:44.758  1491  1905 I MediaProvider: Scanned internal due to REASON_DEMAND, found 0 items in 21ms, 0 inserts 0 updates 0 deletes
04-23 20:41:44.759  1491  1905 I MediaProvider: End Intent { act=android.intent.action.MEDIA_SCANNER_SCAN_FILE dat=file:///sdcard/screen_2026-04-23_204145.png flg=0x1400010 cmp=com.android.providers.media.module/com.android.providers.media.MediaService }
04-23 20:41:44.732  1491  1491 W com.android.providers.media.module: type=1400 audit(0.0:736): avc: denied { read } for comm=4173796E635461736B202331 name="primary" dev="tmpfs" ino=28604 scontext=u:r:mediaprovider_app:s0:c129,c256,c512,c768 tcontext=u:object_r:mnt_pass_through_file:s0 tclass=lnk_file permissive=0 app=com.android.providers.media.module
