04-23 20:40:34.836  1491  2541 I MediaProvider: Deleted 1 items on external_primary due to com.android.shell
04-23 20:40:34.863  3411  3413 I cmd     : oneway function results will be dropped but finished with status OK and parcel size 4
04-23 20:40:34.910  3426  3428 I cmd     : oneway function results will be dropped but finished with status OK and parcel size 4
04-23 20:40:34.959  3441  3443 I cmd     : oneway function results will be dropped but finished with status OK and parcel size 4
04-23 20:40:34.965   508  1737 I ActivityManager: Killing 1999:com.android.camera2/u0a110 (adj 975): empty #17
04-23 20:40:34.991   282   282 I Zygote  : Process 1999 exited due to signal 9 (Killed)
04-23 20:40:35.007   508   551 I libprocessgroup: Successfully killed process cgroup uid 10110 pid 1999 in 41ms
04-23 20:40:35.027  3456  3458 I cmd     : oneway function results will be dropped but finished with status OK and parcel size 4
04-23 20:40:35.126  3470  3470 E libc    : Access denied finding property "persist.device_config.runtime_native_boot.profilebootclasspath"
04-23 20:40:35.126  3470  3470 E libc    : Access denied finding property "persist.device_config.runtime_native_boot.enable_apex_image"
04-23 20:40:35.126  3470  3470 I AndroidRuntime: Using default boot image
04-23 20:40:35.126  3470  3470 E libc    : Access denied finding property "persist.device_config.runtime_native_boot.disable_lock_profiling"
04-23 20:40:35.126  3470  3470 I AndroidRuntime: Leaving lock profiling enabled
04-23 20:40:35.126  3470  3470 E libc    : Access denied finding property "persist.device_config.runtime_native_boot.enable_generational_cc"
04-23 20:40:35.127  3470  3470 I app_process: Core platform API reporting enabled, enforcing=false
04-23 20:40:35.166  3470  3470 W app_process: Unexpected CPU variant for X86 using defaults: x86_64
04-23 20:40:35.167  3470  3470 I app_process: The ClassLoaderContext is a special shared library.
04-23 20:40:35.173  3470  3470 W app_process: JNI RegisterNativeMethods: attempt to register 0 native methods for android.media.AudioAttributes
04-23 20:40:35.394  2646  2646 I DatabaseHelper: Breed 3: Favorited true
04-23 20:40:35.397  2204  2204 E AccessibilityInteractionClient: 4 Disconnected nodes.
04-23 20:40:36.898   160   160 I hwservicemanager: getTransport: Cannot find entry android.hardware.graphics.mapper@4.0::IMapper/default in either framework or device manifest.
04-23 20:40:36.898  3503  3503 I Gralloc4: mapper 4.x is not supported
04-23 20:40:36.936   508  1737 I ActivityManager: Killing 1293:com.android.cellbroadcastreceiver/u0a66 (adj 985): empty #17
04-23 20:40:36.936  3507  3509 I cmd     : oneway function results will be dropped but finished with status OK and parcel size 4
04-23 20:40:36.936  1491  1491 W com.android.providers.media.module: type=1400 audit(0.0:162): avc: denied { read } for comm=4173796E635461736B202331 name="primary" dev="tmpfs" ino=28604 scontext=u:r:mediaprovider_app:s0:c129,c256,c512,c768 tcontext=u:object_r:mnt_pass_through_file:s0 tclass=lnk_file permissive=0 app=com.android.providers.media.module
04-23 20:40:36.939  1491  1905 I MediaProvider: Begin Intent { act=android.intent.action.MEDIA_SCANNER_SCAN_FILE dat=file:///sdcard/screen_2026-04-23_204037.png flg=0x1400010 cmp=com.android.providers.media.module/com.android.providers.media.MediaService }
04-23 20:40:37.162     0     0 W audit   : audit_lost=93 audit_rate_limit=5 audit_backlog_limit=64
04-23 20:40:37.176     0     0 E audit   : rate limit exceeded
04-23 20:40:36.936  1491  1491 W com.android.providers.media.module: type=1400 audit(0.0:163): avc: denied { read } for comm=4173796E635461736B202331 name="primary" dev="tmpfs" ino=28604 scontext=u:r:mediaprovider_app:s0:c129,c256,c512,c768 tcontext=u:object_r:mnt_pass_through_file:s0 tclass=lnk_file permissive=0 app=com.android.providers.media.module
04-23 20:40:36.959   282   282 I Zygote  : Process 1293 exited due to signal 9 (Killed)
04-23 20:40:36.960  1491  1905 W ModernMediaScanner: Failed to visit /sdcard/screen_2026-04-23_204037.png: java.nio.file.AccessDeniedException: /sdcard/screen_2026-04-23_204037.png
04-23 20:40:36.960  1491  1905 I MediaProvider: Scanned internal due to REASON_DEMAND, found 0 items in 21ms, 0 inserts 0 updates 0 deletes
04-23 20:40:36.961  1491  1905 I MediaProvider: End Intent { act=android.intent.action.MEDIA_SCANNER_SCAN_FILE dat=file:///sdcard/screen_2026-04-23_204037.png flg=0x1400010 cmp=com.android.providers.media.module/com.android.providers.media.MediaService }
04-23 20:40:36.936  1491  1491 W com.android.providers.media.module: type=1400 audit(0.0:164): avc: denied { read } for comm=4173796E635461736B202331 name="primary" dev="tmpfs" ino=28604 scontext=u:r:mediaprovider_app:s0:c129,c256,c512,c768 tcontext=u:object_r:mnt_pass_through_file:s0 tclass=lnk_file permissive=0 app=com.android.providers.media.module
04-23 20:40:36.979   508   551 I libprocessgroup: Successfully killed process cgroup uid 10066 pid 1293 in 42ms
04-23 20:40:36.936  1491  1491 W com.android.providers.media.module: type=1400 audit(0.0:166): avc: denied { read } for comm=4173796E635461736B202331 name="primary" dev="tmpfs" ino=28604 scontext=u:r:mediaprovider_app:s0:c129,c256,c512,c768 tcontext=u:object_r:mnt_pass_through_file:s0 tclass=lnk_file permissive=0 app=com.android.providers.media.module
04-23 20:40:37.038  1491  2541 I MediaProvider: Deleted 1 items on external_primary due to com.android.shell
04-23 20:40:37.066  3518  3520 I cmd     : oneway function results will be dropped but finished with status OK and parcel size 4
04-23 20:40:37.197   160   160 I hwservicemanager: getTransport: Cannot find entry android.hardware.graphics.mapper@4.0::IMapper/default in either framework or device manifest.
04-23 20:40:37.197  3542  3542 I Gralloc4: mapper 4.x is not supported
04-23 20:40:37.233  3546  3548 I cmd     : oneway function results will be dropped but finished with status OK and parcel size 4
04-23 20:40:37.234  1491  1905 I MediaProvider: Begin Intent { act=android.intent.action.MEDIA_SCANNER_SCAN_FILE dat=file:///sdcard/screen_2026-04-23_204038.png flg=0x1400010 cmp=com.android.providers.media.module/com.android.providers.media.MediaService }
04-23 20:40:37.235  1491  1905 W ModernMediaScanner: Failed to visit /sdcard/screen_2026-04-23_204038.png: java.nio.file.AccessDeniedException: /sdcard/screen_2026-04-23_204038.png
04-23 20:40:37.235  1491  1905 I MediaProvider: Scanned internal due to REASON_DEMAND, found 0 items in 0ms, 0 inserts 0 updates 0 deletes
04-23 20:40:37.236  1491  1905 I MediaProvider: End Intent { act=android.intent.action.MEDIA_SCANNER_SCAN_FILE dat=file:///sdcard/screen_2026-04-23_204038.png flg=0x1400010 cmp=com.android.providers.media.module/com.android.providers.media.MediaService }
04-23 20:40:37.256  1491  2541 I MediaProvider: Deleted 1 items on external_primary due to com.android.shell
04-23 20:40:37.283  3557  3559 I cmd     : oneway function results will be dropped but finished with status OK and parcel size 4
04-23 20:40:37.400   160   160 I hwservicemanager: getTransport: Cannot find entry android.hardware.graphics.mapper@4.0::IMapper/default in either framework or device manifest.
04-23 20:40:37.400  3579  3579 I Gralloc4: mapper 4.x is not supported
04-23 20:40:37.439  3584  3586 I cmd     : oneway function results will be dropped but finished with status OK and parcel size 4
04-23 20:40:37.441  1491  1905 I MediaProvider: Begin Intent { act=android.intent.action.MEDIA_SCANNER_SCAN_FILE dat=file:///sdcard/screen_2026-04-23_204038.png flg=0x1400010 cmp=com.android.providers.media.module/com.android.providers.media.MediaService }
04-23 20:40:37.442  1491  1905 W ModernMediaScanner: Failed to visit /sdcard/screen_2026-04-23_204038.png: java.nio.file.AccessDeniedException: /sdcard/screen_2026-04-23_204038.png
04-23 20:40:37.442  1491  1905 I MediaProvider: Scanned internal due to REASON_DEMAND, found 0 items in 1ms, 0 inserts 0 updates 0 deletes
04-23 20:40:37.443  1491  1905 I MediaProvider: End Intent { act=android.intent.action.MEDIA_SCANNER_SCAN_FILE dat=file:///sdcard/screen_2026-04-23_204038.png flg=0x1400010 cmp=com.android.providers.media.module/com.android.providers.media.MediaService }
04-23 20:40:37.464  1491  1613 I MediaProvider: Deleted 1 items on external_primary due to com.android.shell
04-23 20:40:37.490  3595  3597 I cmd     : oneway function results will be dropped but finished with status OK and parcel size 4
04-23 20:40:37.539  3610  3612 I cmd     : oneway function results will be dropped but finished with status OK and parcel size 4
04-23 20:40:37.586  3625  3627 I cmd     : oneway function results will be dropped but finished with status OK and parcel size 4
04-23 20:40:37.633  3640  3642 I cmd     : oneway function results will be dropped but finished with status OK and parcel size 4
04-23 20:40:37.710  3652  3652 E libc    : Access denied finding property "persist.device_config.runtime_native_boot.profilebootclasspath"
04-23 20:40:37.710  3652  3652 E libc    : Access denied finding property "persist.device_config.runtime_native_boot.enable_apex_image"
04-23 20:40:37.710  3652  3652 I AndroidRuntime: Using default boot image
04-23 20:40:37.710  3652  3652 E libc    : Access denied finding property "persist.device_config.runtime_native_boot.disable_lock_profiling"
04-23 20:40:37.710  3652  3652 I AndroidRuntime: Leaving lock profiling enabled
04-23 20:40:37.710  3652  3652 E libc    : Access denied finding property "persist.device_config.runtime_native_boot.enable_generational_cc"
04-23 20:40:37.711  3652  3652 I app_process: Core platform API reporting enabled, enforcing=false
04-23 20:40:37.751  3652  3652 W app_process: Unexpected CPU variant for X86 using defaults: x86_64
04-23 20:40:37.752  3652  3652 I app_process: The ClassLoaderContext is a special shared library.
04-23 20:40:37.758  3652  3652 W app_process: JNI RegisterNativeMethods: attempt to register 0 native methods for android.media.AudioAttributes
04-23 20:40:37.980  2646  2646 I DatabaseHelper: Breed 4: Favorited true
04-23 20:40:37.983  2204  2204 E AccessibilityInteractionClient: 5 Disconnected nodes.
04-23 20:40:39.493   160   160 I hwservicemanager: getTransport: Cannot find entry android.hardware.graphics.mapper@4.0::IMapper/default in either framework or device manifest.
04-23 20:40:39.493  3687  3687 I Gralloc4: mapper 4.x is not supported
04-23 20:40:39.530   508  2094 I ActivityManager: Killing 1461:android.process.acore/u0a64 (adj 985): empty #17
04-23 20:40:39.530   508  2094 I ActivityManager: Killing 2021:com.android.contacts/u0a98 (adj 985): empty #18
04-23 20:40:39.535  3691  3693 I cmd     : oneway function results will be dropped but finished with status OK and parcel size 4
04-23 20:40:39.536   282   282 I Zygote  : Process 2021 exited due to signal 9 (Killed)
04-23 20:40:39.755     0     0 I binder  : undelivered transaction 141657, process died.
04-23 20:40:39.758     0     0 W audit   : audit_lost=110 audit_rate_limit=5 audit_backlog_limit=64
04-23 20:40:39.760     0     0 E audit   : rate limit exceeded
04-23 20:40:39.536  1491  1905 I MediaProvider: Begin Intent { act=android.intent.action.MEDIA_SCANNER_SCAN_FILE dat=file:///sdcard/screen_2026-04-23_204040.png flg=0x1400010 cmp=com.android.providers.media.module/com.android.providers.media.MediaService }
04-23 20:40:39.536   282   282 I Zygote  : Process 1461 exited due to signal 9 (Killed)
04-23 20:40:39.541  1491  1905 W ModernMediaScanner: Failed to visit /sdcard/screen_2026-04-23_204040.png: java.nio.file.AccessDeniedException: /sdcard/screen_2026-04-23_204040.png
04-23 20:40:39.541  1491  1905 I MediaProvider: Scanned internal due to REASON_DEMAND, found 0 items in 5ms, 0 inserts 0 updates 0 deletes
04-23 20:40:39.542  1491  1905 I MediaProvider: End Intent { act=android.intent.action.MEDIA_SCANNER_SCAN_FILE dat=file:///sdcard/screen_2026-04-23_204040.png flg=0x1400010 cmp=com.android.providers.media.module/com.android.providers.media.MediaService }
04-23 20:40:39.532  1491  1491 W com.android.providers.media.module: type=1400 audit(0.0:184): avc: denied { read } for comm=4173796E635461736B202331 name="primary" dev="tmpfs" ino=28604 scontext=u:r:mediaprovider_app:s0:c129,c256,c512,c768 tcontext=u:object_r:mnt_pass_through_file:s0 tclass=lnk_file permissive=0 app=com.android.providers.media.module
04-23 20:40:39.582   508   551 I libprocessgroup: Successfully killed process cgroup uid 10064 pid 1461 in 48ms
04-23 20:40:39.582   508   551 I libprocessgroup: Successfully killed process cgroup uid 10098 pid 2021 in 0ms
04-23 20:40:39.594  1491  1612 I MediaProvider: Deleted 1 items on external_primary due to com.android.shell
04-23 20:40:39.621  3703  3705 I cmd     : oneway function results will be dropped but finished with status OK and parcel size 4
04-23 20:40:39.743   160   160 I hwservicemanager: getTransport: Cannot find entry android.hardware.graphics.mapper@4.0::IMapper/default in either framework or device manifest.
04-23 20:40:39.743  3725  3725 I Gralloc4: mapper 4.x is not supported
04-23 20:40:39.782  3729  3731 I cmd     : oneway function results will be dropped but finished with status OK and parcel size 4
04-23 20:40:39.783  1491  1905 I MediaProvider: Begin Intent { act=android.intent.action.MEDIA_SCANNER_SCAN_FILE dat=file:///sdcard/screen_2026-04-23_204040.png flg=0x1400010 cmp=com.android.providers.media.module/com.android.providers.media.MediaService }
04-23 20:40:39.783  1491  1905 W ModernMediaScanner: Failed to visit /sdcard/screen_2026-04-23_204040.png: java.nio.file.AccessDeniedException: /sdcard/screen_2026-04-23_204040.png
04-23 20:40:39.784  1491  1905 I MediaProvider: Scanned internal due to REASON_DEMAND, found 0 items in 0ms, 0 inserts 0 updates 0 deletes
04-23 20:40:39.785  1491  1905 I MediaProvider: End Intent { act=android.intent.action.MEDIA_SCANNER_SCAN_FILE dat=file:///sdcard/screen_2026-04-23_204040.png flg=0x1400010 cmp=com.android.providers.media.module/com.android.providers.media.MediaService }
04-23 20:40:39.805  1491  2541 I MediaProvider: Deleted 1 items on external_primary due to com.android.shell
04-23 20:40:39.832  3740  3742 I cmd     : oneway function results will be dropped but finished with status OK and parcel size 4
04-23 20:40:39.946   160   160 I hwservicemanager: getTransport: Cannot find entry android.hardware.graphics.mapper@4.0::IMapper/default in either framework or device manifest.
04-23 20:40:39.946  3762  3762 I Gralloc4: mapper 4.x is not supported
04-23 20:40:39.982  1491  1905 I MediaProvider: Begin Intent { act=android.intent.action.MEDIA_SCANNER_SCAN_FILE dat=file:///sdcard/screen_2026-04-23_204040.png flg=0x1400010 cmp=com.android.providers.media.module/com.android.providers.media.MediaService }
04-23 20:40:39.983  1491  1905 W ModernMediaScanner: Failed to visit /sdcard/screen_2026-04-23_204040.png: java.nio.file.AccessDeniedException: /sdcard/screen_2026-04-23_204040.png
04-23 20:40:39.985  1491  1905 I MediaProvider: Scanned internal due to REASON_DEMAND, found 0 items in 3ms, 0 inserts 0 updates 0 deletes
04-23 20:40:39.986  1491  1905 I MediaProvider: End Intent { act=android.intent.action.MEDIA_SCANNER_SCAN_FILE dat=file:///sdcard/screen_2026-04-23_204040.png flg=0x1400010 cmp=com.android.providers.media.module/com.android.providers.media.MediaService }
04-23 20:40:40.003  1491  1613 I MediaProvider: Deleted 1 items on external_primary due to com.android.shell
04-23 20:40:40.029  3778  3780 I cmd     : oneway function results will be dropped but finished with status OK and parcel size 4
04-23 20:40:40.076  3793  3795 I cmd     : oneway function results will be dropped but finished with status OK and parcel size 4
04-23 20:40:40.124  3808  3810 I cmd     : oneway function results will be dropped but finished with status OK and parcel size 4
04-23 20:40:40.172  3823  3825 I cmd     : oneway function results will be dropped but finished with status OK and parcel size 4
04-23 20:40:40.252  3835  3835 E libc    : Access denied finding property "persist.device_config.runtime_native_boot.profilebootclasspath"
04-23 20:40:40.252  3835  3835 E libc    : Access denied finding property "persist.device_config.runtime_native_boot.enable_apex_image"
04-23 20:40:40.252  3835  3835 I AndroidRuntime: Using default boot image
04-23 20:40:40.252  3835  3835 E libc    : Access denied finding property "persist.device_config.runtime_native_boot.disable_lock_profiling"
04-23 20:40:40.252  3835  3835 I AndroidRuntime: Leaving lock profiling enabled
04-23 20:40:40.252  3835  3835 E libc    : Access denied finding property "persist.device_config.runtime_native_boot.enable_generational_cc"
04-23 20:40:40.253  3835  3835 I app_process: Core platform API reporting enabled, enforcing=false
04-23 20:40:40.292  3835  3835 W app_process: Unexpected CPU variant for X86 using defaults: x86_64
04-23 20:40:40.292  3835  3835 I app_process: The ClassLoaderContext is a special shared library.
04-23 20:40:40.298  3835  3835 W app_process: JNI RegisterNativeMethods: attempt to register 0 native methods for android.media.AudioAttributes
04-23 20:40:40.518  2646  2646 I DatabaseHelper: Breed 5: Favorited true
04-23 20:40:40.520  2204  2204 E AccessibilityInteractionClient: 6 Disconnected nodes.
04-23 20:40:42.029   160   160 I hwservicemanager: getTransport: Cannot find entry android.hardware.graphics.mapper@4.0::IMapper/default in either framework or device manifest.
04-23 20:40:42.029  3870  3870 I Gralloc4: mapper 4.x is not supported
04-23 20:40:42.066  3874  3876 I cmd     : oneway function results will be dropped but finished with status OK and parcel size 4
04-23 20:40:42.066  1491  1905 I MediaProvider: Begin Intent { act=android.intent.action.MEDIA_SCANNER_SCAN_FILE dat=file:///sdcard/screen_2026-04-23_204042.png flg=0x1400010 cmp=com.android.providers.media.module/com.android.providers.media.MediaService }
04-23 20:40:42.060  1491  1491 W com.android.providers.media.module: type=1400 audit(0.0:206): avc: denied { read } for comm=4173796E635461736B202331 name="primary" dev="tmpfs" ino=28604 scontext=u:r:mediaprovider_app:s0:c129,c256,c512,c768 tcontext=u:object_r:mnt_pass_through_file:s0 tclass=lnk_file permissive=0 app=com.android.providers.media.module
04-23 20:40:42.289     0     0 W audit   : audit_lost=127 audit_rate_limit=5 audit_backlog_limit=64
04-23 20:40:42.298     0     0 E audit   : rate limit exceeded
04-23 20:40:42.086  1491  1905 W ModernMediaScanner: Failed to visit /sdcard/screen_2026-04-23_204042.png: java.nio.file.AccessDeniedException: /sdcard/screen_2026-04-23_204042.png
04-23 20:40:42.086  1491  1905 I MediaProvider: Scanned internal due to REASON_DEMAND, found 0 items in 20ms, 0 inserts 0 updates 0 deletes
04-23 20:40:42.087  1491  1905 I MediaProvider: End Intent { act=android.intent.action.MEDIA_SCANNER_SCAN_FILE dat=file:///sdcard/screen_2026-04-23_204042.png flg=0x1400010 cmp=com.android.providers.media.module/com.android.providers.media.MediaService }
04-23 20:40:42.060  1491  1491 W com.android.providers.media.module: type=1400 audit(0.0:207): avc: denied { read } for comm=4173796E635461736B202331 name="primary" dev="tmpfs" ino=28604 scontext=u:r:mediaprovider_app:s0:c129,c256,c512,c768 tcontext=u:object_r:mnt_pass_through_file:s0 tclass=lnk_file permissive=0 app=com.android.providers.media.module
04-23 20:40:42.064  1491  1491 I chatty  : uid=10129(com.android.providers.media.module) identical 2 lines
04-23 20:40:42.064  1491  1491 W com.android.providers.media.module: type=1400 audit(0.0:210): avc: denied { read } for comm=4173796E635461736B202331 name="primary" dev="tmpfs" ino=28604 scontext=u:r:mediaprovider_app:s0:c129,c256,c512,c768 tcontext=u:object_r:mnt_pass_through_file:s0 tclass=lnk_file permissive=0 app=com.android.providers.media.module
04-23 20:40:42.150  1491  1612 I MediaProvider: Deleted 1 items on external_primary due to com.android.shell
04-23 20:40:42.178  3885  3887 I cmd     : oneway function results will be dropped but finished with status OK and parcel size 4
04-23 20:40:42.299   160   160 I hwservicemanager: getTransport: Cannot find entry android.hardware.graphics.mapper@4.0::IMapper/default in either framework or device manifest.
04-23 20:40:42.300  3907  3907 I Gralloc4: mapper 4.x is not supported
04-23 20:40:42.341  3913  3915 I cmd     : oneway function results will be dropped but finished with status OK and parcel size 4
04-23 20:40:42.341  1491  1905 I MediaProvider: Begin Intent { act=android.intent.action.MEDIA_SCANNER_SCAN_FILE dat=file:///sdcard/screen_2026-04-23_204043.png flg=0x1400010 cmp=com.android.providers.media.module/com.android.providers.media.MediaService }
04-23 20:40:42.341  1491  1905 W ModernMediaScanner: Failed to visit /sdcard/screen_2026-04-23_204043.png: java.nio.file.AccessDeniedException: /sdcard/screen_2026-04-23_204043.png
04-23 20:40:42.342  1491  1905 I MediaProvider: Scanned internal due to REASON_DEMAND, found 0 items in 0ms, 0 inserts 0 updates 0 deletes
04-23 20:40:42.346  1491  1905 I MediaProvider: End Intent { act=android.intent.action.MEDIA_SCANNER_SCAN_FILE dat=file:///sdcard/screen_2026-04-23_204043.png flg=0x1400010 cmp=com.android.providers.media.module/com.android.providers.media.MediaService }
04-23 20:40:42.364  1491  2541 I MediaProvider: Deleted 1 items on external_primary due to com.android.shell
04-23 20:40:42.391  3924  3926 I cmd     : oneway function results will be dropped but finished with status OK and parcel size 4
04-23 20:40:42.506   160   160 I hwservicemanager: getTransport: Cannot find entry android.hardware.graphics.mapper@4.0::IMapper/default in either framework or device manifest.
04-23 20:40:42.506  3946  3946 I Gralloc4: mapper 4.x is not supported
04-23 20:40:42.542  3950  3952 I cmd     : oneway function results will be dropped but finished with status OK and parcel size 4
04-23 20:40:42.543  1491  1905 I MediaProvider: Begin Intent { act=android.intent.action.MEDIA_SCANNER_SCAN_FILE dat=file:///sdcard/screen_2026-04-23_204043.png flg=0x1400010 cmp=com.android.providers.media.module/com.android.providers.media.MediaService }
04-23 20:40:42.544  1491  1905 W ModernMediaScanner: Failed to visit /sdcard/screen_2026-04-23_204043.png: java.nio.file.AccessDeniedException: /sdcard/screen_2026-04-23_204043.png
04-23 20:40:42.547  1491  1905 I MediaProvider: Scanned internal due to REASON_DEMAND, found 0 items in 1ms, 0 inserts 0 updates 0 deletes
04-23 20:40:42.547  1491  1905 I MediaProvider: End Intent { act=android.intent.action.MEDIA_SCANNER_SCAN_FILE dat=file:///sdcard/screen_2026-04-23_204043.png flg=0x1400010 cmp=com.android.providers.media.module/com.android.providers.media.MediaService }
04-23 20:40:42.564  1491  1613 I MediaProvider: Deleted 1 items on external_primary due to com.android.shell
04-23 20:40:42.640  3976  3978 I cmd     : oneway function results will be dropped but finished with status OK and parcel size 4
04-23 20:40:42.688  3991  3993 I cmd     : oneway function results will be dropped but finished with status OK and parcel size 4
04-23 20:40:42.736  4006  4008 I cmd     : oneway function results will be dropped but finished with status OK and parcel size 4
04-23 20:40:42.812  4018  4018 E libc    : Access denied finding property "persist.device_config.runtime_native_boot.profilebootclasspath"
04-23 20:40:42.812  4018  4018 E libc    : Access denied finding property "persist.device_config.runtime_native_boot.enable_apex_image"
04-23 20:40:42.812  4018  4018 I AndroidRuntime: Using default boot image
04-23 20:40:42.812  4018  4018 E libc    : Access denied finding property "persist.device_config.runtime_native_boot.disable_lock_profiling"
04-23 20:40:42.812  4018  4018 I AndroidRuntime: Leaving lock profiling enabled
04-23 20:40:42.812  4018  4018 E libc    : Access denied finding property "persist.device_config.runtime_native_boot.enable_generational_cc"
04-23 20:40:42.813  4018  4018 I app_process: Core platform API reporting enabled, enforcing=false
04-23 20:40:42.853  4018  4018 W app_process: Unexpected CPU variant for X86 using defaults: x86_64
04-23 20:40:42.853  4018  4018 I app_process: The ClassLoaderContext is a special shared library.
04-23 20:40:42.859  4018  4018 W app_process: JNI RegisterNativeMethods: attempt to register 0 native methods for android.media.AudioAttributes
04-23 20:40:43.076  2646  2646 I DatabaseHelper: Breed 6: Favorited true
04-23 20:40:44.578   160   160 I hwservicemanager: getTransport: Cannot find entry android.hardware.graphics.mapper@4.0::IMapper/default in either framework or device manifest.
04-23 20:40:44.578  4051  4051 I Gralloc4: mapper 4.x is not supported
04-23 20:40:44.615  4055  4057 I cmd     : oneway function results will be dropped but finished with status OK and parcel size 4
04-23 20:40:44.616  1491  1905 I MediaProvider: Begin Intent { act=android.intent.action.MEDIA_SCANNER_SCAN_FILE dat=file:///sdcard/screen_2026-04-23_204045.png flg=0x1400010 cmp=com.android.providers.media.module/com.android.providers.media.MediaService }
04-23 20:40:44.612  1491  1491 W com.android.providers.media.module: type=1400 audit(0.0:228): avc: denied { read } for comm=4173796E635461736B202331 name="primary" dev="tmpfs" ino=28604 scontext=u:r:mediaprovider_app:s0:c129,c256,c512,c768 tcontext=u:object_r:mnt_pass_through_file:s0 tclass=lnk_file permissive=0 app=com.android.providers.media.module
04-23 20:40:44.850     0     0 W audit   : audit_lost=144 audit_rate_limit=5 audit_backlog_limit=64
04-23 20:40:44.853     0     0 E audit   : rate limit exceeded
04-23 20:40:44.612  1491  1491 W com.android.providers.media.module: type=1400 audit(0.0:229): avc: denied { read } for comm=4173796E635461736B202331 name="primary" dev="tmpfs" ino=28604 scontext=u:r:mediaprovider_app:s0:c129,c256,c512,c768 tcontext=u:object_r:mnt_pass_through_file:s0 tclass=lnk_file permissive=0 app=com.android.providers.media.module
04-23 20:40:44.642  1491  1905 W ModernMediaScanner: Failed to visit /sdcard/screen_2026-04-23_204045.png: java.nio.file.AccessDeniedException: /sdcard/screen_2026-04-23_204045.png
04-23 20:40:44.642  1491  1905 I MediaProvider: Scanned internal due to REASON_DEMAND, found 0 items in 14ms, 0 inserts 0 updates 0 deletes
04-23 20:40:44.643  1491  1905 I MediaProvider: End Intent { act=android.intent.action.MEDIA_SCANNER_SCAN_FILE dat=file:///sdcard/screen_2026-04-23_204045.png flg=0x1400010 cmp=com.android.providers.media.module/com.android.providers.media.MediaService }
04-23 20:40:44.624  1491  1491 W com.android.providers.media.module: type=1400 audit(0.0:230): avc: denied { read } for comm=4173796E635461736B202331 name="primary" dev="tmpfs" ino=28604 scontext=u:r:mediaprovider_app:s0:c129,c256,c512,c768 tcontext=u:object_r:mnt_pass_through_file:s0 tclass=lnk_file permissive=0 app=com.android.providers.media.module
04-23 20:40:44.666  1491  1612 I MediaProvider: Deleted 1 items on external_primary due to com.android.shell
04-23 20:40:44.624  1491  1491 W com.android.providers.media.module: type=1400 audit(0.0:232): avc: denied { read } for comm=4173796E635461736B202331 name="primary" dev="tmpfs" ino=28604 scontext=u:r:mediaprovider_app:s0:c129,c256,c512,c768 tcontext=u:object_r:mnt_pass_through_file:s0 tclass=lnk_file permissive=0 app=com.android.providers.media.module
04-23 20:40:44.694  4066  4068 I cmd     : oneway function results will be dropped but finished with status OK and parcel size 4
04-23 20:40:44.815   160   160 I hwservicemanager: getTransport: Cannot find entry android.hardware.graphics.mapper@4.0::IMapper/default in either framework or device manifest.
04-23 20:40:44.815  4088  4088 I Gralloc4: mapper 4.x is not supported
04-23 20:40:44.853  1491  1905 I MediaProvider: Begin Intent { act=android.intent.action.MEDIA_SCANNER_SCAN_FILE dat=file:///sdcard/screen_2026-04-23_204045.png flg=0x1400010 cmp=com.android.providers.media.module/com.android.providers.media.MediaService }
04-23 20:40:44.853  1491  1905 W ModernMediaScanner: Failed to visit /sdcard/screen_2026-04-23_204045.png: java.nio.file.AccessDeniedException: /sdcard/screen_2026-04-23_204045.png
04-23 20:40:44.854  1491  1905 I MediaProvider: Scanned internal due to REASON_DEMAND, found 0 items in 1ms, 0 inserts 0 updates 0 deletes
04-23 20:40:44.854  1491  1905 I MediaProvider: End Intent { act=android.intent.action.MEDIA_SCANNER_SCAN_FILE dat=file:///sdcard/screen_2026-04-23_204045.png flg=0x1400010 cmp=com.android.providers.media.module/com.android.providers.media.MediaService }
04-23 20:40:44.855  4092  4094 I cmd     : oneway function results will be dropped but finished with status OK and parcel size 4
04-23 20:40:44.877  1491  2541 I MediaProvider: Deleted 1 items on external_primary due to com.android.shell
04-23 20:40:44.905  4103  4105 I cmd     : oneway function results will be dropped but finished with status OK and parcel size 4
04-23 20:40:45.027   160   160 I hwservicemanager: getTransport: Cannot find entry android.hardware.graphics.mapper@4.0::IMapper/default in either framework or device manifest.
04-23 20:40:45.028  4126  4126 I Gralloc4: mapper 4.x is not supported
04-23 20:40:45.066  4130  4132 I cmd     : oneway function results will be dropped but finished with status OK and parcel size 4
04-23 20:40:45.066  1491  1905 I MediaProvider: Begin Intent { act=android.intent.action.MEDIA_SCANNER_SCAN_FILE dat=file:///sdcard/screen_2026-04-23_204045.png flg=0x1400010 cmp=com.android.providers.media.module/com.android.providers.media.MediaService }
04-23 20:40:45.068  1491  1905 W ModernMediaScanner: Failed to visit /sdcard/screen_2026-04-23_204045.png: java.nio.file.AccessDeniedException: /sdcard/screen_2026-04-23_204045.png
04-23 20:40:45.068  1491  1905 I MediaProvider: Scanned internal due to REASON_DEMAND, found 0 items in 1ms, 0 inserts 0 updates 0 deletes
04-23 20:40:45.069  1491  1905 I MediaProvider: End Intent { act=android.intent.action.MEDIA_SCANNER_SCAN_FILE dat=file:///sdcard/screen_2026-04-23_204045.png flg=0x1400010 cmp=com.android.providers.media.module/com.android.providers.media.MediaService }
04-23 20:40:45.090  1491  1613 I MediaProvider: Deleted 1 items on external_primary due to com.android.shell
04-23 20:40:45.118  4141  4143 I cmd     : oneway function results will be dropped but finished with status OK and parcel size 4
04-23 20:40:45.168  4156  4158 I cmd     : oneway function results will be dropped but finished with status OK and parcel size 4
04-23 20:40:45.214  4171  4173 I cmd     : oneway function results will be dropped but finished with status OK and parcel size 4
04-23 20:40:45.261  4186  4188 I cmd     : oneway function results will be dropped but finished with status OK and parcel size 4
04-23 20:40:45.336  4198  4198 E libc    : Access denied finding property "persist.device_config.runtime_native_boot.profilebootclasspath"
04-23 20:40:45.336  4198  4198 E libc    : Access denied finding property "persist.device_config.runtime_native_boot.enable_apex_image"
04-23 20:40:45.336  4198  4198 I AndroidRuntime: Using default boot image
04-23 20:40:45.336  4198  4198 E libc    : Access denied finding property "persist.device_config.runtime_native_boot.disable_lock_profiling"
04-23 20:40:45.336  4198  4198 I AndroidRuntime: Leaving lock profiling enabled
04-23 20:40:45.336  4198  4198 E libc    : Access denied finding property "persist.device_config.runtime_native_boot.enable_generational_cc"
04-23 20:40:45.337  4198  4198 I app_process: Core platform API reporting enabled, enforcing=false
04-23 20:40:45.384  4198  4198 W app_process: Unexpected CPU variant for X86 using defaults: x86_64
04-23 20:40:45.384  4198  4198 I app_process: The ClassLoaderContext is a special shared library.
04-23 20:40:45.391  4198  4198 W app_process: JNI RegisterNativeMethods: attempt to register 0 native methods for android.media.AudioAttributes
04-23 20:40:45.609  2646  2646 I DatabaseHelper: Breed 7: Favorited true
04-23 20:40:47.119   160   160 I hwservicemanager: getTransport: Cannot find entry android.hardware.graphics.mapper@4.0::IMapper/default in either framework or device manifest.
04-23 20:40:47.119  4231  4231 I Gralloc4: mapper 4.x is not supported
04-23 20:40:47.155  1491  1905 I MediaProvider: Begin Intent { act=android.intent.action.MEDIA_SCANNER_SCAN_FILE dat=file:///sdcard/screen_2026-04-23_204047.png flg=0x1400010 cmp=com.android.providers.media.module/com.android.providers.media.MediaService }
04-23 20:40:47.377     0     0 W audit   : audit_lost=161 audit_rate_limit=5 audit_backlog_limit=64
04-23 20:40:47.380     0     0 E audit   : rate limit exceeded
04-23 20:40:47.152  1491  1491 W com.android.providers.media.module: type=1400 audit(0.0:250): avc: denied { read } for comm=4173796E635461736B202331 name="primary" dev="tmpfs" ino=28604 scontext=u:r:mediaprovider_app:s0:c129,c256,c512,c768 tcontext=u:object_r:mnt_pass_through_file:s0 tclass=lnk_file permissive=0 app=com.android.providers.media.module
04-23 20:40:47.166  1491  1905 W ModernMediaScanner: Failed to visit /sdcard/screen_2026-04-23_204047.png: java.nio.file.AccessDeniedException: /sdcard/screen_2026-04-23_204047.png
04-23 20:40:47.167  1491  1905 I MediaProvider: Scanned internal due to REASON_DEMAND, found 0 items in 11ms, 0 inserts 0 updates 0 deletes
04-23 20:40:47.167  1491  1905 I MediaProvider: End Intent { act=android.intent.action.MEDIA_SCANNER_SCAN_FILE dat=file:///sdcard/screen_2026-04-23_204047.png flg=0x1400010 cmp=com.android.providers.media.module/com.android.providers.media.MediaService }
04-23 20:40:47.152  1491  1491 W com.android.providers.media.module: type=1400 audit(0.0:251): avc: denied { read } for comm=4173796E635461736B202331 name="primary" dev="tmpfs" ino=28604 scontext=u:r:mediaprovider_app:s0:c129,c256,c512,c768 tcontext=u:object_r:mnt_pass_through_file:s0 tclass=lnk_file permissive=0 app=com.android.providers.media.module
04-23 20:40:47.232  1491  1612 I MediaProvider: Deleted 1 items on external_primary due to com.android.shell
04-23 20:40:47.260  4246  4248 I cmd     : oneway function results will be dropped but finished with status OK and parcel size 4
04-23 20:40:47.379   160   160 I hwservicemanager: getTransport: Cannot find entry android.hardware.graphics.mapper@4.0::IMapper/default in either framework or device manifest.
04-23 20:40:47.379  4268  4268 I Gralloc4: mapper 4.x is not supported
04-23 20:40:47.418  1491  1905 I MediaProvider: Begin Intent { act=android.intent.action.MEDIA_SCANNER_SCAN_FILE dat=file:///sdcard/screen_2026-04-23_204048.png flg=0x1400010 cmp=com.android.providers.media.module/com.android.providers.media.MediaService }
04-23 20:40:47.423  1491  1905 W ModernMediaScanner: Failed to visit /sdcard/screen_2026-04-23_204048.png: java.nio.file.AccessDeniedException: /sdcard/screen_2026-04-23_204048.png
04-23 20:40:47.424  1491  1905 I MediaProvider: Scanned internal due to REASON_DEMAND, found 0 items in 5ms, 0 inserts 0 updates 0 deletes
04-23 20:40:47.424  1491  1905 I MediaProvider: End Intent { act=android.intent.action.MEDIA_SCANNER_SCAN_FILE dat=file:///sdcard/screen_2026-04-23_204048.png flg=0x1400010 cmp=com.android.providers.media.module/com.android.providers.media.MediaService }
04-23 20:40:47.483  1491  2541 I MediaProvider: Deleted 1 items on external_primary due to com.android.shell
04-23 20:40:47.510  4285  4287 I cmd     : oneway function results will be dropped but finished with status OK and parcel size 4
04-23 20:40:47.629   160   160 I hwservicemanager: getTransport: Cannot find entry android.hardware.graphics.mapper@4.0::IMapper/default in either framework or device manifest.
04-23 20:40:47.629  4307  4307 I Gralloc4: mapper 4.x is not supported
04-23 20:40:47.664  4311  4313 I cmd     : oneway function results will be dropped but finished with status OK and parcel size 4
04-23 20:40:47.665  1491  1905 I MediaProvider: Begin Intent { act=android.intent.action.MEDIA_SCANNER_SCAN_FILE dat=file:///sdcard/screen_2026-04-23_204048.png flg=0x1400010 cmp=com.android.providers.media.module/com.android.providers.media.MediaService }
04-23 20:40:47.666  1491  1905 W ModernMediaScanner: Failed to visit /sdcard/screen_2026-04-23_204048.png: java.nio.file.AccessDeniedException: /sdcard/screen_2026-04-23_204048.png
04-23 20:40:47.669  1491  1905 I MediaProvider: Scanned internal due to REASON_DEMAND, found 0 items in 1ms, 0 inserts 0 updates 0 deletes
04-23 20:40:47.670  1491  1905 I MediaProvider: End Intent { act=android.intent.action.MEDIA_SCANNER_SCAN_FILE dat=file:///sdcard/screen_2026-04-23_204048.png flg=0x1400010 cmp=com.android.providers.media.module/com.android.providers.media.MediaService }
04-23 20:40:47.687  1491  1613 I MediaProvider: Deleted 1 items on external_primary due to com.android.shell
04-23 20:40:47.714  4322  4324 I cmd     : oneway function results will be dropped but finished with status OK and parcel size 4
04-23 20:40:47.761  4337  4339 I cmd     : oneway function results will be dropped but finished with status OK and parcel size 4
04-23 20:40:47.855  4367  4369 I cmd     : oneway function results will be dropped but finished with status OK and parcel size 4
04-23 20:40:47.932  4379  4379 E libc    : Access denied finding property "persist.device_config.runtime_native_boot.profilebootclasspath"
04-23 20:40:47.932  4379  4379 E libc    : Access denied finding property "persist.device_config.runtime_native_boot.enable_apex_image"
04-23 20:40:47.932  4379  4379 I AndroidRuntime: Using default boot image
04-23 20:40:47.932  4379  4379 E libc    : Access denied finding property "persist.device_config.runtime_native_boot.disable_lock_profiling"
04-23 20:40:47.932  4379  4379 I AndroidRuntime: Leaving lock profiling enabled
04-23 20:40:47.932  4379  4379 E libc    : Access denied finding property "persist.device_config.runtime_native_boot.enable_generational_cc"
04-23 20:40:47.933  4379  4379 I app_process: Core platform API reporting enabled, enforcing=false
04-23 20:40:47.972  4379  4379 W app_process: Unexpected CPU variant for X86 using defaults: x86_64
04-23 20:40:47.973  4379  4379 I app_process: The ClassLoaderContext is a special shared library.
04-23 20:40:47.979  4379  4379 W app_process: JNI RegisterNativeMethods: attempt to register 0 native methods for android.media.AudioAttributes
04-23 20:40:48.193  2646  2646 I DatabaseHelper: Breed 8: Favorited true
04-23 20:40:49.702   160   160 I hwservicemanager: getTransport: Cannot find entry android.hardware.graphics.mapper@4.0::IMapper/default in either framework or device manifest.
04-23 20:40:49.702  4412  4412 I Gralloc4: mapper 4.x is not supported
04-23 20:40:49.738  4416  4418 I cmd     : oneway function results will be dropped but finished with status OK and parcel size 4
04-23 20:40:49.732  1491  1491 W com.android.providers.media.module: type=1400 audit(0.0:272): avc: denied { read } for comm=4173796E635461736B202331 name="primary" dev="tmpfs" ino=28604 scontext=u:r:mediaprovider_app:s0:c129,c256,c512,c768 tcontext=u:object_r:mnt_pass_through_file:s0 tclass=lnk_file permissive=0 app=com.android.providers.media.module
04-23 20:40:49.960     0     0 W audit   : audit_lost=178 audit_rate_limit=5 audit_backlog_limit=64
04-23 20:40:49.738  1491  1905 I MediaProvider: Begin Intent { act=android.intent.action.MEDIA_SCANNER_SCAN_FILE dat=file:///sdcard/screen_2026-04-23_204050.png flg=0x1400010 cmp=com.android.providers.media.module/com.android.providers.media.MediaService }
04-23 20:40:49.732  1491  1491 W com.android.providers.media.module: type=1400 audit(0.0:273): avc: denied { read } for comm=4173796E635461736B202331 name="primary" dev="tmpfs" ino=28604 scontext=u:r:mediaprovider_app:s0:c129,c256,c512,c768 tcontext=u:object_r:mnt_pass_through_file:s0 tclass=lnk_file permissive=0 app=com.android.providers.media.module
04-23 20:40:49.970     0     0 E audit   : rate limit exceeded
04-23 20:40:49.758  1491  1905 W ModernMediaScanner: Failed to visit /sdcard/screen_2026-04-23_204050.png: java.nio.file.AccessDeniedException: /sdcard/screen_2026-04-23_204050.png
04-23 20:40:49.759  1491  1905 I MediaProvider: Scanned internal due to REASON_DEMAND, found 0 items in 20ms, 0 inserts 0 updates 0 deletes
04-23 20:40:49.759  1491  1905 I MediaProvider: End Intent { act=android.intent.action.MEDIA_SCANNER_SCAN_FILE dat=file:///sdcard/screen_2026-04-23_204050.png flg=0x1400010 cmp=com.android.providers.media.module/com.android.providers.media.MediaService }
04-23 20:40:49.736  1491  1491 W com.android.providers.media.module: type=1400 audit(0.0:274): avc: denied { read } for comm=4173796E635461736B202331 name="primary" dev="tmpfs" ino=28604 scontext=u:r:mediaprovider_app:s0:c129,c256,c512,c768 tcontext=u:object_r:mnt_pass_through_file:s0 tclass=lnk_file permissive=0 app=com.android.providers.media.module
04-23 20:40:49.825  1491  1612 I MediaProvider: Deleted 1 items on external_primary due to com.android.shell
04-23 20:40:49.854  4427  4429 I cmd     : oneway function results will be dropped but finished with status OK and parcel size 4
04-23 20:40:49.972   160   160 I hwservicemanager: getTransport: Cannot find entry android.hardware.graphics.mapper@4.0::IMapper/default in either framework or device manifest.
04-23 20:40:49.972  4449  4449 I Gralloc4: mapper 4.x is not supported
04-23 20:40:50.009  4453  4455 I cmd     : oneway function results will be dropped but finished with status OK and parcel size 4
04-23 20:40:50.009  1491  1905 I MediaProvider: Begin Intent { act=android.intent.action.MEDIA_SCANNER_SCAN_FILE dat=file:///sdcard/screen_2026-04-23_204050.png flg=0x1400010 cmp=com.android.providers.media.module/com.android.providers.media.MediaService }
04-23 20:40:50.010  1491  1905 W ModernMediaScanner: Failed to visit /sdcard/screen_2026-04-23_204050.png: java.nio.file.AccessDeniedException: /sdcard/screen_2026-04-23_204050.png
04-23 20:40:50.010  1491  1905 I MediaProvider: Scanned internal due to REASON_DEMAND, found 0 items in 1ms, 0 inserts 0 updates 0 deletes
04-23 20:40:50.011  1491  1905 I MediaProvider: End Intent { act=android.intent.action.MEDIA_SCANNER_SCAN_FILE dat=file:///sdcard/screen_2026-04-23_204050.png flg=0x1400010 cmp=com.android.providers.media.module/com.android.providers.media.MediaService }
04-23 20:40:50.029  1491  2541 I MediaProvider: Deleted 1 items on external_primary due to com.android.shell
04-23 20:40:50.172   160   160 I hwservicemanager: getTransport: Cannot find entry android.hardware.graphics.mapper@4.0::IMapper/default in either framework or device manifest.
04-23 20:40:50.172  4486  4486 I Gralloc4: mapper 4.x is not supported
04-23 20:40:50.210  4490  4492 I cmd     : oneway function results will be dropped but finished with status OK and parcel size 4
04-23 20:40:50.211  1491  1905 I MediaProvider: Begin Intent { act=android.intent.action.MEDIA_SCANNER_SCAN_FILE dat=file:///sdcard/screen_2026-04-23_204051.png flg=0x1400010 cmp=com.android.providers.media.module/com.android.providers.media.MediaService }
04-23 20:40:50.212  1491  1905 W ModernMediaScanner: Failed to visit /sdcard/screen_2026-04-23_204051.png: java.nio.file.AccessDeniedException: /sdcard/screen_2026-04-23_204051.png
04-23 20:40:50.212  1491  1905 I MediaProvider: Scanned internal due to REASON_DEMAND, found 0 items in 0ms, 0 inserts 0 updates 0 deletes
04-23 20:40:50.213  1491  1905 I MediaProvider: End Intent { act=android.intent.action.MEDIA_SCANNER_SCAN_FILE dat=file:///sdcard/screen_2026-04-23_204051.png flg=0x1400010 cmp=com.android.providers.media.module/com.android.providers.media.MediaService }
04-23 20:40:50.232  1491  1613 I MediaProvider: Deleted 1 items on external_primary due to com.android.shell
04-23 20:40:50.259  4501  4503 I cmd     : oneway function results will be dropped but finished with status OK and parcel size 4
04-23 20:40:50.307  4516  4518 I cmd     : oneway function results will be dropped but finished with status OK and parcel size 4
04-23 20:40:50.354  4531  4533 I cmd     : oneway function results will be dropped but finished with status OK and parcel size 4
04-23 20:40:50.400  4546  4548 I cmd     : oneway function results will be dropped but finished with status OK and parcel size 4
04-23 20:40:50.479  4558  4558 E libc    : Access denied finding property "persist.device_config.runtime_native_boot.profilebootclasspath"
04-23 20:40:50.479  4558  4558 E libc    : Access denied finding property "persist.device_config.runtime_native_boot.enable_apex_image"
04-23 20:40:50.479  4558  4558 I AndroidRuntime: Using default boot image
04-23 20:40:50.479  4558  4558 E libc    : Access denied finding property "persist.device_config.runtime_native_boot.disable_lock_profiling"
04-23 20:40:50.479  4558  4558 I AndroidRuntime: Leaving lock profiling enabled
04-23 20:40:50.479  4558  4558 E libc    : Access denied finding property "persist.device_config.runtime_native_boot.enable_generational_cc"
04-23 20:40:50.480  4558  4558 I app_process: Core platform API reporting enabled, enforcing=false
04-23 20:40:50.538  4558  4558 W app_process: Unexpected CPU variant for X86 using defaults: x86_64
04-23 20:40:50.539  4558  4558 I app_process: The ClassLoaderContext is a special shared library.
04-23 20:40:50.545  4558  4558 W app_process: JNI RegisterNativeMethods: attempt to register 0 native methods for android.media.AudioAttributes
04-23 20:40:50.759  2646  2646 I DatabaseHelper: Breed 9: Favorited true
04-23 20:40:52.268   160   160 I hwservicemanager: getTransport: Cannot find entry android.hardware.graphics.mapper@4.0::IMapper/default in either framework or device manifest.
04-23 20:40:52.268  4591  4591 I Gralloc4: mapper 4.x is not supported
04-23 20:40:52.304  4595  4597 I cmd     : oneway function results will be dropped but finished with status OK and parcel size 4
04-23 20:40:52.300  1491  1491 W com.android.providers.media.module: type=1400 audit(0.0:294): avc: denied { read } for comm=4173796E635461736B202331 name="primary" dev="tmpfs" ino=28604 scontext=u:r:mediaprovider_app:s0:c129,c256,c512,c768 tcontext=u:object_r:mnt_pass_through_file:s0 tclass=lnk_file permissive=0 app=com.android.providers.media.module
04-23 20:40:52.305  1491  1905 I MediaProvider: Begin Intent { act=android.intent.action.MEDIA_SCANNER_SCAN_FILE dat=file:///sdcard/screen_2026-04-23_204053.png flg=0x1400010 cmp=com.android.providers.media.module/com.android.providers.media.MediaService }
04-23 20:40:52.527     0     0 W audit   : audit_lost=195 audit_rate_limit=5 audit_backlog_limit=64
04-23 20:40:52.536     0     0 E audit   : rate limit exceeded
04-23 20:40:52.300  1491  1491 W com.android.providers.media.module: type=1400 audit(0.0:295): avc: denied { read } for comm=4173796E635461736B202331 name="primary" dev="tmpfs" ino=28604 scontext=u:r:mediaprovider_app:s0:c129,c256,c512,c768 tcontext=u:object_r:mnt_pass_through_file:s0 tclass=lnk_file permissive=0 app=com.android.providers.media.module
04-23 20:40:52.324  1491  1905 W ModernMediaScanner: Failed to visit /sdcard/screen_2026-04-23_204053.png: java.nio.file.AccessDeniedException: /sdcard/screen_2026-04-23_204053.png
04-23 20:40:52.324  1491  1905 I MediaProvider: Scanned internal due to REASON_DEMAND, found 0 items in 18ms, 0 inserts 0 updates 0 deletes
04-23 20:40:52.325  1491  1905 I MediaProvider: End Intent { act=android.intent.action.MEDIA_SCANNER_SCAN_FILE dat=file:///sdcard/screen_2026-04-23_204053.png flg=0x1400010 cmp=com.android.providers.media.module/com.android.providers.media.MediaService }
04-23 20:40:52.300  1491  1491 W com.android.providers.media.module: type=1400 audit(0.0:296): avc: denied { read } for comm=4173796E635461736B202331 name="primary" dev="tmpfs" ino=28604 scontext=u:r:mediaprovider_app:s0:c129,c256,c512,c768 tcontext=u:object_r:mnt_pass_through_file:s0 tclass=lnk_file permissive=0 app=com.android.providers.media.module
04-23 20:40:52.388  1491  2541 I MediaProvider: Deleted 1 items on external_primary due to com.android.shell
04-23 20:40:52.416  4606  4608 I cmd     : oneway function results will be dropped but finished with status OK and parcel size 4
04-23 20:40:52.533   160   160 I hwservicemanager: getTransport: Cannot find entry android.hardware.graphics.mapper@4.0::IMapper/default in either framework or device manifest.
04-23 20:40:52.533  4628  4628 I Gralloc4: mapper 4.x is not supported
04-23 20:40:52.582  1491  1905 I MediaProvider: Begin Intent { act=android.intent.action.MEDIA_SCANNER_SCAN_FILE dat=file:///sdcard/screen_2026-04-23_204053.png flg=0x1400010 cmp=com.android.providers.media.module/com.android.providers.media.MediaService }
04-23 20:40:52.584  1491  1905 W ModernMediaScanner: Failed to visit /sdcard/screen_2026-04-23_204053.png: java.nio.file.AccessDeniedException: /sdcard/screen_2026-04-23_204053.png
04-23 20:40:52.585  1491  1905 I MediaProvider: Scanned internal due to REASON_DEMAND, found 0 items in 3ms, 0 inserts 0 updates 0 deletes
04-23 20:40:52.586  1491  1905 I MediaProvider: End Intent { act=android.intent.action.MEDIA_SCANNER_SCAN_FILE dat=file:///sdcard/screen_2026-04-23_204053.png flg=0x1400010 cmp=com.android.providers.media.module/com.android.providers.media.MediaService }
04-23 20:40:52.606  1491  1612 I MediaProvider: Deleted 1 items on external_primary due to com.android.shell
04-23 20:40:52.633  4645  4647 I cmd     : oneway function results will be dropped but finished with status OK and parcel size 4
04-23 20:40:52.749   160   160 I hwservicemanager: getTransport: Cannot find entry android.hardware.graphics.mapper@4.0::IMapper/default in either framework or device manifest.
04-23 20:40:52.749  4667  4667 I Gralloc4: mapper 4.x is not supported
04-23 20:40:52.787  4672  4674 I cmd     : oneway function results will be dropped but finished with status OK and parcel size 4
