--------- beginning of system
04-23 20:40:15.360   508   538 I Telecom : PhoneAccountRegistrar: Modify account: [ComponentInfo{com.android.phone/com.android.services.telephony.TelephonyConnectionService}, ***, UserHandle{0}]: TSI.rPA@AEg
04-23 20:40:15.360   508   538 I Telecom : CallsManager: handlePhoneAccountChanged: phoneAccount=[[X] PhoneAccount: ComponentInfo{com.android.phone/com.android.services.telephony.TelephonyConnectionService}, ***, UserHandle{0} Capabilities: CallProvider MultiUser PlaceEmerg SimSub  Audio Routes: BESW Schemes: tel voicemail  Extras: Bundle[{android.telecom.extra.SUPPORTS_VIDEO_CALLING_FALLBACK=true}] GroupId: ***]: TSI.rPA@AEg
--------- beginning of main
04-23 20:40:15.361  1041  1041 I Telephony: AccountEntry: Registered phoneAccount: [[ ] PhoneAccount: ComponentInfo{com.android.phone/com.android.services.telephony.TelephonyConnectionService}, ***, UserHandle{0} Capabilities: CallProvider MultiUser PlaceEmerg SimSub  Audio Routes: BESW Schemes: tel voicemail  Extras: Bundle[{android.telecom.extra.SUPPORTS_VIDEO_CALLING_FALLBACK=true}] GroupId: ***] with handle: ComponentInfo{com.android.phone/com.android.services.telephony.TelephonyConnectionService}, ***, UserHandle{0}
04-23 20:40:15.361  1041  1041 I Telephony: PstnIncomingCallNotifier: Registering: Handler (com.android.internal.telephony.GsmCdmaPhone) {ef639a6}
04-23 20:40:15.406  1685  1685 I d.process.medi: The ClassLoaderContext is a special shared library.
04-23 20:40:15.423  1685  1685 I DownloadManager: Upgrading downloads database from version 0 to version 114, which will destroy all old data
04-23 20:40:15.433  1041  1041 I RemoteVvmTaskManager: Binding to ComponentInfo{com.android.dialer/com.android.voicemail.impl.OmtpService}
04-23 20:40:15.440  1041  1041 I Telephony: handleVideoCapabilitesChanged. Video capability - false
04-23 20:40:15.440  1041  1041 I PhoneGlobals: Dismissing depersonal panel
04-23 20:40:15.443  1041  1041 I Telephony: handleVideoCapabilitesChanged. Video capability - false
04-23 20:40:15.444  1041  1041 I Telephony: handleVideoCapabilitesChanged. Video capability - false
04-23 20:40:15.446  1041  1041 I Telephony: isRttCurrentlySupported -- regular acct, hasVoiceAvailability: false
04-23 20:40:15.446  1041  1041 I Telephony:  isRttSupported: false
04-23 20:40:15.446  1041  1041 I Telephony:  isRoaming: false
04-23 20:40:15.446  1041  1041 I Telephony:  isOnWfc: false
04-23 20:40:15.458   508   600 W InputDispatcher: Still no focused window. Will drop the event in 4229ms
04-23 20:40:15.476   508  1266 W system_server: Long monitor contention with owner android.bg (548) at void com.android.server.am.ActivityManagerService$5.handleMessage(android.os.Message)(ActivityManagerService.java:2067) waiters=2 in boolean com.android.server.am.ActivityManagerService.isAppStartModeDisabled(int, java.lang.String) for 164ms
04-23 20:40:15.486  1685  1704 W MediaProvider: No column annotation provided; not creating views
04-23 20:40:15.487  1685  1704 W MediaProvider: No column annotation provided; not creating views
04-23 20:40:15.503  1461  1461 I ContactsDatabaseHelper: updateUseStrictPhoneNumberComparison: US
04-23 20:40:15.504   508   810 I Telecom : PhoneAccountRegistrar: Modify account: [ComponentInfo{com.android.phone/com.android.services.telephony.TelephonyConnectionService}, ***, UserHandle{0}]: TSI.rPA@AE4
04-23 20:40:15.504   508   810 I Telecom : CallsManager: handlePhoneAccountChanged: phoneAccount=[[X] PhoneAccount: ComponentInfo{com.android.phone/com.android.services.telephony.TelephonyConnectionService}, ***, UserHandle{0} Capabilities: CallProvider MultiUser PlaceEmerg SimSub  Audio Routes: BESW Schemes: tel voicemail  Extras: Bundle[{android.telecom.extra.SUPPORTS_VIDEO_CALLING_FALLBACK=true}] GroupId: ***]: TSI.rPA@AE4
04-23 20:40:15.505  1416  1416 I Dialer  : VvmOmtpService - onCellServiceConnected
04-23 20:40:15.505  1572  1683 I MessagingAppDataModel: SyncMessagesAction: Starting batch for messages from -1 to 1776976814954 (message update limit = 80, message scan limit = 4000)
04-23 20:40:15.506  1041  1041 E PhoneInterfaceManager: [PhoneIntfMgr] setPreferredNetworkType: CommandException: com.android.internal.telephony.CommandException: MODE_NOT_SUPPORTED
04-23 20:40:15.512  1416  1416 I Dialer  : VoicemailModule.provideVoicemailClient - providing VoicemailClientImpl
04-23 20:40:15.513   508   566 I ActivityManager: Killing 1586:com.android.sdksetup/u0a116 (adj 0): change com.android.sdksetup
04-23 20:40:15.516   508   600 W InputDispatcher: Still no focused window. Will drop the event in 4170ms
04-23 20:40:15.528  1706  1706 I oid.documentsu: The ClassLoaderContext is a special shared library.
04-23 20:40:15.529   508   600 W InputDispatcher: Still no focused window. Will drop the event in 4158ms
04-23 20:40:15.532   508   600 I InputDispatcher: Dropping KEY event because there is no focused window or focused application in display 0.
04-23 20:40:15.535   508   566 I ActivityTaskManager: START u0 {act=android.intent.action.MAIN cat=[android.intent.category.HOME] flg=0x10000100 cmp=com.android.provision/.DefaultActivity} from uid 0
04-23 20:40:15.535   508   807 W InputManager: Input event injection from pid 1414 failed.
04-23 20:40:15.535   508   600 I InputDispatcher: Dropping KEY event because there is no focused window or focused application in display 0.
04-23 20:40:15.542   282   282 I Zygote  : Process 1586 exited due to signal 9 (Killed)
04-23 20:40:15.548   508   601 I InputReader: Reconfiguring input devices, changes=KEYBOARD_LAYOUTS | 
04-23 20:40:15.536   508   807 W InputManager: Input event injection from pid 1414 failed.
04-23 20:40:15.549   508   540 I RoleManagerService: Granting default roles...
04-23 20:40:15.555   508   550 I ActivityManager: Start proc 1742:com.android.provision/u0a117 for top-activity {com.android.provision/com.android.provision.DefaultActivity}
04-23 20:40:15.555   508   678 I BackupManagerService: isBackupEnabled() => false due to absent settings file
04-23 20:40:15.556   508   678 I BackupManagerService: [UserID:0] Backup enabled => false
04-23 20:40:15.557   508   551 I libprocessgroup: Successfully killed process cgroup uid 10116 pid 1586 in 44ms
04-23 20:40:15.566   508   544 W WindowManager: Failed looking up window session=Session{492afa6 508:1000} callers=com.android.server.wm.WindowManagerService.windowForClientLocked:5425 com.android.server.wm.WindowManagerService.removeWindow:1892 com.android.server.wm.Session.remove:193 
04-23 20:40:15.572   508   508 W AppWidgetServiceImpl: Failed to read state: java.io.FileNotFoundException: /data/system/users/0/appwidgets.xml: open failed: ENOENT (No such file or directory)
04-23 20:40:15.572   508   508 I Telecom : DefaultDialerCache: Refreshing default dialer for user 0: now com.android.dialer: DDC.oR@AE8
04-23 20:40:15.575   508   518 I system_server: Background young concurrent copying GC freed 118701(6817KB) AllocSpace objects, 67(2812KB) LOS objects, 36% free, 11MB/17MB, paused 54us total 173.258ms
04-23 20:40:15.587  1706  1706 E ContextImpl: Tried to access visual service LayoutInflater from a non-visual Context:com.android.documentsui.DocumentsApplication@41dbe98 Visual services, such as WindowManager, WallpaperService or LayoutInflater should be accessed from Activity or other visual Context. Use an Activity or a Context created with Context#createWindowContext(int, Bundle), which are adjusted to the configuration and visual bounds of an area on screen.
04-23 20:40:15.587  1706  1706 E ContextImpl: java.lang.IllegalAccessException: Tried to access visual service LayoutInflater from a non-visual Context:com.android.documentsui.DocumentsApplication@41dbe98
04-23 20:40:15.587  1706  1706 E ContextImpl: 	at android.app.ContextImpl.getSystemService(ContextImpl.java:1914)
04-23 20:40:15.587  1706  1706 E ContextImpl: 	at android.content.ContextWrapper.getSystemService(ContextWrapper.java:803)
04-23 20:40:15.587  1706  1706 E ContextImpl: 	at android.view.LayoutInflater.from(LayoutInflater.java:282)
04-23 20:40:15.587  1706  1706 E ContextImpl: 	at com.android.documentsui.DragShadowBuilder.<init>(DragShadowBuilder.java:49)
04-23 20:40:15.587  1706  1706 E ContextImpl: 	at com.android.documentsui.DragAndDropManager$RuntimeDragAndDropManager.<init>(DragAndDropManager.java:195)
04-23 20:40:15.587  1706  1706 E ContextImpl: 	at com.android.documentsui.DragAndDropManager$RuntimeDragAndDropManager.<init>(DragAndDropManager.java:166)
04-23 20:40:15.587  1706  1706 E ContextImpl: 	at com.android.documentsui.DragAndDropManager.create(DragAndDropManager.java:163)
04-23 20:40:15.587  1706  1706 E ContextImpl: 	at com.android.documentsui.DocumentsApplication.onCreate(DocumentsApplication.java:145)
04-23 20:40:15.587  1706  1706 E ContextImpl: 	at android.app.Instrumentation.callApplicationOnCreate(Instrumentation.java:1192)
04-23 20:40:15.587  1706  1706 E ContextImpl: 	at android.app.ActivityThread.handleBindApplication(ActivityThread.java:6712)
04-23 20:40:15.587  1706  1706 E ContextImpl: 	at android.app.ActivityThread.access$1300(ActivityThread.java:237)
04-23 20:40:15.587  1706  1706 E ContextImpl: 	at android.app.ActivityThread$H.handleMessage(ActivityThread.java:1913)
04-23 20:40:15.587  1706  1706 E ContextImpl: 	at android.os.Handler.dispatchMessage(Handler.java:106)
04-23 20:40:15.587  1706  1706 E ContextImpl: 	at android.os.Looper.loop(Looper.java:223)
04-23 20:40:15.587  1706  1706 E ContextImpl: 	at android.app.ActivityThread.main(ActivityThread.java:7656)
04-23 20:40:15.587  1706  1706 E ContextImpl: 	at java.lang.reflect.Method.invoke(Native Method)
04-23 20:40:15.587  1706  1706 E ContextImpl: 	at com.android.internal.os.RuntimeInit$MethodAndArgsCaller.run(RuntimeInit.java:592)
04-23 20:40:15.587  1706  1706 E ContextImpl: 	at com.android.internal.os.ZygoteInit.main(ZygoteInit.java:947)
04-23 20:40:15.588  1706  1706 E ViewConfiguration: Tried to access UI constants from a non-visual Context:com.android.documentsui.DocumentsApplication@41dbe98UI constants, such as display metrics or window metrics, must be accessed from Activity or other visual Context. Use an Activity or a Context created with Context#createWindowContext(int, Bundle), which are adjusted to the configuration and visual bounds of an area on screen
04-23 20:40:15.588  1706  1706 E ViewConfiguration: java.lang.IllegalArgumentException: Tried to access UI constants from a non-visual Context:com.android.documentsui.DocumentsApplication@41dbe98
04-23 20:40:15.588  1706  1706 E ViewConfiguration: 	at android.view.ViewConfiguration.get(ViewConfiguration.java:510)
04-23 20:40:15.588  1706  1706 E ViewConfiguration: 	at android.view.View.<init>(View.java:5317)
04-23 20:40:15.588  1706  1706 E ViewConfiguration: 	at android.view.View.<init>(View.java:5467)
04-23 20:40:15.588  1706  1706 E ViewConfiguration: 	at android.view.ViewGroup.<init>(ViewGroup.java:697)
04-23 20:40:15.588  1706  1706 E ViewConfiguration: 	at android.widget.LinearLayout.<init>(LinearLayout.java:254)
04-23 20:40:15.588  1706  1706 E ViewConfiguration: 	at android.widget.LinearLayout.<init>(LinearLayout.java:250)
04-23 20:40:15.588  1706  1706 E ViewConfiguration: 	at android.widget.LinearLayout.<init>(LinearLayout.java:246)
04-23 20:40:15.588  1706  1706 E ViewConfiguration: 	at java.lang.reflect.Constructor.newInstance0(Native Method)
04-23 20:40:15.588  1706  1706 E ViewConfiguration: 	at java.lang.reflect.Constructor.newInstance(Constructor.java:343)
04-23 20:40:15.588  1706  1706 E ViewConfiguration: 	at android.view.LayoutInflater.createView(LayoutInflater.java:852)
04-23 20:40:15.588  1706  1706 E ViewConfiguration: 	at android.view.LayoutInflater.createView(LayoutInflater.java:774)
04-23 20:40:15.588  1706  1706 E ViewConfiguration: 	at com.android.internal.policy.PhoneLayoutInflater.onCreateView(PhoneLayoutInflater.java:58)
04-23 20:40:15.588  1706  1706 E ViewConfiguration: 	at android.view.LayoutInflater.onCreateView(LayoutInflater.java:928)
04-23 20:40:15.588  1706  1706 E ViewConfiguration: 	at android.view.LayoutInflater.onCreateView(LayoutInflater.java:948)
04-23 20:40:15.588  1706  1706 E ViewConfiguration: 	at android.view.LayoutInflater.createViewFromTag(LayoutInflater.java:1002)
04-23 20:40:15.588  1706  1706 E ViewConfiguration: 	at android.view.LayoutInflater.createViewFromTag(LayoutInflater.java:959)
04-23 20:40:15.588  1706  1706 E ViewConfiguration: 	at android.view.LayoutInflater.inflate(LayoutInflater.java:657)
04-23 20:40:15.588  1706  1706 E ViewConfiguration: 	at android.view.LayoutInflater.inflate(LayoutInflater.java:532)
04-23 20:40:15.588  1706  1706 E ViewConfiguration: 	at android.view.LayoutInflater.inflate(LayoutInflater.java:479)
04-23 20:40:15.588  1706  1706 E ViewConfiguration: 	at com.android.documentsui.DragShadowBuilder.<init>(DragShadowBuilder.java:49)
04-23 20:40:15.588  1706  1706 E ViewConfiguration: 	at com.android.documentsui.DragAndDropManager$RuntimeDragAndDropManager.<init>(DragAndDropManager.java:195)
04-23 20:40:15.588  1706  1706 E ViewConfiguration: 	at com.android.documentsui.DragAndDropManager$RuntimeDragAndDropManager.<init>(DragAndDropManager.java:166)
04-23 20:40:15.588  1706  1706 E ViewConfiguration: 	at com.android.documentsui.DragAndDropManager.create(DragAndDropManager.java:163)
04-23 20:40:15.588  1706  1706 E ViewConfiguration: 	at com.android.documentsui.DocumentsApplication.onCreate(DocumentsApplication.java:145)
04-23 20:40:15.588  1706  1706 E ViewConfiguration: 	at android.app.Instrumentation.callApplicationOnCreate(Instrumentation.java:1192)
04-23 20:40:15.588  1706  1706 E ViewConfiguration: 	at android.app.ActivityThread.handleBindApplication(ActivityThread.java:6712)
04-23 20:40:15.588  1706  1706 E ViewConfiguration: 	at android.app.ActivityThread.access$1300(ActivityThread.java:237)
04-23 20:40:15.588  1706  1706 E ViewConfiguration: 	at android.app.ActivityThread$H.handleMessage(ActivityThread.java:1913)
04-23 20:40:15.588  1706  1706 E ViewConfiguration: 	at android.os.Handler.dispatchMessage(Handler.java:106)
04-23 20:40:15.588  1706  1706 E ViewConfiguration: 	at android.os.Looper.loop(Looper.java:223)
04-23 20:40:15.588  1706  1706 E ViewConfiguration: 	at android.app.ActivityThread.main(ActivityThread.java:7656)
04-23 20:40:15.588  1706  1706 E ViewConfiguration: 	at java.lang.reflect.Method.invoke(Native Method)
04-23 20:40:15.588  1706  1706 E ViewConfiguration: 	at com.android.internal.os.RuntimeInit$MethodAndArgsCaller.run(RuntimeInit.java:592)
04-23 20:40:15.588  1706  1706 E ViewConfiguration: 	at com.android.internal.os.ZygoteInit.main(ZygoteInit.java:947)
04-23 20:40:15.588  1706  1706 E ContextImpl: Tried to access visual service WindowManager from a non-visual Context:com.android.documentsui.DocumentsApplication@41dbe98 Visual services, such as WindowManager, WallpaperService or LayoutInflater should be accessed from Activity or other visual Context. Use an Activity or a Context created with Context#createWindowContext(int, Bundle), which are adjusted to the configuration and visual bounds of an area on screen.
04-23 20:40:15.588  1706  1706 E ContextImpl: java.lang.IllegalAccessException: Tried to access visual service WindowManager from a non-visual Context:com.android.documentsui.DocumentsApplication@41dbe98
04-23 20:40:15.588  1706  1706 E ContextImpl: 	at android.app.ContextImpl.getSystemService(ContextImpl.java:1914)
04-23 20:40:15.588  1706  1706 E ContextImpl: 	at android.content.ContextWrapper.getSystemService(ContextWrapper.java:803)
04-23 20:40:15.588  1706  1706 E ContextImpl: 	at android.content.Context.getSystemService(Context.java:3705)
04-23 20:40:15.588  1706  1706 E ContextImpl: 	at android.view.ViewConfiguration.<init>(ViewConfiguration.java:422)
04-23 20:40:15.588  1706  1706 E ContextImpl: 	at android.view.ViewConfiguration.get(ViewConfiguration.java:520)
04-23 20:40:15.588  1706  1706 E ContextImpl: 	at android.view.View.<init>(View.java:5317)
04-23 20:40:15.588  1706  1706 E ContextImpl: 	at android.view.View.<init>(View.java:5467)
04-23 20:40:15.588  1706  1706 E ContextImpl: 	at android.view.ViewGroup.<init>(ViewGroup.java:697)
04-23 20:40:15.588  1706  1706 E ContextImpl: 	at android.widget.LinearLayout.<init>(LinearLayout.java:254)
04-23 20:40:15.588  1706  1706 E ContextImpl: 	at android.widget.LinearLayout.<init>(LinearLayout.java:250)
04-23 20:40:15.588  1706  1706 E ContextImpl: 	at android.widget.LinearLayout.<init>(LinearLayout.java:246)
04-23 20:40:15.588  1706  1706 E ContextImpl: 	at java.lang.reflect.Constructor.newInstance0(Native Method)
04-23 20:40:15.588  1706  1706 E ContextImpl: 	at java.lang.reflect.Constructor.newInstance(Constructor.java:343)
04-23 20:40:15.588  1706  1706 E ContextImpl: 	at android.view.LayoutInflater.createView(LayoutInflater.java:852)
04-23 20:40:15.588  1706  1706 E ContextImpl: 	at android.view.LayoutInflater.createView(LayoutInflater.java:774)
04-23 20:40:15.588  1706  1706 E ContextImpl: 	at com.android.internal.policy.PhoneLayoutInflater.onCreateView(PhoneLayoutInflater.java:58)
04-23 20:40:15.588  1706  1706 E ContextImpl: 	at android.view.LayoutInflater.onCreateView(LayoutInflater.java:928)
04-23 20:40:15.588  1706  1706 E ContextImpl: 	at android.view.LayoutInflater.onCreateView(LayoutInflater.java:948)
04-23 20:40:15.588  1706  1706 E ContextImpl: 	at android.view.LayoutInflater.createViewFromTag(LayoutInflater.java:1002)
04-23 20:40:15.588  1706  1706 E ContextImpl: 	at android.view.LayoutInflater.createViewFromTag(LayoutInflater.java:959)
04-23 20:40:15.588  1706  1706 E ContextImpl: 	at android.view.LayoutInflater.inflate(LayoutInflater.java:657)
04-23 20:40:15.588  1706  1706 E ContextImpl: 	at android.view.LayoutInflater.inflate(LayoutInflater.java:532)
04-23 20:40:15.588  1706  1706 E ContextImpl: 	at android.view.LayoutInflater.inflate(LayoutInflater.java:479)
04-23 20:40:15.588  1706  1706 E ContextImpl: 	at com.android.documentsui.DragShadowBuilder.<init>(DragShadowBuilder.java:49)
04-23 20:40:15.588  1706  1706 E ContextImpl: 	at com.android.documentsui.DragAndDropManager$RuntimeDragAndDropManager.<init>(DragAndDropManager.java:195)
04-23 20:40:15.588  1706  1706 E ContextImpl: 	at com.android.documentsui.DragAndDropManager$RuntimeDragAndDropManager.<init>(DragAndDropManager.java:166)
04-23 20:40:15.588  1706  1706 E ContextImpl: 	at com.android.documentsui.DragAndDropManager.create(DragAndDropManager.java:163)
04-23 20:40:15.588  1706  1706 E ContextImpl: 	at com.android.documentsui.DocumentsApplication.onCreate(DocumentsApplication.java:145)
04-23 20:40:15.588  1706  1706 E ContextImpl: 	at android.app.Instrumentation.callApplicationOnCreate(Instrumentation.java:1192)
04-23 20:40:15.588  1706  1706 E ContextImpl: 	at android.app.ActivityThread.handleBindApplication(ActivityThread.java:6712)
04-23 20:40:15.588  1706  1706 E ContextImpl: 	at android.app.ActivityThread.access$1300(ActivityThread.java:237)
04-23 20:40:15.588  1706  1706 E ContextImpl: 	at android.app.ActivityThread$H.handleMessage(ActivityThread.java:1913)
04-23 20:40:15.588  1706  1706 E ContextImpl: 	at android.os.Handler.dispatchMessage(Handler.java:106)
04-23 20:40:15.588  1706  1706 E ContextImpl: 	at android.os.Looper.loop(Looper.java:223)
04-23 20:40:15.588  1706  1706 E ContextImpl: 	at android.app.ActivityThread.main(ActivityThread.java:7656)
04-23 20:40:15.588  1706  1706 E ContextImpl: 	at java.lang.reflect.Method.invoke(Native Method)
04-23 20:40:15.588  1706  1706 E ContextImpl: 	at com.android.internal.os.RuntimeInit$MethodAndArgsCaller.run(RuntimeInit.java:592)
04-23 20:40:15.588  1706  1706 E ContextImpl: 	at com.android.internal.os.ZygoteInit.main(ZygoteInit.java:947)
04-23 20:40:15.590  1706  1706 E ViewConfiguration: Tried to access UI constants from a non-visual Context:com.android.documentsui.DocumentsApplication@41dbe98UI constants, such as display metrics or window metrics, must be accessed from Activity or other visual Context. Use an Activity or a Context created with Context#createWindowContext(int, Bundle), which are adjusted to the configuration and visual bounds of an area on screen
04-23 20:40:15.590  1706  1706 E ViewConfiguration: java.lang.IllegalArgumentException: Tried to access UI constants from a non-visual Context:com.android.documentsui.DocumentsApplication@41dbe98
04-23 20:40:15.590  1706  1706 E ViewConfiguration: 	at android.view.ViewConfiguration.get(ViewConfiguration.java:510)
04-23 20:40:15.590  1706  1706 E ViewConfiguration: 	at android.view.View.<init>(View.java:5317)
04-23 20:40:15.590  1706  1706 E ViewConfiguration: 	at android.view.View.<init>(View.java:5467)
04-23 20:40:15.590  1706  1706 E ViewConfiguration: 	at android.view.ViewGroup.<init>(ViewGroup.java:697)
04-23 20:40:15.590  1706  1706 E ViewConfiguration: 	at android.widget.LinearLayout.<init>(LinearLayout.java:254)
04-23 20:40:15.590  1706  1706 E ViewConfiguration: 	at android.widget.LinearLayout.<init>(LinearLayout.java:250)
04-23 20:40:15.590  1706  1706 E ViewConfiguration: 	at android.widget.LinearLayout.<init>(LinearLayout.java:246)
04-23 20:40:15.590  1706  1706 E ViewConfiguration: 	at java.lang.reflect.Constructor.newInstance0(Native Method)
04-23 20:40:15.590  1706  1706 E ViewConfiguration: 	at java.lang.reflect.Constructor.newInstance(Constructor.java:343)
04-23 20:40:15.590  1706  1706 E ViewConfiguration: 	at android.view.LayoutInflater.createView(LayoutInflater.java:852)
04-23 20:40:15.590  1706  1706 E ViewConfiguration: 	at android.view.LayoutInflater.createView(LayoutInflater.java:774)
04-23 20:40:15.590  1706  1706 E ViewConfiguration: 	at com.android.internal.policy.PhoneLayoutInflater.onCreateView(PhoneLayoutInflater.java:58)
04-23 20:40:15.590  1706  1706 E ViewConfiguration: 	at android.view.LayoutInflater.onCreateView(LayoutInflater.java:928)
04-23 20:40:15.590  1706  1706 E ViewConfiguration: 	at android.view.LayoutInflater.onCreateView(LayoutInflater.java:948)
04-23 20:40:15.590  1706  1706 E ViewConfiguration: 	at android.view.LayoutInflater.createViewFromTag(LayoutInflater.java:1002)
04-23 20:40:15.590  1706  1706 E ViewConfiguration: 	at android.view.LayoutInflater.createViewFromTag(LayoutInflater.java:959)
04-23 20:40:15.590  1706  1706 E ViewConfiguration: 	at android.view.LayoutInflater.rInflate(LayoutInflater.java:1121)
04-23 20:40:15.590  1706  1706 E ViewConfiguration: 	at android.view.LayoutInflater.rInflateChildren(LayoutInflater.java:1082)
04-23 20:40:15.590  1706  1706 E ViewConfiguration: 	at android.view.LayoutInflater.inflate(LayoutInflater.java:680)
04-23 20:40:15.590  1706  1706 E ViewConfiguration: 	at android.view.LayoutInflater.inflate(LayoutInflater.java:532)
04-23 20:40:15.590  1706  1706 E ViewConfiguration: 	at android.view.LayoutInflater.inflate(LayoutInflater.java:479)
04-23 20:40:15.590  1706  1706 E ViewConfiguration: 	at com.android.documentsui.DragShadowBuilder.<init>(DragShadowBuilder.java:49)
04-23 20:40:15.590  1706  1706 E ViewConfiguration: 	at com.android.documentsui.DragAndDropManager$RuntimeDragAndDropManager.<init>(DragAndDropManager.java:195)
04-23 20:40:15.590  1706  1706 E ViewConfiguration: 	at com.android.documentsui.DragAndDropManager$RuntimeDragAndDropManager.<init>(DragAndDropManager.java:166)
04-23 20:40:15.590  1706  1706 E ViewConfiguration: 	at com.android.documentsui.DragAndDropManager.create(DragAndDropManager.java:163)
04-23 20:40:15.590  1706  1706 E ViewConfiguration: 	at com.android.documentsui.DocumentsApplication.onCreate(DocumentsApplication.java:145)
04-23 20:40:15.590  1706  1706 E ViewConfiguration: 	at android.app.Instrumentation.callApplicationOnCreate(Instrumentation.java:1192)
04-23 20:40:15.590  1706  1706 E ViewConfiguration: 	at android.app.ActivityThread.handleBindApplication(ActivityThread.java:6712)
04-23 20:40:15.590  1706  1706 E ViewConfiguration: 	at android.app.ActivityThread.access$1300(ActivityThread.java:237)
04-23 20:40:15.590  1706  1706 E ViewConfiguration: 	at android.app.ActivityThread$H.handleMessage(ActivityThread.java:1913)
04-23 20:40:15.590  1706  1706 E ViewConfiguration: 	at android.os.Handler.dispatchMessage(Handler.java:106)
04-23 20:40:15.590  1706  1706 E ViewConfiguration: 	at android.os.Looper.loop(Looper.java:223)
04-23 20:40:15.590  1706  1706 E ViewConfiguration: 	at android.app.ActivityThread.main(ActivityThread.java:7656)
04-23 20:40:15.590  1706  1706 E ViewConfiguration: 	at java.lang.reflect.Method.invoke(Native Method)
04-23 20:40:15.590  1706  1706 E ViewConfiguration: 	at com.android.internal.os.RuntimeInit$MethodAndArgsCaller.run(RuntimeInit.java:592)
04-23 20:40:15.590  1706  1706 E ViewConfiguration: 	at com.android.internal.os.ZygoteInit.main(ZygoteInit.java:947)
04-23 20:40:15.593  1706  1706 E ViewConfiguration: Tried to access UI constants from a non-visual Context:com.android.documentsui.DocumentsApplication@41dbe98UI constants, such as display metrics or window metrics, must be accessed from Activity or other visual Context. Use an Activity or a Context created with Context#createWindowContext(int, Bundle), which are adjusted to the configuration and visual bounds of an area on screen
04-23 20:40:15.593  1706  1706 E ViewConfiguration: java.lang.IllegalArgumentException: Tried to access UI constants from a non-visual Context:com.android.documentsui.DocumentsApplication@41dbe98
04-23 20:40:15.593  1706  1706 E ViewConfiguration: 	at android.view.ViewConfiguration.get(ViewConfiguration.java:510)
04-23 20:40:15.593  1706  1706 E ViewConfiguration: 	at android.view.View.<init>(View.java:5317)
04-23 20:40:15.593  1706  1706 E ViewConfiguration: 	at android.view.View.<init>(View.java:5467)
04-23 20:40:15.593  1706  1706 E ViewConfiguration: 	at android.widget.ImageView.<init>(ImageView.java:195)
04-23 20:40:15.593  1706  1706 E ViewConfiguration: 	at android.widget.ImageView.<init>(ImageView.java:190)
04-23 20:40:15.593  1706  1706 E ViewConfiguration: 	at android.widget.ImageView.<init>(ImageView.java:186)
04-23 20:40:15.593  1706  1706 E ViewConfiguration: 	at com.android.documentsui.DropBadgeView.<init>(DropBadgeView.java:40)
04-23 20:40:15.593  1706  1706 E ViewConfiguration: 	at java.lang.reflect.Constructor.newInstance0(Native Method)
04-23 20:40:15.593  1706  1706 E ViewConfiguration: 	at java.lang.reflect.Constructor.newInstance(Constructor.java:343)
04-23 20:40:15.593  1706  1706 E ViewConfiguration: 	at android.view.LayoutInflater.createView(LayoutInflater.java:852)
04-23 20:40:15.593  1706  1706 E ViewConfiguration: 	at android.view.LayoutInflater.createViewFromTag(LayoutInflater.java:1004)
04-23 20:40:15.593  1706  1706 E ViewConfiguration: 	at android.view.LayoutInflater.parseInclude(LayoutInflater.java:1231)
04-23 20:40:15.593  1706  1706 E ViewConfiguration: 	at android.view.LayoutInflater.rInflate(LayoutInflater.java:1117)
04-23 20:40:15.593  1706  1706 E ViewConfiguration: 	at android.view.LayoutInflater.rInflateChildren(LayoutInflater.java:1082)
04-23 20:40:15.593  1706  1706 E ViewConfiguration: 	at android.view.LayoutInflater.rInflate(LayoutInflater.java:1124)
04-23 20:40:15.593  1706  1706 E ViewConfiguration: 	at android.view.LayoutInflater.rInflateChildren(LayoutInflater.java:1082)
04-23 20:40:15.593  1706  1706 E ViewConfiguration: 	at android.view.LayoutInflater.inflate(LayoutInflater.java:680)
04-23 20:40:15.593  1706  1706 E ViewConfiguration: 	at android.view.LayoutInflater.inflate(LayoutInflater.java:532)
04-23 20:40:15.593  1706  1706 E ViewConfiguration: 	at android.view.LayoutInflater.inflate(LayoutInflater.java:479)
04-23 20:40:15.593  1706  1706 E ViewConfiguration: 	at com.android.documentsui.DragShadowBuilder.<init>(DragShadowBuilder.java:49)
04-23 20:40:15.593  1706  1706 E ViewConfiguration: 	at com.android.documentsui.DragAndDropManager$RuntimeDragAndDropManager.<init>(DragAndDropManager.java:195)
04-23 20:40:15.593  1706  1706 E ViewConfiguration: 	at com.android.documentsui.DragAndDropManager$RuntimeDragAndDropManager.<init>(DragAndDropManager.java:166)
04-23 20:40:15.593  1706  1706 E ViewConfiguration: 	at com.android.documentsui.DragAndDropManager.create(DragAndDropManager.java:163)
04-23 20:40:15.593  1706  1706 E ViewConfiguration: 	at com.android.documentsui.DocumentsApplication.onCreate(DocumentsApplication.java:145)
04-23 20:40:15.593  1706  1706 E ViewConfiguration: 	at android.app.Instrumentation.callApplicationOnCreate(Instrumentation.java:1192)
04-23 20:40:15.593  1706  1706 E ViewConfiguration: 	at android.app.ActivityThread.handleBindApplication(ActivityThread.java:6712)
04-23 20:40:15.593  1706  1706 E ViewConfiguration: 	at android.app.ActivityThread.access$1300(ActivityThread.java:237)
04-23 20:40:15.593  1706  1706 E ViewConfiguration: 	at android.app.ActivityThread$H.handleMessage(ActivityThread.java:1913)
04-23 20:40:15.593  1706  1706 E ViewConfiguration: 	at android.os.Handler.dispatchMessage(Handler.java:106)
04-23 20:40:15.593  1706  1706 E ViewConfiguration: 	at android.os.Looper.loop(Looper.java:223)
04-23 20:40:15.593  1706  1706 E ViewConfiguration: 	at android.app.ActivityThread.main(ActivityThread.java:7656)
04-23 20:40:15.593  1706  1706 E ViewConfiguration: 	at java.lang.reflect.Method.invoke(Native Method)
04-23 20:40:15.593  1706  1706 E ViewConfiguration: 	at com.android.internal.os.RuntimeInit$MethodAndArgsCaller.run(RuntimeInit.java:592)
04-23 20:40:15.593  1706  1706 E ViewConfiguration: 	at com.android.internal.os.ZygoteInit.main(ZygoteInit.java:947)
04-23 20:40:15.603   508   659 W DnsManager: updatePrivateDns(100, PrivateDnsConfig{true:/[]})
04-23 20:40:15.603  1706  1706 E ViewConfiguration: Tried to access UI constants from a non-visual Context:com.android.documentsui.DocumentsApplication@41dbe98UI constants, such as display metrics or window metrics, must be accessed from Activity or other visual Context. Use an Activity or a Context created with Context#createWindowContext(int, Bundle), which are adjusted to the configuration and visual bounds of an area on screen
04-23 20:40:15.603  1706  1706 E ViewConfiguration: java.lang.IllegalArgumentException: Tried to access UI constants from a non-visual Context:com.android.documentsui.DocumentsApplication@41dbe98
04-23 20:40:15.603  1706  1706 E ViewConfiguration: 	at android.view.ViewConfiguration.get(ViewConfiguration.java:510)
04-23 20:40:15.603  1706  1706 E ViewConfiguration: 	at android.view.View.<init>(View.java:5317)
04-23 20:40:15.603  1706  1706 E ViewConfiguration: 	at android.view.View.<init>(View.java:5467)
04-23 20:40:15.603  1706  1706 E ViewConfiguration: 	at android.widget.TextView.<init>(TextView.java:996)
04-23 20:40:15.603  1706  1706 E ViewConfiguration: 	at android.widget.TextView.<init>(TextView.java:990)
04-23 20:40:15.603  1706  1706 E ViewConfiguration: 	at android.widget.TextView.<init>(TextView.java:986)
04-23 20:40:15.603  1706  1706 E ViewConfiguration: 	at java.lang.reflect.Constructor.newInstance0(Native Method)
04-23 20:40:15.603  1706  1706 E ViewConfiguration: 	at java.lang.reflect.Constructor.newInstance(Constructor.java:343)
04-23 20:40:15.603  1706  1706 E ViewConfiguration: 	at android.view.LayoutInflater.createView(LayoutInflater.java:852)
04-23 20:40:15.603  1706  1706 E ViewConfiguration: 	at android.view.LayoutInflater.createView(LayoutInflater.java:774)
04-23 20:40:15.603  1706  1706 E ViewConfiguration: 	at com.android.internal.policy.PhoneLayoutInflater.onCreateView(PhoneLayoutInflater.java:58)
04-23 20:40:15.603  1706  1706 E ViewConfiguration: 	at android.view.LayoutInflater.onCreateView(LayoutInflater.java:928)
04-23 20:40:15.603  1706  1706 E ViewConfiguration: 	at android.view.LayoutInflater.onCreateView(LayoutInflater.java:948)
04-23 20:40:15.603  1706  1706 E ViewConfiguration: 	at android.view.LayoutInflater.createViewFromTag(LayoutInflater.java:1002)
04-23 20:40:15.603  1706  1706 E ViewConfiguration: 	at android.view.LayoutInflater.createViewFromTag(LayoutInflater.java:959)
04-23 20:40:15.603  1706  1706 E ViewConfiguration: 	at android.view.LayoutInflater.rInflate(LayoutInflater.java:1121)
04-23 20:40:15.603  1706  1706 E ViewConfiguration: 	at android.view.LayoutInflater.rInflateChildren(LayoutInflater.java:1082)
04-23 20:40:15.603  1706  1706 E ViewConfiguration: 	at android.view.LayoutInflater.rInflate(LayoutInflater.java:1124)
04-23 20:40:15.603  1706  1706 E ViewConfiguration: 	at android.view.LayoutInflater.rInflateChildren(LayoutInflater.java:1082)
04-23 20:40:15.603  1706  1706 E ViewConfiguration: 	at android.view.LayoutInflater.inflate(LayoutInflater.java:680)
04-23 20:40:15.603  1706  1706 E ViewConfiguration: 	at android.view.LayoutInflater.inflate(LayoutInflater.java:532)
04-23 20:40:15.603  1706  1706 E ViewConfiguration: 	at android.view.LayoutInflater.inflate(LayoutInflater.java:479)
04-23 20:40:15.603  1706  1706 E ViewConfiguration: 	at com.android.documentsui.DragShadowBuilder.<init>(DragShadowBuilder.java:49)
04-23 20:40:15.603  1706  1706 E ViewConfiguration: 	at com.android.documentsui.DragAndDropManager$RuntimeDragAndDropManager.<init>(DragAndDropManager.java:195)
04-23 20:40:15.603  1706  1706 E ViewConfiguration: 	at com.android.documentsui.DragAndDropManager$RuntimeDragAndDropManager.<init>(DragAndDropManager.java:166)
04-23 20:40:15.603  1706  1706 E ViewConfiguration: 	at com.android.documentsui.DragAndDropManager.create(DragAndDropManager.java:163)
04-23 20:40:15.603  1706  1706 E ViewConfiguration: 	at com.android.documentsui.DocumentsApplication.onCreate(DocumentsApplication.java:145)
04-23 20:40:15.603  1706  1706 E ViewConfiguration: 	at android.app.Instrumentation.callApplicationOnCreate(Instrumentation.java:1192)
04-23 20:40:15.603  1706  1706 E ViewConfiguration: 	at android.app.ActivityThread.handleBindApplication(ActivityThread.java:6712)
04-23 20:40:15.603  1706  1706 E ViewConfiguration: 	at android.app.ActivityThread.access$1300(ActivityThread.java:237)
04-23 20:40:15.603  1706  1706 E ViewConfiguration: 	at android.app.ActivityThread$H.handleMessage(ActivityThread.java:1913)
04-23 20:40:15.603  1706  1706 E ViewConfiguration: 	at android.os.Handler.dispatchMessage(Handler.java:106)
04-23 20:40:15.603  1706  1706 E ViewConfiguration: 	at android.os.Looper.loop(Looper.java:223)
04-23 20:40:15.603  1706  1706 E ViewConfiguration: 	at android.app.ActivityThread.main(ActivityThread.java:7656)
04-23 20:40:15.603  1706  1706 E ViewConfiguration: 	at java.lang.reflect.Method.invoke(Native Method)
04-23 20:40:15.603  1706  1706 E ViewConfiguration: 	at com.android.internal.os.RuntimeInit$MethodAndArgsCaller.run(RuntimeInit.java:592)
04-23 20:40:15.603  1706  1706 E ViewConfiguration: 	at com.android.internal.os.ZygoteInit.main(ZygoteInit.java:947)
04-23 20:40:15.603   734   829 I PermissionControllerServiceImpl: Updating user sensitive for uid 10116
04-23 20:40:15.607   278  1756 W resolv  : Validating DnsTlsServer on netId 100
04-23 20:40:15.611  1706  1706 W PreBootReceiver: Can't get valid overlay info
04-23 20:40:15.611   508   630 I PreBootBroadcaster: Pre-boot of {com.android.managedprovisioning/com.android.managedprovisioning.ota.PreBootListener} for user 0
04-23 20:40:15.612  1041  1041 I VvmSimStateTracker: android.intent.action.SIM_STATE_CHANGED
04-23 20:40:15.614  1416  1416 I Dialer  : VvmTaskReceiver - task received
04-23 20:40:15.614  1416  1416 I Dialer  : VvmTaskReceiver - scheduling new job
04-23 20:40:15.615  1416  1416 I Dialer  : TaskSchedulerJobService - scheduling job with 1 tasks
04-23 20:40:15.615  1416  1416 I Dialer  : TaskSchedulerJobService - running job instantly.
04-23 20:40:15.617  1416  1416 I Dialer  : TaskSchedulerJobService - job 0 scheduled
04-23 20:40:15.618  1416  1416 I Dialer  : TaskSchedulerJobService - starting 0
04-23 20:40:15.620  1416  1416 I Dialer  : VvmTaskExecutor - onStartJob
04-23 20:40:15.620  1416  1416 I Dialer  : Task.createTask - create task:com.android.voicemail.impl.ActivationTask
04-23 20:40:15.624   413   413 I perfetto: ing_service_impl.cc:758 Configured tracing session 4, #sources:1, duration:5000 ms, #buffers:1, total buffer size:4096 KB, total sessions:4, uid:1071 session name: ""
04-23 20:40:15.625   412   412 I perfetto: probes_producer.cc:230  Ftrace setup (target_buf=4)
04-23 20:40:15.628   278   392 E Netd    : Error adding route ::/0 -> fe80::2 radio0 to table 1017: File exists
04-23 20:40:15.632  1416  1761 I Dialer  : VvmTaskExecutor - executing task com.android.voicemail.impl.ActivationTask@2884c4f
04-23 20:40:15.632  1416  1761 I Dialer  : PreOMigrationHandler - migrating ComponentInfo{com.android.phone/com.android.services.telephony.TelephonyConnectionService}, ***, UserHandle{0}
04-23 20:40:15.632  1416  1761 I Dialer  : PreOMigrationHandler.migrateSettings - migrating settings
04-23 20:40:15.634   278  1756 W resolv  : Validation failed
04-23 20:40:15.635  1461  1736 I ContactsDatabaseHelper: Bootstrapping database contacts2.db version: 1400
04-23 20:40:15.636   508   659 W BestClock: java.time.DateTimeException: Missing NTP fix
04-23 20:40:15.642   734   943 W Role    : com.android.sdksetup not qualified for android.app.role.HOME due to missing RequiredComponent{mIntentFilterData=IntentFilterData{mAction='android.intent.action.MAIN', mCategories='[android.intent.category.HOME]', mDataScheme='null', mDataType='null'}, mPermission='null'}
04-23 20:40:15.642   734   943 I RoleControllerServiceImpl: Removing package that no longer qualifies for the role, package: com.android.sdksetup, role: android.app.role.HOME
04-23 20:40:15.649   157   157 I servicemanager: Notifying apexservice they have clients: 1
04-23 20:40:15.649   157   157 I servicemanager: Notifying apexservice they have clients: 0
04-23 20:40:15.654   508   659 W BestClock: java.time.DateTimeException: Missing NTP fix
04-23 20:40:15.657  1742  1742 W droid.provisio: Unexpected CPU variant for X86 using defaults: x86_64
--------- beginning of kernel
04-23 20:40:15.870     0     0 I AidlLazyServiceRegistrar: Process has 1 (of 1 available) client(s) in use after notification android.apex.IApexService has clients: 1
04-23 20:40:15.884     0     0 I AidlLazyServiceRegistrar: Process has 0 (of 1 available) client(s) in use after notification android.apex.IApexService has clients: 0
04-23 20:40:15.888     0     0 I AidlLazyServiceRegistrar: Shutdown prevented by forcePersist override flag.
04-23 20:40:15.666   160   160 I hwservicemanager: Notifying android.hardware.gnss@2.0::IGnss/default they have clients: 1
04-23 20:40:15.666   394   405 I adbd    : jdwp connection from 1742
04-23 20:40:15.667   884   884 I android.hardware.gnss@2.0-service.ranchu: Process has 1 (of 1 available) client(s) in use after notification android.hardware.gnss@2.0::IGnss has clients: 1
04-23 20:40:15.670   734   943 I RoleControllerServiceImpl: Adding package as default/fallback role holder, package: com.android.provision, role: android.app.role.HOME
04-23 20:40:15.670   165   165 I qemu-props: tell the host boot completed
04-23 20:40:15.680  1461  1736 I ContactsProviderV1: Bootstrapping database legacy support
04-23 20:40:15.692  1763  1763 W gedprovisionin: Unexpected CPU variant for X86 using defaults: x86_64
04-23 20:40:15.695   394   405 I adbd    : jdwp connection from 1763
04-23 20:40:15.699   168   172 I vold    : Bind mounting //data/media/0/Android/data on /mnt/user/0/emulated/0/Android/data
04-23 20:40:15.700   168   172 I vold    : Bind mounted //data/media/0/Android/data on /mnt/user/0/emulated/0/Android/data
04-23 20:40:15.700   168   172 I vold    : Bind mounting //data/media/0/Android/obb on /mnt/user/0/emulated/0/Android/obb
04-23 20:40:15.701   168   172 I vold    : Bind mounted //data/media/0/Android/obb on /mnt/user/0/emulated/0/Android/obb
04-23 20:40:15.701   168   172 I vold    : Configuring read_ahead of /mnt/user/0/emulated fuse filesystem to 256kb
04-23 20:40:15.701   168   172 I vold    : Writing 256 to /sys/class/bdi/0:39/read_ahead_kb
04-23 20:40:15.701   168   172 I vold    : Configuring max_ratio of /mnt/user/0/emulated fuse filesystem to 40
04-23 20:40:15.701   168   172 I vold    : Writing 40 to /sys/class/bdi/0:39/max_ratio
04-23 20:40:15.703   508   611 I StorageManagerService: Mounted volume VolumeInfo{emulated;0}:
04-23 20:40:15.703   508   611 I StorageManagerService:     type=EMULATED diskId=null partGuid= mountFlags=PRIMARY|VISIBLE 
04-23 20:40:15.703   508   611 I StorageManagerService:     mountUserId=0 state=CHECKING 
04-23 20:40:15.703   508   611 I StorageManagerService:     fsType=null fsUuid=null fsLabel=null 
04-23 20:40:15.703   508   611 I StorageManagerService:     path=/storage/emulated internalPath=/data/media 
04-23 20:40:15.703   508   611 I StorageSessionController: Notifying volume state changed for session with id: emulated;0
04-23 20:40:15.704  1491  1580 I ExternalStorageServiceImpl: Ignoring volume state for vol:external_primary. State: checking
04-23 20:40:15.706   956  1781 W UnsafeUtil: platform method missing - proto runtime falling back to safer methods: java.lang.NoSuchMethodException: sun.misc.Unsafe.copyMemory [class java.lang.Object, long, class java.lang.Object, long, long]
04-23 20:40:15.718   508   611 I StorageSessionController: Notifying volume state changed for session with id: emulated;0
04-23 20:40:15.731   508   550 W ActivityManager: Slow operation: 112ms so far, now at startProcess: done updating battery stats
04-23 20:40:15.732   508   550 W ActivityManager: Slow operation: 112ms so far, now at startProcess: building log message
04-23 20:40:15.732   508   550 I ActivityManager: Start proc 1763:com.android.managedprovisioning/u0a73 for broadcast {com.android.managedprovisioning/com.android.managedprovisioning.ota.PreBootListener}
04-23 20:40:15.732   508   550 W ActivityManager: Slow operation: 112ms so far, now at startProcess: starting to update pids map
04-23 20:40:15.732   508   550 W ActivityManager: Slow operation: 113ms so far, now at startProcess: done updating pids map
04-23 20:40:15.734   508   508 I Telecom : PhoneAccountRegistrar: getSimCallManager: SimCallManager for subId 1 queried, returning: null: TSI.gSCMFU@AFE
04-23 20:40:15.739   508   651 W BestClock: java.time.DateTimeException: Missing NTP fix
04-23 20:40:15.739  1461  1461 I ContactsPerf: VoicemailContentProvider.onCreate start
04-23 20:40:15.739   508   988 W InputReader: Device virtio_input_multi_touch_10 is associated with display ADISPLAY_ID_NONE.
04-23 20:40:15.739   508   988 W InputReader: Device virtio_input_multi_touch_7 is associated with display ADISPLAY_ID_NONE.
04-23 20:40:15.739   508   988 W InputReader: Device virtio_input_multi_touch_4 is associated with display ADISPLAY_ID_NONE.
04-23 20:40:15.739   508   988 W InputReader: Device virtio_input_multi_touch_5 is associated with display ADISPLAY_ID_NONE.
04-23 20:40:15.739   508   988 W InputReader: Device virtio_input_multi_touch_2 is associated with display ADISPLAY_ID_NONE.
04-23 20:40:15.739   508   988 W InputReader: Device virtio_input_multi_touch_6 is associated with display ADISPLAY_ID_NONE.
04-23 20:40:15.739   508   988 W InputReader: Device virtio_input_multi_touch_3 is associated with display ADISPLAY_ID_NONE.
04-23 20:40:15.739   508   988 W InputReader: Device virtio_input_multi_touch_8 is associated with display ADISPLAY_ID_NONE.
04-23 20:40:15.739   508   988 W InputReader: Device virtio_input_multi_touch_9 is associated with display ADISPLAY_ID_NONE.
04-23 20:40:15.739   508   988 W InputReader: Device virtio_input_multi_touch_11 is associated with display ADISPLAY_ID_NONE.
04-23 20:40:15.739   508   988 W InputReader: Device virtio_input_multi_touch_10 is associated with display ADISPLAY_ID_NONE.
04-23 20:40:15.739   508   988 W InputReader: Device virtio_input_multi_touch_7 is associated with display ADISPLAY_ID_NONE.
04-23 20:40:15.739   508   988 W InputReader: Device virtio_input_multi_touch_4 is associated with display ADISPLAY_ID_NONE.
04-23 20:40:15.739   508   988 W InputReader: Device virtio_input_multi_touch_5 is associated with display ADISPLAY_ID_NONE.
04-23 20:40:15.739   508   988 W InputReader: Device virtio_input_multi_touch_2 is associated with display ADISPLAY_ID_NONE.
04-23 20:40:15.739   508   988 W InputReader: Device virtio_input_multi_touch_6 is associated with display ADISPLAY_ID_NONE.
04-23 20:40:15.739   508   988 W InputReader: Device virtio_input_multi_touch_3 is associated with display ADISPLAY_ID_NONE.
04-23 20:40:15.739   508   988 W InputReader: Device virtio_input_multi_touch_8 is associated with display ADISPLAY_ID_NONE.
04-23 20:40:15.739   508   988 W InputReader: Device virtio_input_multi_touch_9 is associated with display ADISPLAY_ID_NONE.
04-23 20:40:15.739   508   988 W InputReader: Device virtio_input_multi_touch_11 is associated with display ADISPLAY_ID_NONE.
04-23 20:40:15.746   508   652 W BestClock: java.time.DateTimeException: Missing NTP fix
04-23 20:40:15.748   508   508 I Telecom : PhoneAccountRegistrar: getSimCallManager: SimCallManager for subId 1 queried, returning: null: TSI.gSCMFU@AFI
04-23 20:40:15.748   508   508 W StorageManagerService: Reporting emulated;0 unmounted due to system locked
04-23 20:40:15.748   508   508 W StorageManagerService: Reporting emulated;0 unmounted due to system locked
04-23 20:40:15.775   508   542 I DropBoxManagerService: add tag=system_app_strictmode isTagEnabled=true flags=0x2
04-23 20:40:15.955     0     0 I init    : processing action (sys.sysctl.tcp_def_init_rwnd=*) from (/system/etc/init/hw/init.rc:1006)
04-23 20:40:15.787  1742  1742 I droid.provisio: The ClassLoaderContext is a special shared library.
04-23 20:40:15.790   508   651 W BestClock: java.time.DateTimeException: Missing NTP fix
04-23 20:40:15.791   508   659 W BestClock: java.time.DateTimeException: Missing NTP fix
04-23 20:40:15.796  1763  1763 I gedprovisionin: The ClassLoaderContext is a special shared library.
04-23 20:40:15.788   508   542 I chatty  : uid=1000(system) android.io identical 4 lines
04-23 20:40:15.790   508   542 I DropBoxManagerService: add tag=system_app_strictmode isTagEnabled=true flags=0x2
04-23 20:40:15.802   508  1729 W StorageManagerService: Reporting emulated;0 unmounted due to system locked
04-23 20:40:15.808   508   659 W BestClock: java.time.DateTimeException: Missing NTP fix
04-23 20:40:15.812  1041  1041 W ConnectivityManager.CallbackHandler: callback not found for CALLBACK_AVAILABLE message
04-23 20:40:15.814  1041  1041 W ConnectivityManager.CallbackHandler: callback not found for CALLBACK_PRECHECK message
04-23 20:40:15.814  1041  1041 W ConnectivityManager.CallbackHandler: callback not found for CALLBACK_CAP_CHANGED message
04-23 20:40:15.814  1041  1041 W ConnectivityManager.CallbackHandler: callback not found for CALLBACK_PRECHECK message
04-23 20:40:15.814  1041  1041 W ConnectivityManager.CallbackHandler: callback not found for CALLBACK_CAP_CHANGED message
04-23 20:40:15.815   508   659 W BestClock: java.time.DateTimeException: Missing NTP fix
04-23 20:40:15.816   508   659 W BestClock: java.time.DateTimeException: Missing NTP fix
04-23 20:40:15.817   508   651 W BestClock: java.time.DateTimeException: Missing NTP fix
04-23 20:40:15.818   508   508 W StorageManagerService: Reporting emulated;0 unmounted due to system locked
04-23 20:40:15.818   508   508 W StorageManagerService: Reporting emulated;0 unmounted due to system locked
04-23 20:40:15.824   508   537 I ActivityTaskManager: START u0 {act=android.intent.action.MAIN cat=[android.intent.category.HOME] flg=0x10000100 cmp=com.android.launcher3/.uioverrides.QuickstepLauncher} from uid 0
04-23 20:40:15.826  1461  1461 I ContactsPerf: VoicemailContentProvider.onCreate finish
04-23 20:40:15.828   508   537 W InputReader: Device virtio_input_multi_touch_10 is associated with display ADISPLAY_ID_NONE.
04-23 20:40:15.828   508   537 W InputReader: Device virtio_input_multi_touch_7 is associated with display ADISPLAY_ID_NONE.
04-23 20:40:15.828   508   537 W InputReader: Device virtio_input_multi_touch_4 is associated with display ADISPLAY_ID_NONE.
04-23 20:40:15.828   508   537 W InputReader: Device virtio_input_multi_touch_5 is associated with display ADISPLAY_ID_NONE.
04-23 20:40:15.828   508   537 W InputReader: Device virtio_input_multi_touch_2 is associated with display ADISPLAY_ID_NONE.
04-23 20:40:15.828   508   537 W InputReader: Device virtio_input_multi_touch_6 is associated with display ADISPLAY_ID_NONE.
04-23 20:40:15.828   508   537 W InputReader: Device virtio_input_multi_touch_3 is associated with display ADISPLAY_ID_NONE.
04-23 20:40:15.828   508   537 W InputReader: Device virtio_input_multi_touch_8 is associated with display ADISPLAY_ID_NONE.
04-23 20:40:15.828   508   537 W InputReader: Device virtio_input_multi_touch_9 is associated with display ADISPLAY_ID_NONE.
04-23 20:40:15.828   508   537 W InputReader: Device virtio_input_multi_touch_11 is associated with display ADISPLAY_ID_NONE.
04-23 20:40:15.828   508   537 W InputReader: Device virtio_input_multi_touch_10 is associated with display ADISPLAY_ID_NONE.
04-23 20:40:15.828   508   537 W InputReader: Device virtio_input_multi_touch_7 is associated with display ADISPLAY_ID_NONE.
04-23 20:40:15.828   508   537 W InputReader: Device virtio_input_multi_touch_4 is associated with display ADISPLAY_ID_NONE.
04-23 20:40:15.828   508   537 W InputReader: Device virtio_input_multi_touch_5 is associated with display ADISPLAY_ID_NONE.
04-23 20:40:15.828   508   537 W InputReader: Device virtio_input_multi_touch_2 is associated with display ADISPLAY_ID_NONE.
04-23 20:40:15.828   508   537 W InputReader: Device virtio_input_multi_touch_6 is associated with display ADISPLAY_ID_NONE.
04-23 20:40:15.828   508   537 W InputReader: Device virtio_input_multi_touch_3 is associated with display ADISPLAY_ID_NONE.
04-23 20:40:15.828   508   537 W InputReader: Device virtio_input_multi_touch_8 is associated with display ADISPLAY_ID_NONE.
