04-23 20:40:20.907   508   566 I AppsFilter: interaction: PackageSetting{565cd5 co.touchlab.kampkit/10131} -> PackageSetting{242e703 com.android.gallery3d/10112} BLOCKED
04-23 20:40:20.907   508   566 I AppsFilter: interaction: PackageSetting{1aecd8c io.github.ylimit.droidbotapp/10130} -> PackageSetting{8317680 com.android.inputmethod.latin/10106} BLOCKED
04-23 20:40:20.907   508   566 I AppsFilter: interaction: PackageSetting{565cd5 co.touchlab.kampkit/10131} -> PackageSetting{8317680 com.android.inputmethod.latin/10106} BLOCKED
04-23 20:40:20.907   508   566 I AppsFilter: interaction: PackageSetting{1aecd8c io.github.ylimit.droidbotapp/10130} -> PackageSetting{62aa4b9 com.android.cellbroadcastreceiver.module/10124} BLOCKED
04-23 20:40:20.907   508   566 I AppsFilter: interaction: PackageSetting{565cd5 co.touchlab.kampkit/10131} -> PackageSetting{62aa4b9 com.android.cellbroadcastreceiver.module/10124} BLOCKED
04-23 20:40:20.910   508   601 I InputReader: Reconfiguring input devices, changes=KEYBOARD_LAYOUTS | 
04-23 20:40:20.921   508   508 I Telecom : DefaultDialerCache: Refreshing default dialer for user 0: now com.android.dialer: DDC.oR@AHg
04-23 20:40:20.921   508   508 I Telecom : DefaultDialerCache: Refreshing default dialer for user 0: now com.android.dialer: DDC.oR@AHk
04-23 20:40:20.923   508   601 I InputReader: Reconfiguring input devices, changes=KEYBOARD_LAYOUTS | 
04-23 20:40:20.939   508   601 I InputReader: Reconfiguring input devices, changes=KEYBOARD_LAYOUTS | 
04-23 20:40:20.939   508   548 W VoiceInteractionManager: no available voice interaction services found for user 0
04-23 20:40:20.940   508   508 I Telecom : DefaultDialerCache: Refreshing default dialer for user 0: now com.android.dialer: DDC.oR@AHo
04-23 20:40:20.941   508   508 I Telecom : DefaultDialerCache: Refreshing default dialer for user 0: now com.android.dialer: DDC.oR@AHs
04-23 20:40:20.939   508   601 I InputReader: Reconfiguring input devices, changes=KEYBOARD_LAYOUTS | 
04-23 20:40:20.947   508   601 I InputReader: Reconfiguring input devices, changes=KEYBOARD_LAYOUTS | 
04-23 20:40:20.949   508   508 I Telecom : DefaultDialerCache: Refreshing default dialer for user 0: now com.android.dialer: DDC.oR@AHw
04-23 20:40:20.953   508   601 I InputReader: Reconfiguring input devices, changes=KEYBOARD_LAYOUTS | 
04-23 20:40:20.963   508   601 I InputReader: Reconfiguring input devices, changes=KEYBOARD_LAYOUTS | 
04-23 20:40:20.964   508   508 I Telecom : DefaultDialerCache: Refreshing default dialer for user 0: now com.android.dialer: DDC.oR@AH0
04-23 20:40:20.965   508   508 I Telecom : DefaultDialerCache: Refreshing default dialer for user 0: now com.android.dialer: DDC.oR@AH4
04-23 20:40:20.968   508   601 I InputReader: Reconfiguring input devices, changes=KEYBOARD_LAYOUTS | 
04-23 20:40:20.970   508   601 I InputReader: Reconfiguring input devices, changes=KEYBOARD_LAYOUTS | 
04-23 20:40:20.971   508   508 I Telecom : DefaultDialerCache: Refreshing default dialer for user 0: now com.android.dialer: DDC.oR@AH8
04-23 20:40:20.971   508   601 I InputReader: Reconfiguring input devices, changes=KEYBOARD_LAYOUTS | 
04-23 20:40:20.982   508   508 I Telecom : DefaultDialerCache: Refreshing default dialer for user 0: now com.android.dialer: DDC.oR@AIA
04-23 20:40:20.982   508   601 I InputReader: Reconfiguring input devices, changes=KEYBOARD_LAYOUTS | 
04-23 20:40:20.984   508   548 W VoiceInteractionManager: no available voice interaction services found for user 0
04-23 20:40:20.986   734   773 I PermissionControllerServiceImpl: Updating user sensitive for uid 10102
04-23 20:40:20.986   734   773 I PermissionControllerServiceImpl: Updating user sensitive for uid 10110
04-23 20:40:20.988   734  2355 I PermissionControllerServiceImpl: Updating user sensitive for uid 1001
04-23 20:40:20.988   734  2355 I PermissionControllerServiceImpl: Updating user sensitive for uid 10117
04-23 20:40:20.988   734  2355 I PermissionControllerServiceImpl: Updating user sensitive for uid 10109
04-23 20:40:20.996   508   508 I Telecom : DefaultDialerCache: Refreshing default dialer for user 0: now com.android.dialer: DDC.oR@AIE
04-23 20:40:20.996   508   601 I InputReader: Reconfiguring input devices, changes=KEYBOARD_LAYOUTS | 
04-23 20:40:21.002   508   508 I Telecom : DefaultDialerCache: Refreshing default dialer for user 0: now com.android.dialer: DDC.oR@AII
04-23 20:40:21.003   508   508 I Telecom : DefaultDialerCache: Refreshing default dialer for user 0: now com.android.dialer: DDC.oR@AIM
04-23 20:40:21.022   508   548 W VoiceInteractionManager: no available voice interaction services found for user 0
04-23 20:40:21.027   734   773 I PermissionControllerServiceImpl: Updating user sensitive for uid 10112
04-23 20:40:21.027   734   773 I PermissionControllerServiceImpl: Updating user sensitive for uid 10106
04-23 20:40:21.028   734   829 I PermissionControllerServiceImpl: Updating user sensitive for uid 10124
04-23 20:40:21.038   734   829 I PermissionControllerServiceImpl: Updating user sensitive for uid 1000
04-23 20:40:21.038   734   829 I PermissionControllerServiceImpl: Updating user sensitive for uid 10121
04-23 20:40:21.038   734   829 I PermissionControllerServiceImpl: Updating user sensitive for uid 10126
04-23 20:40:21.038   734   829 I PermissionControllerServiceImpl: Updating user sensitive for uid 10095
04-23 20:40:21.063   734  2439 I PermissionControllerServiceImpl: Updating user sensitive for user 0
04-23 20:40:21.067   734   790 I UserPackageInfos: updating UserPackageInfosLiveData for user 0
04-23 20:40:21.067   734   794 I LancherPackagesLiveData: updating LauncherPackageLiveData
04-23 20:40:21.094  1041  1041 I chatty  : uid=1001(radio) com.android.phone identical 2 lines
04-23 20:40:21.140   508   548 E system_server: No package ID 7f found for ID 0x7f080271.
04-23 20:40:21.140   508   548 E system_server: No package ID 7f found for ID 0x7f1212ec.
04-23 20:40:21.141   508   548 E system_server: No package ID 7f found for ID 0x7f080270.
04-23 20:40:21.141   508   548 E system_server: No package ID 7f found for ID 0x7f120592.
04-23 20:40:21.144   508   548 E system_server: No package ID 7f found for ID 0x7f08026f.
04-23 20:40:21.144   508   548 E system_server: No package ID 7f found for ID 0x7f120c2b.
04-23 20:40:21.577  1491  1905 I MediaProvider: Scanned internal due to REASON_MOUNTED, found 230 items in 1555ms, 0 inserts 223 updates 0 deletes
04-23 20:40:21.586  1491  1905 I MediaProvider: Scanned external_primary due to REASON_MOUNTED, found 14 items in 7ms, 0 inserts 0 updates 0 deletes
04-23 20:40:21.587  1491  1905 I MediaProvider: End Intent { act=android.intent.action.MEDIA_MOUNTED dat=file:///storage/emulated/0 flg=0x5000010 cmp=com.android.providers.media.module/com.android.providers.media.MediaService (has extras) }
04-23 20:40:21.785  2449  2451 I cmd     : oneway function results will be dropped but finished with status OK and parcel size 4
04-23 20:40:21.160   508   548 I chatty  : uid=1000(system) android.bg identical 8 lines
04-23 20:40:21.161   508   548 W VoiceInteractionManager: no available voice interaction services found for user 0
04-23 20:40:22.045   160   160 I hwservicemanager: getTransport: Cannot find entry android.hardware.graphics.mapper@4.0::IMapper/default in either framework or device manifest.
04-23 20:40:22.046  2467  2467 I Gralloc4: mapper 4.x is not supported
04-23 20:40:22.124  2471  2473 I cmd     : oneway function results will be dropped but finished with status OK and parcel size 4
04-23 20:40:22.124  1491  1905 I MediaProvider: Begin Intent { act=android.intent.action.MEDIA_SCANNER_SCAN_FILE dat=file:///sdcard/screen_2026-04-23_204022.png flg=0x1400010 cmp=com.android.providers.media.module/com.android.providers.media.MediaService }
04-23 20:40:22.120  1491  1491 W com.android.providers.media.module: type=1400 audit(0.0:46): avc: denied { read } for comm=4173796E635461736B202331 name="primary" dev="tmpfs" ino=28604 scontext=u:r:mediaprovider_app:s0:c129,c256,c512,c768 tcontext=u:object_r:mnt_pass_through_file:s0 tclass=lnk_file permissive=0 app=com.android.providers.media.module
04-23 20:40:22.347     0     0 W audit   : audit_lost=12 audit_rate_limit=5 audit_backlog_limit=64
04-23 20:40:22.360     0     0 E audit   : rate limit exceeded
04-23 20:40:22.144  1491  1905 W ModernMediaScanner: Failed to visit /sdcard/screen_2026-04-23_204022.png: java.nio.file.AccessDeniedException: /sdcard/screen_2026-04-23_204022.png
04-23 20:40:22.120  1491  1491 W com.android.providers.media.module: type=1400 audit(0.0:47): avc: denied { read } for comm=4173796E635461736B202331 name="primary" dev="tmpfs" ino=28604 scontext=u:r:mediaprovider_app:s0:c129,c256,c512,c768 tcontext=u:object_r:mnt_pass_through_file:s0 tclass=lnk_file permissive=0 app=com.android.providers.media.module
04-23 20:40:22.145  1491  1905 I MediaProvider: Scanned internal due to REASON_DEMAND, found 0 items in 20ms, 0 inserts 0 updates 0 deletes
04-23 20:40:22.145  1491  1905 I MediaProvider: End Intent { act=android.intent.action.MEDIA_SCANNER_SCAN_FILE dat=file:///sdcard/screen_2026-04-23_204022.png flg=0x1400010 cmp=com.android.providers.media.module/com.android.providers.media.MediaService }
04-23 20:40:22.120  1491  1491 W com.android.providers.media.module: type=1400 audit(0.0:48): avc: denied { read } for comm=4173796E635461736B202331 name="primary" dev="tmpfs" ino=28604 scontext=u:r:mediaprovider_app:s0:c129,c256,c512,c768 tcontext=u:object_r:mnt_pass_through_file:s0 tclass=lnk_file permissive=0 app=com.android.providers.media.module
04-23 20:40:22.183  1491  1612 I MediaProvider: Deleted 1 items on external_primary due to com.android.shell
04-23 20:40:22.246   508   987 I ActivityManager: Force stopping co.touchlab.kampkit appid=10131 user=0: from pid 2494
04-23 20:40:22.247  2494  2496 I cmd     : oneway function results will be dropped but finished with status OK and parcel size 4
04-23 20:40:22.292  2497  2497 E libc    : Access denied finding property "persist.device_config.runtime_native_boot.profilebootclasspath"
04-23 20:40:22.292  2497  2497 E libc    : Access denied finding property "persist.device_config.runtime_native_boot.enable_apex_image"
04-23 20:40:22.292  2497  2497 I AndroidRuntime: Using default boot image
04-23 20:40:22.292  2497  2497 E libc    : Access denied finding property "persist.device_config.runtime_native_boot.disable_lock_profiling"
04-23 20:40:22.292  2497  2497 I AndroidRuntime: Leaving lock profiling enabled
04-23 20:40:22.293  2497  2497 E libc    : Access denied finding property "persist.device_config.runtime_native_boot.enable_generational_cc"
04-23 20:40:22.294  2497  2497 I app_process: Core platform API reporting enabled, enforcing=false
04-23 20:40:22.332  2497  2497 W app_process: Unexpected CPU variant for X86 using defaults: x86_64
04-23 20:40:22.332  2497  2497 I app_process: The ClassLoaderContext is a special shared library.
04-23 20:40:22.338  2497  2497 W app_process: JNI RegisterNativeMethods: attempt to register 0 native methods for android.media.AudioAttributes
04-23 20:40:22.344   508   541 I ActivityTaskManager: START u0 {act=android.intent.action.MAIN cat=[android.intent.category.HOME] flg=0x10000100 cmp=com.android.launcher3/.uioverrides.QuickstepLauncher (has extras)} from uid 0
04-23 20:40:22.349   413   413 I perfetto: ing_service_impl.cc:758 Configured tracing session 5, #sources:1, duration:5000 ms, #buffers:1, total buffer size:4096 KB, total sessions:1, uid:1071 session name: ""
04-23 20:40:22.349   412   412 I perfetto: probes_producer.cc:230  Ftrace setup (target_buf=5)
04-23 20:40:22.360   412   412 I perfetto: ftrace_procfs.cc:176    enabled ftrace
04-23 20:40:22.581     0     0 W perfetto: enabled ftrace
04-23 20:40:23.323  2266  2307 I .localtranspor: Waiting for a blocking GC ProfileSaver
04-23 20:40:23.851   160   160 I hwservicemanager: getTransport: Cannot find entry android.hardware.graphics.mapper@4.0::IMapper/default in either framework or device manifest.
04-23 20:40:23.851  2534  2534 I Gralloc4: mapper 4.x is not supported
04-23 20:40:23.923  1491  1905 I MediaProvider: Begin Intent { act=android.intent.action.MEDIA_SCANNER_SCAN_FILE dat=file:///sdcard/screen_2026-04-23_204024.png flg=0x1400010 cmp=com.android.providers.media.module/com.android.providers.media.MediaService }
04-23 20:40:24.146     0     0 W audit   : audit_lost=17 audit_rate_limit=5 audit_backlog_limit=64
04-23 20:40:24.148     0     0 E audit   : rate limit exceeded
04-23 20:40:23.932  1491  1905 W ModernMediaScanner: Failed to visit /sdcard/screen_2026-04-23_204024.png: java.nio.file.AccessDeniedException: /sdcard/screen_2026-04-23_204024.png
04-23 20:40:23.932  1491  1905 I MediaProvider: Scanned internal due to REASON_DEMAND, found 0 items in 9ms, 0 inserts 0 updates 0 deletes
04-23 20:40:23.933  1491  1905 I MediaProvider: End Intent { act=android.intent.action.MEDIA_SCANNER_SCAN_FILE dat=file:///sdcard/screen_2026-04-23_204024.png flg=0x1400010 cmp=com.android.providers.media.module/com.android.providers.media.MediaService }
04-23 20:40:23.920  1491  1491 W com.android.providers.media.module: type=1400 audit(0.0:56): avc: denied { read } for comm=4173796E635461736B202331 name="primary" dev="tmpfs" ino=28604 scontext=u:r:mediaprovider_app:s0:c129,c256,c512,c768 tcontext=u:object_r:mnt_pass_through_file:s0 tclass=lnk_file permissive=0 app=com.android.providers.media.module
04-23 20:40:23.981  1491  2541 I MediaProvider: Deleted 1 items on external_primary due to com.android.shell
04-23 20:40:24.007  2550  2552 I cmd     : oneway function results will be dropped but finished with status OK and parcel size 4
04-23 20:40:24.125   160   160 I hwservicemanager: getTransport: Cannot find entry android.hardware.graphics.mapper@4.0::IMapper/default in either framework or device manifest.
04-23 20:40:24.125  2572  2572 I Gralloc4: mapper 4.x is not supported
04-23 20:40:24.201  2576  2578 I cmd     : oneway function results will be dropped but finished with status OK and parcel size 4
04-23 20:40:24.201  1491  1905 I MediaProvider: Begin Intent { act=android.intent.action.MEDIA_SCANNER_SCAN_FILE dat=file:///sdcard/screen_2026-04-23_204024.png flg=0x1400010 cmp=com.android.providers.media.module/com.android.providers.media.MediaService }
04-23 20:40:24.202  1491  1905 W ModernMediaScanner: Failed to visit /sdcard/screen_2026-04-23_204024.png: java.nio.file.AccessDeniedException: /sdcard/screen_2026-04-23_204024.png
04-23 20:40:24.202  1491  1905 I MediaProvider: Scanned internal due to REASON_DEMAND, found 0 items in 0ms, 0 inserts 0 updates 0 deletes
04-23 20:40:24.203  1491  1905 I MediaProvider: End Intent { act=android.intent.action.MEDIA_SCANNER_SCAN_FILE dat=file:///sdcard/screen_2026-04-23_204024.png flg=0x1400010 cmp=com.android.providers.media.module/com.android.providers.media.MediaService }
04-23 20:40:24.225  1491  1613 I MediaProvider: Deleted 1 items on external_primary due to com.android.shell
04-23 20:40:24.251  2587  2589 I cmd     : oneway function results will be dropped but finished with status OK and parcel size 4
04-23 20:40:24.376   160   160 I hwservicemanager: getTransport: Cannot find entry android.hardware.graphics.mapper@4.0::IMapper/default in either framework or device manifest.
04-23 20:40:24.376  2609  2609 I Gralloc4: mapper 4.x is not supported
04-23 20:40:24.448  1491  1905 I MediaProvider: Begin Intent { act=android.intent.action.MEDIA_SCANNER_SCAN_FILE dat=file:///sdcard/screen_2026-04-23_204025.png flg=0x1400010 cmp=com.android.providers.media.module/com.android.providers.media.MediaService }
04-23 20:40:24.449  1491  1905 W ModernMediaScanner: Failed to visit /sdcard/screen_2026-04-23_204025.png: java.nio.file.AccessDeniedException: /sdcard/screen_2026-04-23_204025.png
04-23 20:40:24.449  1491  1905 I MediaProvider: Scanned internal due to REASON_DEMAND, found 0 items in 1ms, 0 inserts 0 updates 0 deletes
04-23 20:40:24.450  1491  1905 I MediaProvider: End Intent { act=android.intent.action.MEDIA_SCANNER_SCAN_FILE dat=file:///sdcard/screen_2026-04-23_204025.png flg=0x1400010 cmp=com.android.providers.media.module/com.android.providers.media.MediaService }
04-23 20:40:24.512  1491  1612 I MediaProvider: Deleted 1 items on external_primary due to com.android.shell
04-23 20:40:24.537  2624  2626 I cmd     : oneway function results will be dropped but finished with status OK and parcel size 4
04-23 20:40:24.573   508   648 I ActivityTaskManager: START u0 {act=android.intent.action.MAIN cat=[android.intent.category.LAUNCHER] flg=0x10000000 cmp=co.touchlab.kampkit/.android.MainActivity} from uid 2000
04-23 20:40:24.577  2636  2638 I cmd     : oneway function results will be dropped but finished with status OK and parcel size 4
04-23 20:40:24.579   413   413 I perfetto: ing_service_impl.cc:758 Configured tracing session 6, #sources:1, duration:5000 ms, #buffers:1, total buffer size:4096 KB, total sessions:2, uid:1071 session name: ""
04-23 20:40:24.579   412   412 I perfetto: probes_producer.cc:230  Ftrace setup (target_buf=6)
04-23 20:40:24.600   508   550 I ActivityManager: Start proc 2646:co.touchlab.kampkit/u0a131 for pre-top-activity {co.touchlab.kampkit/co.touchlab.kampkit.android.MainActivity}
04-23 20:40:24.606  2646  2646 I ouchlab.kampki: Late-enabling -Xcheck:jni
04-23 20:40:24.617  2646  2646 I ouchlab.kampki: Unquickening 12 vdex files!
04-23 20:40:24.618  2646  2646 W ouchlab.kampki: Unexpected CPU variant for X86 using defaults: x86_64
04-23 20:40:24.620   394   405 I adbd    : jdwp connection from 2646
04-23 20:40:24.624   508  1095 W InputReader: Device virtio_input_multi_touch_10 is associated with display ADISPLAY_ID_NONE.
04-23 20:40:24.624   508  1095 W InputReader: Device virtio_input_multi_touch_7 is associated with display ADISPLAY_ID_NONE.
04-23 20:40:24.624   508  1095 W InputReader: Device virtio_input_multi_touch_4 is associated with display ADISPLAY_ID_NONE.
04-23 20:40:24.624   508  1095 W InputReader: Device virtio_input_multi_touch_5 is associated with display ADISPLAY_ID_NONE.
04-23 20:40:24.624   508  1095 W InputReader: Device virtio_input_multi_touch_2 is associated with display ADISPLAY_ID_NONE.
04-23 20:40:24.624   508  1095 W InputReader: Device virtio_input_multi_touch_6 is associated with display ADISPLAY_ID_NONE.
04-23 20:40:24.624   508  1095 W InputReader: Device virtio_input_multi_touch_3 is associated with display ADISPLAY_ID_NONE.
04-23 20:40:24.624   508  1095 W InputReader: Device virtio_input_multi_touch_8 is associated with display ADISPLAY_ID_NONE.
04-23 20:40:24.624   508  1095 W InputReader: Device virtio_input_multi_touch_9 is associated with display ADISPLAY_ID_NONE.
04-23 20:40:24.624   508  1095 W InputReader: Device virtio_input_multi_touch_11 is associated with display ADISPLAY_ID_NONE.
04-23 20:40:24.624   508  1095 W InputReader: Device virtio_input_multi_touch_10 is associated with display ADISPLAY_ID_NONE.
04-23 20:40:24.624   508  1095 W InputReader: Device virtio_input_multi_touch_7 is associated with display ADISPLAY_ID_NONE.
04-23 20:40:24.624   508  1095 W InputReader: Device virtio_input_multi_touch_4 is associated with display ADISPLAY_ID_NONE.
04-23 20:40:24.624   508  1095 W InputReader: Device virtio_input_multi_touch_5 is associated with display ADISPLAY_ID_NONE.
04-23 20:40:24.624   508  1095 W InputReader: Device virtio_input_multi_touch_2 is associated with display ADISPLAY_ID_NONE.
04-23 20:40:24.624   508  1095 W InputReader: Device virtio_input_multi_touch_6 is associated with display ADISPLAY_ID_NONE.
04-23 20:40:24.624   508  1095 W InputReader: Device virtio_input_multi_touch_3 is associated with display ADISPLAY_ID_NONE.
04-23 20:40:24.624   508  1095 W InputReader: Device virtio_input_multi_touch_8 is associated with display ADISPLAY_ID_NONE.
04-23 20:40:24.624   508  1095 W InputReader: Device virtio_input_multi_touch_9 is associated with display ADISPLAY_ID_NONE.
04-23 20:40:24.624   508  1095 W InputReader: Device virtio_input_multi_touch_11 is associated with display ADISPLAY_ID_NONE.
04-23 20:40:24.693   703   703 I AvrcpBrowsablePlayerConnector: Successfully connected to 0 browsable players.
04-23 20:40:24.693   703   703 I AvrcpMediaPlayerList: init: Browsable Player list size is 0
04-23 20:40:24.976  2646  2646 I Startup : Hello from Android/Kotlin!
04-23 20:40:25.123  2646  2646 W ouchlab.kampki: Accessing hidden method Landroid/os/SystemProperties;->addChangeCallback(Ljava/lang/Runnable;)V (greylist, reflection, allowed)
04-23 20:40:25.155  2646  2646 W System.err: SLF4J(W): No SLF4J providers were found.
04-23 20:40:25.155  2646  2646 W System.err: SLF4J(W): Defaulting to no-operation (NOP) logger implementation
04-23 20:40:25.155  2646  2646 W System.err: SLF4J(W): See https://www.slf4j.org/codes.html#noProviders for further details.
04-23 20:40:25.249   160   160 I hwservicemanager: getTransport: Cannot find entry android.hardware.configstore@1.0::ISurfaceFlingerConfigs/default in either framework or device manifest.
04-23 20:40:25.261   160   160 I hwservicemanager: getTransport: Cannot find entry android.hardware.graphics.mapper@4.0::IMapper/default in either framework or device manifest.
04-23 20:40:25.261  2646  2670 I Gralloc4: mapper 4.x is not supported
04-23 20:40:25.489   508   548 I ActivityTaskManager: Displayed co.touchlab.kampkit/.android.MainActivity: +911ms
04-23 20:40:25.567   347  1516 W ServiceManager: Permission failure: android.permission.ACCESS_SURFACE_FLINGER from uid=10131 pid=2646
04-23 20:40:25.648   157   157 I servicemanager: Notifying apexservice they have clients: 1
04-23 20:40:25.648   157   157 I servicemanager: Notifying apexservice they have clients: 0
04-23 20:40:25.870     0     0 I AidlLazyServiceRegistrar: Process has 1 (of 1 available) client(s) in use after notification android.apex.IApexService has clients: 1
04-23 20:40:25.874     0     0 I AidlLazyServiceRegistrar: Process has 0 (of 1 available) client(s) in use after notification android.apex.IApexService has clients: 0
04-23 20:40:25.879     0     0 I AidlLazyServiceRegistrar: Shutdown prevented by forcePersist override flag.
04-23 20:40:25.698  2204  2204 E AccessibilityInteractionClient: 1 Disconnected nodes.
04-23 20:40:25.855   160   160 I hwservicemanager: getTransport: Cannot find entry android.hardware.graphics.mapper@4.0::IMapper/default in either framework or device manifest.
04-23 20:40:25.856  2714  2714 I Gralloc4: mapper 4.x is not supported
04-23 20:40:25.901  2718  2720 I cmd     : oneway function results will be dropped but finished with status OK and parcel size 4
04-23 20:40:25.902  1491  1905 I MediaProvider: Begin Intent { act=android.intent.action.MEDIA_SCANNER_SCAN_FILE dat=file:///sdcard/screen_2026-04-23_204026.png flg=0x1400010 cmp=com.android.providers.media.module/com.android.providers.media.MediaService }
04-23 20:40:25.896  1491  1491 W com.android.providers.media.module: type=1400 audit(0.0:74): avc: denied { read } for comm=4173796E635461736B202331 name="primary" dev="tmpfs" ino=28604 scontext=u:r:mediaprovider_app:s0:c129,c256,c512,c768 tcontext=u:object_r:mnt_pass_through_file:s0 tclass=lnk_file permissive=0 app=com.android.providers.media.module
04-23 20:40:25.922  1491  1905 W ModernMediaScanner: Failed to visit /sdcard/screen_2026-04-23_204026.png: java.nio.file.AccessDeniedException: /sdcard/screen_2026-04-23_204026.png
04-23 20:40:25.923  1491  1905 I MediaProvider: Scanned internal due to REASON_DEMAND, found 0 items in 20ms, 0 inserts 0 updates 0 deletes
04-23 20:40:25.923  1491  1905 I MediaProvider: End Intent { act=android.intent.action.MEDIA_SCANNER_SCAN_FILE dat=file:///sdcard/screen_2026-04-23_204026.png flg=0x1400010 cmp=com.android.providers.media.module/com.android.providers.media.MediaService }
04-23 20:40:25.896  1491  1491 W com.android.providers.media.module: type=1400 audit(0.0:76): avc: denied { read } for comm=4173796E635461736B202331 name="primary" dev="tmpfs" ino=28604 scontext=u:r:mediaprovider_app:s0:c129,c256,c512,c768 tcontext=u:object_r:mnt_pass_through_file:s0 tclass=lnk_file permissive=0 app=com.android.providers.media.module
04-23 20:40:25.896  1491  1491 W com.android.providers.media.module: type=1400 audit(0.0:78): avc: denied { read } for comm=4173796E635461736B202331 name="primary" dev="tmpfs" ino=28604 scontext=u:r:mediaprovider_app:s0:c129,c256,c512,c768 tcontext=u:object_r:mnt_pass_through_file:s0 tclass=lnk_file permissive=0 app=com.android.providers.media.module
04-23 20:40:26.023  1491  2541 I MediaProvider: Deleted 1 items on external_primary due to com.android.shell
04-23 20:40:26.354   160   160 I hwservicemanager: getTransport: Cannot find entry android.hardware.graphics.mapper@4.0::IMapper/default in either framework or device manifest.
04-23 20:40:26.354  2754  2754 I Gralloc4: mapper 4.x is not supported
04-23 20:40:26.458  1491  1905 I MediaProvider: Begin Intent { act=android.intent.action.MEDIA_SCANNER_SCAN_FILE dat=file:///sdcard/screen_2026-04-23_204027.png flg=0x1400010 cmp=com.android.providers.media.module/com.android.providers.media.MediaService }
04-23 20:40:26.459  1491  1905 W ModernMediaScanner: Failed to visit /sdcard/screen_2026-04-23_204027.png: java.nio.file.AccessDeniedException: /sdcard/screen_2026-04-23_204027.png
04-23 20:40:26.460  1491  1905 I MediaProvider: Scanned internal due to REASON_DEMAND, found 0 items in 1ms, 0 inserts 0 updates 0 deletes
04-23 20:40:26.466  1491  1905 I MediaProvider: End Intent { act=android.intent.action.MEDIA_SCANNER_SCAN_FILE dat=file:///sdcard/screen_2026-04-23_204027.png flg=0x1400010 cmp=com.android.providers.media.module/com.android.providers.media.MediaService }
04-23 20:40:26.516  1491  1613 I MediaProvider: Deleted 1 items on external_primary due to com.android.shell
04-23 20:40:26.794   160   160 I hwservicemanager: getTransport: Cannot find entry android.hardware.graphics.mapper@4.0::IMapper/default in either framework or device manifest.
04-23 20:40:26.794  2807  2807 I Gralloc4: mapper 4.x is not supported
04-23 20:40:26.817   508   518 I system_server: Background young concurrent copying GC freed 213976(8930KB) AllocSpace objects, 36(832KB) LOS objects, 47% free, 10MB/19MB, paused 30us total 102.972ms
04-23 20:40:26.882  1491  1905 I MediaProvider: Begin Intent { act=android.intent.action.MEDIA_SCANNER_SCAN_FILE dat=file:///sdcard/screen_2026-04-23_204027.png flg=0x1400010 cmp=com.android.providers.media.module/com.android.providers.media.MediaService }
04-23 20:40:26.883  1491  1905 W ModernMediaScanner: Failed to visit /sdcard/screen_2026-04-23_204027.png: java.nio.file.AccessDeniedException: /sdcard/screen_2026-04-23_204027.png
04-23 20:40:26.884  1491  1905 I MediaProvider: Scanned internal due to REASON_DEMAND, found 0 items in 1ms, 0 inserts 0 updates 0 deletes
04-23 20:40:26.884  1491  1905 I MediaProvider: End Intent { act=android.intent.action.MEDIA_SCANNER_SCAN_FILE dat=file:///sdcard/screen_2026-04-23_204027.png flg=0x1400010 cmp=com.android.providers.media.module/com.android.providers.media.MediaService }
04-23 20:40:26.954  1491  1612 I MediaProvider: Deleted 1 items on external_primary due to com.android.shell
04-23 20:40:27.306  2902  2902 E libc    : Access denied finding property "persist.device_config.runtime_native_boot.profilebootclasspath"
04-23 20:40:27.306  2902  2902 E libc    : Access denied finding property "persist.device_config.runtime_native_boot.enable_apex_image"
04-23 20:40:27.306  2902  2902 I AndroidRuntime: Using default boot image
04-23 20:40:27.306  2902  2902 E libc    : Access denied finding property "persist.device_config.runtime_native_boot.disable_lock_profiling"
04-23 20:40:27.306  2902  2902 I AndroidRuntime: Leaving lock profiling enabled
04-23 20:40:27.306  2902  2902 E libc    : Access denied finding property "persist.device_config.runtime_native_boot.enable_generational_cc"
04-23 20:40:27.308  2902  2902 I app_process: Core platform API reporting enabled, enforcing=false
04-23 20:40:27.300  2902  2902 W app_process: type=1400 audit(0.0:92): avc: denied { read } for name="u:object_r:device_config_runtime_native_boot_prop:s0" dev="tmpfs" ino=8320 scontext=u:r:shell:s0 tcontext=u:object_r:device_config_runtime_native_boot_prop:s0 tclass=file permissive=0
04-23 20:40:27.351   412   412 I perfetto: probes_producer.cc:329  Producer stop (id=5)
04-23 20:40:27.351   413   413 I perfetto: ng_service_impl.cc:1948 Tracing session 5 ended, total sessions:1
04-23 20:40:27.353  2902  2902 W app_process: Unexpected CPU variant for X86 using defaults: x86_64
04-23 20:40:27.354  2902  2902 I app_process: The ClassLoaderContext is a special shared library.
04-23 20:40:27.360  2902  2902 W app_process: JNI RegisterNativeMethods: attempt to register 0 native methods for android.media.AudioAttributes
04-23 20:40:27.580  2646  2646 I DatabaseHelper: Breed 1: Favorited true
04-23 20:40:27.618   508  1488 E TaskPersister: File error accessing recents directory (directory doesn't exist?).
04-23 20:40:27.690  2204  2204 E AccessibilityInteractionClient: 2 Disconnected nodes.
04-23 20:40:29.090   160   160 I hwservicemanager: getTransport: Cannot find entry android.hardware.graphics.mapper@4.0::IMapper/default in either framework or device manifest.
04-23 20:40:29.090  2936  2936 I Gralloc4: mapper 4.x is not supported
04-23 20:40:29.127  2940  2942 I cmd     : oneway function results will be dropped but finished with status OK and parcel size 4
04-23 20:40:29.128  1491  1905 I MediaProvider: Begin Intent { act=android.intent.action.MEDIA_SCANNER_SCAN_FILE dat=file:///sdcard/screen_2026-04-23_204029.png flg=0x1400010 cmp=com.android.providers.media.module/com.android.providers.media.MediaService }
04-23 20:40:29.129  1491  1905 W ModernMediaScanner: Failed to visit /sdcard/screen_2026-04-23_204029.png: java.nio.file.AccessDeniedException: /sdcard/screen_2026-04-23_204029.png
04-23 20:40:29.130  1491  1905 I MediaProvider: Scanned internal due to REASON_DEMAND, found 0 items in 1ms, 0 inserts 0 updates 0 deletes
04-23 20:40:29.130  1491  1905 I MediaProvider: End Intent { act=android.intent.action.MEDIA_SCANNER_SCAN_FILE dat=file:///sdcard/screen_2026-04-23_204029.png flg=0x1400010 cmp=com.android.providers.media.module/com.android.providers.media.MediaService }
04-23 20:40:29.124  1491  1491 W com.android.providers.media.module: type=1400 audit(0.0:96): avc: denied { read } for comm=4173796E635461736B202331 name="primary" dev="tmpfs" ino=28604 scontext=u:r:mediaprovider_app:s0:c129,c256,c512,c768 tcontext=u:object_r:mnt_pass_through_file:s0 tclass=lnk_file permissive=0 app=com.android.providers.media.module
04-23 20:40:29.214  1491  1612 I MediaProvider: Deleted 1 items on external_primary due to com.android.shell
04-23 20:40:29.242  2951  2953 I cmd     : oneway function results will be dropped but finished with status OK and parcel size 4
04-23 20:40:29.377   160   160 I hwservicemanager: getTransport: Cannot find entry android.hardware.graphics.mapper@4.0::IMapper/default in either framework or device manifest.
04-23 20:40:29.377  2973  2973 I Gralloc4: mapper 4.x is not supported
04-23 20:40:29.414  2977  2979 I cmd     : oneway function results will be dropped but finished with status OK and parcel size 4
04-23 20:40:29.415  1491  1905 I MediaProvider: Begin Intent { act=android.intent.action.MEDIA_SCANNER_SCAN_FILE dat=file:///sdcard/screen_2026-04-23_204030.png flg=0x1400010 cmp=com.android.providers.media.module/com.android.providers.media.MediaService }
04-23 20:40:29.636     0     0 W audit   : audit_lost=43 audit_rate_limit=5 audit_backlog_limit=64
04-23 20:40:29.638     0     0 E audit   : rate limit exceeded
04-23 20:40:29.420  1491  1905 W ModernMediaScanner: Failed to visit /sdcard/screen_2026-04-23_204030.png: java.nio.file.AccessDeniedException: /sdcard/screen_2026-04-23_204030.png
04-23 20:40:29.420  1491  1905 I MediaProvider: Scanned internal due to REASON_DEMAND, found 0 items in 0ms, 0 inserts 0 updates 0 deletes
04-23 20:40:29.421  1491  1905 I MediaProvider: End Intent { act=android.intent.action.MEDIA_SCANNER_SCAN_FILE dat=file:///sdcard/screen_2026-04-23_204030.png flg=0x1400010 cmp=com.android.providers.media.module/com.android.providers.media.MediaService }
04-23 20:40:29.439  1491  1613 I MediaProvider: Deleted 1 items on external_primary due to com.android.shell
04-23 20:40:29.467  2988  2990 I cmd     : oneway function results will be dropped but finished with status OK and parcel size 4
04-23 20:40:29.583   412   412 I perfetto: probes_producer.cc:329  Producer stop (id=6)
04-23 20:40:29.584   412   412 I perfetto: ftrace_procfs.cc:183    disabled ftrace
04-23 20:40:29.804     0     0 W perfetto: disabled ftrace
04-23 20:40:29.587   413   413 I perfetto: ng_service_impl.cc:1948 Tracing session 6 ended, total sessions:0
04-23 20:40:29.593   423  2640 I iorapd  : Perfetto TraceBuffer saved to file: /data/misc/iorapd/co.touchlab.kampkit/1/co.touchlab.kampkit.android.MainActivity/raw_traces/1776976829593477055.perfetto_trace.pb
04-23 20:40:29.611   160   160 I hwservicemanager: getTransport: Cannot find entry android.hardware.graphics.mapper@4.0::IMapper/default in either framework or device manifest.
04-23 20:40:29.611  3010  3010 I Gralloc4: mapper 4.x is not supported
04-23 20:40:29.646  3014  3016 I cmd     : oneway function results will be dropped but finished with status OK and parcel size 4
04-23 20:40:29.646  1491  1905 I MediaProvider: Begin Intent { act=android.intent.action.MEDIA_SCANNER_SCAN_FILE dat=file:///sdcard/screen_2026-04-23_204030.png flg=0x1400010 cmp=com.android.providers.media.module/com.android.providers.media.MediaService }
04-23 20:40:29.647  1491  1905 W ModernMediaScanner: Failed to visit /sdcard/screen_2026-04-23_204030.png: java.nio.file.AccessDeniedException: /sdcard/screen_2026-04-23_204030.png
04-23 20:40:29.648  1491  1905 I MediaProvider: Scanned internal due to REASON_DEMAND, found 0 items in 1ms, 0 inserts 0 updates 0 deletes
04-23 20:40:29.654  1491  1905 I MediaProvider: End Intent { act=android.intent.action.MEDIA_SCANNER_SCAN_FILE dat=file:///sdcard/screen_2026-04-23_204030.png flg=0x1400010 cmp=com.android.providers.media.module/com.android.providers.media.MediaService }
04-23 20:40:29.709  1491  2541 I MediaProvider: Deleted 1 items on external_primary due to com.android.shell
04-23 20:40:29.736  3025  3027 I cmd     : oneway function results will be dropped but finished with status OK and parcel size 4
04-23 20:40:29.785  3040  3042 I cmd     : oneway function results will be dropped but finished with status OK and parcel size 4
04-23 20:40:29.833  3055  3057 I cmd     : oneway function results will be dropped but finished with status OK and parcel size 4
04-23 20:40:29.880  3070  3072 I cmd     : oneway function results will be dropped but finished with status OK and parcel size 4
04-23 20:40:29.980  3084  3084 E libc    : Access denied finding property "persist.device_config.runtime_native_boot.profilebootclasspath"
04-23 20:40:29.980  3084  3084 E libc    : Access denied finding property "persist.device_config.runtime_native_boot.enable_apex_image"
04-23 20:40:29.980  3084  3084 I AndroidRuntime: Using default boot image
04-23 20:40:29.981  3084  3084 E libc    : Access denied finding property "persist.device_config.runtime_native_boot.disable_lock_profiling"
04-23 20:40:29.981  3084  3084 I AndroidRuntime: Leaving lock profiling enabled
04-23 20:40:29.981  3084  3084 E libc    : Access denied finding property "persist.device_config.runtime_native_boot.enable_generational_cc"
04-23 20:40:29.982  3084  3084 I app_process: Core platform API reporting enabled, enforcing=false
04-23 20:40:30.022  3084  3084 W app_process: Unexpected CPU variant for X86 using defaults: x86_64
04-23 20:40:30.023  3084  3084 I app_process: The ClassLoaderContext is a special shared library.
04-23 20:40:30.029  3084  3084 W app_process: JNI RegisterNativeMethods: attempt to register 0 native methods for android.media.AudioAttributes
04-23 20:40:30.243  2646  2646 I DatabaseHelper: Breed 1: Favorited false
04-23 20:40:31.751   160   160 I hwservicemanager: getTransport: Cannot find entry android.hardware.graphics.mapper@4.0::IMapper/default in either framework or device manifest.
04-23 20:40:31.751  3116  3116 I Gralloc4: mapper 4.x is not supported
04-23 20:40:31.787  3120  3122 I cmd     : oneway function results will be dropped but finished with status OK and parcel size 4
04-23 20:40:31.787  1491  1905 I MediaProvider: Begin Intent { act=android.intent.action.MEDIA_SCANNER_SCAN_FILE dat=file:///sdcard/screen_2026-04-23_204032.png flg=0x1400010 cmp=com.android.providers.media.module/com.android.providers.media.MediaService }
04-23 20:40:31.784  1491  1491 W com.android.providers.media.module: type=1400 audit(0.0:118): avc: denied { read } for comm=4173796E635461736B202331 name="primary" dev="tmpfs" ino=28604 scontext=u:r:mediaprovider_app:s0:c129,c256,c512,c768 tcontext=u:object_r:mnt_pass_through_file:s0 tclass=lnk_file permissive=0 app=com.android.providers.media.module
04-23 20:40:32.009     0     0 W audit   : audit_lost=59 audit_rate_limit=5 audit_backlog_limit=64
04-23 20:40:32.011     0     0 E audit   : rate limit exceeded
04-23 20:40:31.799  1491  1905 W ModernMediaScanner: Failed to visit /sdcard/screen_2026-04-23_204032.png: java.nio.file.AccessDeniedException: /sdcard/screen_2026-04-23_204032.png
04-23 20:40:31.799  1491  1905 I MediaProvider: Scanned internal due to REASON_DEMAND, found 0 items in 12ms, 0 inserts 0 updates 0 deletes
04-23 20:40:31.800  1491  1905 I MediaProvider: End Intent { act=android.intent.action.MEDIA_SCANNER_SCAN_FILE dat=file:///sdcard/screen_2026-04-23_204032.png flg=0x1400010 cmp=com.android.providers.media.module/com.android.providers.media.MediaService }
04-23 20:40:31.784  1491  1491 W com.android.providers.media.module: type=1400 audit(0.0:119): avc: denied { read } for comm=4173796E635461736B202331 name="primary" dev="tmpfs" ino=28604 scontext=u:r:mediaprovider_app:s0:c129,c256,c512,c768 tcontext=u:object_r:mnt_pass_through_file:s0 tclass=lnk_file permissive=0 app=com.android.providers.media.module
04-23 20:40:31.841  1491  1612 I MediaProvider: Deleted 1 items on external_primary due to com.android.shell
04-23 20:40:31.868  3131  3133 I cmd     : oneway function results will be dropped but finished with status OK and parcel size 4
04-23 20:40:32.005   160   160 I hwservicemanager: getTransport: Cannot find entry android.hardware.graphics.mapper@4.0::IMapper/default in either framework or device manifest.
04-23 20:40:32.005  3155  3155 I Gralloc4: mapper 4.x is not supported
04-23 20:40:32.041  3159  3161 I cmd     : oneway function results will be dropped but finished with status OK and parcel size 4
04-23 20:40:32.042  1491  1905 I MediaProvider: Begin Intent { act=android.intent.action.MEDIA_SCANNER_SCAN_FILE dat=file:///sdcard/screen_2026-04-23_204032.png flg=0x1400010 cmp=com.android.providers.media.module/com.android.providers.media.MediaService }
04-23 20:40:32.044  1491  1905 W ModernMediaScanner: Failed to visit /sdcard/screen_2026-04-23_204032.png: java.nio.file.AccessDeniedException: /sdcard/screen_2026-04-23_204032.png
04-23 20:40:32.044  1491  1905 I MediaProvider: Scanned internal due to REASON_DEMAND, found 0 items in 0ms, 0 inserts 0 updates 0 deletes
04-23 20:40:32.045  1491  1905 I MediaProvider: End Intent { act=android.intent.action.MEDIA_SCANNER_SCAN_FILE dat=file:///sdcard/screen_2026-04-23_204032.png flg=0x1400010 cmp=com.android.providers.media.module/com.android.providers.media.MediaService }
04-23 20:40:32.063  1491  1613 I MediaProvider: Deleted 1 items on external_primary due to com.android.shell
04-23 20:40:32.090  3170  3172 I cmd     : oneway function results will be dropped but finished with status OK and parcel size 4
04-23 20:40:32.204   160   160 I hwservicemanager: getTransport: Cannot find entry android.hardware.graphics.mapper@4.0::IMapper/default in either framework or device manifest.
04-23 20:40:32.205  3192  3192 I Gralloc4: mapper 4.x is not supported
04-23 20:40:32.242  3196  3198 I cmd     : oneway function results will be dropped but finished with status OK and parcel size 4
04-23 20:40:32.243  1491  1905 I MediaProvider: Begin Intent { act=android.intent.action.MEDIA_SCANNER_SCAN_FILE dat=file:///sdcard/screen_2026-04-23_204033.png flg=0x1400010 cmp=com.android.providers.media.module/com.android.providers.media.MediaService }
04-23 20:40:32.244  1491  1905 W ModernMediaScanner: Failed to visit /sdcard/screen_2026-04-23_204033.png: java.nio.file.AccessDeniedException: /sdcard/screen_2026-04-23_204033.png
04-23 20:40:32.245  1491  1905 I MediaProvider: Scanned internal due to REASON_DEMAND, found 0 items in 1ms, 0 inserts 0 updates 0 deletes
04-23 20:40:32.245  1491  1905 I MediaProvider: End Intent { act=android.intent.action.MEDIA_SCANNER_SCAN_FILE dat=file:///sdcard/screen_2026-04-23_204033.png flg=0x1400010 cmp=com.android.providers.media.module/com.android.providers.media.MediaService }
04-23 20:40:32.266  1491  2541 I MediaProvider: Deleted 1 items on external_primary due to com.android.shell
04-23 20:40:32.341  3222  3224 I cmd     : oneway function results will be dropped but finished with status OK and parcel size 4
04-23 20:40:32.388  3237  3239 I cmd     : oneway function results will be dropped but finished with status OK and parcel size 4
04-23 20:40:32.512  3264  3264 E libc    : Access denied finding property "persist.device_config.runtime_native_boot.profilebootclasspath"
04-23 20:40:32.512  3264  3264 E libc    : Access denied finding property "persist.device_config.runtime_native_boot.enable_apex_image"
04-23 20:40:32.512  3264  3264 I AndroidRuntime: Using default boot image
04-23 20:40:32.512  3264  3264 E libc    : Access denied finding property "persist.device_config.runtime_native_boot.disable_lock_profiling"
04-23 20:40:32.512  3264  3264 I AndroidRuntime: Leaving lock profiling enabled
04-23 20:40:32.513  3264  3264 E libc    : Access denied finding property "persist.device_config.runtime_native_boot.enable_generational_cc"
04-23 20:40:32.514  3264  3264 I app_process: Core platform API reporting enabled, enforcing=false
04-23 20:40:32.554  3264  3264 W app_process: Unexpected CPU variant for X86 using defaults: x86_64
04-23 20:40:32.555  3264  3264 I app_process: The ClassLoaderContext is a special shared library.
04-23 20:40:32.562  3264  3264 W app_process: JNI RegisterNativeMethods: attempt to register 0 native methods for android.media.AudioAttributes
04-23 20:40:32.698   157   157 I BpBinder: onLastStrongRef automatically unlinking death recipients: <uncached descriptor>
04-23 20:40:32.916     0     0 I AidlLazyServiceRegistrar: Trying to shut down the service. No clients in use for any service in process.
04-23 20:40:32.920     0     0 I AidlLazyServiceRegistrar: Unregistered all clients and exiting
04-23 20:40:32.923     0     0 I init    : Service 'apexd' (pid 213) exited with status 0 oneshot service took 30.924999 seconds in background
04-23 20:40:32.926     0     0 I init    : Sending signal 9 to service 'apexd' (pid 213) process group...
04-23 20:40:32.929     0     0 I libprocessgroup: Successfully killed process cgroup uid 0 pid 213 in 0ms
04-23 20:40:32.787  2646  2646 I DatabaseHelper: Breed 2: Favorited true
04-23 20:40:32.789  2204  2204 E AccessibilityInteractionClient: 3 Disconnected nodes.
04-23 20:40:33.074   508   550 I ActivityManager: Start proc 3285:com.android.cellbroadcastreceiver.module/u0a124 for broadcast {com.android.cellbroadcastreceiver.module/com.android.cellbroadcastreceiver.CellBroadcastReceiver}
04-23 20:40:33.078  3285  3285 W receiver.modul: Unexpected CPU variant for X86 using defaults: x86_64
04-23 20:40:33.083  1041  1041 I Telephony: isRttCurrentlySupported -- regular acct, hasVoiceAvailability: false
04-23 20:40:33.083  1041  1041 I Telephony:  isRttSupported: false
04-23 20:40:33.083  1041  1041 I Telephony:  isRoaming: false
04-23 20:40:33.083  1041  1041 I Telephony:  isOnWfc: false
04-23 20:40:33.087   394   405 I adbd    : jdwp connection from 3285
04-23 20:40:33.110   508  2094 I ActivityManager: Killing 1975:com.android.calendar/u0a109 (adj 985): empty #17
04-23 20:40:33.114   282   282 I Zygote  : Process 1975 exited due to signal 9 (Killed)
04-23 20:40:33.157   508   551 I libprocessgroup: Successfully killed process cgroup uid 10109 pid 1975 in 43ms
04-23 20:40:34.292   160   160 I hwservicemanager: getTransport: Cannot find entry android.hardware.graphics.mapper@4.0::IMapper/default in either framework or device manifest.
04-23 20:40:34.292  3321  3321 I Gralloc4: mapper 4.x is not supported
04-23 20:40:34.329  3325  3327 I cmd     : oneway function results will be dropped but finished with status OK and parcel size 4
04-23 20:40:34.330  1491  1905 I MediaProvider: Begin Intent { act=android.intent.action.MEDIA_SCANNER_SCAN_FILE dat=file:///sdcard/screen_2026-04-23_204035.png flg=0x1400010 cmp=com.android.providers.media.module/com.android.providers.media.MediaService }
04-23 20:40:34.324  1491  1491 W com.android.providers.media.module: type=1400 audit(0.0:140): avc: denied { read } for comm=4173796E635461736B202331 name="primary" dev="tmpfs" ino=28604 scontext=u:r:mediaprovider_app:s0:c129,c256,c512,c768 tcontext=u:object_r:mnt_pass_through_file:s0 tclass=lnk_file permissive=0 app=com.android.providers.media.module
04-23 20:40:34.561     0     0 W audit   : audit_lost=76 audit_rate_limit=5 audit_backlog_limit=64
04-23 20:40:34.569     0     0 E audit   : rate limit exceeded
04-23 20:40:34.336  1491  1491 I chatty  : uid=10129(com.android.providers.media.module) identical 1 line
04-23 20:40:34.336  1491  1491 W com.android.providers.media.module: type=1400 audit(0.0:142): avc: denied { read } for comm=4173796E635461736B202331 name="primary" dev="tmpfs" ino=28604 scontext=u:r:mediaprovider_app:s0:c129,c256,c512,c768 tcontext=u:object_r:mnt_pass_through_file:s0 tclass=lnk_file permissive=0 app=com.android.providers.media.module
04-23 20:40:34.356  1491  1905 W ModernMediaScanner: Failed to visit /sdcard/screen_2026-04-23_204035.png: java.nio.file.AccessDeniedException: /sdcard/screen_2026-04-23_204035.png
04-23 20:40:34.356  1491  1905 I MediaProvider: Scanned internal due to REASON_DEMAND, found 0 items in 17ms, 0 inserts 0 updates 0 deletes
04-23 20:40:34.357  1491  1905 I MediaProvider: End Intent { act=android.intent.action.MEDIA_SCANNER_SCAN_FILE dat=file:///sdcard/screen_2026-04-23_204035.png flg=0x1400010 cmp=com.android.providers.media.module/com.android.providers.media.MediaService }
04-23 20:40:34.336  1491  1491 W com.android.providers.media.module: type=1400 audit(0.0:143): avc: denied { read } for comm=4173796E635461736B202331 name="primary" dev="tmpfs" ino=28604 scontext=u:r:mediaprovider_app:s0:c129,c256,c512,c768 tcontext=u:object_r:mnt_pass_through_file:s0 tclass=lnk_file permissive=0 app=com.android.providers.media.module
04-23 20:40:34.422  1491  1612 I MediaProvider: Deleted 1 items on external_primary due to com.android.shell
04-23 20:40:34.450  3337  3339 I cmd     : oneway function results will be dropped but finished with status OK and parcel size 4
04-23 20:40:34.569   160   160 I hwservicemanager: getTransport: Cannot find entry android.hardware.graphics.mapper@4.0::IMapper/default in either framework or device manifest.
04-23 20:40:34.570  3359  3359 I Gralloc4: mapper 4.x is not supported
04-23 20:40:34.606  3363  3365 I cmd     : oneway function results will be dropped but finished with status OK and parcel size 4
04-23 20:40:34.607  1491  1905 I MediaProvider: Begin Intent { act=android.intent.action.MEDIA_SCANNER_SCAN_FILE dat=file:///sdcard/screen_2026-04-23_204035.png flg=0x1400010 cmp=com.android.providers.media.module/com.android.providers.media.MediaService }
04-23 20:40:34.609  1491  1905 W ModernMediaScanner: Failed to visit /sdcard/screen_2026-04-23_204035.png: java.nio.file.AccessDeniedException: /sdcard/screen_2026-04-23_204035.png
04-23 20:40:34.611  1491  1905 I MediaProvider: Scanned internal due to REASON_DEMAND, found 0 items in 0ms, 0 inserts 0 updates 0 deletes
04-23 20:40:34.611  1491  1905 I MediaProvider: End Intent { act=android.intent.action.MEDIA_SCANNER_SCAN_FILE dat=file:///sdcard/screen_2026-04-23_204035.png flg=0x1400010 cmp=com.android.providers.media.module/com.android.providers.media.MediaService }
04-23 20:40:34.632  1491  1613 I MediaProvider: Deleted 1 items on external_primary due to com.android.shell
04-23 20:40:34.659  3374  3376 I cmd     : oneway function results will be dropped but finished with status OK and parcel size 4
04-23 20:40:34.775   160   160 I hwservicemanager: getTransport: Cannot find entry android.hardware.graphics.mapper@4.0::IMapper/default in either framework or device manifest.
04-23 20:40:34.775  3396  3396 I Gralloc4: mapper 4.x is not supported
04-23 20:40:34.812  3400  3402 I cmd     : oneway function results will be dropped but finished with status OK and parcel size 4
04-23 20:40:34.813  1491  1905 I MediaProvider: Begin Intent { act=android.intent.action.MEDIA_SCANNER_SCAN_FILE dat=file:///sdcard/screen_2026-04-23_204035.png flg=0x1400010 cmp=com.android.providers.media.module/com.android.providers.media.MediaService }
04-23 20:40:34.814  1491  1905 W ModernMediaScanner: Failed to visit /sdcard/screen_2026-04-23_204035.png: java.nio.file.AccessDeniedException: /sdcard/screen_2026-04-23_204035.png
04-23 20:40:34.814  1491  1905 I MediaProvider: Scanned internal due to REASON_DEMAND, found 0 items in 0ms, 0 inserts 0 updates 0 deletes
04-23 20:40:34.815  1491  1905 I MediaProvider: End Intent { act=android.intent.action.MEDIA_SCANNER_SCAN_FILE dat=file:///sdcard/screen_2026-04-23_204035.png flg=0x1400010 cmp=com.android.providers.media.module/com.android.providers.media.MediaService }
